-- Found ament_cmake: 2.5.4 (/opt/ros/jazzy/share/ament_cmake/cmake)
-- Found Python3: /usr/bin/python3 (found version "3.12.3") found components: Interpreter 
-- Found rosidl_default_generators: 1.6.0 (/opt/ros/jazzy/share/rosidl_default_generators/cmake)
-- Using all available rosidl_typesupport_c: rosidl_typesupport_fastrtps_c;rosidl_typesupport_introspection_c
-- Using all available rosidl_typesupport_cpp: rosidl_typesupport_fastrtps_cpp;rosidl_typesupport_introspection_cpp
-- Found rosidl_adapter: 4.6.5 (/opt/ros/jazzy/share/rosidl_adapter/cmake)
-- Found ament_lint_auto: 0.17.2 (/opt/ros/jazzy/share/ament_lint_auto/cmake)
-- Found ament_cmake_ros: 0.12.0 (/opt/ros/jazzy/share/ament_cmake_ros/cmake)
-- Using all available rosidl_typesupport_c: rosidl_typesupport_fastrtps_c;rosidl_typesupport_introspection_c
-- Using all available rosidl_typesupport_cpp: rosidl_typesupport_fastrtps_cpp;rosidl_typesupport_introspection_cpp
-- Found python_cmake_module: 0.11.1 (/opt/ros/jazzy/share/python_cmake_module/cmake)
-- Found Python3: /usr/bin/python3 (found version "3.12.3") found components: Interpreter Development NumPy Development.Module Development.Embed 
-- Added test 'copyright' to check source files copyright and LICENSE
-- Added test 'lint_cmake' to check CMake code style
-- Added test 'xmllint' to check XML markup files
-- Configuring done (0.7s)
-- Generating done (0.0s)
-- Build files have been written to: /home/ali/STM32CubeIDE/stm32_uros_ws/Panik/microros_ws/build/micro_ros_msgs
[  1%] [34m[1mGenerating type hashes for ROS interfaces[0m
[  1%] Built target ament_cmake_python_copy_micro_ros_msgs
running egg_info
[  1%] Built target micro_ros_msgs__rosidl_generator_type_description
writing micro_ros_msgs.egg-info/PKG-INFO
writing dependency_links to micro_ros_msgs.egg-info/dependency_links.txt
writing top-level names to micro_ros_msgs.egg-info/top_level.txt
[  3%] [34m[1mGenerating C code for ROS interfaces[0m
[  5%] [34m[1mGenerating C++ code for ROS interfaces[0m
reading manifest file 'micro_ros_msgs.egg-info/SOURCES.txt'
writing manifest file 'micro_ros_msgs.egg-info/SOURCES.txt'
[  5%] Built target ament_cmake_python_build_micro_ros_msgs_egg
[  5%] Built target micro_ros_msgs__cpp
[  7%] [32mBuilding C object CMakeFiles/micro_ros_msgs__rosidl_generator_c.dir/rosidl_generator_c/micro_ros_msgs/msg/detail/node__description.c.o[0m
[  9%] [32mBuilding C object CMakeFiles/micro_ros_msgs__rosidl_generator_c.dir/rosidl_generator_c/micro_ros_msgs/msg/detail/entity__description.c.o[0m
[ 11%] [32mBuilding C object CMakeFiles/micro_ros_msgs__rosidl_generator_c.dir/rosidl_generator_c/micro_ros_msgs/msg/detail/entity__type_support.c.o[0m
[ 14%] [32mBuilding C object CMakeFiles/micro_ros_msgs__rosidl_generator_c.dir/rosidl_generator_c/micro_ros_msgs/msg/detail/graph__functions.c.o[0m
[ 14%] [32mBuilding C object CMakeFiles/micro_ros_msgs__rosidl_generator_c.dir/rosidl_generator_c/micro_ros_msgs/msg/detail/graph__description.c.o[0m
[ 16%] [32mBuilding C object CMakeFiles/micro_ros_msgs__rosidl_generator_c.dir/rosidl_generator_c/micro_ros_msgs/msg/detail/graph__type_support.c.o[0m
[ 18%] [32mBuilding C object CMakeFiles/micro_ros_msgs__rosidl_generator_c.dir/rosidl_generator_c/micro_ros_msgs/msg/detail/node__functions.c.o[0m
[ 20%] [32mBuilding C object CMakeFiles/micro_ros_msgs__rosidl_generator_c.dir/rosidl_generator_c/micro_ros_msgs/msg/detail/node__type_support.c.o[0m
[ 22%] [32mBuilding C object CMakeFiles/micro_ros_msgs__rosidl_generator_c.dir/rosidl_generator_c/micro_ros_msgs/msg/detail/entity__functions.c.o[0m
[ 24%] [32m[1mLinking C shared library libmicro_ros_msgs__rosidl_generator_c.so[0m
[ 24%] Built target micro_ros_msgs__rosidl_generator_c
[ 27%] [34m[1mGenerating C++ type support dispatch for ROS interfaces[0m
[ 27%] [34m[1mGenerating C++ type support for eProsima Fast-RTPS[0m
[ 31%] [34m[1mGenerating C type support for eProsima Fast-RTPS[0m
[ 31%] [34m[1mGenerating C introspection for ROS interfaces[0m
[ 35%] [34m[1mGenerating C type support dispatch for ROS interfaces[0m
[ 35%] [34m[1mGenerating C++ introspection for ROS interfaces[0m
[ 40%] [32mBuilding CXX object CMakeFiles/micro_ros_msgs__rosidl_typesupport_cpp.dir/rosidl_typesupport_cpp/micro_ros_msgs/msg/entity__type_support.cpp.o[0m
[ 40%] [32mBuilding CXX object CMakeFiles/micro_ros_msgs__rosidl_typesupport_cpp.dir/rosidl_typesupport_cpp/micro_ros_msgs/msg/node__type_support.cpp.o[0m
[ 40%] [32mBuilding CXX object CMakeFiles/micro_ros_msgs__rosidl_typesupport_cpp.dir/rosidl_typesupport_cpp/micro_ros_msgs/msg/graph__type_support.cpp.o[0m
[ 42%] [32mBuilding CXX object CMakeFiles/micro_ros_msgs__rosidl_typesupport_c.dir/rosidl_typesupport_c/micro_ros_msgs/msg/entity__type_support.cpp.o[0m
[ 44%] [32mBuilding CXX object CMakeFiles/micro_ros_msgs__rosidl_typesupport_c.dir/rosidl_typesupport_c/micro_ros_msgs/msg/graph__type_support.cpp.o[0m
[ 46%] [32mBuilding CXX object CMakeFiles/micro_ros_msgs__rosidl_typesupport_c.dir/rosidl_typesupport_c/micro_ros_msgs/msg/node__type_support.cpp.o[0m
[ 48%] [32mBuilding CXX object CMakeFiles/micro_ros_msgs__rosidl_typesupport_introspection_cpp.dir/rosidl_typesupport_introspection_cpp/micro_ros_msgs/msg/detail/entity__type_support.cpp.o[0m
[ 51%] [32mBuilding CXX object CMakeFiles/micro_ros_msgs__rosidl_typesupport_introspection_cpp.dir/rosidl_typesupport_introspection_cpp/micro_ros_msgs/msg/detail/graph__type_support.cpp.o[0m
[ 51%] [32mBuilding CXX object CMakeFiles/micro_ros_msgs__rosidl_typesupport_introspection_cpp.dir/rosidl_typesupport_introspection_cpp/micro_ros_msgs/msg/detail/node__type_support.cpp.o[0m
[ 55%] [32mBuilding CXX object CMakeFiles/micro_ros_msgs__rosidl_typesupport_fastrtps_cpp.dir/rosidl_typesupport_fastrtps_cpp/micro_ros_msgs/msg/detail/dds_fastrtps/node__type_support.cpp.o[0m
[ 55%] [32mBuilding CXX object CMakeFiles/micro_ros_msgs__rosidl_typesupport_fastrtps_cpp.dir/rosidl_typesupport_fastrtps_cpp/micro_ros_msgs/msg/detail/dds_fastrtps/graph__type_support.cpp.o[0m
[ 57%] [32mBuilding CXX object CMakeFiles/micro_ros_msgs__rosidl_typesupport_fastrtps_cpp.dir/rosidl_typesupport_fastrtps_cpp/micro_ros_msgs/msg/detail/dds_fastrtps/entity__type_support.cpp.o[0m
[ 59%] [32mBuilding CXX object CMakeFiles/micro_ros_msgs__rosidl_typesupport_fastrtps_c.dir/rosidl_typesupport_fastrtps_c/micro_ros_msgs/msg/detail/graph__type_support_c.cpp.o[0m
[ 62%] [32mBuilding CXX object CMakeFiles/micro_ros_msgs__rosidl_typesupport_fastrtps_c.dir/rosidl_typesupport_fastrtps_c/micro_ros_msgs/msg/detail/entity__type_support_c.cpp.o[0m
[ 62%] [32mBuilding CXX object CMakeFiles/micro_ros_msgs__rosidl_typesupport_fastrtps_c.dir/rosidl_typesupport_fastrtps_c/micro_ros_msgs/msg/detail/node__type_support_c.cpp.o[0m
[ 64%] [32m[1mLinking CXX shared library libmicro_ros_msgs__rosidl_typesupport_c.so[0m
[ 64%] Built target micro_ros_msgs__rosidl_typesupport_c
[ 66%] [32mBuilding C object CMakeFiles/micro_ros_msgs__rosidl_typesupport_introspection_c.dir/rosidl_typesupport_introspection_c/micro_ros_msgs/msg/detail/graph__type_support.c.o[0m
[ 68%] [32mBuilding C object CMakeFiles/micro_ros_msgs__rosidl_typesupport_introspection_c.dir/rosidl_typesupport_introspection_c/micro_ros_msgs/msg/detail/entity__type_support.c.o[0m
[ 70%] [32mBuilding C object CMakeFiles/micro_ros_msgs__rosidl_typesupport_introspection_c.dir/rosidl_typesupport_introspection_c/micro_ros_msgs/msg/detail/node__type_support.c.o[0m
[ 72%] [32m[1mLinking C shared library libmicro_ros_msgs__rosidl_typesupport_introspection_c.so[0m
[ 72%] Built target micro_ros_msgs__rosidl_typesupport_introspection_c
[ 74%] [32m[1mLinking CXX shared library libmicro_ros_msgs__rosidl_typesupport_cpp.so[0m
[ 75%] [32m[1mLinking CXX shared library libmicro_ros_msgs__rosidl_typesupport_fastrtps_c.so[0m
[ 75%] Built target micro_ros_msgs__rosidl_typesupport_cpp
[ 75%] Built target micro_ros_msgs__rosidl_typesupport_fastrtps_c
[ 77%] [32m[1mLinking CXX shared library libmicro_ros_msgs__rosidl_typesupport_introspection_cpp.so[0m
[ 77%] Built target micro_ros_msgs__rosidl_typesupport_introspection_cpp
[ 79%] [32m[1mLinking CXX shared library libmicro_ros_msgs__rosidl_typesupport_fastrtps_cpp.so[0m
[ 79%] Built target micro_ros_msgs__rosidl_typesupport_fastrtps_cpp
[ 79%] Built target micro_ros_msgs
[ 81%] [34m[1mGenerating Python code for ROS interfaces[0m
[ 81%] Built target micro_ros_msgs__py
[ 85%] [32mBuilding C object CMakeFiles/micro_ros_msgs__rosidl_generator_py.dir/rosidl_generator_py/micro_ros_msgs/msg/_node_s.c.o[0m
[ 85%] [32mBuilding C object CMakeFiles/micro_ros_msgs__rosidl_generator_py.dir/rosidl_generator_py/micro_ros_msgs/msg/_graph_s.c.o[0m
[ 87%] [32mBuilding C object CMakeFiles/micro_ros_msgs__rosidl_generator_py.dir/rosidl_generator_py/micro_ros_msgs/msg/_entity_s.c.o[0m
[ 88%] [32m[1mLinking C shared library libmicro_ros_msgs__rosidl_generator_py.so[0m
[ 88%] Built target micro_ros_msgs__rosidl_generator_py
[ 92%] [32mBuilding C object CMakeFiles/micro_ros_msgs_s__rosidl_typesupport_fastrtps_c.dir/rosidl_generator_py/micro_ros_msgs/_micro_ros_msgs_s.ep.rosidl_typesupport_fastrtps_c.c.o[0m
[ 92%] [32mBuilding C object CMakeFiles/micro_ros_msgs_s__rosidl_typesupport_c.dir/rosidl_generator_py/micro_ros_msgs/_micro_ros_msgs_s.ep.rosidl_typesupport_c.c.o[0m
[ 94%] [32mBuilding C object CMakeFiles/micro_ros_msgs_s__rosidl_typesupport_introspection_c.dir/rosidl_generator_py/micro_ros_msgs/_micro_ros_msgs_s.ep.rosidl_typesupport_introspection_c.c.o[0m
[ 96%] [32m[1mLinking C shared module rosidl_generator_py/micro_ros_msgs/micro_ros_msgs_s__rosidl_typesupport_c.so[0m
[ 98%] [32m[1mLinking C shared module rosidl_generator_py/micro_ros_msgs/micro_ros_msgs_s__rosidl_typesupport_fastrtps_c.so[0m
[100%] [32m[1mLinking C shared module rosidl_generator_py/micro_ros_msgs/micro_ros_msgs_s__rosidl_typesupport_introspection_c.so[0m
[100%] Built target micro_ros_msgs_s__rosidl_typesupport_c
[100%] Built target micro_ros_msgs_s__rosidl_typesupport_fastrtps_c
[100%] Built target micro_ros_msgs_s__rosidl_typesupport_introspection_c
-- Install configuration: ""
-- Up-to-date: /home/ali/STM32CubeIDE/stm32_uros_ws/Panik/microros_ws/install/micro_ros_msgs/share/ament_index/resource_index/rosidl_interfaces/micro_ros_msgs
-- Installing: /home/ali/STM32CubeIDE/stm32_uros_ws/Panik/microros_ws/install/micro_ros_msgs/share/micro_ros_msgs/msg/Graph.json
-- Installing: /home/ali/STM32CubeIDE/stm32_uros_ws/Panik/microros_ws/install/micro_ros_msgs/share/micro_ros_msgs/msg/Node.json
-- Installing: /home/ali/STM32CubeIDE/stm32_uros_ws/Panik/microros_ws/install/micro_ros_msgs/share/micro_ros_msgs/msg/Entity.json
-- Up-to-date: /home/ali/STM32CubeIDE/stm32_uros_ws/Panik/microros_ws/install/micro_ros_msgs/include/micro_ros_msgs/micro_ros_msgs
-- Up-to-date: /home/ali/STM32CubeIDE/stm32_uros_ws/Panik/microros_ws/install/micro_ros_msgs/include/micro_ros_msgs/micro_ros_msgs/msg
-- Installing: /home/ali/STM32CubeIDE/stm32_uros_ws/Panik/microros_ws/install/micro_ros_msgs/include/micro_ros_msgs/micro_ros_msgs/msg/node.h
-- Up-to-date: /home/ali/STM32CubeIDE/stm32_uros_ws/Panik/microros_ws/install/micro_ros_msgs/include/micro_ros_msgs/micro_ros_msgs/msg/detail
-- Installing: /home/ali/STM32CubeIDE/stm32_uros_ws/Panik/microros_ws/install/micro_ros_msgs/include/micro_ros_msgs/micro_ros_msgs/msg/detail/node__struct.h
-- Installing: /home/ali/STM32CubeIDE/stm32_uros_ws/Panik/microros_ws/install/micro_ros_msgs/include/micro_ros_msgs/micro_ros_msgs/msg/detail/graph__functions.h
-- Installing: /home/ali/STM32CubeIDE/stm32_uros_ws/Panik/microros_ws/install/micro_ros_msgs/include/micro_ros_msgs/micro_ros_msgs/msg/detail/node__functions.c
-- Installing: /home/ali/STM32CubeIDE/stm32_uros_ws/Panik/microros_ws/install/micro_ros_msgs/include/micro_ros_msgs/micro_ros_msgs/msg/detail/node__type_support.c
-- Installing: /home/ali/STM32CubeIDE/stm32_uros_ws/Panik/microros_ws/install/micro_ros_msgs/include/micro_ros_msgs/micro_ros_msgs/msg/detail/graph__description.c
-- Installing: /home/ali/STM32CubeIDE/stm32_uros_ws/Panik/microros_ws/install/micro_ros_msgs/include/micro_ros_msgs/micro_ros_msgs/msg/detail/node__functions.h
-- Installing: /home/ali/STM32CubeIDE/stm32_uros_ws/Panik/microros_ws/install/micro_ros_msgs/include/micro_ros_msgs/micro_ros_msgs/msg/detail/graph__type_support.c
-- Installing: /home/ali/STM32CubeIDE/stm32_uros_ws/Panik/microros_ws/install/micro_ros_msgs/include/micro_ros_msgs/micro_ros_msgs/msg/detail/node__description.c
-- Installing: /home/ali/STM32CubeIDE/stm32_uros_ws/Panik/microros_ws/install/micro_ros_msgs/include/micro_ros_msgs/micro_ros_msgs/msg/detail/entity__functions.h
-- Installing: /home/ali/STM32CubeIDE/stm32_uros_ws/Panik/microros_ws/install/micro_ros_msgs/include/micro_ros_msgs/micro_ros_msgs/msg/detail/entity__type_support.c
-- Installing: /home/ali/STM32CubeIDE/stm32_uros_ws/Panik/microros_ws/install/micro_ros_msgs/include/micro_ros_msgs/micro_ros_msgs/msg/detail/entity__functions.c
-- Installing: /home/ali/STM32CubeIDE/stm32_uros_ws/Panik/microros_ws/install/micro_ros_msgs/include/micro_ros_msgs/micro_ros_msgs/msg/detail/graph__struct.h
-- Installing: /home/ali/STM32CubeIDE/stm32_uros_ws/Panik/microros_ws/install/micro_ros_msgs/include/micro_ros_msgs/micro_ros_msgs/msg/detail/graph__type_support.h
-- Installing: /home/ali/STM32CubeIDE/stm32_uros_ws/Panik/microros_ws/install/micro_ros_msgs/include/micro_ros_msgs/micro_ros_msgs/msg/detail/entity__type_support.h
-- Installing: /home/ali/STM32CubeIDE/stm32_uros_ws/Panik/microros_ws/install/micro_ros_msgs/include/micro_ros_msgs/micro_ros_msgs/msg/detail/graph__functions.c
-- Installing: /home/ali/STM32CubeIDE/stm32_uros_ws/Panik/microros_ws/install/micro_ros_msgs/include/micro_ros_msgs/micro_ros_msgs/msg/detail/entity__struct.h
-- Installing: /home/ali/STM32CubeIDE/stm32_uros_ws/Panik/microros_ws/install/micro_ros_msgs/include/micro_ros_msgs/micro_ros_msgs/msg/detail/node__type_support.h
-- Installing: /home/ali/STM32CubeIDE/stm32_uros_ws/Panik/microros_ws/install/micro_ros_msgs/include/micro_ros_msgs/micro_ros_msgs/msg/detail/entity__description.c
-- Up-to-date: /home/ali/STM32CubeIDE/stm32_uros_ws/Panik/microros_ws/install/micro_ros_msgs/include/micro_ros_msgs/micro_ros_msgs/msg/rosidl_generator_c__visibility_control.h
-- Installing: /home/ali/STM32CubeIDE/stm32_uros_ws/Panik/microros_ws/install/micro_ros_msgs/include/micro_ros_msgs/micro_ros_msgs/msg/graph.h
-- Installing: /home/ali/STM32CubeIDE/stm32_uros_ws/Panik/microros_ws/install/micro_ros_msgs/include/micro_ros_msgs/micro_ros_msgs/msg/entity.h
-- Up-to-date: /home/ali/STM32CubeIDE/stm32_uros_ws/Panik/microros_ws/install/micro_ros_msgs/share/micro_ros_msgs/environment/library_path.sh
-- Up-to-date: /home/ali/STM32CubeIDE/stm32_uros_ws/Panik/microros_ws/install/micro_ros_msgs/share/micro_ros_msgs/environment/library_path.dsv
-- Installing: /home/ali/STM32CubeIDE/stm32_uros_ws/Panik/microros_ws/install/micro_ros_msgs/lib/libmicro_ros_msgs__rosidl_generator_c.so
-- Set non-toolchain portion of runtime path of "/home/ali/STM32CubeIDE/stm32_uros_ws/Panik/microros_ws/install/micro_ros_msgs/lib/libmicro_ros_msgs__rosidl_generator_c.so" to ""
-- Up-to-date: /home/ali/STM32CubeIDE/stm32_uros_ws/Panik/microros_ws/install/micro_ros_msgs/include/micro_ros_msgs/micro_ros_msgs
-- Up-to-date: /home/ali/STM32CubeIDE/stm32_uros_ws/Panik/microros_ws/install/micro_ros_msgs/include/micro_ros_msgs/micro_ros_msgs/msg
-- Up-to-date: /home/ali/STM32CubeIDE/stm32_uros_ws/Panik/microros_ws/install/micro_ros_msgs/include/micro_ros_msgs/micro_ros_msgs/msg/rosidl_typesupport_fastrtps_c__visibility_control.h
-- Up-to-date: /home/ali/STM32CubeIDE/stm32_uros_ws/Panik/microros_ws/install/micro_ros_msgs/include/micro_ros_msgs/micro_ros_msgs/msg/detail
-- Installing: /home/ali/STM32CubeIDE/stm32_uros_ws/Panik/microros_ws/install/micro_ros_msgs/include/micro_ros_msgs/micro_ros_msgs/msg/detail/graph__rosidl_typesupport_fastrtps_c.h
-- Installing: /home/ali/STM32CubeIDE/stm32_uros_ws/Panik/microros_ws/install/micro_ros_msgs/include/micro_ros_msgs/micro_ros_msgs/msg/detail/node__rosidl_typesupport_fastrtps_c.h
-- Installing: /home/ali/STM32CubeIDE/stm32_uros_ws/Panik/microros_ws/install/micro_ros_msgs/include/micro_ros_msgs/micro_ros_msgs/msg/detail/entity__rosidl_typesupport_fastrtps_c.h
-- Installing: /home/ali/STM32CubeIDE/stm32_uros_ws/Panik/microros_ws/install/micro_ros_msgs/lib/libmicro_ros_msgs__rosidl_typesupport_fastrtps_c.so
-- Set non-toolchain portion of runtime path of "/home/ali/STM32CubeIDE/stm32_uros_ws/Panik/microros_ws/install/micro_ros_msgs/lib/libmicro_ros_msgs__rosidl_typesupport_fastrtps_c.so" to ""
-- Up-to-date: /home/ali/STM32CubeIDE/stm32_uros_ws/Panik/microros_ws/install/micro_ros_msgs/include/micro_ros_msgs/micro_ros_msgs
-- Up-to-date: /home/ali/STM32CubeIDE/stm32_uros_ws/Panik/microros_ws/install/micro_ros_msgs/include/micro_ros_msgs/micro_ros_msgs/msg
-- Up-to-date: /home/ali/STM32CubeIDE/stm32_uros_ws/Panik/microros_ws/install/micro_ros_msgs/include/micro_ros_msgs/micro_ros_msgs/msg/rosidl_typesupport_introspection_c__visibility_control.h
-- Up-to-date: /home/ali/STM32CubeIDE/stm32_uros_ws/Panik/microros_ws/install/micro_ros_msgs/include/micro_ros_msgs/micro_ros_msgs/msg/detail
-- Installing: /home/ali/STM32CubeIDE/stm32_uros_ws/Panik/microros_ws/install/micro_ros_msgs/include/micro_ros_msgs/micro_ros_msgs/msg/detail/node__rosidl_typesupport_introspection_c.h
-- Up-to-date: /home/ali/STM32CubeIDE/stm32_uros_ws/Panik/microros_ws/install/micro_ros_msgs/include/micro_ros_msgs/micro_ros_msgs/msg/detail/node__type_support.c
-- Up-to-date: /home/ali/STM32CubeIDE/stm32_uros_ws/Panik/microros_ws/install/micro_ros_msgs/include/micro_ros_msgs/micro_ros_msgs/msg/detail/graph__type_support.c
-- Installing: /home/ali/STM32CubeIDE/stm32_uros_ws/Panik/microros_ws/install/micro_ros_msgs/include/micro_ros_msgs/micro_ros_msgs/msg/detail/entity__rosidl_typesupport_introspection_c.h
-- Up-to-date: /home/ali/STM32CubeIDE/stm32_uros_ws/Panik/microros_ws/install/micro_ros_msgs/include/micro_ros_msgs/micro_ros_msgs/msg/detail/entity__type_support.c
-- Installing: /home/ali/STM32CubeIDE/stm32_uros_ws/Panik/microros_ws/install/micro_ros_msgs/include/micro_ros_msgs/micro_ros_msgs/msg/detail/graph__rosidl_typesupport_introspection_c.h
-- Installing: /home/ali/STM32CubeIDE/stm32_uros_ws/Panik/microros_ws/install/micro_ros_msgs/lib/libmicro_ros_msgs__rosidl_typesupport_introspection_c.so
-- Set non-toolchain portion of runtime path of "/home/ali/STM32CubeIDE/stm32_uros_ws/Panik/microros_ws/install/micro_ros_msgs/lib/libmicro_ros_msgs__rosidl_typesupport_introspection_c.so" to ""
-- Installing: /home/ali/STM32CubeIDE/stm32_uros_ws/Panik/microros_ws/install/micro_ros_msgs/lib/libmicro_ros_msgs__rosidl_typesupport_c.so
-- Set non-toolchain portion of runtime path of "/home/ali/STM32CubeIDE/stm32_uros_ws/Panik/microros_ws/install/micro_ros_msgs/lib/libmicro_ros_msgs__rosidl_typesupport_c.so" to ""
-- Up-to-date: /home/ali/STM32CubeIDE/stm32_uros_ws/Panik/microros_ws/install/micro_ros_msgs/include/micro_ros_msgs/micro_ros_msgs
-- Up-to-date: /home/ali/STM32CubeIDE/stm32_uros_ws/Panik/microros_ws/install/micro_ros_msgs/include/micro_ros_msgs/micro_ros_msgs/msg
-- Installing: /home/ali/STM32CubeIDE/stm32_uros_ws/Panik/microros_ws/install/micro_ros_msgs/include/micro_ros_msgs/micro_ros_msgs/msg/entity.hpp
-- Installing: /home/ali/STM32CubeIDE/stm32_uros_ws/Panik/microros_ws/install/micro_ros_msgs/include/micro_ros_msgs/micro_ros_msgs/msg/graph.hpp
-- Installing: /home/ali/STM32CubeIDE/stm32_uros_ws/Panik/microros_ws/install/micro_ros_msgs/include/micro_ros_msgs/micro_ros_msgs/msg/rosidl_generator_cpp__visibility_control.hpp
-- Up-to-date: /home/ali/STM32CubeIDE/stm32_uros_ws/Panik/microros_ws/install/micro_ros_msgs/include/micro_ros_msgs/micro_ros_msgs/msg/detail
-- Installing: /home/ali/STM32CubeIDE/stm32_uros_ws/Panik/microros_ws/install/micro_ros_msgs/include/micro_ros_msgs/micro_ros_msgs/msg/detail/graph__struct.hpp
-- Installing: /home/ali/STM32CubeIDE/stm32_uros_ws/Panik/microros_ws/install/micro_ros_msgs/include/micro_ros_msgs/micro_ros_msgs/msg/detail/node__type_support.hpp
-- Installing: /home/ali/STM32CubeIDE/stm32_uros_ws/Panik/microros_ws/install/micro_ros_msgs/include/micro_ros_msgs/micro_ros_msgs/msg/detail/graph__builder.hpp
-- Installing: /home/ali/STM32CubeIDE/stm32_uros_ws/Panik/microros_ws/install/micro_ros_msgs/include/micro_ros_msgs/micro_ros_msgs/msg/detail/node__builder.hpp
-- Installing: /home/ali/STM32CubeIDE/stm32_uros_ws/Panik/microros_ws/install/micro_ros_msgs/include/micro_ros_msgs/micro_ros_msgs/msg/detail/entity__traits.hpp
-- Installing: /home/ali/STM32CubeIDE/stm32_uros_ws/Panik/microros_ws/install/micro_ros_msgs/include/micro_ros_msgs/micro_ros_msgs/msg/detail/entity__type_support.hpp
-- Installing: /home/ali/STM32CubeIDE/stm32_uros_ws/Panik/microros_ws/install/micro_ros_msgs/include/micro_ros_msgs/micro_ros_msgs/msg/detail/node__struct.hpp
-- Installing: /home/ali/STM32CubeIDE/stm32_uros_ws/Panik/microros_ws/install/micro_ros_msgs/include/micro_ros_msgs/micro_ros_msgs/msg/detail/entity__builder.hpp
-- Installing: /home/ali/STM32CubeIDE/stm32_uros_ws/Panik/microros_ws/install/micro_ros_msgs/include/micro_ros_msgs/micro_ros_msgs/msg/detail/graph__type_support.hpp
-- Installing: /home/ali/STM32CubeIDE/stm32_uros_ws/Panik/microros_ws/install/micro_ros_msgs/include/micro_ros_msgs/micro_ros_msgs/msg/detail/node__traits.hpp
-- Installing: /home/ali/STM32CubeIDE/stm32_uros_ws/Panik/microros_ws/install/micro_ros_msgs/include/micro_ros_msgs/micro_ros_msgs/msg/detail/graph__traits.hpp
-- Installing: /home/ali/STM32CubeIDE/stm32_uros_ws/Panik/microros_ws/install/micro_ros_msgs/include/micro_ros_msgs/micro_ros_msgs/msg/detail/entity__struct.hpp
-- Installing: /home/ali/STM32CubeIDE/stm32_uros_ws/Panik/microros_ws/install/micro_ros_msgs/include/micro_ros_msgs/micro_ros_msgs/msg/node.hpp
-- Up-to-date: /home/ali/STM32CubeIDE/stm32_uros_ws/Panik/microros_ws/install/micro_ros_msgs/include/micro_ros_msgs/micro_ros_msgs
-- Up-to-date: /home/ali/STM32CubeIDE/stm32_uros_ws/Panik/microros_ws/install/micro_ros_msgs/include/micro_ros_msgs/micro_ros_msgs/msg
-- Up-to-date: /home/ali/STM32CubeIDE/stm32_uros_ws/Panik/microros_ws/install/micro_ros_msgs/include/micro_ros_msgs/micro_ros_msgs/msg/detail
-- Up-to-date: /home/ali/STM32CubeIDE/stm32_uros_ws/Panik/microros_ws/install/micro_ros_msgs/include/micro_ros_msgs/micro_ros_msgs/msg/detail/dds_fastrtps
-- Installing: /home/ali/STM32CubeIDE/stm32_uros_ws/Panik/microros_ws/install/micro_ros_msgs/include/micro_ros_msgs/micro_ros_msgs/msg/detail/node__rosidl_typesupport_fastrtps_cpp.hpp
-- Installing: /home/ali/STM32CubeIDE/stm32_uros_ws/Panik/microros_ws/install/micro_ros_msgs/include/micro_ros_msgs/micro_ros_msgs/msg/detail/entity__rosidl_typesupport_fastrtps_cpp.hpp
-- Installing: /home/ali/STM32CubeIDE/stm32_uros_ws/Panik/microros_ws/install/micro_ros_msgs/include/micro_ros_msgs/micro_ros_msgs/msg/detail/graph__rosidl_typesupport_fastrtps_cpp.hpp
-- Up-to-date: /home/ali/STM32CubeIDE/stm32_uros_ws/Panik/microros_ws/install/micro_ros_msgs/include/micro_ros_msgs/micro_ros_msgs/msg/rosidl_typesupport_fastrtps_cpp__visibility_control.h
-- Installing: /home/ali/STM32CubeIDE/stm32_uros_ws/Panik/microros_ws/install/micro_ros_msgs/lib/libmicro_ros_msgs__rosidl_typesupport_fastrtps_cpp.so
-- Set non-toolchain portion of runtime path of "/home/ali/STM32CubeIDE/stm32_uros_ws/Panik/microros_ws/install/micro_ros_msgs/lib/libmicro_ros_msgs__rosidl_typesupport_fastrtps_cpp.so" to ""
-- Up-to-date: /home/ali/STM32CubeIDE/stm32_uros_ws/Panik/microros_ws/install/micro_ros_msgs/include/micro_ros_msgs/micro_ros_msgs
-- Up-to-date: /home/ali/STM32CubeIDE/stm32_uros_ws/Panik/microros_ws/install/micro_ros_msgs/include/micro_ros_msgs/micro_ros_msgs/msg
-- Up-to-date: /home/ali/STM32CubeIDE/stm32_uros_ws/Panik/microros_ws/install/micro_ros_msgs/include/micro_ros_msgs/micro_ros_msgs/msg/detail
-- Installing: /home/ali/STM32CubeIDE/stm32_uros_ws/Panik/microros_ws/install/micro_ros_msgs/include/micro_ros_msgs/micro_ros_msgs/msg/detail/graph__rosidl_typesupport_introspection_cpp.hpp
-- Installing: /home/ali/STM32CubeIDE/stm32_uros_ws/Panik/microros_ws/install/micro_ros_msgs/include/micro_ros_msgs/micro_ros_msgs/msg/detail/node__type_support.cpp
-- Installing: /home/ali/STM32CubeIDE/stm32_uros_ws/Panik/microros_ws/install/micro_ros_msgs/include/micro_ros_msgs/micro_ros_msgs/msg/detail/node__rosidl_typesupport_introspection_cpp.hpp
-- Installing: /home/ali/STM32CubeIDE/stm32_uros_ws/Panik/microros_ws/install/micro_ros_msgs/include/micro_ros_msgs/micro_ros_msgs/msg/detail/entity__rosidl_typesupport_introspection_cpp.hpp
-- Installing: /home/ali/STM32CubeIDE/stm32_uros_ws/Panik/microros_ws/install/micro_ros_msgs/include/micro_ros_msgs/micro_ros_msgs/msg/detail/graph__type_support.cpp
-- Installing: /home/ali/STM32CubeIDE/stm32_uros_ws/Panik/microros_ws/install/micro_ros_msgs/include/micro_ros_msgs/micro_ros_msgs/msg/detail/entity__type_support.cpp
-- Installing: /home/ali/STM32CubeIDE/stm32_uros_ws/Panik/microros_ws/install/micro_ros_msgs/lib/libmicro_ros_msgs__rosidl_typesupport_introspection_cpp.so
-- Set non-toolchain portion of runtime path of "/home/ali/STM32CubeIDE/stm32_uros_ws/Panik/microros_ws/install/micro_ros_msgs/lib/libmicro_ros_msgs__rosidl_typesupport_introspection_cpp.so" to ""
-- Installing: /home/ali/STM32CubeIDE/stm32_uros_ws/Panik/microros_ws/install/micro_ros_msgs/lib/libmicro_ros_msgs__rosidl_typesupport_cpp.so
-- Set non-toolchain portion of runtime path of "/home/ali/STM32CubeIDE/stm32_uros_ws/Panik/microros_ws/install/micro_ros_msgs/lib/libmicro_ros_msgs__rosidl_typesupport_cpp.so" to ""
-- Up-to-date: /home/ali/STM32CubeIDE/stm32_uros_ws/Panik/microros_ws/install/micro_ros_msgs/share/micro_ros_msgs/environment/pythonpath.sh
-- Up-to-date: /home/ali/STM32CubeIDE/stm32_uros_ws/Panik/microros_ws/install/micro_ros_msgs/share/micro_ros_msgs/environment/pythonpath.dsv
-- Up-to-date: /home/ali/STM32CubeIDE/stm32_uros_ws/Panik/microros_ws/install/micro_ros_msgs/lib/python3.12/site-packages/micro_ros_msgs-5.0.2-py3.12.egg-info
-- Installing: /home/ali/STM32CubeIDE/stm32_uros_ws/Panik/microros_ws/install/micro_ros_msgs/lib/python3.12/site-packages/micro_ros_msgs-5.0.2-py3.12.egg-info/PKG-INFO
-- Installing: /home/ali/STM32CubeIDE/stm32_uros_ws/Panik/microros_ws/install/micro_ros_msgs/lib/python3.12/site-packages/micro_ros_msgs-5.0.2-py3.12.egg-info/top_level.txt
-- Installing: /home/ali/STM32CubeIDE/stm32_uros_ws/Panik/microros_ws/install/micro_ros_msgs/lib/python3.12/site-packages/micro_ros_msgs-5.0.2-py3.12.egg-info/dependency_links.txt
-- Installing: /home/ali/STM32CubeIDE/stm32_uros_ws/Panik/microros_ws/install/micro_ros_msgs/lib/python3.12/site-packages/micro_ros_msgs-5.0.2-py3.12.egg-info/SOURCES.txt
-- Up-to-date: /home/ali/STM32CubeIDE/stm32_uros_ws/Panik/microros_ws/install/micro_ros_msgs/lib/python3.12/site-packages/micro_ros_msgs
-- Installing: /home/ali/STM32CubeIDE/stm32_uros_ws/Panik/microros_ws/install/micro_ros_msgs/lib/python3.12/site-packages/micro_ros_msgs/micro_ros_msgs_s__rosidl_typesupport_c.so
-- Installing: /home/ali/STM32CubeIDE/stm32_uros_ws/Panik/microros_ws/install/micro_ros_msgs/lib/python3.12/site-packages/micro_ros_msgs/micro_ros_msgs_s__rosidl_typesupport_introspection_c.so
-- Installing: /home/ali/STM32CubeIDE/stm32_uros_ws/Panik/microros_ws/install/micro_ros_msgs/lib/python3.12/site-packages/micro_ros_msgs/_micro_ros_msgs_s.ep.rosidl_typesupport_introspection_c.c
-- Installing: /home/ali/STM32CubeIDE/stm32_uros_ws/Panik/microros_ws/install/micro_ros_msgs/lib/python3.12/site-packages/micro_ros_msgs/_micro_ros_msgs_s.ep.rosidl_typesupport_fastrtps_c.c
-- Installing: /home/ali/STM32CubeIDE/stm32_uros_ws/Panik/microros_ws/install/micro_ros_msgs/lib/python3.12/site-packages/micro_ros_msgs/_micro_ros_msgs_s.ep.rosidl_typesupport_c.c
-- Installing: /home/ali/STM32CubeIDE/stm32_uros_ws/Panik/microros_ws/install/micro_ros_msgs/lib/python3.12/site-packages/micro_ros_msgs/__init__.py
-- Up-to-date: /home/ali/STM32CubeIDE/stm32_uros_ws/Panik/microros_ws/install/micro_ros_msgs/lib/python3.12/site-packages/micro_ros_msgs/msg
-- Installing: /home/ali/STM32CubeIDE/stm32_uros_ws/Panik/microros_ws/install/micro_ros_msgs/lib/python3.12/site-packages/micro_ros_msgs/msg/_entity.py
-- Installing: /home/ali/STM32CubeIDE/stm32_uros_ws/Panik/microros_ws/install/micro_ros_msgs/lib/python3.12/site-packages/micro_ros_msgs/msg/_node_s.c
-- Installing: /home/ali/STM32CubeIDE/stm32_uros_ws/Panik/microros_ws/install/micro_ros_msgs/lib/python3.12/site-packages/micro_ros_msgs/msg/_graph_s.c
-- Installing: /home/ali/STM32CubeIDE/stm32_uros_ws/Panik/microros_ws/install/micro_ros_msgs/lib/python3.12/site-packages/micro_ros_msgs/msg/_node.py
-- Installing: /home/ali/STM32CubeIDE/stm32_uros_ws/Panik/microros_ws/install/micro_ros_msgs/lib/python3.12/site-packages/micro_ros_msgs/msg/__init__.py
-- Installing: /home/ali/STM32CubeIDE/stm32_uros_ws/Panik/microros_ws/install/micro_ros_msgs/lib/python3.12/site-packages/micro_ros_msgs/msg/_entity_s.c
-- Installing: /home/ali/STM32CubeIDE/stm32_uros_ws/Panik/microros_ws/install/micro_ros_msgs/lib/python3.12/site-packages/micro_ros_msgs/msg/_graph.py
-- Installing: /home/ali/STM32CubeIDE/stm32_uros_ws/Panik/microros_ws/install/micro_ros_msgs/lib/python3.12/site-packages/micro_ros_msgs/micro_ros_msgs_s__rosidl_typesupport_fastrtps_c.so
Listing '/home/ali/STM32CubeIDE/stm32_uros_ws/Panik/microros_ws/install/micro_ros_msgs/lib/python3.12/site-packages/micro_ros_msgs'...
Compiling '/home/ali/STM32CubeIDE/stm32_uros_ws/Panik/microros_ws/install/micro_ros_msgs/lib/python3.12/site-packages/micro_ros_msgs/__init__.py'...
Listing '/home/ali/STM32CubeIDE/stm32_uros_ws/Panik/microros_ws/install/micro_ros_msgs/lib/python3.12/site-packages/micro_ros_msgs/msg'...
Compiling '/home/ali/STM32CubeIDE/stm32_uros_ws/Panik/microros_ws/install/micro_ros_msgs/lib/python3.12/site-packages/micro_ros_msgs/msg/__init__.py'...
Compiling '/home/ali/STM32CubeIDE/stm32_uros_ws/Panik/microros_ws/install/micro_ros_msgs/lib/python3.12/site-packages/micro_ros_msgs/msg/_entity.py'...
Compiling '/home/ali/STM32CubeIDE/stm32_uros_ws/Panik/microros_ws/install/micro_ros_msgs/lib/python3.12/site-packages/micro_ros_msgs/msg/_graph.py'...
Compiling '/home/ali/STM32CubeIDE/stm32_uros_ws/Panik/microros_ws/install/micro_ros_msgs/lib/python3.12/site-packages/micro_ros_msgs/msg/_node.py'...
-- Installing: /home/ali/STM32CubeIDE/stm32_uros_ws/Panik/microros_ws/install/micro_ros_msgs/lib/python3.12/site-packages/micro_ros_msgs/micro_ros_msgs_s__rosidl_typesupport_fastrtps_c.so
-- Set non-toolchain portion of runtime path of "/home/ali/STM32CubeIDE/stm32_uros_ws/Panik/microros_ws/install/micro_ros_msgs/lib/python3.12/site-packages/micro_ros_msgs/micro_ros_msgs_s__rosidl_typesupport_fastrtps_c.so" to ""
-- Installing: /home/ali/STM32CubeIDE/stm32_uros_ws/Panik/microros_ws/install/micro_ros_msgs/lib/python3.12/site-packages/micro_ros_msgs/micro_ros_msgs_s__rosidl_typesupport_introspection_c.so
-- Set non-toolchain portion of runtime path of "/home/ali/STM32CubeIDE/stm32_uros_ws/Panik/microros_ws/install/micro_ros_msgs/lib/python3.12/site-packages/micro_ros_msgs/micro_ros_msgs_s__rosidl_typesupport_introspection_c.so" to ""
-- Installing: /home/ali/STM32CubeIDE/stm32_uros_ws/Panik/microros_ws/install/micro_ros_msgs/lib/python3.12/site-packages/micro_ros_msgs/micro_ros_msgs_s__rosidl_typesupport_c.so
-- Set non-toolchain portion of runtime path of "/home/ali/STM32CubeIDE/stm32_uros_ws/Panik/microros_ws/install/micro_ros_msgs/lib/python3.12/site-packages/micro_ros_msgs/micro_ros_msgs_s__rosidl_typesupport_c.so" to ""
-- Installing: /home/ali/STM32CubeIDE/stm32_uros_ws/Panik/microros_ws/install/micro_ros_msgs/lib/libmicro_ros_msgs__rosidl_generator_py.so
-- Set non-toolchain portion of runtime path of "/home/ali/STM32CubeIDE/stm32_uros_ws/Panik/microros_ws/install/micro_ros_msgs/lib/libmicro_ros_msgs__rosidl_generator_py.so" to ""
-- Up-to-date: /home/ali/STM32CubeIDE/stm32_uros_ws/Panik/microros_ws/install/micro_ros_msgs/share/micro_ros_msgs/msg/Graph.idl
-- Up-to-date: /home/ali/STM32CubeIDE/stm32_uros_ws/Panik/microros_ws/install/micro_ros_msgs/share/micro_ros_msgs/msg/Node.idl
-- Up-to-date: /home/ali/STM32CubeIDE/stm32_uros_ws/Panik/microros_ws/install/micro_ros_msgs/share/micro_ros_msgs/msg/Entity.idl
-- Up-to-date: /home/ali/STM32CubeIDE/stm32_uros_ws/Panik/microros_ws/install/micro_ros_msgs/share/micro_ros_msgs/msg/Graph.msg
-- Up-to-date: /home/ali/STM32CubeIDE/stm32_uros_ws/Panik/microros_ws/install/micro_ros_msgs/share/micro_ros_msgs/msg/Node.msg
-- Up-to-date: /home/ali/STM32CubeIDE/stm32_uros_ws/Panik/microros_ws/install/micro_ros_msgs/share/micro_ros_msgs/msg/Entity.msg
-- Up-to-date: /home/ali/STM32CubeIDE/stm32_uros_ws/Panik/microros_ws/install/micro_ros_msgs/share/ament_index/resource_index/package_run_dependencies/micro_ros_msgs
-- Installing: /home/ali/STM32CubeIDE/stm32_uros_ws/Panik/microros_ws/install/micro_ros_msgs/share/ament_index/resource_index/parent_prefix_path/micro_ros_msgs
-- Up-to-date: /home/ali/STM32CubeIDE/stm32_uros_ws/Panik/microros_ws/install/micro_ros_msgs/share/micro_ros_msgs/environment/ament_prefix_path.sh
-- Up-to-date: /home/ali/STM32CubeIDE/stm32_uros_ws/Panik/microros_ws/install/micro_ros_msgs/share/micro_ros_msgs/environment/ament_prefix_path.dsv
-- Up-to-date: /home/ali/STM32CubeIDE/stm32_uros_ws/Panik/microros_ws/install/micro_ros_msgs/share/micro_ros_msgs/environment/path.sh
-- Up-to-date: /home/ali/STM32CubeIDE/stm32_uros_ws/Panik/microros_ws/install/micro_ros_msgs/share/micro_ros_msgs/environment/path.dsv
-- Up-to-date: /home/ali/STM32CubeIDE/stm32_uros_ws/Panik/microros_ws/install/micro_ros_msgs/share/micro_ros_msgs/local_setup.bash
-- Up-to-date: /home/ali/STM32CubeIDE/stm32_uros_ws/Panik/microros_ws/install/micro_ros_msgs/share/micro_ros_msgs/local_setup.sh
-- Up-to-date: /home/ali/STM32CubeIDE/stm32_uros_ws/Panik/microros_ws/install/micro_ros_msgs/share/micro_ros_msgs/local_setup.zsh
-- Up-to-date: /home/ali/STM32CubeIDE/stm32_uros_ws/Panik/microros_ws/install/micro_ros_msgs/share/micro_ros_msgs/local_setup.dsv
-- Installing: /home/ali/STM32CubeIDE/stm32_uros_ws/Panik/microros_ws/install/micro_ros_msgs/share/micro_ros_msgs/package.dsv
-- Up-to-date: /home/ali/STM32CubeIDE/stm32_uros_ws/Panik/microros_ws/install/micro_ros_msgs/share/ament_index/resource_index/packages/micro_ros_msgs
-- Up-to-date: /home/ali/STM32CubeIDE/stm32_uros_ws/Panik/microros_ws/install/micro_ros_msgs/share/micro_ros_msgs/cmake/export_micro_ros_msgs__rosidl_generator_cExport.cmake
-- Up-to-date: /home/ali/STM32CubeIDE/stm32_uros_ws/Panik/microros_ws/install/micro_ros_msgs/share/micro_ros_msgs/cmake/export_micro_ros_msgs__rosidl_generator_cExport-noconfig.cmake
-- Up-to-date: /home/ali/STM32CubeIDE/stm32_uros_ws/Panik/microros_ws/install/micro_ros_msgs/share/micro_ros_msgs/cmake/export_micro_ros_msgs__rosidl_typesupport_fastrtps_cExport.cmake
-- Up-to-date: /home/ali/STM32CubeIDE/stm32_uros_ws/Panik/microros_ws/install/micro_ros_msgs/share/micro_ros_msgs/cmake/export_micro_ros_msgs__rosidl_typesupport_fastrtps_cExport-noconfig.cmake
-- Up-to-date: /home/ali/STM32CubeIDE/stm32_uros_ws/Panik/microros_ws/install/micro_ros_msgs/share/micro_ros_msgs/cmake/micro_ros_msgs__rosidl_typesupport_introspection_cExport.cmake
-- Up-to-date: /home/ali/STM32CubeIDE/stm32_uros_ws/Panik/microros_ws/install/micro_ros_msgs/share/micro_ros_msgs/cmake/micro_ros_msgs__rosidl_typesupport_introspection_cExport-noconfig.cmake
-- Up-to-date: /home/ali/STM32CubeIDE/stm32_uros_ws/Panik/microros_ws/install/micro_ros_msgs/share/micro_ros_msgs/cmake/micro_ros_msgs__rosidl_typesupport_cExport.cmake
-- Up-to-date: /home/ali/STM32CubeIDE/stm32_uros_ws/Panik/microros_ws/install/micro_ros_msgs/share/micro_ros_msgs/cmake/micro_ros_msgs__rosidl_typesupport_cExport-noconfig.cmake
-- Up-to-date: /home/ali/STM32CubeIDE/stm32_uros_ws/Panik/microros_ws/install/micro_ros_msgs/share/micro_ros_msgs/cmake/export_micro_ros_msgs__rosidl_generator_cppExport.cmake
-- Up-to-date: /home/ali/STM32CubeIDE/stm32_uros_ws/Panik/microros_ws/install/micro_ros_msgs/share/micro_ros_msgs/cmake/export_micro_ros_msgs__rosidl_typesupport_fastrtps_cppExport.cmake
-- Up-to-date: /home/ali/STM32CubeIDE/stm32_uros_ws/Panik/microros_ws/install/micro_ros_msgs/share/micro_ros_msgs/cmake/export_micro_ros_msgs__rosidl_typesupport_fastrtps_cppExport-noconfig.cmake
-- Up-to-date: /home/ali/STM32CubeIDE/stm32_uros_ws/Panik/microros_ws/install/micro_ros_msgs/share/micro_ros_msgs/cmake/micro_ros_msgs__rosidl_typesupport_introspection_cppExport.cmake
-- Up-to-date: /home/ali/STM32CubeIDE/stm32_uros_ws/Panik/microros_ws/install/micro_ros_msgs/share/micro_ros_msgs/cmake/micro_ros_msgs__rosidl_typesupport_introspection_cppExport-noconfig.cmake
-- Up-to-date: /home/ali/STM32CubeIDE/stm32_uros_ws/Panik/microros_ws/install/micro_ros_msgs/share/micro_ros_msgs/cmake/micro_ros_msgs__rosidl_typesupport_cppExport.cmake
-- Up-to-date: /home/ali/STM32CubeIDE/stm32_uros_ws/Panik/microros_ws/install/micro_ros_msgs/share/micro_ros_msgs/cmake/micro_ros_msgs__rosidl_typesupport_cppExport-noconfig.cmake
-- Up-to-date: /home/ali/STM32CubeIDE/stm32_uros_ws/Panik/microros_ws/install/micro_ros_msgs/share/micro_ros_msgs/cmake/export_micro_ros_msgs__rosidl_generator_pyExport.cmake
-- Up-to-date: /home/ali/STM32CubeIDE/stm32_uros_ws/Panik/microros_ws/install/micro_ros_msgs/share/micro_ros_msgs/cmake/export_micro_ros_msgs__rosidl_generator_pyExport-noconfig.cmake
-- Up-to-date: /home/ali/STM32CubeIDE/stm32_uros_ws/Panik/microros_ws/install/micro_ros_msgs/share/micro_ros_msgs/cmake/rosidl_cmake-extras.cmake
-- Up-to-date: /home/ali/STM32CubeIDE/stm32_uros_ws/Panik/microros_ws/install/micro_ros_msgs/share/micro_ros_msgs/cmake/ament_cmake_export_include_directories-extras.cmake
-- Up-to-date: /home/ali/STM32CubeIDE/stm32_uros_ws/Panik/microros_ws/install/micro_ros_msgs/share/micro_ros_msgs/cmake/ament_cmake_export_libraries-extras.cmake
-- Up-to-date: /home/ali/STM32CubeIDE/stm32_uros_ws/Panik/microros_ws/install/micro_ros_msgs/share/micro_ros_msgs/cmake/ament_cmake_export_targets-extras.cmake
-- Up-to-date: /home/ali/STM32CubeIDE/stm32_uros_ws/Panik/microros_ws/install/micro_ros_msgs/share/micro_ros_msgs/cmake/rosidl_cmake_export_typesupport_targets-extras.cmake
-- Up-to-date: /home/ali/STM32CubeIDE/stm32_uros_ws/Panik/microros_ws/install/micro_ros_msgs/share/micro_ros_msgs/cmake/ament_cmake_export_dependencies-extras.cmake
-- Up-to-date: /home/ali/STM32CubeIDE/stm32_uros_ws/Panik/microros_ws/install/micro_ros_msgs/share/micro_ros_msgs/cmake/rosidl_cmake_export_typesupport_libraries-extras.cmake
-- Up-to-date: /home/ali/STM32CubeIDE/stm32_uros_ws/Panik/microros_ws/install/micro_ros_msgs/share/micro_ros_msgs/cmake/micro_ros_msgsConfig.cmake
-- Up-to-date: /home/ali/STM32CubeIDE/stm32_uros_ws/Panik/microros_ws/install/micro_ros_msgs/share/micro_ros_msgs/cmake/micro_ros_msgsConfig-version.cmake
-- Up-to-date: /home/ali/STM32CubeIDE/stm32_uros_ws/Panik/microros_ws/install/micro_ros_msgs/share/micro_ros_msgs/package.xml
