[0.008s] Invoking command in '/home/ali/STM32CubeIDE/stm32_uros_ws/Panik/microros_ws/build/drive_base_msgs': CMAKE_PREFIX_PATH=${CMAKE_PREFIX_PATH}:/opt/ros/jazzy DEBUGINFOD_URLS=https://debuginfod.ubuntu.com /usr/bin/cmake --build /home/ali/STM32CubeIDE/stm32_uros_ws/Panik/microros_ws/build/drive_base_msgs -- -j20 -l20
[0.049s] -- Found ament_cmake: 2.5.4 (/opt/ros/jazzy/share/ament_cmake/cmake)
[0.073s] -- Found Python3: /usr/bin/python3 (found version "3.12.3") found components: Interpreter 
[0.135s] -- Found std_msgs: 5.3.6 (/opt/ros/jazzy/share/std_msgs/cmake)
[0.157s] -- Found rosidl_generator_c: 4.6.5 (/opt/ros/jazzy/share/rosidl_generator_c/cmake)
[0.163s] -- Found rosidl_generator_cpp: 4.6.5 (/opt/ros/jazzy/share/rosidl_generator_cpp/cmake)
[0.173s] -- Using all available rosidl_typesupport_c: rosidl_typesupport_fastrtps_c;rosidl_typesupport_introspection_c
[0.181s] -- Using all available rosidl_typesupport_cpp: rosidl_typesupport_fastrtps_cpp;rosidl_typesupport_introspection_cpp
[0.202s] -- Found rosidl_default_generators: 1.6.0 (/opt/ros/jazzy/share/rosidl_default_generators/cmake)
[0.206s] -- Found rosidl_adapter: 4.6.5 (/opt/ros/jazzy/share/rosidl_adapter/cmake)
[0.396s] -- Found ament_cmake_cppcheck: 0.17.2 (/opt/ros/jazzy/share/ament_cmake_cppcheck/cmake)
[0.396s] -- Found ament_cmake_cpplint: 0.17.2 (/opt/ros/jazzy/share/ament_cmake_cpplint/cmake)
[0.397s] -- Found ament_cmake_uncrustify: 0.17.2 (/opt/ros/jazzy/share/ament_cmake_uncrustify/cmake)
[0.397s] -- Found ament_cmake_ros: 0.12.0 (/opt/ros/jazzy/share/ament_cmake_ros/cmake)
[0.538s] -- Using all available rosidl_typesupport_c: rosidl_typesupport_fastrtps_c;rosidl_typesupport_introspection_c
[0.591s] -- Using all available rosidl_typesupport_cpp: rosidl_typesupport_fastrtps_cpp;rosidl_typesupport_introspection_cpp
[0.593s] -- Found python_cmake_module: 0.11.1 (/opt/ros/jazzy/share/python_cmake_module/cmake)
[0.771s] -- Found Python3: /usr/bin/python3 (found version "3.12.3") found components: Interpreter Development NumPy Development.Module Development.Embed 
[0.786s] -- Found ament_cmake_flake8: 0.17.2 (/opt/ros/jazzy/share/ament_cmake_flake8/cmake)
[0.787s] -- Found ament_cmake_pep257: 0.17.2 (/opt/ros/jazzy/share/ament_cmake_pep257/cmake)
[0.790s] -- Configuring done (0.8s)
[0.815s] -- Generating done (0.0s)
[0.823s] -- Build files have been written to: /home/ali/STM32CubeIDE/stm32_uros_ws/Panik/microros_ws/build/drive_base_msgs
[0.853s] [  1%] [34m[1mGenerating type hashes for ROS interfaces[0m
[0.860s] [  1%] Built target ament_cmake_python_copy_drive_base_msgs
[1.000s] running egg_info
[1.011s] writing drive_base_msgs.egg-info/PKG-INFO
[1.011s] writing dependency_links to drive_base_msgs.egg-info/dependency_links.txt
[1.011s] writing top-level names to drive_base_msgs.egg-info/top_level.txt
[1.044s] reading manifest file 'drive_base_msgs.egg-info/SOURCES.txt'
[1.044s] writing manifest file 'drive_base_msgs.egg-info/SOURCES.txt'
[1.065s] [  1%] Built target ament_cmake_python_build_drive_base_msgs_egg
[1.182s] [  1%] Built target drive_base_msgs__rosidl_generator_type_description
[1.190s] [  3%] [34m[1mGenerating C code for ROS interfaces[0m
[1.201s] [  4%] [34m[1mGenerating C++ code for ROS interfaces[0m
[1.688s] [  4%] Built target drive_base_msgs__cpp
[1.940s] [  6%] [32mBuilding C object CMakeFiles/drive_base_msgs__rosidl_generator_c.dir/rosidl_generator_c/drive_base_msgs/msg/detail/base_info__description.c.o[0m
[1.940s] [ 10%] [32mBuilding C object CMakeFiles/drive_base_msgs__rosidl_generator_c.dir/rosidl_generator_c/drive_base_msgs/msg/detail/command_header__type_support.c.o[0m
[1.940s] [ 10%] [32mBuilding C object CMakeFiles/drive_base_msgs__rosidl_generator_c.dir/rosidl_generator_c/drive_base_msgs/msg/detail/command_header__functions.c.o[0m
[1.940s] [ 10%] [32mBuilding C object CMakeFiles/drive_base_msgs__rosidl_generator_c.dir/rosidl_generator_c/drive_base_msgs/msg/detail/command_header__description.c.o[0m
[1.941s] [ 12%] [32mBuilding C object CMakeFiles/drive_base_msgs__rosidl_generator_c.dir/rosidl_generator_c/drive_base_msgs/msg/detail/command_status__type_support.c.o[0m
[1.941s] [ 15%] [32mBuilding C object CMakeFiles/drive_base_msgs__rosidl_generator_c.dir/rosidl_generator_c/drive_base_msgs/msg/detail/command_status__description.c.o[0m
[1.941s] [ 17%] [32mBuilding C object CMakeFiles/drive_base_msgs__rosidl_generator_c.dir/rosidl_generator_c/drive_base_msgs/msg/detail/base_info__functions.c.o[0m
[1.941s] [ 17%] [32mBuilding C object CMakeFiles/drive_base_msgs__rosidl_generator_c.dir/rosidl_generator_c/drive_base_msgs/msg/detail/base_info__type_support.c.o[0m
[1.941s] [ 18%] [32mBuilding C object CMakeFiles/drive_base_msgs__rosidl_generator_c.dir/rosidl_generator_c/drive_base_msgs/msg/detail/trv_command__type_support.c.o[0m
[1.942s] [ 20%] [32mBuilding C object CMakeFiles/drive_base_msgs__rosidl_generator_c.dir/rosidl_generator_c/drive_base_msgs/msg/detail/command_status__functions.c.o[0m
[1.943s] [ 21%] [32mBuilding C object CMakeFiles/drive_base_msgs__rosidl_generator_c.dir/rosidl_generator_c/drive_base_msgs/msg/detail/trv_command__description.c.o[0m
[1.943s] [ 23%] [32mBuilding C object CMakeFiles/drive_base_msgs__rosidl_generator_c.dir/rosidl_generator_c/drive_base_msgs/msg/detail/trv_command__functions.c.o[0m
[1.994s] [ 25%] [32m[1mLinking C shared library libdrive_base_msgs__rosidl_generator_c.so[0m
[2.027s] [ 25%] Built target drive_base_msgs__rosidl_generator_c
[2.035s] [ 28%] [34m[1mGenerating C++ type support dispatch for ROS interfaces[0m
[2.035s] [ 28%] [34m[1mGenerating C type support for eProsima Fast-RTPS[0m
[2.036s] [ 29%] [34m[1mGenerating C type support dispatch for ROS interfaces[0m
[2.036s] [ 31%] [34m[1mGenerating C++ introspection for ROS interfaces[0m
[2.037s] [ 32%] [34m[1mGenerating C++ type support for eProsima Fast-RTPS[0m
[2.037s] [ 34%] [34m[1mGenerating C introspection for ROS interfaces[0m
[2.443s] [ 37%] [32mBuilding CXX object CMakeFiles/drive_base_msgs__rosidl_typesupport_introspection_cpp.dir/rosidl_typesupport_introspection_cpp/drive_base_msgs/msg/detail/command_status__type_support.cpp.o[0m
[2.443s] [ 37%] [32mBuilding CXX object CMakeFiles/drive_base_msgs__rosidl_typesupport_introspection_cpp.dir/rosidl_typesupport_introspection_cpp/drive_base_msgs/msg/detail/command_header__type_support.cpp.o[0m
[2.445s] [ 39%] [32mBuilding CXX object CMakeFiles/drive_base_msgs__rosidl_typesupport_introspection_cpp.dir/rosidl_typesupport_introspection_cpp/drive_base_msgs/msg/detail/base_info__type_support.cpp.o[0m
[2.446s] [ 40%] [32mBuilding CXX object CMakeFiles/drive_base_msgs__rosidl_typesupport_introspection_cpp.dir/rosidl_typesupport_introspection_cpp/drive_base_msgs/msg/detail/trv_command__type_support.cpp.o[0m
[2.447s] [ 42%] [32mBuilding C object CMakeFiles/drive_base_msgs__rosidl_typesupport_introspection_c.dir/rosidl_typesupport_introspection_c/drive_base_msgs/msg/detail/command_header__type_support.c.o[0m
[2.448s] [ 43%] [32mBuilding C object CMakeFiles/drive_base_msgs__rosidl_typesupport_introspection_c.dir/rosidl_typesupport_introspection_c/drive_base_msgs/msg/detail/base_info__type_support.c.o[0m
[2.448s] [ 48%] [32mBuilding CXX object CMakeFiles/drive_base_msgs__rosidl_typesupport_c.dir/rosidl_typesupport_c/drive_base_msgs/msg/command_header__type_support.cpp.o[0m
[2.448s] [ 48%] [32mBuilding CXX object CMakeFiles/drive_base_msgs__rosidl_typesupport_c.dir/rosidl_typesupport_c/drive_base_msgs/msg/base_info__type_support.cpp.o[0m
[2.448s] [ 48%] [32mBuilding CXX object CMakeFiles/drive_base_msgs__rosidl_typesupport_c.dir/rosidl_typesupport_c/drive_base_msgs/msg/command_status__type_support.cpp.o[0m
[2.448s] [ 50%] [32mBuilding CXX object CMakeFiles/drive_base_msgs__rosidl_typesupport_c.dir/rosidl_typesupport_c/drive_base_msgs/msg/trv_command__type_support.cpp.o[0m
[2.448s] [ 53%] [32mBuilding C object CMakeFiles/drive_base_msgs__rosidl_typesupport_introspection_c.dir/rosidl_typesupport_introspection_c/drive_base_msgs/msg/detail/command_status__type_support.c.o[0m
[2.448s] [ 53%] [32mBuilding C object CMakeFiles/drive_base_msgs__rosidl_typesupport_introspection_c.dir/rosidl_typesupport_introspection_c/drive_base_msgs/msg/detail/trv_command__type_support.c.o[0m
[2.490s] [ 54%] [32m[1mLinking C shared library libdrive_base_msgs__rosidl_typesupport_introspection_c.so[0m
[2.498s] [ 56%] [32m[1mLinking CXX shared library libdrive_base_msgs__rosidl_typesupport_c.so[0m
[2.511s] [ 57%] [32mBuilding CXX object CMakeFiles/drive_base_msgs__rosidl_typesupport_fastrtps_c.dir/rosidl_typesupport_fastrtps_c/drive_base_msgs/msg/detail/trv_command__type_support_c.cpp.o[0m
[2.511s] [ 59%] [32mBuilding CXX object CMakeFiles/drive_base_msgs__rosidl_typesupport_fastrtps_c.dir/rosidl_typesupport_fastrtps_c/drive_base_msgs/msg/detail/command_header__type_support_c.cpp.o[0m
[2.511s] [ 60%] [32mBuilding CXX object CMakeFiles/drive_base_msgs__rosidl_typesupport_fastrtps_c.dir/rosidl_typesupport_fastrtps_c/drive_base_msgs/msg/detail/base_info__type_support_c.cpp.o[0m
[2.512s] [ 62%] [32mBuilding CXX object CMakeFiles/drive_base_msgs__rosidl_typesupport_fastrtps_c.dir/rosidl_typesupport_fastrtps_c/drive_base_msgs/msg/detail/command_status__type_support_c.cpp.o[0m
[2.517s] [ 62%] Built target drive_base_msgs__rosidl_typesupport_introspection_c
[2.541s] [ 62%] Built target drive_base_msgs__rosidl_typesupport_c
[2.660s] [ 64%] [32mBuilding CXX object CMakeFiles/drive_base_msgs__rosidl_typesupport_cpp.dir/rosidl_typesupport_cpp/drive_base_msgs/msg/command_status__type_support.cpp.o[0m
[2.660s] [ 65%] [32mBuilding CXX object CMakeFiles/drive_base_msgs__rosidl_typesupport_cpp.dir/rosidl_typesupport_cpp/drive_base_msgs/msg/command_header__type_support.cpp.o[0m
[2.661s] [ 67%] [32mBuilding CXX object CMakeFiles/drive_base_msgs__rosidl_typesupport_cpp.dir/rosidl_typesupport_cpp/drive_base_msgs/msg/base_info__type_support.cpp.o[0m
[2.661s] [ 68%] [32mBuilding CXX object CMakeFiles/drive_base_msgs__rosidl_typesupport_cpp.dir/rosidl_typesupport_cpp/drive_base_msgs/msg/trv_command__type_support.cpp.o[0m
[2.673s] [ 71%] [32mBuilding CXX object CMakeFiles/drive_base_msgs__rosidl_typesupport_fastrtps_cpp.dir/rosidl_typesupport_fastrtps_cpp/drive_base_msgs/msg/detail/dds_fastrtps/command_header__type_support.cpp.o[0m
[2.674s] [ 71%] [32mBuilding CXX object CMakeFiles/drive_base_msgs__rosidl_typesupport_fastrtps_cpp.dir/rosidl_typesupport_fastrtps_cpp/drive_base_msgs/msg/detail/dds_fastrtps/base_info__type_support.cpp.o[0m
[2.674s] [ 73%] [32mBuilding CXX object CMakeFiles/drive_base_msgs__rosidl_typesupport_fastrtps_cpp.dir/rosidl_typesupport_fastrtps_cpp/drive_base_msgs/msg/detail/dds_fastrtps/trv_command__type_support.cpp.o[0m
[2.677s] [ 75%] [32mBuilding CXX object CMakeFiles/drive_base_msgs__rosidl_typesupport_fastrtps_cpp.dir/rosidl_typesupport_fastrtps_cpp/drive_base_msgs/msg/detail/dds_fastrtps/command_status__type_support.cpp.o[0m
[2.840s] [ 76%] [32m[1mLinking CXX shared library libdrive_base_msgs__rosidl_typesupport_introspection_cpp.so[0m
[2.904s] [ 76%] Built target drive_base_msgs__rosidl_typesupport_introspection_cpp
[3.031s] [ 78%] [32m[1mLinking CXX shared library libdrive_base_msgs__rosidl_typesupport_fastrtps_c.so[0m
[3.040s] [ 79%] [32m[1mLinking CXX shared library libdrive_base_msgs__rosidl_typesupport_cpp.so[0m
[3.069s] [ 79%] Built target drive_base_msgs__rosidl_typesupport_fastrtps_c
[3.074s] [ 79%] Built target drive_base_msgs__rosidl_typesupport_cpp
[3.147s] [ 81%] [32m[1mLinking CXX shared library libdrive_base_msgs__rosidl_typesupport_fastrtps_cpp.so[0m
[3.185s] [ 81%] Built target drive_base_msgs__rosidl_typesupport_fastrtps_cpp
[3.202s] [ 81%] Built target drive_base_msgs
[3.218s] [ 82%] [34m[1mGenerating Python code for ROS interfaces[0m
[3.912s] [ 82%] Built target drive_base_msgs__py
[3.934s] [ 87%] [32mBuilding C object CMakeFiles/drive_base_msgs__rosidl_generator_py.dir/rosidl_generator_py/drive_base_msgs/msg/_command_header_s.c.o[0m
[3.934s] [ 87%] [32mBuilding C object CMakeFiles/drive_base_msgs__rosidl_generator_py.dir/rosidl_generator_py/drive_base_msgs/msg/_base_info_s.c.o[0m
[3.935s] [ 87%] [32mBuilding C object CMakeFiles/drive_base_msgs__rosidl_generator_py.dir/rosidl_generator_py/drive_base_msgs/msg/_command_status_s.c.o[0m
[3.935s] [ 89%] [32mBuilding C object CMakeFiles/drive_base_msgs__rosidl_generator_py.dir/rosidl_generator_py/drive_base_msgs/msg/_trv_command_s.c.o[0m
[4.059s] [ 90%] [32m[1mLinking C shared library libdrive_base_msgs__rosidl_generator_py.so[0m
[4.097s] [ 90%] Built target drive_base_msgs__rosidl_generator_py
[4.114s] [ 92%] [32mBuilding C object CMakeFiles/drive_base_msgs_s__rosidl_typesupport_introspection_c.dir/rosidl_generator_py/drive_base_msgs/_drive_base_msgs_s.ep.rosidl_typesupport_introspection_c.c.o[0m
[4.119s] [ 95%] [32mBuilding C object CMakeFiles/drive_base_msgs_s__rosidl_typesupport_fastrtps_c.dir/rosidl_generator_py/drive_base_msgs/_drive_base_msgs_s.ep.rosidl_typesupport_fastrtps_c.c.o[0m
[4.119s] [ 95%] [32mBuilding C object CMakeFiles/drive_base_msgs_s__rosidl_typesupport_c.dir/rosidl_generator_py/drive_base_msgs/_drive_base_msgs_s.ep.rosidl_typesupport_c.c.o[0m
[4.188s] [ 96%] [32m[1mLinking C shared module rosidl_generator_py/drive_base_msgs/drive_base_msgs_s__rosidl_typesupport_introspection_c.so[0m
[4.217s] [ 96%] Built target drive_base_msgs_s__rosidl_typesupport_introspection_c
[4.218s] [ 98%] [32m[1mLinking C shared module rosidl_generator_py/drive_base_msgs/drive_base_msgs_s__rosidl_typesupport_fastrtps_c.so[0m
[4.236s] [100%] [32m[1mLinking C shared module rosidl_generator_py/drive_base_msgs/drive_base_msgs_s__rosidl_typesupport_c.so[0m
[4.252s] [100%] Built target drive_base_msgs_s__rosidl_typesupport_fastrtps_c
[4.261s] [100%] Built target drive_base_msgs_s__rosidl_typesupport_c
[4.270s] Invoked command in '/home/ali/STM32CubeIDE/stm32_uros_ws/Panik/microros_ws/build/drive_base_msgs' returned '0': CMAKE_PREFIX_PATH=${CMAKE_PREFIX_PATH}:/opt/ros/jazzy DEBUGINFOD_URLS=https://debuginfod.ubuntu.com /usr/bin/cmake --build /home/ali/STM32CubeIDE/stm32_uros_ws/Panik/microros_ws/build/drive_base_msgs -- -j20 -l20
[4.271s] Invoking command in '/home/ali/STM32CubeIDE/stm32_uros_ws/Panik/microros_ws/build/drive_base_msgs': CMAKE_PREFIX_PATH=${CMAKE_PREFIX_PATH}:/opt/ros/jazzy DEBUGINFOD_URLS=https://debuginfod.ubuntu.com /usr/bin/cmake --install /home/ali/STM32CubeIDE/stm32_uros_ws/Panik/microros_ws/build/drive_base_msgs
[4.277s] -- Install configuration: ""
[4.277s] -- Up-to-date: /home/ali/STM32CubeIDE/stm32_uros_ws/Panik/microros_ws/install/drive_base_msgs/share/ament_index/resource_index/rosidl_interfaces/drive_base_msgs
[4.277s] -- Installing: /home/ali/STM32CubeIDE/stm32_uros_ws/Panik/microros_ws/install/drive_base_msgs/share/drive_base_msgs/msg/CommandHeader.json
[4.278s] -- Installing: /home/ali/STM32CubeIDE/stm32_uros_ws/Panik/microros_ws/install/drive_base_msgs/share/drive_base_msgs/msg/BaseInfo.json
[4.278s] -- Installing: /home/ali/STM32CubeIDE/stm32_uros_ws/Panik/microros_ws/install/drive_base_msgs/share/drive_base_msgs/msg/CommandStatus.json
[4.278s] -- Installing: /home/ali/STM32CubeIDE/stm32_uros_ws/Panik/microros_ws/install/drive_base_msgs/share/drive_base_msgs/msg/TRVCommand.json
[4.278s] -- Up-to-date: /home/ali/STM32CubeIDE/stm32_uros_ws/Panik/microros_ws/install/drive_base_msgs/include/drive_base_msgs/drive_base_msgs
[4.278s] -- Up-to-date: /home/ali/STM32CubeIDE/stm32_uros_ws/Panik/microros_ws/install/drive_base_msgs/include/drive_base_msgs/drive_base_msgs/msg
[4.278s] -- Installing: /home/ali/STM32CubeIDE/stm32_uros_ws/Panik/microros_ws/install/drive_base_msgs/include/drive_base_msgs/drive_base_msgs/msg/command_header.h
[4.278s] -- Up-to-date: /home/ali/STM32CubeIDE/stm32_uros_ws/Panik/microros_ws/install/drive_base_msgs/include/drive_base_msgs/drive_base_msgs/msg/detail
[4.278s] -- Installing: /home/ali/STM32CubeIDE/stm32_uros_ws/Panik/microros_ws/install/drive_base_msgs/include/drive_base_msgs/drive_base_msgs/msg/detail/base_info__type_support.c
[4.278s] -- Installing: /home/ali/STM32CubeIDE/stm32_uros_ws/Panik/microros_ws/install/drive_base_msgs/include/drive_base_msgs/drive_base_msgs/msg/detail/trv_command__type_support.h
[4.278s] -- Installing: /home/ali/STM32CubeIDE/stm32_uros_ws/Panik/microros_ws/install/drive_base_msgs/include/drive_base_msgs/drive_base_msgs/msg/detail/base_info__type_support.h
[4.278s] -- Installing: /home/ali/STM32CubeIDE/stm32_uros_ws/Panik/microros_ws/install/drive_base_msgs/include/drive_base_msgs/drive_base_msgs/msg/detail/base_info__struct.h
[4.279s] -- Installing: /home/ali/STM32CubeIDE/stm32_uros_ws/Panik/microros_ws/install/drive_base_msgs/include/drive_base_msgs/drive_base_msgs/msg/detail/trv_command__functions.c
[4.279s] -- Installing: /home/ali/STM32CubeIDE/stm32_uros_ws/Panik/microros_ws/install/drive_base_msgs/include/drive_base_msgs/drive_base_msgs/msg/detail/command_header__description.c
[4.279s] -- Installing: /home/ali/STM32CubeIDE/stm32_uros_ws/Panik/microros_ws/install/drive_base_msgs/include/drive_base_msgs/drive_base_msgs/msg/detail/command_header__type_support.h
[4.279s] -- Installing: /home/ali/STM32CubeIDE/stm32_uros_ws/Panik/microros_ws/install/drive_base_msgs/include/drive_base_msgs/drive_base_msgs/msg/detail/command_status__functions.c
[4.279s] -- Installing: /home/ali/STM32CubeIDE/stm32_uros_ws/Panik/microros_ws/install/drive_base_msgs/include/drive_base_msgs/drive_base_msgs/msg/detail/trv_command__type_support.c
[4.279s] -- Installing: /home/ali/STM32CubeIDE/stm32_uros_ws/Panik/microros_ws/install/drive_base_msgs/include/drive_base_msgs/drive_base_msgs/msg/detail/command_header__type_support.c
[4.279s] -- Installing: /home/ali/STM32CubeIDE/stm32_uros_ws/Panik/microros_ws/install/drive_base_msgs/include/drive_base_msgs/drive_base_msgs/msg/detail/command_status__type_support.c
[4.279s] -- Installing: /home/ali/STM32CubeIDE/stm32_uros_ws/Panik/microros_ws/install/drive_base_msgs/include/drive_base_msgs/drive_base_msgs/msg/detail/command_status__struct.h
[4.279s] -- Installing: /home/ali/STM32CubeIDE/stm32_uros_ws/Panik/microros_ws/install/drive_base_msgs/include/drive_base_msgs/drive_base_msgs/msg/detail/trv_command__description.c
[4.279s] -- Installing: /home/ali/STM32CubeIDE/stm32_uros_ws/Panik/microros_ws/install/drive_base_msgs/include/drive_base_msgs/drive_base_msgs/msg/detail/command_status__functions.h
[4.279s] -- Installing: /home/ali/STM32CubeIDE/stm32_uros_ws/Panik/microros_ws/install/drive_base_msgs/include/drive_base_msgs/drive_base_msgs/msg/detail/command_header__functions.h
[4.279s] -- Installing: /home/ali/STM32CubeIDE/stm32_uros_ws/Panik/microros_ws/install/drive_base_msgs/include/drive_base_msgs/drive_base_msgs/msg/detail/command_header__functions.c
[4.279s] -- Installing: /home/ali/STM32CubeIDE/stm32_uros_ws/Panik/microros_ws/install/drive_base_msgs/include/drive_base_msgs/drive_base_msgs/msg/detail/trv_command__struct.h
[4.280s] -- Installing: /home/ali/STM32CubeIDE/stm32_uros_ws/Panik/microros_ws/install/drive_base_msgs/include/drive_base_msgs/drive_base_msgs/msg/detail/trv_command__functions.h
[4.280s] -- Installing: /home/ali/STM32CubeIDE/stm32_uros_ws/Panik/microros_ws/install/drive_base_msgs/include/drive_base_msgs/drive_base_msgs/msg/detail/base_info__functions.h
[4.280s] -- Installing: /home/ali/STM32CubeIDE/stm32_uros_ws/Panik/microros_ws/install/drive_base_msgs/include/drive_base_msgs/drive_base_msgs/msg/detail/base_info__description.c
[4.280s] -- Installing: /home/ali/STM32CubeIDE/stm32_uros_ws/Panik/microros_ws/install/drive_base_msgs/include/drive_base_msgs/drive_base_msgs/msg/detail/base_info__functions.c
[4.280s] -- Installing: /home/ali/STM32CubeIDE/stm32_uros_ws/Panik/microros_ws/install/drive_base_msgs/include/drive_base_msgs/drive_base_msgs/msg/detail/command_status__description.c
[4.280s] -- Installing: /home/ali/STM32CubeIDE/stm32_uros_ws/Panik/microros_ws/install/drive_base_msgs/include/drive_base_msgs/drive_base_msgs/msg/detail/command_status__type_support.h
[4.280s] -- Installing: /home/ali/STM32CubeIDE/stm32_uros_ws/Panik/microros_ws/install/drive_base_msgs/include/drive_base_msgs/drive_base_msgs/msg/detail/command_header__struct.h
[4.280s] -- Installing: /home/ali/STM32CubeIDE/stm32_uros_ws/Panik/microros_ws/install/drive_base_msgs/include/drive_base_msgs/drive_base_msgs/msg/command_status.h
[4.280s] -- Installing: /home/ali/STM32CubeIDE/stm32_uros_ws/Panik/microros_ws/install/drive_base_msgs/include/drive_base_msgs/drive_base_msgs/msg/trv_command.h
[4.280s] -- Installing: /home/ali/STM32CubeIDE/stm32_uros_ws/Panik/microros_ws/install/drive_base_msgs/include/drive_base_msgs/drive_base_msgs/msg/base_info.h
[4.280s] -- Up-to-date: /home/ali/STM32CubeIDE/stm32_uros_ws/Panik/microros_ws/install/drive_base_msgs/include/drive_base_msgs/drive_base_msgs/msg/rosidl_generator_c__visibility_control.h
[4.280s] -- Up-to-date: /home/ali/STM32CubeIDE/stm32_uros_ws/Panik/microros_ws/install/drive_base_msgs/share/drive_base_msgs/environment/library_path.sh
[4.280s] -- Up-to-date: /home/ali/STM32CubeIDE/stm32_uros_ws/Panik/microros_ws/install/drive_base_msgs/share/drive_base_msgs/environment/library_path.dsv
[4.281s] -- Installing: /home/ali/STM32CubeIDE/stm32_uros_ws/Panik/microros_ws/install/drive_base_msgs/lib/libdrive_base_msgs__rosidl_generator_c.so
[4.281s] -- Set non-toolchain portion of runtime path of "/home/ali/STM32CubeIDE/stm32_uros_ws/Panik/microros_ws/install/drive_base_msgs/lib/libdrive_base_msgs__rosidl_generator_c.so" to ""
[4.281s] -- Up-to-date: /home/ali/STM32CubeIDE/stm32_uros_ws/Panik/microros_ws/install/drive_base_msgs/include/drive_base_msgs/drive_base_msgs
[4.281s] -- Up-to-date: /home/ali/STM32CubeIDE/stm32_uros_ws/Panik/microros_ws/install/drive_base_msgs/include/drive_base_msgs/drive_base_msgs/msg
[4.281s] -- Up-to-date: /home/ali/STM32CubeIDE/stm32_uros_ws/Panik/microros_ws/install/drive_base_msgs/include/drive_base_msgs/drive_base_msgs/msg/rosidl_typesupport_fastrtps_c__visibility_control.h
[4.281s] -- Up-to-date: /home/ali/STM32CubeIDE/stm32_uros_ws/Panik/microros_ws/install/drive_base_msgs/include/drive_base_msgs/drive_base_msgs/msg/detail
[4.281s] -- Installing: /home/ali/STM32CubeIDE/stm32_uros_ws/Panik/microros_ws/install/drive_base_msgs/include/drive_base_msgs/drive_base_msgs/msg/detail/command_header__rosidl_typesupport_fastrtps_c.h
[4.281s] -- Installing: /home/ali/STM32CubeIDE/stm32_uros_ws/Panik/microros_ws/install/drive_base_msgs/include/drive_base_msgs/drive_base_msgs/msg/detail/base_info__rosidl_typesupport_fastrtps_c.h
[4.281s] -- Installing: /home/ali/STM32CubeIDE/stm32_uros_ws/Panik/microros_ws/install/drive_base_msgs/include/drive_base_msgs/drive_base_msgs/msg/detail/command_status__rosidl_typesupport_fastrtps_c.h
[4.281s] -- Installing: /home/ali/STM32CubeIDE/stm32_uros_ws/Panik/microros_ws/install/drive_base_msgs/include/drive_base_msgs/drive_base_msgs/msg/detail/trv_command__rosidl_typesupport_fastrtps_c.h
[4.281s] -- Installing: /home/ali/STM32CubeIDE/stm32_uros_ws/Panik/microros_ws/install/drive_base_msgs/lib/libdrive_base_msgs__rosidl_typesupport_fastrtps_c.so
[4.281s] -- Set non-toolchain portion of runtime path of "/home/ali/STM32CubeIDE/stm32_uros_ws/Panik/microros_ws/install/drive_base_msgs/lib/libdrive_base_msgs__rosidl_typesupport_fastrtps_c.so" to ""
[4.281s] -- Up-to-date: /home/ali/STM32CubeIDE/stm32_uros_ws/Panik/microros_ws/install/drive_base_msgs/include/drive_base_msgs/drive_base_msgs
[4.281s] -- Up-to-date: /home/ali/STM32CubeIDE/stm32_uros_ws/Panik/microros_ws/install/drive_base_msgs/include/drive_base_msgs/drive_base_msgs/msg
[4.281s] -- Installing: /home/ali/STM32CubeIDE/stm32_uros_ws/Panik/microros_ws/install/drive_base_msgs/include/drive_base_msgs/drive_base_msgs/msg/rosidl_generator_cpp__visibility_control.hpp
[4.282s] -- Installing: /home/ali/STM32CubeIDE/stm32_uros_ws/Panik/microros_ws/install/drive_base_msgs/include/drive_base_msgs/drive_base_msgs/msg/command_header.hpp
[4.282s] -- Up-to-date: /home/ali/STM32CubeIDE/stm32_uros_ws/Panik/microros_ws/install/drive_base_msgs/include/drive_base_msgs/drive_base_msgs/msg/detail
[4.282s] -- Installing: /home/ali/STM32CubeIDE/stm32_uros_ws/Panik/microros_ws/install/drive_base_msgs/include/drive_base_msgs/drive_base_msgs/msg/detail/trv_command__struct.hpp
[4.282s] -- Installing: /home/ali/STM32CubeIDE/stm32_uros_ws/Panik/microros_ws/install/drive_base_msgs/include/drive_base_msgs/drive_base_msgs/msg/detail/command_header__builder.hpp
[4.282s] -- Installing: /home/ali/STM32CubeIDE/stm32_uros_ws/Panik/microros_ws/install/drive_base_msgs/include/drive_base_msgs/drive_base_msgs/msg/detail/base_info__traits.hpp
[4.282s] -- Installing: /home/ali/STM32CubeIDE/stm32_uros_ws/Panik/microros_ws/install/drive_base_msgs/include/drive_base_msgs/drive_base_msgs/msg/detail/command_header__type_support.hpp
[4.282s] -- Installing: /home/ali/STM32CubeIDE/stm32_uros_ws/Panik/microros_ws/install/drive_base_msgs/include/drive_base_msgs/drive_base_msgs/msg/detail/command_header__traits.hpp
[4.282s] -- Installing: /home/ali/STM32CubeIDE/stm32_uros_ws/Panik/microros_ws/install/drive_base_msgs/include/drive_base_msgs/drive_base_msgs/msg/detail/command_status__traits.hpp
[4.282s] -- Installing: /home/ali/STM32CubeIDE/stm32_uros_ws/Panik/microros_ws/install/drive_base_msgs/include/drive_base_msgs/drive_base_msgs/msg/detail/command_header__struct.hpp
[4.282s] -- Installing: /home/ali/STM32CubeIDE/stm32_uros_ws/Panik/microros_ws/install/drive_base_msgs/include/drive_base_msgs/drive_base_msgs/msg/detail/base_info__builder.hpp
[4.282s] -- Installing: /home/ali/STM32CubeIDE/stm32_uros_ws/Panik/microros_ws/install/drive_base_msgs/include/drive_base_msgs/drive_base_msgs/msg/detail/base_info__type_support.hpp
[4.282s] -- Installing: /home/ali/STM32CubeIDE/stm32_uros_ws/Panik/microros_ws/install/drive_base_msgs/include/drive_base_msgs/drive_base_msgs/msg/detail/trv_command__type_support.hpp
[4.282s] -- Installing: /home/ali/STM32CubeIDE/stm32_uros_ws/Panik/microros_ws/install/drive_base_msgs/include/drive_base_msgs/drive_base_msgs/msg/detail/trv_command__traits.hpp
[4.282s] -- Installing: /home/ali/STM32CubeIDE/stm32_uros_ws/Panik/microros_ws/install/drive_base_msgs/include/drive_base_msgs/drive_base_msgs/msg/detail/command_status__builder.hpp
[4.283s] -- Installing: /home/ali/STM32CubeIDE/stm32_uros_ws/Panik/microros_ws/install/drive_base_msgs/include/drive_base_msgs/drive_base_msgs/msg/detail/trv_command__builder.hpp
[4.283s] -- Installing: /home/ali/STM32CubeIDE/stm32_uros_ws/Panik/microros_ws/install/drive_base_msgs/include/drive_base_msgs/drive_base_msgs/msg/detail/base_info__struct.hpp
[4.283s] -- Installing: /home/ali/STM32CubeIDE/stm32_uros_ws/Panik/microros_ws/install/drive_base_msgs/include/drive_base_msgs/drive_base_msgs/msg/detail/command_status__struct.hpp
[4.283s] -- Installing: /home/ali/STM32CubeIDE/stm32_uros_ws/Panik/microros_ws/install/drive_base_msgs/include/drive_base_msgs/drive_base_msgs/msg/detail/command_status__type_support.hpp
[4.283s] -- Installing: /home/ali/STM32CubeIDE/stm32_uros_ws/Panik/microros_ws/install/drive_base_msgs/include/drive_base_msgs/drive_base_msgs/msg/trv_command.hpp
[4.283s] -- Installing: /home/ali/STM32CubeIDE/stm32_uros_ws/Panik/microros_ws/install/drive_base_msgs/include/drive_base_msgs/drive_base_msgs/msg/command_status.hpp
[4.283s] -- Installing: /home/ali/STM32CubeIDE/stm32_uros_ws/Panik/microros_ws/install/drive_base_msgs/include/drive_base_msgs/drive_base_msgs/msg/base_info.hpp
[4.283s] -- Up-to-date: /home/ali/STM32CubeIDE/stm32_uros_ws/Panik/microros_ws/install/drive_base_msgs/include/drive_base_msgs/drive_base_msgs
[4.283s] -- Up-to-date: /home/ali/STM32CubeIDE/stm32_uros_ws/Panik/microros_ws/install/drive_base_msgs/include/drive_base_msgs/drive_base_msgs/msg
[4.283s] -- Up-to-date: /home/ali/STM32CubeIDE/stm32_uros_ws/Panik/microros_ws/install/drive_base_msgs/include/drive_base_msgs/drive_base_msgs/msg/detail
[4.283s] -- Up-to-date: /home/ali/STM32CubeIDE/stm32_uros_ws/Panik/microros_ws/install/drive_base_msgs/include/drive_base_msgs/drive_base_msgs/msg/detail/dds_fastrtps
[4.283s] -- Installing: /home/ali/STM32CubeIDE/stm32_uros_ws/Panik/microros_ws/install/drive_base_msgs/include/drive_base_msgs/drive_base_msgs/msg/detail/command_status__rosidl_typesupport_fastrtps_cpp.hpp
[4.284s] -- Installing: /home/ali/STM32CubeIDE/stm32_uros_ws/Panik/microros_ws/install/drive_base_msgs/include/drive_base_msgs/drive_base_msgs/msg/detail/trv_command__rosidl_typesupport_fastrtps_cpp.hpp
[4.284s] -- Installing: /home/ali/STM32CubeIDE/stm32_uros_ws/Panik/microros_ws/install/drive_base_msgs/include/drive_base_msgs/drive_base_msgs/msg/detail/base_info__rosidl_typesupport_fastrtps_cpp.hpp
[4.284s] -- Installing: /home/ali/STM32CubeIDE/stm32_uros_ws/Panik/microros_ws/install/drive_base_msgs/include/drive_base_msgs/drive_base_msgs/msg/detail/command_header__rosidl_typesupport_fastrtps_cpp.hpp
[4.284s] -- Up-to-date: /home/ali/STM32CubeIDE/stm32_uros_ws/Panik/microros_ws/install/drive_base_msgs/include/drive_base_msgs/drive_base_msgs/msg/rosidl_typesupport_fastrtps_cpp__visibility_control.h
[4.284s] -- Installing: /home/ali/STM32CubeIDE/stm32_uros_ws/Panik/microros_ws/install/drive_base_msgs/lib/libdrive_base_msgs__rosidl_typesupport_fastrtps_cpp.so
[4.284s] -- Set non-toolchain portion of runtime path of "/home/ali/STM32CubeIDE/stm32_uros_ws/Panik/microros_ws/install/drive_base_msgs/lib/libdrive_base_msgs__rosidl_typesupport_fastrtps_cpp.so" to ""
[4.284s] -- Up-to-date: /home/ali/STM32CubeIDE/stm32_uros_ws/Panik/microros_ws/install/drive_base_msgs/include/drive_base_msgs/drive_base_msgs
[4.284s] -- Up-to-date: /home/ali/STM32CubeIDE/stm32_uros_ws/Panik/microros_ws/install/drive_base_msgs/include/drive_base_msgs/drive_base_msgs/msg
[4.284s] -- Up-to-date: /home/ali/STM32CubeIDE/stm32_uros_ws/Panik/microros_ws/install/drive_base_msgs/include/drive_base_msgs/drive_base_msgs/msg/rosidl_typesupport_introspection_c__visibility_control.h
[4.284s] -- Up-to-date: /home/ali/STM32CubeIDE/stm32_uros_ws/Panik/microros_ws/install/drive_base_msgs/include/drive_base_msgs/drive_base_msgs/msg/detail
[4.284s] -- Up-to-date: /home/ali/STM32CubeIDE/stm32_uros_ws/Panik/microros_ws/install/drive_base_msgs/include/drive_base_msgs/drive_base_msgs/msg/detail/base_info__type_support.c
[4.284s] -- Installing: /home/ali/STM32CubeIDE/stm32_uros_ws/Panik/microros_ws/install/drive_base_msgs/include/drive_base_msgs/drive_base_msgs/msg/detail/trv_command__rosidl_typesupport_introspection_c.h
[4.284s] -- Installing: /home/ali/STM32CubeIDE/stm32_uros_ws/Panik/microros_ws/install/drive_base_msgs/include/drive_base_msgs/drive_base_msgs/msg/detail/base_info__rosidl_typesupport_introspection_c.h
[4.284s] -- Installing: /home/ali/STM32CubeIDE/stm32_uros_ws/Panik/microros_ws/install/drive_base_msgs/include/drive_base_msgs/drive_base_msgs/msg/detail/command_status__rosidl_typesupport_introspection_c.h
[4.285s] -- Up-to-date: /home/ali/STM32CubeIDE/stm32_uros_ws/Panik/microros_ws/install/drive_base_msgs/include/drive_base_msgs/drive_base_msgs/msg/detail/trv_command__type_support.c
[4.285s] -- Up-to-date: /home/ali/STM32CubeIDE/stm32_uros_ws/Panik/microros_ws/install/drive_base_msgs/include/drive_base_msgs/drive_base_msgs/msg/detail/command_header__type_support.c
[4.285s] -- Up-to-date: /home/ali/STM32CubeIDE/stm32_uros_ws/Panik/microros_ws/install/drive_base_msgs/include/drive_base_msgs/drive_base_msgs/msg/detail/command_status__type_support.c
[4.285s] -- Installing: /home/ali/STM32CubeIDE/stm32_uros_ws/Panik/microros_ws/install/drive_base_msgs/include/drive_base_msgs/drive_base_msgs/msg/detail/command_header__rosidl_typesupport_introspection_c.h
[4.285s] -- Installing: /home/ali/STM32CubeIDE/stm32_uros_ws/Panik/microros_ws/install/drive_base_msgs/lib/libdrive_base_msgs__rosidl_typesupport_introspection_c.so
[4.285s] -- Set non-toolchain portion of runtime path of "/home/ali/STM32CubeIDE/stm32_uros_ws/Panik/microros_ws/install/drive_base_msgs/lib/libdrive_base_msgs__rosidl_typesupport_introspection_c.so" to ""
[4.285s] -- Installing: /home/ali/STM32CubeIDE/stm32_uros_ws/Panik/microros_ws/install/drive_base_msgs/lib/libdrive_base_msgs__rosidl_typesupport_c.so
[4.285s] -- Set non-toolchain portion of runtime path of "/home/ali/STM32CubeIDE/stm32_uros_ws/Panik/microros_ws/install/drive_base_msgs/lib/libdrive_base_msgs__rosidl_typesupport_c.so" to ""
[4.285s] -- Up-to-date: /home/ali/STM32CubeIDE/stm32_uros_ws/Panik/microros_ws/install/drive_base_msgs/include/drive_base_msgs/drive_base_msgs
[4.285s] -- Up-to-date: /home/ali/STM32CubeIDE/stm32_uros_ws/Panik/microros_ws/install/drive_base_msgs/include/drive_base_msgs/drive_base_msgs/msg
[4.285s] -- Up-to-date: /home/ali/STM32CubeIDE/stm32_uros_ws/Panik/microros_ws/install/drive_base_msgs/include/drive_base_msgs/drive_base_msgs/msg/detail
[4.285s] -- Installing: /home/ali/STM32CubeIDE/stm32_uros_ws/Panik/microros_ws/install/drive_base_msgs/include/drive_base_msgs/drive_base_msgs/msg/detail/command_status__rosidl_typesupport_introspection_cpp.hpp
[4.286s] -- Installing: /home/ali/STM32CubeIDE/stm32_uros_ws/Panik/microros_ws/install/drive_base_msgs/include/drive_base_msgs/drive_base_msgs/msg/detail/command_header__rosidl_typesupport_introspection_cpp.hpp
[4.286s] -- Installing: /home/ali/STM32CubeIDE/stm32_uros_ws/Panik/microros_ws/install/drive_base_msgs/include/drive_base_msgs/drive_base_msgs/msg/detail/trv_command__rosidl_typesupport_introspection_cpp.hpp
[4.286s] -- Installing: /home/ali/STM32CubeIDE/stm32_uros_ws/Panik/microros_ws/install/drive_base_msgs/include/drive_base_msgs/drive_base_msgs/msg/detail/command_header__type_support.cpp
[4.286s] -- Installing: /home/ali/STM32CubeIDE/stm32_uros_ws/Panik/microros_ws/install/drive_base_msgs/include/drive_base_msgs/drive_base_msgs/msg/detail/trv_command__type_support.cpp
[4.286s] -- Installing: /home/ali/STM32CubeIDE/stm32_uros_ws/Panik/microros_ws/install/drive_base_msgs/include/drive_base_msgs/drive_base_msgs/msg/detail/base_info__rosidl_typesupport_introspection_cpp.hpp
[4.286s] -- Installing: /home/ali/STM32CubeIDE/stm32_uros_ws/Panik/microros_ws/install/drive_base_msgs/include/drive_base_msgs/drive_base_msgs/msg/detail/command_status__type_support.cpp
[4.286s] -- Installing: /home/ali/STM32CubeIDE/stm32_uros_ws/Panik/microros_ws/install/drive_base_msgs/include/drive_base_msgs/drive_base_msgs/msg/detail/base_info__type_support.cpp
[4.286s] -- Installing: /home/ali/STM32CubeIDE/stm32_uros_ws/Panik/microros_ws/install/drive_base_msgs/lib/libdrive_base_msgs__rosidl_typesupport_introspection_cpp.so
[4.286s] -- Set non-toolchain portion of runtime path of "/home/ali/STM32CubeIDE/stm32_uros_ws/Panik/microros_ws/install/drive_base_msgs/lib/libdrive_base_msgs__rosidl_typesupport_introspection_cpp.so" to ""
[4.286s] -- Installing: /home/ali/STM32CubeIDE/stm32_uros_ws/Panik/microros_ws/install/drive_base_msgs/lib/libdrive_base_msgs__rosidl_typesupport_cpp.so
[4.286s] -- Set non-toolchain portion of runtime path of "/home/ali/STM32CubeIDE/stm32_uros_ws/Panik/microros_ws/install/drive_base_msgs/lib/libdrive_base_msgs__rosidl_typesupport_cpp.so" to ""
[4.286s] -- Up-to-date: /home/ali/STM32CubeIDE/stm32_uros_ws/Panik/microros_ws/install/drive_base_msgs/share/drive_base_msgs/environment/pythonpath.sh
[4.286s] -- Up-to-date: /home/ali/STM32CubeIDE/stm32_uros_ws/Panik/microros_ws/install/drive_base_msgs/share/drive_base_msgs/environment/pythonpath.dsv
[4.286s] -- Up-to-date: /home/ali/STM32CubeIDE/stm32_uros_ws/Panik/microros_ws/install/drive_base_msgs/lib/python3.12/site-packages/drive_base_msgs-0.0.0-py3.12.egg-info
[4.286s] -- Installing: /home/ali/STM32CubeIDE/stm32_uros_ws/Panik/microros_ws/install/drive_base_msgs/lib/python3.12/site-packages/drive_base_msgs-0.0.0-py3.12.egg-info/PKG-INFO
[4.287s] -- Installing: /home/ali/STM32CubeIDE/stm32_uros_ws/Panik/microros_ws/install/drive_base_msgs/lib/python3.12/site-packages/drive_base_msgs-0.0.0-py3.12.egg-info/top_level.txt
[4.287s] -- Installing: /home/ali/STM32CubeIDE/stm32_uros_ws/Panik/microros_ws/install/drive_base_msgs/lib/python3.12/site-packages/drive_base_msgs-0.0.0-py3.12.egg-info/dependency_links.txt
[4.287s] -- Installing: /home/ali/STM32CubeIDE/stm32_uros_ws/Panik/microros_ws/install/drive_base_msgs/lib/python3.12/site-packages/drive_base_msgs-0.0.0-py3.12.egg-info/SOURCES.txt
[4.287s] -- Up-to-date: /home/ali/STM32CubeIDE/stm32_uros_ws/Panik/microros_ws/install/drive_base_msgs/lib/python3.12/site-packages/drive_base_msgs
[4.287s] -- Installing: /home/ali/STM32CubeIDE/stm32_uros_ws/Panik/microros_ws/install/drive_base_msgs/lib/python3.12/site-packages/drive_base_msgs/_drive_base_msgs_s.ep.rosidl_typesupport_fastrtps_c.c
[4.287s] -- Installing: /home/ali/STM32CubeIDE/stm32_uros_ws/Panik/microros_ws/install/drive_base_msgs/lib/python3.12/site-packages/drive_base_msgs/drive_base_msgs_s__rosidl_typesupport_fastrtps_c.so
[4.287s] -- Installing: /home/ali/STM32CubeIDE/stm32_uros_ws/Panik/microros_ws/install/drive_base_msgs/lib/python3.12/site-packages/drive_base_msgs/_drive_base_msgs_s.ep.rosidl_typesupport_introspection_c.c
[4.287s] -- Installing: /home/ali/STM32CubeIDE/stm32_uros_ws/Panik/microros_ws/install/drive_base_msgs/lib/python3.12/site-packages/drive_base_msgs/drive_base_msgs_s__rosidl_typesupport_introspection_c.so
[4.287s] -- Installing: /home/ali/STM32CubeIDE/stm32_uros_ws/Panik/microros_ws/install/drive_base_msgs/lib/python3.12/site-packages/drive_base_msgs/_drive_base_msgs_s.ep.rosidl_typesupport_c.c
[4.287s] -- Installing: /home/ali/STM32CubeIDE/stm32_uros_ws/Panik/microros_ws/install/drive_base_msgs/lib/python3.12/site-packages/drive_base_msgs/drive_base_msgs_s__rosidl_typesupport_c.so
[4.287s] -- Installing: /home/ali/STM32CubeIDE/stm32_uros_ws/Panik/microros_ws/install/drive_base_msgs/lib/python3.12/site-packages/drive_base_msgs/__init__.py
[4.287s] -- Up-to-date: /home/ali/STM32CubeIDE/stm32_uros_ws/Panik/microros_ws/install/drive_base_msgs/lib/python3.12/site-packages/drive_base_msgs/msg
[4.287s] -- Installing: /home/ali/STM32CubeIDE/stm32_uros_ws/Panik/microros_ws/install/drive_base_msgs/lib/python3.12/site-packages/drive_base_msgs/msg/_command_header.py
[4.287s] -- Installing: /home/ali/STM32CubeIDE/stm32_uros_ws/Panik/microros_ws/install/drive_base_msgs/lib/python3.12/site-packages/drive_base_msgs/msg/_command_header_s.c
[4.288s] -- Installing: /home/ali/STM32CubeIDE/stm32_uros_ws/Panik/microros_ws/install/drive_base_msgs/lib/python3.12/site-packages/drive_base_msgs/msg/_command_status.py
[4.288s] -- Installing: /home/ali/STM32CubeIDE/stm32_uros_ws/Panik/microros_ws/install/drive_base_msgs/lib/python3.12/site-packages/drive_base_msgs/msg/_base_info.py
[4.288s] -- Installing: /home/ali/STM32CubeIDE/stm32_uros_ws/Panik/microros_ws/install/drive_base_msgs/lib/python3.12/site-packages/drive_base_msgs/msg/_trv_command_s.c
[4.288s] -- Installing: /home/ali/STM32CubeIDE/stm32_uros_ws/Panik/microros_ws/install/drive_base_msgs/lib/python3.12/site-packages/drive_base_msgs/msg/_base_info_s.c
[4.288s] -- Installing: /home/ali/STM32CubeIDE/stm32_uros_ws/Panik/microros_ws/install/drive_base_msgs/lib/python3.12/site-packages/drive_base_msgs/msg/_command_status_s.c
[4.288s] -- Installing: /home/ali/STM32CubeIDE/stm32_uros_ws/Panik/microros_ws/install/drive_base_msgs/lib/python3.12/site-packages/drive_base_msgs/msg/__init__.py
[4.288s] -- Installing: /home/ali/STM32CubeIDE/stm32_uros_ws/Panik/microros_ws/install/drive_base_msgs/lib/python3.12/site-packages/drive_base_msgs/msg/_trv_command.py
[4.321s] Listing '/home/ali/STM32CubeIDE/stm32_uros_ws/Panik/microros_ws/install/drive_base_msgs/lib/python3.12/site-packages/drive_base_msgs'...
[4.321s] Compiling '/home/ali/STM32CubeIDE/stm32_uros_ws/Panik/microros_ws/install/drive_base_msgs/lib/python3.12/site-packages/drive_base_msgs/__init__.py'...
[4.322s] Listing '/home/ali/STM32CubeIDE/stm32_uros_ws/Panik/microros_ws/install/drive_base_msgs/lib/python3.12/site-packages/drive_base_msgs/msg'...
[4.322s] Compiling '/home/ali/STM32CubeIDE/stm32_uros_ws/Panik/microros_ws/install/drive_base_msgs/lib/python3.12/site-packages/drive_base_msgs/msg/__init__.py'...
[4.322s] Compiling '/home/ali/STM32CubeIDE/stm32_uros_ws/Panik/microros_ws/install/drive_base_msgs/lib/python3.12/site-packages/drive_base_msgs/msg/_base_info.py'...
[4.322s] Compiling '/home/ali/STM32CubeIDE/stm32_uros_ws/Panik/microros_ws/install/drive_base_msgs/lib/python3.12/site-packages/drive_base_msgs/msg/_command_header.py'...
[4.322s] Compiling '/home/ali/STM32CubeIDE/stm32_uros_ws/Panik/microros_ws/install/drive_base_msgs/lib/python3.12/site-packages/drive_base_msgs/msg/_command_status.py'...
[4.322s] Compiling '/home/ali/STM32CubeIDE/stm32_uros_ws/Panik/microros_ws/install/drive_base_msgs/lib/python3.12/site-packages/drive_base_msgs/msg/_trv_command.py'...
[4.327s] -- Installing: /home/ali/STM32CubeIDE/stm32_uros_ws/Panik/microros_ws/install/drive_base_msgs/lib/python3.12/site-packages/drive_base_msgs/drive_base_msgs_s__rosidl_typesupport_fastrtps_c.so
[4.327s] -- Set non-toolchain portion of runtime path of "/home/ali/STM32CubeIDE/stm32_uros_ws/Panik/microros_ws/install/drive_base_msgs/lib/python3.12/site-packages/drive_base_msgs/drive_base_msgs_s__rosidl_typesupport_fastrtps_c.so" to ""
[4.327s] -- Installing: /home/ali/STM32CubeIDE/stm32_uros_ws/Panik/microros_ws/install/drive_base_msgs/lib/python3.12/site-packages/drive_base_msgs/drive_base_msgs_s__rosidl_typesupport_introspection_c.so
[4.327s] -- Set non-toolchain portion of runtime path of "/home/ali/STM32CubeIDE/stm32_uros_ws/Panik/microros_ws/install/drive_base_msgs/lib/python3.12/site-packages/drive_base_msgs/drive_base_msgs_s__rosidl_typesupport_introspection_c.so" to ""
[4.328s] -- Installing: /home/ali/STM32CubeIDE/stm32_uros_ws/Panik/microros_ws/install/drive_base_msgs/lib/python3.12/site-packages/drive_base_msgs/drive_base_msgs_s__rosidl_typesupport_c.so
[4.328s] -- Set non-toolchain portion of runtime path of "/home/ali/STM32CubeIDE/stm32_uros_ws/Panik/microros_ws/install/drive_base_msgs/lib/python3.12/site-packages/drive_base_msgs/drive_base_msgs_s__rosidl_typesupport_c.so" to ""
[4.328s] -- Installing: /home/ali/STM32CubeIDE/stm32_uros_ws/Panik/microros_ws/install/drive_base_msgs/lib/libdrive_base_msgs__rosidl_generator_py.so
[4.329s] -- Set non-toolchain portion of runtime path of "/home/ali/STM32CubeIDE/stm32_uros_ws/Panik/microros_ws/install/drive_base_msgs/lib/libdrive_base_msgs__rosidl_generator_py.so" to ""
[4.329s] -- Up-to-date: /home/ali/STM32CubeIDE/stm32_uros_ws/Panik/microros_ws/install/drive_base_msgs/share/drive_base_msgs/msg/CommandHeader.idl
[4.329s] -- Up-to-date: /home/ali/STM32CubeIDE/stm32_uros_ws/Panik/microros_ws/install/drive_base_msgs/share/drive_base_msgs/msg/BaseInfo.idl
[4.329s] -- Up-to-date: /home/ali/STM32CubeIDE/stm32_uros_ws/Panik/microros_ws/install/drive_base_msgs/share/drive_base_msgs/msg/CommandStatus.idl
[4.329s] -- Up-to-date: /home/ali/STM32CubeIDE/stm32_uros_ws/Panik/microros_ws/install/drive_base_msgs/share/drive_base_msgs/msg/TRVCommand.idl
[4.329s] -- Up-to-date: /home/ali/STM32CubeIDE/stm32_uros_ws/Panik/microros_ws/install/drive_base_msgs/share/drive_base_msgs/msg/CommandHeader.msg
[4.329s] -- Up-to-date: /home/ali/STM32CubeIDE/stm32_uros_ws/Panik/microros_ws/install/drive_base_msgs/share/drive_base_msgs/msg/BaseInfo.msg
[4.329s] -- Up-to-date: /home/ali/STM32CubeIDE/stm32_uros_ws/Panik/microros_ws/install/drive_base_msgs/share/drive_base_msgs/msg/CommandStatus.msg
[4.329s] -- Up-to-date: /home/ali/STM32CubeIDE/stm32_uros_ws/Panik/microros_ws/install/drive_base_msgs/share/drive_base_msgs/msg/TRVCommand.msg
[4.329s] -- Up-to-date: /home/ali/STM32CubeIDE/stm32_uros_ws/Panik/microros_ws/install/drive_base_msgs/share/ament_index/resource_index/package_run_dependencies/drive_base_msgs
[4.329s] -- Installing: /home/ali/STM32CubeIDE/stm32_uros_ws/Panik/microros_ws/install/drive_base_msgs/share/ament_index/resource_index/parent_prefix_path/drive_base_msgs
[4.329s] -- Up-to-date: /home/ali/STM32CubeIDE/stm32_uros_ws/Panik/microros_ws/install/drive_base_msgs/share/drive_base_msgs/environment/ament_prefix_path.sh
[4.329s] -- Up-to-date: /home/ali/STM32CubeIDE/stm32_uros_ws/Panik/microros_ws/install/drive_base_msgs/share/drive_base_msgs/environment/ament_prefix_path.dsv
[4.329s] -- Up-to-date: /home/ali/STM32CubeIDE/stm32_uros_ws/Panik/microros_ws/install/drive_base_msgs/share/drive_base_msgs/environment/path.sh
[4.329s] -- Up-to-date: /home/ali/STM32CubeIDE/stm32_uros_ws/Panik/microros_ws/install/drive_base_msgs/share/drive_base_msgs/environment/path.dsv
[4.329s] -- Up-to-date: /home/ali/STM32CubeIDE/stm32_uros_ws/Panik/microros_ws/install/drive_base_msgs/share/drive_base_msgs/local_setup.bash
[4.330s] -- Up-to-date: /home/ali/STM32CubeIDE/stm32_uros_ws/Panik/microros_ws/install/drive_base_msgs/share/drive_base_msgs/local_setup.sh
[4.330s] -- Up-to-date: /home/ali/STM32CubeIDE/stm32_uros_ws/Panik/microros_ws/install/drive_base_msgs/share/drive_base_msgs/local_setup.zsh
[4.330s] -- Up-to-date: /home/ali/STM32CubeIDE/stm32_uros_ws/Panik/microros_ws/install/drive_base_msgs/share/drive_base_msgs/local_setup.dsv
[4.330s] -- Installing: /home/ali/STM32CubeIDE/stm32_uros_ws/Panik/microros_ws/install/drive_base_msgs/share/drive_base_msgs/package.dsv
[4.330s] -- Up-to-date: /home/ali/STM32CubeIDE/stm32_uros_ws/Panik/microros_ws/install/drive_base_msgs/share/ament_index/resource_index/packages/drive_base_msgs
[4.330s] -- Up-to-date: /home/ali/STM32CubeIDE/stm32_uros_ws/Panik/microros_ws/install/drive_base_msgs/share/drive_base_msgs/cmake/export_drive_base_msgs__rosidl_generator_cExport.cmake
[4.330s] -- Up-to-date: /home/ali/STM32CubeIDE/stm32_uros_ws/Panik/microros_ws/install/drive_base_msgs/share/drive_base_msgs/cmake/export_drive_base_msgs__rosidl_generator_cExport-noconfig.cmake
[4.330s] -- Up-to-date: /home/ali/STM32CubeIDE/stm32_uros_ws/Panik/microros_ws/install/drive_base_msgs/share/drive_base_msgs/cmake/export_drive_base_msgs__rosidl_typesupport_fastrtps_cExport.cmake
[4.330s] -- Up-to-date: /home/ali/STM32CubeIDE/stm32_uros_ws/Panik/microros_ws/install/drive_base_msgs/share/drive_base_msgs/cmake/export_drive_base_msgs__rosidl_typesupport_fastrtps_cExport-noconfig.cmake
[4.330s] -- Up-to-date: /home/ali/STM32CubeIDE/stm32_uros_ws/Panik/microros_ws/install/drive_base_msgs/share/drive_base_msgs/cmake/export_drive_base_msgs__rosidl_generator_cppExport.cmake
[4.330s] -- Up-to-date: /home/ali/STM32CubeIDE/stm32_uros_ws/Panik/microros_ws/install/drive_base_msgs/share/drive_base_msgs/cmake/export_drive_base_msgs__rosidl_typesupport_fastrtps_cppExport.cmake
[4.330s] -- Up-to-date: /home/ali/STM32CubeIDE/stm32_uros_ws/Panik/microros_ws/install/drive_base_msgs/share/drive_base_msgs/cmake/export_drive_base_msgs__rosidl_typesupport_fastrtps_cppExport-noconfig.cmake
[4.330s] -- Up-to-date: /home/ali/STM32CubeIDE/stm32_uros_ws/Panik/microros_ws/install/drive_base_msgs/share/drive_base_msgs/cmake/drive_base_msgs__rosidl_typesupport_introspection_cExport.cmake
[4.330s] -- Up-to-date: /home/ali/STM32CubeIDE/stm32_uros_ws/Panik/microros_ws/install/drive_base_msgs/share/drive_base_msgs/cmake/drive_base_msgs__rosidl_typesupport_introspection_cExport-noconfig.cmake
[4.331s] -- Up-to-date: /home/ali/STM32CubeIDE/stm32_uros_ws/Panik/microros_ws/install/drive_base_msgs/share/drive_base_msgs/cmake/drive_base_msgs__rosidl_typesupport_cExport.cmake
[4.331s] -- Up-to-date: /home/ali/STM32CubeIDE/stm32_uros_ws/Panik/microros_ws/install/drive_base_msgs/share/drive_base_msgs/cmake/drive_base_msgs__rosidl_typesupport_cExport-noconfig.cmake
[4.331s] -- Up-to-date: /home/ali/STM32CubeIDE/stm32_uros_ws/Panik/microros_ws/install/drive_base_msgs/share/drive_base_msgs/cmake/drive_base_msgs__rosidl_typesupport_introspection_cppExport.cmake
[4.331s] -- Up-to-date: /home/ali/STM32CubeIDE/stm32_uros_ws/Panik/microros_ws/install/drive_base_msgs/share/drive_base_msgs/cmake/drive_base_msgs__rosidl_typesupport_introspection_cppExport-noconfig.cmake
[4.331s] -- Up-to-date: /home/ali/STM32CubeIDE/stm32_uros_ws/Panik/microros_ws/install/drive_base_msgs/share/drive_base_msgs/cmake/drive_base_msgs__rosidl_typesupport_cppExport.cmake
[4.331s] -- Up-to-date: /home/ali/STM32CubeIDE/stm32_uros_ws/Panik/microros_ws/install/drive_base_msgs/share/drive_base_msgs/cmake/drive_base_msgs__rosidl_typesupport_cppExport-noconfig.cmake
[4.331s] -- Up-to-date: /home/ali/STM32CubeIDE/stm32_uros_ws/Panik/microros_ws/install/drive_base_msgs/share/drive_base_msgs/cmake/export_drive_base_msgs__rosidl_generator_pyExport.cmake
[4.331s] -- Up-to-date: /home/ali/STM32CubeIDE/stm32_uros_ws/Panik/microros_ws/install/drive_base_msgs/share/drive_base_msgs/cmake/export_drive_base_msgs__rosidl_generator_pyExport-noconfig.cmake
[4.331s] -- Up-to-date: /home/ali/STM32CubeIDE/stm32_uros_ws/Panik/microros_ws/install/drive_base_msgs/share/drive_base_msgs/cmake/rosidl_cmake-extras.cmake
[4.331s] -- Up-to-date: /home/ali/STM32CubeIDE/stm32_uros_ws/Panik/microros_ws/install/drive_base_msgs/share/drive_base_msgs/cmake/ament_cmake_export_dependencies-extras.cmake
[4.331s] -- Up-to-date: /home/ali/STM32CubeIDE/stm32_uros_ws/Panik/microros_ws/install/drive_base_msgs/share/drive_base_msgs/cmake/ament_cmake_export_include_directories-extras.cmake
[4.331s] -- Up-to-date: /home/ali/STM32CubeIDE/stm32_uros_ws/Panik/microros_ws/install/drive_base_msgs/share/drive_base_msgs/cmake/ament_cmake_export_libraries-extras.cmake
[4.331s] -- Up-to-date: /home/ali/STM32CubeIDE/stm32_uros_ws/Panik/microros_ws/install/drive_base_msgs/share/drive_base_msgs/cmake/ament_cmake_export_targets-extras.cmake
[4.331s] -- Up-to-date: /home/ali/STM32CubeIDE/stm32_uros_ws/Panik/microros_ws/install/drive_base_msgs/share/drive_base_msgs/cmake/rosidl_cmake_export_typesupport_targets-extras.cmake
[4.331s] -- Up-to-date: /home/ali/STM32CubeIDE/stm32_uros_ws/Panik/microros_ws/install/drive_base_msgs/share/drive_base_msgs/cmake/rosidl_cmake_export_typesupport_libraries-extras.cmake
[4.331s] -- Up-to-date: /home/ali/STM32CubeIDE/stm32_uros_ws/Panik/microros_ws/install/drive_base_msgs/share/drive_base_msgs/cmake/drive_base_msgsConfig.cmake
[4.332s] -- Up-to-date: /home/ali/STM32CubeIDE/stm32_uros_ws/Panik/microros_ws/install/drive_base_msgs/share/drive_base_msgs/cmake/drive_base_msgsConfig-version.cmake
[4.332s] -- Up-to-date: /home/ali/STM32CubeIDE/stm32_uros_ws/Panik/microros_ws/install/drive_base_msgs/share/drive_base_msgs/package.xml
[4.334s] Invoked command in '/home/ali/STM32CubeIDE/stm32_uros_ws/Panik/microros_ws/build/drive_base_msgs' returned '0': CMAKE_PREFIX_PATH=${CMAKE_PREFIX_PATH}:/opt/ros/jazzy DEBUGINFOD_URLS=https://debuginfod.ubuntu.com /usr/bin/cmake --install /home/ali/STM32CubeIDE/stm32_uros_ws/Panik/microros_ws/build/drive_base_msgs
