[0.009s] Invoking command in '/home/ali/STM32CubeIDE/stm32_uros_ws/Panik/microros_ws/build/micro_ros_msgs': CMAKE_PREFIX_PATH=${CMAKE_PREFIX_PATH}:/opt/ros/jazzy DEBUGINFOD_URLS=https://debuginfod.ubuntu.com /usr/bin/cmake /home/ali/STM32CubeIDE/stm32_uros_ws/Panik/microros_ws/src/uros/micro_ros_msgs -DCMAKE_INSTALL_PREFIX=/home/ali/STM32CubeIDE/stm32_uros_ws/Panik/microros_ws/install/micro_ros_msgs
[0.017s] -- Found ament_cmake: 2.5.4 (/opt/ros/jazzy/share/ament_cmake/cmake)
[0.035s] -- Found Python3: /usr/bin/python3 (found version "3.12.3") found components: Interpreter 
[0.090s] -- Found rosidl_default_generators: 1.6.0 (/opt/ros/jazzy/share/rosidl_default_generators/cmake)
[0.092s] -- Using all available rosidl_typesupport_c: rosidl_typesupport_fastrtps_c;rosidl_typesupport_introspection_c
[0.114s] -- Using all available rosidl_typesupport_cpp: rosidl_typesupport_fastrtps_cpp;rosidl_typesupport_introspection_cpp
[0.132s] -- Found rosidl_adapter: 4.6.5 (/opt/ros/jazzy/share/rosidl_adapter/cmake)
[0.133s] -- Found ament_lint_auto: 0.17.2 (/opt/ros/jazzy/share/ament_lint_auto/cmake)
[0.302s] -- Found ament_cmake_ros: 0.12.0 (/opt/ros/jazzy/share/ament_cmake_ros/cmake)
[0.359s] -- Using all available rosidl_typesupport_c: rosidl_typesupport_fastrtps_c;rosidl_typesupport_introspection_c
[0.436s] -- Using all available rosidl_typesupport_cpp: rosidl_typesupport_fastrtps_cpp;rosidl_typesupport_introspection_cpp
[0.438s] -- Found python_cmake_module: 0.11.1 (/opt/ros/jazzy/share/python_cmake_module/cmake)
[0.630s] -- Found Python3: /usr/bin/python3 (found version "3.12.3") found components: Interpreter Development NumPy Development.Module Development.Embed 
[0.639s] -- Added test 'copyright' to check source files copyright and LICENSE
[0.643s] -- Added test 'lint_cmake' to check CMake code style
[0.645s] -- Added test 'xmllint' to check XML markup files
[0.648s] -- Configuring done (0.6s)
[0.669s] -- Generating done (0.0s)
[0.676s] -- Build files have been written to: /home/ali/STM32CubeIDE/stm32_uros_ws/Panik/microros_ws/build/micro_ros_msgs
[0.681s] Invoked command in '/home/ali/STM32CubeIDE/stm32_uros_ws/Panik/microros_ws/build/micro_ros_msgs' returned '0': CMAKE_PREFIX_PATH=${CMAKE_PREFIX_PATH}:/opt/ros/jazzy DEBUGINFOD_URLS=https://debuginfod.ubuntu.com /usr/bin/cmake /home/ali/STM32CubeIDE/stm32_uros_ws/Panik/microros_ws/src/uros/micro_ros_msgs -DCMAKE_INSTALL_PREFIX=/home/ali/STM32CubeIDE/stm32_uros_ws/Panik/microros_ws/install/micro_ros_msgs
[0.682s] Invoking command in '/home/ali/STM32CubeIDE/stm32_uros_ws/Panik/microros_ws/build/micro_ros_msgs': CMAKE_PREFIX_PATH=${CMAKE_PREFIX_PATH}:/opt/ros/jazzy DEBUGINFOD_URLS=https://debuginfod.ubuntu.com /usr/bin/cmake --build /home/ali/STM32CubeIDE/stm32_uros_ws/Panik/microros_ws/build/micro_ros_msgs -- -j20 -l20
[0.721s] [  1%] Built target micro_ros_msgs__rosidl_generator_type_description
[0.728s] [  1%] Built target ament_cmake_python_copy_micro_ros_msgs
[0.737s] [  3%] Built target micro_ros_msgs__cpp
[0.740s] [ 24%] Built target micro_ros_msgs__rosidl_generator_c
[0.765s] [ 33%] Built target micro_ros_msgs__rosidl_typesupport_introspection_c
[0.766s] [ 42%] Built target micro_ros_msgs__rosidl_typesupport_fastrtps_cpp
[0.768s] [ 51%] Built target micro_ros_msgs__rosidl_typesupport_introspection_cpp
[0.768s] [ 61%] Built target micro_ros_msgs__rosidl_typesupport_c
[0.769s] [ 70%] Built target micro_ros_msgs__rosidl_typesupport_fastrtps_c
[0.769s] [ 79%] Built target micro_ros_msgs__rosidl_typesupport_cpp
[0.784s] [ 79%] Built target micro_ros_msgs
[0.799s] [ 81%] Built target micro_ros_msgs__py
[0.819s] [ 88%] Built target micro_ros_msgs__rosidl_generator_py
[0.838s] [ 92%] Built target micro_ros_msgs_s__rosidl_typesupport_fastrtps_c
[0.838s] [100%] Built target micro_ros_msgs_s__rosidl_typesupport_c
[0.838s] [100%] Built target micro_ros_msgs_s__rosidl_typesupport_introspection_c
[0.875s] running egg_info
[0.885s] writing micro_ros_msgs.egg-info/PKG-INFO
[0.885s] writing dependency_links to micro_ros_msgs.egg-info/dependency_links.txt
[0.885s] writing top-level names to micro_ros_msgs.egg-info/top_level.txt
[0.915s] reading manifest file 'micro_ros_msgs.egg-info/SOURCES.txt'
[0.915s] writing manifest file 'micro_ros_msgs.egg-info/SOURCES.txt'
[0.934s] [100%] Built target ament_cmake_python_build_micro_ros_msgs_egg
[0.942s] Invoked command in '/home/ali/STM32CubeIDE/stm32_uros_ws/Panik/microros_ws/build/micro_ros_msgs' returned '0': CMAKE_PREFIX_PATH=${CMAKE_PREFIX_PATH}:/opt/ros/jazzy DEBUGINFOD_URLS=https://debuginfod.ubuntu.com /usr/bin/cmake --build /home/ali/STM32CubeIDE/stm32_uros_ws/Panik/microros_ws/build/micro_ros_msgs -- -j20 -l20
[0.943s] Invoking command in '/home/ali/STM32CubeIDE/stm32_uros_ws/Panik/microros_ws/build/micro_ros_msgs': CMAKE_PREFIX_PATH=${CMAKE_PREFIX_PATH}:/opt/ros/jazzy DEBUGINFOD_URLS=https://debuginfod.ubuntu.com /usr/bin/cmake --install /home/ali/STM32CubeIDE/stm32_uros_ws/Panik/microros_ws/build/micro_ros_msgs
[0.949s] -- Install configuration: ""
[0.949s] -- Up-to-date: /home/ali/STM32CubeIDE/stm32_uros_ws/Panik/microros_ws/install/micro_ros_msgs/share/ament_index/resource_index/rosidl_interfaces/micro_ros_msgs
[0.949s] -- Up-to-date: /home/ali/STM32CubeIDE/stm32_uros_ws/Panik/microros_ws/install/micro_ros_msgs/share/micro_ros_msgs/msg/Graph.json
[0.949s] -- Up-to-date: /home/ali/STM32CubeIDE/stm32_uros_ws/Panik/microros_ws/install/micro_ros_msgs/share/micro_ros_msgs/msg/Node.json
[0.949s] -- Up-to-date: /home/ali/STM32CubeIDE/stm32_uros_ws/Panik/microros_ws/install/micro_ros_msgs/share/micro_ros_msgs/msg/Entity.json
[0.949s] -- Up-to-date: /home/ali/STM32CubeIDE/stm32_uros_ws/Panik/microros_ws/install/micro_ros_msgs/include/micro_ros_msgs/micro_ros_msgs
[0.949s] -- Up-to-date: /home/ali/STM32CubeIDE/stm32_uros_ws/Panik/microros_ws/install/micro_ros_msgs/include/micro_ros_msgs/micro_ros_msgs/msg
[0.950s] -- Up-to-date: /home/ali/STM32CubeIDE/stm32_uros_ws/Panik/microros_ws/install/micro_ros_msgs/include/micro_ros_msgs/micro_ros_msgs/msg/node.h
[0.950s] -- Up-to-date: /home/ali/STM32CubeIDE/stm32_uros_ws/Panik/microros_ws/install/micro_ros_msgs/include/micro_ros_msgs/micro_ros_msgs/msg/detail
[0.950s] -- Up-to-date: /home/ali/STM32CubeIDE/stm32_uros_ws/Panik/microros_ws/install/micro_ros_msgs/include/micro_ros_msgs/micro_ros_msgs/msg/detail/node__struct.h
[0.950s] -- Up-to-date: /home/ali/STM32CubeIDE/stm32_uros_ws/Panik/microros_ws/install/micro_ros_msgs/include/micro_ros_msgs/micro_ros_msgs/msg/detail/graph__functions.h
[0.950s] -- Up-to-date: /home/ali/STM32CubeIDE/stm32_uros_ws/Panik/microros_ws/install/micro_ros_msgs/include/micro_ros_msgs/micro_ros_msgs/msg/detail/node__functions.c
[0.950s] -- Up-to-date: /home/ali/STM32CubeIDE/stm32_uros_ws/Panik/microros_ws/install/micro_ros_msgs/include/micro_ros_msgs/micro_ros_msgs/msg/detail/node__type_support.c
[0.950s] -- Up-to-date: /home/ali/STM32CubeIDE/stm32_uros_ws/Panik/microros_ws/install/micro_ros_msgs/include/micro_ros_msgs/micro_ros_msgs/msg/detail/graph__description.c
[0.950s] -- Up-to-date: /home/ali/STM32CubeIDE/stm32_uros_ws/Panik/microros_ws/install/micro_ros_msgs/include/micro_ros_msgs/micro_ros_msgs/msg/detail/node__functions.h
[0.950s] -- Up-to-date: /home/ali/STM32CubeIDE/stm32_uros_ws/Panik/microros_ws/install/micro_ros_msgs/include/micro_ros_msgs/micro_ros_msgs/msg/detail/graph__type_support.c
[0.950s] -- Up-to-date: /home/ali/STM32CubeIDE/stm32_uros_ws/Panik/microros_ws/install/micro_ros_msgs/include/micro_ros_msgs/micro_ros_msgs/msg/detail/node__description.c
[0.950s] -- Up-to-date: /home/ali/STM32CubeIDE/stm32_uros_ws/Panik/microros_ws/install/micro_ros_msgs/include/micro_ros_msgs/micro_ros_msgs/msg/detail/entity__functions.h
[0.950s] -- Up-to-date: /home/ali/STM32CubeIDE/stm32_uros_ws/Panik/microros_ws/install/micro_ros_msgs/include/micro_ros_msgs/micro_ros_msgs/msg/detail/entity__type_support.c
[0.950s] -- Up-to-date: /home/ali/STM32CubeIDE/stm32_uros_ws/Panik/microros_ws/install/micro_ros_msgs/include/micro_ros_msgs/micro_ros_msgs/msg/detail/entity__functions.c
[0.950s] -- Up-to-date: /home/ali/STM32CubeIDE/stm32_uros_ws/Panik/microros_ws/install/micro_ros_msgs/include/micro_ros_msgs/micro_ros_msgs/msg/detail/graph__struct.h
[0.950s] -- Up-to-date: /home/ali/STM32CubeIDE/stm32_uros_ws/Panik/microros_ws/install/micro_ros_msgs/include/micro_ros_msgs/micro_ros_msgs/msg/detail/graph__type_support.h
[0.950s] -- Up-to-date: /home/ali/STM32CubeIDE/stm32_uros_ws/Panik/microros_ws/install/micro_ros_msgs/include/micro_ros_msgs/micro_ros_msgs/msg/detail/entity__type_support.h
[0.950s] -- Up-to-date: /home/ali/STM32CubeIDE/stm32_uros_ws/Panik/microros_ws/install/micro_ros_msgs/include/micro_ros_msgs/micro_ros_msgs/msg/detail/graph__functions.c
[0.950s] -- Up-to-date: /home/ali/STM32CubeIDE/stm32_uros_ws/Panik/microros_ws/install/micro_ros_msgs/include/micro_ros_msgs/micro_ros_msgs/msg/detail/entity__struct.h
[0.950s] -- Up-to-date: /home/ali/STM32CubeIDE/stm32_uros_ws/Panik/microros_ws/install/micro_ros_msgs/include/micro_ros_msgs/micro_ros_msgs/msg/detail/node__type_support.h
[0.950s] -- Up-to-date: /home/ali/STM32CubeIDE/stm32_uros_ws/Panik/microros_ws/install/micro_ros_msgs/include/micro_ros_msgs/micro_ros_msgs/msg/detail/entity__description.c
[0.950s] -- Up-to-date: /home/ali/STM32CubeIDE/stm32_uros_ws/Panik/microros_ws/install/micro_ros_msgs/include/micro_ros_msgs/micro_ros_msgs/msg/rosidl_generator_c__visibility_control.h
[0.950s] -- Up-to-date: /home/ali/STM32CubeIDE/stm32_uros_ws/Panik/microros_ws/install/micro_ros_msgs/include/micro_ros_msgs/micro_ros_msgs/msg/graph.h
[0.950s] -- Up-to-date: /home/ali/STM32CubeIDE/stm32_uros_ws/Panik/microros_ws/install/micro_ros_msgs/include/micro_ros_msgs/micro_ros_msgs/msg/entity.h
[0.950s] -- Up-to-date: /home/ali/STM32CubeIDE/stm32_uros_ws/Panik/microros_ws/install/micro_ros_msgs/share/micro_ros_msgs/environment/library_path.sh
[0.950s] -- Up-to-date: /home/ali/STM32CubeIDE/stm32_uros_ws/Panik/microros_ws/install/micro_ros_msgs/share/micro_ros_msgs/environment/library_path.dsv
[0.950s] -- Up-to-date: /home/ali/STM32CubeIDE/stm32_uros_ws/Panik/microros_ws/install/micro_ros_msgs/lib/libmicro_ros_msgs__rosidl_generator_c.so
[0.950s] -- Up-to-date: /home/ali/STM32CubeIDE/stm32_uros_ws/Panik/microros_ws/install/micro_ros_msgs/include/micro_ros_msgs/micro_ros_msgs
[0.950s] -- Up-to-date: /home/ali/STM32CubeIDE/stm32_uros_ws/Panik/microros_ws/install/micro_ros_msgs/include/micro_ros_msgs/micro_ros_msgs/msg
[0.950s] -- Up-to-date: /home/ali/STM32CubeIDE/stm32_uros_ws/Panik/microros_ws/install/micro_ros_msgs/include/micro_ros_msgs/micro_ros_msgs/msg/rosidl_typesupport_fastrtps_c__visibility_control.h
[0.950s] -- Up-to-date: /home/ali/STM32CubeIDE/stm32_uros_ws/Panik/microros_ws/install/micro_ros_msgs/include/micro_ros_msgs/micro_ros_msgs/msg/detail
[0.950s] -- Up-to-date: /home/ali/STM32CubeIDE/stm32_uros_ws/Panik/microros_ws/install/micro_ros_msgs/include/micro_ros_msgs/micro_ros_msgs/msg/detail/graph__rosidl_typesupport_fastrtps_c.h
[0.950s] -- Up-to-date: /home/ali/STM32CubeIDE/stm32_uros_ws/Panik/microros_ws/install/micro_ros_msgs/include/micro_ros_msgs/micro_ros_msgs/msg/detail/node__rosidl_typesupport_fastrtps_c.h
[0.951s] -- Up-to-date: /home/ali/STM32CubeIDE/stm32_uros_ws/Panik/microros_ws/install/micro_ros_msgs/include/micro_ros_msgs/micro_ros_msgs/msg/detail/entity__rosidl_typesupport_fastrtps_c.h
[0.951s] -- Up-to-date: /home/ali/STM32CubeIDE/stm32_uros_ws/Panik/microros_ws/install/micro_ros_msgs/lib/libmicro_ros_msgs__rosidl_typesupport_fastrtps_c.so
[0.951s] -- Up-to-date: /home/ali/STM32CubeIDE/stm32_uros_ws/Panik/microros_ws/install/micro_ros_msgs/include/micro_ros_msgs/micro_ros_msgs
[0.951s] -- Up-to-date: /home/ali/STM32CubeIDE/stm32_uros_ws/Panik/microros_ws/install/micro_ros_msgs/include/micro_ros_msgs/micro_ros_msgs/msg
[0.951s] -- Up-to-date: /home/ali/STM32CubeIDE/stm32_uros_ws/Panik/microros_ws/install/micro_ros_msgs/include/micro_ros_msgs/micro_ros_msgs/msg/rosidl_typesupport_introspection_c__visibility_control.h
[0.951s] -- Up-to-date: /home/ali/STM32CubeIDE/stm32_uros_ws/Panik/microros_ws/install/micro_ros_msgs/include/micro_ros_msgs/micro_ros_msgs/msg/detail
[0.951s] -- Up-to-date: /home/ali/STM32CubeIDE/stm32_uros_ws/Panik/microros_ws/install/micro_ros_msgs/include/micro_ros_msgs/micro_ros_msgs/msg/detail/node__rosidl_typesupport_introspection_c.h
[0.951s] -- Up-to-date: /home/ali/STM32CubeIDE/stm32_uros_ws/Panik/microros_ws/install/micro_ros_msgs/include/micro_ros_msgs/micro_ros_msgs/msg/detail/node__type_support.c
[0.951s] -- Up-to-date: /home/ali/STM32CubeIDE/stm32_uros_ws/Panik/microros_ws/install/micro_ros_msgs/include/micro_ros_msgs/micro_ros_msgs/msg/detail/graph__type_support.c
[0.951s] -- Up-to-date: /home/ali/STM32CubeIDE/stm32_uros_ws/Panik/microros_ws/install/micro_ros_msgs/include/micro_ros_msgs/micro_ros_msgs/msg/detail/entity__rosidl_typesupport_introspection_c.h
[0.951s] -- Up-to-date: /home/ali/STM32CubeIDE/stm32_uros_ws/Panik/microros_ws/install/micro_ros_msgs/include/micro_ros_msgs/micro_ros_msgs/msg/detail/entity__type_support.c
[0.951s] -- Up-to-date: /home/ali/STM32CubeIDE/stm32_uros_ws/Panik/microros_ws/install/micro_ros_msgs/include/micro_ros_msgs/micro_ros_msgs/msg/detail/graph__rosidl_typesupport_introspection_c.h
[0.951s] -- Up-to-date: /home/ali/STM32CubeIDE/stm32_uros_ws/Panik/microros_ws/install/micro_ros_msgs/lib/libmicro_ros_msgs__rosidl_typesupport_introspection_c.so
[0.951s] -- Up-to-date: /home/ali/STM32CubeIDE/stm32_uros_ws/Panik/microros_ws/install/micro_ros_msgs/lib/libmicro_ros_msgs__rosidl_typesupport_c.so
[0.951s] -- Up-to-date: /home/ali/STM32CubeIDE/stm32_uros_ws/Panik/microros_ws/install/micro_ros_msgs/include/micro_ros_msgs/micro_ros_msgs
[0.951s] -- Up-to-date: /home/ali/STM32CubeIDE/stm32_uros_ws/Panik/microros_ws/install/micro_ros_msgs/include/micro_ros_msgs/micro_ros_msgs/msg
[0.951s] -- Up-to-date: /home/ali/STM32CubeIDE/stm32_uros_ws/Panik/microros_ws/install/micro_ros_msgs/include/micro_ros_msgs/micro_ros_msgs/msg/entity.hpp
[0.951s] -- Up-to-date: /home/ali/STM32CubeIDE/stm32_uros_ws/Panik/microros_ws/install/micro_ros_msgs/include/micro_ros_msgs/micro_ros_msgs/msg/graph.hpp
[0.951s] -- Up-to-date: /home/ali/STM32CubeIDE/stm32_uros_ws/Panik/microros_ws/install/micro_ros_msgs/include/micro_ros_msgs/micro_ros_msgs/msg/rosidl_generator_cpp__visibility_control.hpp
[0.951s] -- Up-to-date: /home/ali/STM32CubeIDE/stm32_uros_ws/Panik/microros_ws/install/micro_ros_msgs/include/micro_ros_msgs/micro_ros_msgs/msg/detail
[0.952s] -- Up-to-date: /home/ali/STM32CubeIDE/stm32_uros_ws/Panik/microros_ws/install/micro_ros_msgs/include/micro_ros_msgs/micro_ros_msgs/msg/detail/graph__struct.hpp
[0.952s] -- Up-to-date: /home/ali/STM32CubeIDE/stm32_uros_ws/Panik/microros_ws/install/micro_ros_msgs/include/micro_ros_msgs/micro_ros_msgs/msg/detail/node__type_support.hpp
[0.952s] -- Up-to-date: /home/ali/STM32CubeIDE/stm32_uros_ws/Panik/microros_ws/install/micro_ros_msgs/include/micro_ros_msgs/micro_ros_msgs/msg/detail/graph__builder.hpp
[0.952s] -- Up-to-date: /home/ali/STM32CubeIDE/stm32_uros_ws/Panik/microros_ws/install/micro_ros_msgs/include/micro_ros_msgs/micro_ros_msgs/msg/detail/node__builder.hpp
[0.952s] -- Up-to-date: /home/ali/STM32CubeIDE/stm32_uros_ws/Panik/microros_ws/install/micro_ros_msgs/include/micro_ros_msgs/micro_ros_msgs/msg/detail/entity__traits.hpp
[0.952s] -- Up-to-date: /home/ali/STM32CubeIDE/stm32_uros_ws/Panik/microros_ws/install/micro_ros_msgs/include/micro_ros_msgs/micro_ros_msgs/msg/detail/entity__type_support.hpp
[0.952s] -- Up-to-date: /home/ali/STM32CubeIDE/stm32_uros_ws/Panik/microros_ws/install/micro_ros_msgs/include/micro_ros_msgs/micro_ros_msgs/msg/detail/node__struct.hpp
[0.952s] -- Up-to-date: /home/ali/STM32CubeIDE/stm32_uros_ws/Panik/microros_ws/install/micro_ros_msgs/include/micro_ros_msgs/micro_ros_msgs/msg/detail/entity__builder.hpp
[0.952s] -- Up-to-date: /home/ali/STM32CubeIDE/stm32_uros_ws/Panik/microros_ws/install/micro_ros_msgs/include/micro_ros_msgs/micro_ros_msgs/msg/detail/graph__type_support.hpp
[0.952s] -- Up-to-date: /home/ali/STM32CubeIDE/stm32_uros_ws/Panik/microros_ws/install/micro_ros_msgs/include/micro_ros_msgs/micro_ros_msgs/msg/detail/node__traits.hpp
[0.952s] -- Up-to-date: /home/ali/STM32CubeIDE/stm32_uros_ws/Panik/microros_ws/install/micro_ros_msgs/include/micro_ros_msgs/micro_ros_msgs/msg/detail/graph__traits.hpp
[0.952s] -- Up-to-date: /home/ali/STM32CubeIDE/stm32_uros_ws/Panik/microros_ws/install/micro_ros_msgs/include/micro_ros_msgs/micro_ros_msgs/msg/detail/entity__struct.hpp
[0.952s] -- Up-to-date: /home/ali/STM32CubeIDE/stm32_uros_ws/Panik/microros_ws/install/micro_ros_msgs/include/micro_ros_msgs/micro_ros_msgs/msg/node.hpp
[0.952s] -- Up-to-date: /home/ali/STM32CubeIDE/stm32_uros_ws/Panik/microros_ws/install/micro_ros_msgs/include/micro_ros_msgs/micro_ros_msgs
[0.952s] -- Up-to-date: /home/ali/STM32CubeIDE/stm32_uros_ws/Panik/microros_ws/install/micro_ros_msgs/include/micro_ros_msgs/micro_ros_msgs/msg
[0.952s] -- Up-to-date: /home/ali/STM32CubeIDE/stm32_uros_ws/Panik/microros_ws/install/micro_ros_msgs/include/micro_ros_msgs/micro_ros_msgs/msg/detail
[0.952s] -- Up-to-date: /home/ali/STM32CubeIDE/stm32_uros_ws/Panik/microros_ws/install/micro_ros_msgs/include/micro_ros_msgs/micro_ros_msgs/msg/detail/dds_fastrtps
[0.952s] -- Up-to-date: /home/ali/STM32CubeIDE/stm32_uros_ws/Panik/microros_ws/install/micro_ros_msgs/include/micro_ros_msgs/micro_ros_msgs/msg/detail/node__rosidl_typesupport_fastrtps_cpp.hpp
[0.952s] -- Up-to-date: /home/ali/STM32CubeIDE/stm32_uros_ws/Panik/microros_ws/install/micro_ros_msgs/include/micro_ros_msgs/micro_ros_msgs/msg/detail/entity__rosidl_typesupport_fastrtps_cpp.hpp
[0.952s] -- Up-to-date: /home/ali/STM32CubeIDE/stm32_uros_ws/Panik/microros_ws/install/micro_ros_msgs/include/micro_ros_msgs/micro_ros_msgs/msg/detail/graph__rosidl_typesupport_fastrtps_cpp.hpp
[0.952s] -- Up-to-date: /home/ali/STM32CubeIDE/stm32_uros_ws/Panik/microros_ws/install/micro_ros_msgs/include/micro_ros_msgs/micro_ros_msgs/msg/rosidl_typesupport_fastrtps_cpp__visibility_control.h
[0.952s] -- Up-to-date: /home/ali/STM32CubeIDE/stm32_uros_ws/Panik/microros_ws/install/micro_ros_msgs/lib/libmicro_ros_msgs__rosidl_typesupport_fastrtps_cpp.so
[0.952s] -- Up-to-date: /home/ali/STM32CubeIDE/stm32_uros_ws/Panik/microros_ws/install/micro_ros_msgs/include/micro_ros_msgs/micro_ros_msgs
[0.952s] -- Up-to-date: /home/ali/STM32CubeIDE/stm32_uros_ws/Panik/microros_ws/install/micro_ros_msgs/include/micro_ros_msgs/micro_ros_msgs/msg
[0.952s] -- Up-to-date: /home/ali/STM32CubeIDE/stm32_uros_ws/Panik/microros_ws/install/micro_ros_msgs/include/micro_ros_msgs/micro_ros_msgs/msg/detail
[0.952s] -- Up-to-date: /home/ali/STM32CubeIDE/stm32_uros_ws/Panik/microros_ws/install/micro_ros_msgs/include/micro_ros_msgs/micro_ros_msgs/msg/detail/graph__rosidl_typesupport_introspection_cpp.hpp
[0.952s] -- Up-to-date: /home/ali/STM32CubeIDE/stm32_uros_ws/Panik/microros_ws/install/micro_ros_msgs/include/micro_ros_msgs/micro_ros_msgs/msg/detail/node__type_support.cpp
[0.952s] -- Up-to-date: /home/ali/STM32CubeIDE/stm32_uros_ws/Panik/microros_ws/install/micro_ros_msgs/include/micro_ros_msgs/micro_ros_msgs/msg/detail/node__rosidl_typesupport_introspection_cpp.hpp
[0.953s] -- Up-to-date: /home/ali/STM32CubeIDE/stm32_uros_ws/Panik/microros_ws/install/micro_ros_msgs/include/micro_ros_msgs/micro_ros_msgs/msg/detail/entity__rosidl_typesupport_introspection_cpp.hpp
[0.953s] -- Up-to-date: /home/ali/STM32CubeIDE/stm32_uros_ws/Panik/microros_ws/install/micro_ros_msgs/include/micro_ros_msgs/micro_ros_msgs/msg/detail/graph__type_support.cpp
[0.953s] -- Up-to-date: /home/ali/STM32CubeIDE/stm32_uros_ws/Panik/microros_ws/install/micro_ros_msgs/include/micro_ros_msgs/micro_ros_msgs/msg/detail/entity__type_support.cpp
[0.953s] -- Up-to-date: /home/ali/STM32CubeIDE/stm32_uros_ws/Panik/microros_ws/install/micro_ros_msgs/lib/libmicro_ros_msgs__rosidl_typesupport_introspection_cpp.so
[0.953s] -- Up-to-date: /home/ali/STM32CubeIDE/stm32_uros_ws/Panik/microros_ws/install/micro_ros_msgs/lib/libmicro_ros_msgs__rosidl_typesupport_cpp.so
[0.953s] -- Up-to-date: /home/ali/STM32CubeIDE/stm32_uros_ws/Panik/microros_ws/install/micro_ros_msgs/share/micro_ros_msgs/environment/pythonpath.sh
[0.953s] -- Up-to-date: /home/ali/STM32CubeIDE/stm32_uros_ws/Panik/microros_ws/install/micro_ros_msgs/share/micro_ros_msgs/environment/pythonpath.dsv
[0.953s] -- Up-to-date: /home/ali/STM32CubeIDE/stm32_uros_ws/Panik/microros_ws/install/micro_ros_msgs/lib/python3.12/site-packages/micro_ros_msgs-5.0.2-py3.12.egg-info
[0.953s] -- Installing: /home/ali/STM32CubeIDE/stm32_uros_ws/Panik/microros_ws/install/micro_ros_msgs/lib/python3.12/site-packages/micro_ros_msgs-5.0.2-py3.12.egg-info/PKG-INFO
[0.953s] -- Installing: /home/ali/STM32CubeIDE/stm32_uros_ws/Panik/microros_ws/install/micro_ros_msgs/lib/python3.12/site-packages/micro_ros_msgs-5.0.2-py3.12.egg-info/top_level.txt
[0.953s] -- Installing: /home/ali/STM32CubeIDE/stm32_uros_ws/Panik/microros_ws/install/micro_ros_msgs/lib/python3.12/site-packages/micro_ros_msgs-5.0.2-py3.12.egg-info/dependency_links.txt
[0.953s] -- Installing: /home/ali/STM32CubeIDE/stm32_uros_ws/Panik/microros_ws/install/micro_ros_msgs/lib/python3.12/site-packages/micro_ros_msgs-5.0.2-py3.12.egg-info/SOURCES.txt
[0.953s] -- Up-to-date: /home/ali/STM32CubeIDE/stm32_uros_ws/Panik/microros_ws/install/micro_ros_msgs/lib/python3.12/site-packages/micro_ros_msgs
[0.953s] -- Up-to-date: /home/ali/STM32CubeIDE/stm32_uros_ws/Panik/microros_ws/install/micro_ros_msgs/lib/python3.12/site-packages/micro_ros_msgs/micro_ros_msgs_s__rosidl_typesupport_c.so
[0.953s] -- Up-to-date: /home/ali/STM32CubeIDE/stm32_uros_ws/Panik/microros_ws/install/micro_ros_msgs/lib/python3.12/site-packages/micro_ros_msgs/micro_ros_msgs_s__rosidl_typesupport_introspection_c.so
[0.953s] -- Up-to-date: /home/ali/STM32CubeIDE/stm32_uros_ws/Panik/microros_ws/install/micro_ros_msgs/lib/python3.12/site-packages/micro_ros_msgs/_micro_ros_msgs_s.ep.rosidl_typesupport_introspection_c.c
[0.953s] -- Up-to-date: /home/ali/STM32CubeIDE/stm32_uros_ws/Panik/microros_ws/install/micro_ros_msgs/lib/python3.12/site-packages/micro_ros_msgs/_micro_ros_msgs_s.ep.rosidl_typesupport_fastrtps_c.c
[0.953s] -- Up-to-date: /home/ali/STM32CubeIDE/stm32_uros_ws/Panik/microros_ws/install/micro_ros_msgs/lib/python3.12/site-packages/micro_ros_msgs/_micro_ros_msgs_s.ep.rosidl_typesupport_c.c
[0.953s] -- Installing: /home/ali/STM32CubeIDE/stm32_uros_ws/Panik/microros_ws/install/micro_ros_msgs/lib/python3.12/site-packages/micro_ros_msgs/__init__.py
[0.953s] -- Up-to-date: /home/ali/STM32CubeIDE/stm32_uros_ws/Panik/microros_ws/install/micro_ros_msgs/lib/python3.12/site-packages/micro_ros_msgs/msg
[0.953s] -- Up-to-date: /home/ali/STM32CubeIDE/stm32_uros_ws/Panik/microros_ws/install/micro_ros_msgs/lib/python3.12/site-packages/micro_ros_msgs/msg/_entity.py
[0.953s] -- Up-to-date: /home/ali/STM32CubeIDE/stm32_uros_ws/Panik/microros_ws/install/micro_ros_msgs/lib/python3.12/site-packages/micro_ros_msgs/msg/_node_s.c
[0.953s] -- Up-to-date: /home/ali/STM32CubeIDE/stm32_uros_ws/Panik/microros_ws/install/micro_ros_msgs/lib/python3.12/site-packages/micro_ros_msgs/msg/_graph_s.c
[0.953s] -- Up-to-date: /home/ali/STM32CubeIDE/stm32_uros_ws/Panik/microros_ws/install/micro_ros_msgs/lib/python3.12/site-packages/micro_ros_msgs/msg/_node.py
[0.953s] -- Up-to-date: /home/ali/STM32CubeIDE/stm32_uros_ws/Panik/microros_ws/install/micro_ros_msgs/lib/python3.12/site-packages/micro_ros_msgs/msg/__init__.py
[0.953s] -- Up-to-date: /home/ali/STM32CubeIDE/stm32_uros_ws/Panik/microros_ws/install/micro_ros_msgs/lib/python3.12/site-packages/micro_ros_msgs/msg/_entity_s.c
[0.953s] -- Up-to-date: /home/ali/STM32CubeIDE/stm32_uros_ws/Panik/microros_ws/install/micro_ros_msgs/lib/python3.12/site-packages/micro_ros_msgs/msg/_graph.py
[0.953s] -- Up-to-date: /home/ali/STM32CubeIDE/stm32_uros_ws/Panik/microros_ws/install/micro_ros_msgs/lib/python3.12/site-packages/micro_ros_msgs/micro_ros_msgs_s__rosidl_typesupport_fastrtps_c.so
[0.975s] Listing '/home/ali/STM32CubeIDE/stm32_uros_ws/Panik/microros_ws/install/micro_ros_msgs/lib/python3.12/site-packages/micro_ros_msgs'...
[0.975s] Compiling '/home/ali/STM32CubeIDE/stm32_uros_ws/Panik/microros_ws/install/micro_ros_msgs/lib/python3.12/site-packages/micro_ros_msgs/__init__.py'...
[0.975s] Listing '/home/ali/STM32CubeIDE/stm32_uros_ws/Panik/microros_ws/install/micro_ros_msgs/lib/python3.12/site-packages/micro_ros_msgs/msg'...
[0.979s] -- Up-to-date: /home/ali/STM32CubeIDE/stm32_uros_ws/Panik/microros_ws/install/micro_ros_msgs/lib/python3.12/site-packages/micro_ros_msgs/micro_ros_msgs_s__rosidl_typesupport_fastrtps_c.so
[0.979s] -- Up-to-date: /home/ali/STM32CubeIDE/stm32_uros_ws/Panik/microros_ws/install/micro_ros_msgs/lib/python3.12/site-packages/micro_ros_msgs/micro_ros_msgs_s__rosidl_typesupport_introspection_c.so
[0.979s] -- Up-to-date: /home/ali/STM32CubeIDE/stm32_uros_ws/Panik/microros_ws/install/micro_ros_msgs/lib/python3.12/site-packages/micro_ros_msgs/micro_ros_msgs_s__rosidl_typesupport_c.so
[0.979s] -- Up-to-date: /home/ali/STM32CubeIDE/stm32_uros_ws/Panik/microros_ws/install/micro_ros_msgs/lib/libmicro_ros_msgs__rosidl_generator_py.so
[0.979s] -- Up-to-date: /home/ali/STM32CubeIDE/stm32_uros_ws/Panik/microros_ws/install/micro_ros_msgs/share/micro_ros_msgs/msg/Graph.idl
[0.979s] -- Up-to-date: /home/ali/STM32CubeIDE/stm32_uros_ws/Panik/microros_ws/install/micro_ros_msgs/share/micro_ros_msgs/msg/Node.idl
[0.980s] -- Up-to-date: /home/ali/STM32CubeIDE/stm32_uros_ws/Panik/microros_ws/install/micro_ros_msgs/share/micro_ros_msgs/msg/Entity.idl
[0.980s] -- Up-to-date: /home/ali/STM32CubeIDE/stm32_uros_ws/Panik/microros_ws/install/micro_ros_msgs/share/micro_ros_msgs/msg/Graph.msg
[0.980s] -- Up-to-date: /home/ali/STM32CubeIDE/stm32_uros_ws/Panik/microros_ws/install/micro_ros_msgs/share/micro_ros_msgs/msg/Node.msg
[0.980s] -- Up-to-date: /home/ali/STM32CubeIDE/stm32_uros_ws/Panik/microros_ws/install/micro_ros_msgs/share/micro_ros_msgs/msg/Entity.msg
[0.980s] -- Up-to-date: /home/ali/STM32CubeIDE/stm32_uros_ws/Panik/microros_ws/install/micro_ros_msgs/share/ament_index/resource_index/package_run_dependencies/micro_ros_msgs
[0.980s] -- Installing: /home/ali/STM32CubeIDE/stm32_uros_ws/Panik/microros_ws/install/micro_ros_msgs/share/ament_index/resource_index/parent_prefix_path/micro_ros_msgs
[0.980s] -- Up-to-date: /home/ali/STM32CubeIDE/stm32_uros_ws/Panik/microros_ws/install/micro_ros_msgs/share/micro_ros_msgs/environment/ament_prefix_path.sh
[0.980s] -- Up-to-date: /home/ali/STM32CubeIDE/stm32_uros_ws/Panik/microros_ws/install/micro_ros_msgs/share/micro_ros_msgs/environment/ament_prefix_path.dsv
[0.980s] -- Up-to-date: /home/ali/STM32CubeIDE/stm32_uros_ws/Panik/microros_ws/install/micro_ros_msgs/share/micro_ros_msgs/environment/path.sh
[0.980s] -- Up-to-date: /home/ali/STM32CubeIDE/stm32_uros_ws/Panik/microros_ws/install/micro_ros_msgs/share/micro_ros_msgs/environment/path.dsv
[0.980s] -- Up-to-date: /home/ali/STM32CubeIDE/stm32_uros_ws/Panik/microros_ws/install/micro_ros_msgs/share/micro_ros_msgs/local_setup.bash
[0.980s] -- Up-to-date: /home/ali/STM32CubeIDE/stm32_uros_ws/Panik/microros_ws/install/micro_ros_msgs/share/micro_ros_msgs/local_setup.sh
[0.981s] -- Up-to-date: /home/ali/STM32CubeIDE/stm32_uros_ws/Panik/microros_ws/install/micro_ros_msgs/share/micro_ros_msgs/local_setup.zsh
[0.981s] -- Up-to-date: /home/ali/STM32CubeIDE/stm32_uros_ws/Panik/microros_ws/install/micro_ros_msgs/share/micro_ros_msgs/local_setup.dsv
[0.981s] -- Installing: /home/ali/STM32CubeIDE/stm32_uros_ws/Panik/microros_ws/install/micro_ros_msgs/share/micro_ros_msgs/package.dsv
[0.981s] -- Up-to-date: /home/ali/STM32CubeIDE/stm32_uros_ws/Panik/microros_ws/install/micro_ros_msgs/share/ament_index/resource_index/packages/micro_ros_msgs
[0.981s] -- Up-to-date: /home/ali/STM32CubeIDE/stm32_uros_ws/Panik/microros_ws/install/micro_ros_msgs/share/micro_ros_msgs/cmake/export_micro_ros_msgs__rosidl_generator_cExport.cmake
[0.981s] -- Up-to-date: /home/ali/STM32CubeIDE/stm32_uros_ws/Panik/microros_ws/install/micro_ros_msgs/share/micro_ros_msgs/cmake/export_micro_ros_msgs__rosidl_generator_cExport-noconfig.cmake
[0.981s] -- Up-to-date: /home/ali/STM32CubeIDE/stm32_uros_ws/Panik/microros_ws/install/micro_ros_msgs/share/micro_ros_msgs/cmake/export_micro_ros_msgs__rosidl_typesupport_fastrtps_cExport.cmake
[0.981s] -- Up-to-date: /home/ali/STM32CubeIDE/stm32_uros_ws/Panik/microros_ws/install/micro_ros_msgs/share/micro_ros_msgs/cmake/export_micro_ros_msgs__rosidl_typesupport_fastrtps_cExport-noconfig.cmake
[0.981s] -- Up-to-date: /home/ali/STM32CubeIDE/stm32_uros_ws/Panik/microros_ws/install/micro_ros_msgs/share/micro_ros_msgs/cmake/micro_ros_msgs__rosidl_typesupport_introspection_cExport.cmake
[0.981s] -- Up-to-date: /home/ali/STM32CubeIDE/stm32_uros_ws/Panik/microros_ws/install/micro_ros_msgs/share/micro_ros_msgs/cmake/micro_ros_msgs__rosidl_typesupport_introspection_cExport-noconfig.cmake
[0.981s] -- Up-to-date: /home/ali/STM32CubeIDE/stm32_uros_ws/Panik/microros_ws/install/micro_ros_msgs/share/micro_ros_msgs/cmake/micro_ros_msgs__rosidl_typesupport_cExport.cmake
[0.981s] -- Up-to-date: /home/ali/STM32CubeIDE/stm32_uros_ws/Panik/microros_ws/install/micro_ros_msgs/share/micro_ros_msgs/cmake/micro_ros_msgs__rosidl_typesupport_cExport-noconfig.cmake
[0.981s] -- Up-to-date: /home/ali/STM32CubeIDE/stm32_uros_ws/Panik/microros_ws/install/micro_ros_msgs/share/micro_ros_msgs/cmake/export_micro_ros_msgs__rosidl_generator_cppExport.cmake
[0.981s] -- Up-to-date: /home/ali/STM32CubeIDE/stm32_uros_ws/Panik/microros_ws/install/micro_ros_msgs/share/micro_ros_msgs/cmake/export_micro_ros_msgs__rosidl_typesupport_fastrtps_cppExport.cmake
[0.981s] -- Up-to-date: /home/ali/STM32CubeIDE/stm32_uros_ws/Panik/microros_ws/install/micro_ros_msgs/share/micro_ros_msgs/cmake/export_micro_ros_msgs__rosidl_typesupport_fastrtps_cppExport-noconfig.cmake
[0.981s] -- Up-to-date: /home/ali/STM32CubeIDE/stm32_uros_ws/Panik/microros_ws/install/micro_ros_msgs/share/micro_ros_msgs/cmake/micro_ros_msgs__rosidl_typesupport_introspection_cppExport.cmake
[0.981s] -- Up-to-date: /home/ali/STM32CubeIDE/stm32_uros_ws/Panik/microros_ws/install/micro_ros_msgs/share/micro_ros_msgs/cmake/micro_ros_msgs__rosidl_typesupport_introspection_cppExport-noconfig.cmake
[0.981s] -- Up-to-date: /home/ali/STM32CubeIDE/stm32_uros_ws/Panik/microros_ws/install/micro_ros_msgs/share/micro_ros_msgs/cmake/micro_ros_msgs__rosidl_typesupport_cppExport.cmake
[0.981s] -- Up-to-date: /home/ali/STM32CubeIDE/stm32_uros_ws/Panik/microros_ws/install/micro_ros_msgs/share/micro_ros_msgs/cmake/micro_ros_msgs__rosidl_typesupport_cppExport-noconfig.cmake
[0.981s] -- Up-to-date: /home/ali/STM32CubeIDE/stm32_uros_ws/Panik/microros_ws/install/micro_ros_msgs/share/micro_ros_msgs/cmake/export_micro_ros_msgs__rosidl_generator_pyExport.cmake
[0.981s] -- Up-to-date: /home/ali/STM32CubeIDE/stm32_uros_ws/Panik/microros_ws/install/micro_ros_msgs/share/micro_ros_msgs/cmake/export_micro_ros_msgs__rosidl_generator_pyExport-noconfig.cmake
[0.981s] -- Up-to-date: /home/ali/STM32CubeIDE/stm32_uros_ws/Panik/microros_ws/install/micro_ros_msgs/share/micro_ros_msgs/cmake/rosidl_cmake-extras.cmake
[0.981s] -- Up-to-date: /home/ali/STM32CubeIDE/stm32_uros_ws/Panik/microros_ws/install/micro_ros_msgs/share/micro_ros_msgs/cmake/ament_cmake_export_include_directories-extras.cmake
[0.982s] -- Up-to-date: /home/ali/STM32CubeIDE/stm32_uros_ws/Panik/microros_ws/install/micro_ros_msgs/share/micro_ros_msgs/cmake/ament_cmake_export_libraries-extras.cmake
[0.982s] -- Up-to-date: /home/ali/STM32CubeIDE/stm32_uros_ws/Panik/microros_ws/install/micro_ros_msgs/share/micro_ros_msgs/cmake/ament_cmake_export_targets-extras.cmake
[0.982s] -- Up-to-date: /home/ali/STM32CubeIDE/stm32_uros_ws/Panik/microros_ws/install/micro_ros_msgs/share/micro_ros_msgs/cmake/rosidl_cmake_export_typesupport_targets-extras.cmake
[0.982s] -- Up-to-date: /home/ali/STM32CubeIDE/stm32_uros_ws/Panik/microros_ws/install/micro_ros_msgs/share/micro_ros_msgs/cmake/ament_cmake_export_dependencies-extras.cmake
[0.982s] -- Up-to-date: /home/ali/STM32CubeIDE/stm32_uros_ws/Panik/microros_ws/install/micro_ros_msgs/share/micro_ros_msgs/cmake/rosidl_cmake_export_typesupport_libraries-extras.cmake
[0.982s] -- Up-to-date: /home/ali/STM32CubeIDE/stm32_uros_ws/Panik/microros_ws/install/micro_ros_msgs/share/micro_ros_msgs/cmake/micro_ros_msgsConfig.cmake
[0.982s] -- Up-to-date: /home/ali/STM32CubeIDE/stm32_uros_ws/Panik/microros_ws/install/micro_ros_msgs/share/micro_ros_msgs/cmake/micro_ros_msgsConfig-version.cmake
[0.982s] -- Up-to-date: /home/ali/STM32CubeIDE/stm32_uros_ws/Panik/microros_ws/install/micro_ros_msgs/share/micro_ros_msgs/package.xml
[0.982s] Invoked command in '/home/ali/STM32CubeIDE/stm32_uros_ws/Panik/microros_ws/build/micro_ros_msgs' returned '0': CMAKE_PREFIX_PATH=${CMAKE_PREFIX_PATH}:/opt/ros/jazzy DEBUGINFOD_URLS=https://debuginfod.ubuntu.com /usr/bin/cmake --install /home/ali/STM32CubeIDE/stm32_uros_ws/Panik/microros_ws/build/micro_ros_msgs
