running egg_info
creating ../../build/python_plotter/python_plotter.egg-info
writing ../../build/python_plotter/python_plotter.egg-info/PKG-INFO
writing dependency_links to ../../build/python_plotter/python_plotter.egg-info/dependency_links.txt
writing requirements to ../../build/python_plotter/python_plotter.egg-info/requires.txt
writing top-level names to ../../build/python_plotter/python_plotter.egg-info/top_level.txt
writing manifest file '../../build/python_plotter/python_plotter.egg-info/SOURCES.txt'
reading manifest file '../../build/python_plotter/python_plotter.egg-info/SOURCES.txt'
writing manifest file '../../build/python_plotter/python_plotter.egg-info/SOURCES.txt'
running build
running build_py
creating /home/ali/STM32CubeIDE/stm32_uros_ws/Panik/microros_ws/build/python_plotter/build
creating /home/ali/STM32CubeIDE/stm32_uros_ws/Panik/microros_ws/build/python_plotter/build/lib
creating /home/ali/STM32CubeIDE/stm32_uros_ws/Panik/microros_ws/build/python_plotter/build/lib/python_plotter
copying python_plotter/__init__.py -> /home/ali/STM32CubeIDE/stm32_uros_ws/Panik/microros_ws/build/python_plotter/build/lib/python_plotter
running install
running install_lib
creating /home/ali/STM32CubeIDE/stm32_uros_ws/Panik/microros_ws/install/python_plotter/lib/python3.12/site-packages/python_plotter
copying /home/ali/STM32CubeIDE/stm32_uros_ws/Panik/microros_ws/build/python_plotter/build/lib/python_plotter/__init__.py -> /home/ali/STM32CubeIDE/stm32_uros_ws/Panik/microros_ws/install/python_plotter/lib/python3.12/site-packages/python_plotter
byte-compiling /home/ali/STM32CubeIDE/stm32_uros_ws/Panik/microros_ws/install/python_plotter/lib/python3.12/site-packages/python_plotter/__init__.py to __init__.cpython-312.pyc
running install_data
creating /home/ali/STM32CubeIDE/stm32_uros_ws/Panik/microros_ws/install/python_plotter/share/ament_index
creating /home/ali/STM32CubeIDE/stm32_uros_ws/Panik/microros_ws/install/python_plotter/share/ament_index/resource_index
creating /home/ali/STM32CubeIDE/stm32_uros_ws/Panik/microros_ws/install/python_plotter/share/ament_index/resource_index/packages
copying resource/python_plotter -> /home/ali/STM32CubeIDE/stm32_uros_ws/Panik/microros_ws/install/python_plotter/share/ament_index/resource_index/packages
copying package.xml -> /home/ali/STM32CubeIDE/stm32_uros_ws/Panik/microros_ws/install/python_plotter/share/python_plotter
running install_egg_info
Copying ../../build/python_plotter/python_plotter.egg-info to /home/ali/STM32CubeIDE/stm32_uros_ws/Panik/microros_ws/install/python_plotter/lib/python3.12/site-packages/python_plotter-0.0.0-py3.12.egg-info
running install_scripts
writing list of installed files to '/home/ali/STM32CubeIDE/stm32_uros_ws/Panik/microros_ws/build/python_plotter/install.log'
