[0.058s] DEBUG:colcon:Command line arguments: ['/usr/bin/colcon', 'build']
[0.058s] DEBUG:colcon:Parsed command line arguments: Namespace(log_base=None, log_level=None, verb_name='build', build_base='build', install_base='install', merge_install=False, symlink_install=False, test_result_base=None, continue_on_error=False, executor='parallel', parallel_workers=20, event_handlers=None, ignore_user_meta=False, metas=['./colcon.meta'], base_paths=['.'], packages_ignore=None, packages_ignore_regex=None, paths=None, packages_up_to=None, packages_up_to_regex=None, packages_above=None, packages_above_and_dependencies=None, packages_above_depth=None, packages_select_by_dep=None, packages_skip_by_dep=None, packages_skip_up_to=None, packages_select_build_failed=False, packages_skip_build_finished=False, packages_select_test_failures=False, packages_skip_test_passed=False, packages_select=None, packages_skip=None, packages_select_regex=None, packages_skip_regex=None, packages_start=None, packages_end=None, allow_overriding=[], cmake_args=None, cmake_target=None, cmake_target_skip_unavailable=False, cmake_clean_cache=False, cmake_clean_first=False, cmake_force_configure=False, ament_cmake_args=None, catkin_cmake_args=None, catkin_skip_building_tests=False, mixin_files=None, mixin=None, verb_parser=<colcon_mixin.mixin.mixin_argument.MixinArgumentDecorator object at 0x76b35a0aca70>, verb_extension=<colcon_core.verb.build.BuildVerb object at 0x76b35a0ac7a0>, main=<bound method BuildVerb.main of <colcon_core.verb.build.BuildVerb object at 0x76b35a0ac7a0>>, mixin_verb=('build',))
[0.080s] Level 1:colcon.colcon_core.package_discovery:discover_packages(colcon_meta) check parameters
[0.080s] Level 1:colcon.colcon_core.package_discovery:discover_packages(recursive) check parameters
[0.080s] Level 1:colcon.colcon_core.package_discovery:discover_packages(ignore) check parameters
[0.080s] Level 1:colcon.colcon_core.package_discovery:discover_packages(path) check parameters
[0.080s] Level 1:colcon.colcon_core.package_discovery:discover_packages(colcon_meta) discover
[0.080s] Level 1:colcon.colcon_core.package_discovery:discover_packages(recursive) discover
[0.080s] INFO:colcon.colcon_core.package_discovery:Crawling recursively for packages in '/home/ali/STM32CubeIDE/stm32_uros_ws/Panik/microros_ws'
[0.080s] Level 1:colcon.colcon_core.package_identification:_identify(.) by extensions ['ignore', 'ignore_ament_install']
[0.080s] Level 1:colcon.colcon_core.package_identification:_identify(.) by extension 'ignore'
[0.080s] Level 1:colcon.colcon_core.package_identification:_identify(.) by extension 'ignore_ament_install'
[0.080s] Level 1:colcon.colcon_core.package_identification:_identify(.) by extensions ['colcon_pkg']
[0.080s] Level 1:colcon.colcon_core.package_identification:_identify(.) by extension 'colcon_pkg'
[0.081s] Level 1:colcon.colcon_core.package_identification:_identify(.) by extensions ['colcon_meta']
[0.081s] Level 1:colcon.colcon_core.package_identification:_identify(.) by extension 'colcon_meta'
[0.081s] Level 1:colcon.colcon_core.package_identification:_identify(.) by extensions ['ros']
[0.081s] Level 1:colcon.colcon_core.package_identification:_identify(.) by extension 'ros'
[0.096s] Level 1:colcon.colcon_core.package_identification:_identify(.) by extensions ['cmake', 'python']
[0.096s] Level 1:colcon.colcon_core.package_identification:_identify(.) by extension 'cmake'
[0.096s] Level 1:colcon.colcon_core.package_identification:_identify(.) by extension 'python'
[0.096s] Level 1:colcon.colcon_core.package_identification:_identify(.) by extensions ['python_setup_py']
[0.096s] Level 1:colcon.colcon_core.package_identification:_identify(.) by extension 'python_setup_py'
[0.097s] Level 1:colcon.colcon_core.package_identification:_identify(build) by extensions ['ignore', 'ignore_ament_install']
[0.097s] Level 1:colcon.colcon_core.package_identification:_identify(build) by extension 'ignore'
[0.097s] Level 1:colcon.colcon_core.package_identification:_identify(build) ignored
[0.097s] Level 1:colcon.colcon_core.package_identification:_identify(install) by extensions ['ignore', 'ignore_ament_install']
[0.097s] Level 1:colcon.colcon_core.package_identification:_identify(install) by extension 'ignore'
[0.097s] Level 1:colcon.colcon_core.package_identification:_identify(install) ignored
[0.097s] Level 1:colcon.colcon_core.package_identification:_identify(log) by extensions ['ignore', 'ignore_ament_install']
[0.097s] Level 1:colcon.colcon_core.package_identification:_identify(log) by extension 'ignore'
[0.097s] Level 1:colcon.colcon_core.package_identification:_identify(log) ignored
[0.097s] Level 1:colcon.colcon_core.package_identification:_identify(src) by extensions ['ignore', 'ignore_ament_install']
[0.097s] Level 1:colcon.colcon_core.package_identification:_identify(src) by extension 'ignore'
[0.097s] Level 1:colcon.colcon_core.package_identification:_identify(src) by extension 'ignore_ament_install'
[0.097s] Level 1:colcon.colcon_core.package_identification:_identify(src) by extensions ['colcon_pkg']
[0.097s] Level 1:colcon.colcon_core.package_identification:_identify(src) by extension 'colcon_pkg'
[0.097s] Level 1:colcon.colcon_core.package_identification:_identify(src) by extensions ['colcon_meta']
[0.097s] Level 1:colcon.colcon_core.package_identification:_identify(src) by extension 'colcon_meta'
[0.097s] Level 1:colcon.colcon_core.package_identification:_identify(src) by extensions ['ros']
[0.097s] Level 1:colcon.colcon_core.package_identification:_identify(src) by extension 'ros'
[0.097s] Level 1:colcon.colcon_core.package_identification:_identify(src) by extensions ['cmake', 'python']
[0.097s] Level 1:colcon.colcon_core.package_identification:_identify(src) by extension 'cmake'
[0.097s] Level 1:colcon.colcon_core.package_identification:_identify(src) by extension 'python'
[0.097s] Level 1:colcon.colcon_core.package_identification:_identify(src) by extensions ['python_setup_py']
[0.097s] Level 1:colcon.colcon_core.package_identification:_identify(src) by extension 'python_setup_py'
[0.097s] Level 1:colcon.colcon_core.package_identification:_identify(src/micro_ros_setup) by extensions ['ignore', 'ignore_ament_install']
[0.097s] Level 1:colcon.colcon_core.package_identification:_identify(src/micro_ros_setup) by extension 'ignore'
[0.097s] Level 1:colcon.colcon_core.package_identification:_identify(src/micro_ros_setup) by extension 'ignore_ament_install'
[0.097s] Level 1:colcon.colcon_core.package_identification:_identify(src/micro_ros_setup) by extensions ['colcon_pkg']
[0.097s] Level 1:colcon.colcon_core.package_identification:_identify(src/micro_ros_setup) by extension 'colcon_pkg'
[0.097s] Level 1:colcon.colcon_core.package_identification:_identify(src/micro_ros_setup) by extensions ['colcon_meta']
[0.097s] Level 1:colcon.colcon_core.package_identification:_identify(src/micro_ros_setup) by extension 'colcon_meta'
[0.097s] Level 1:colcon.colcon_core.package_identification:_identify(src/micro_ros_setup) by extensions ['ros']
[0.097s] Level 1:colcon.colcon_core.package_identification:_identify(src/micro_ros_setup) by extension 'ros'
[0.099s] DEBUG:colcon.colcon_core.package_identification:Package 'src/micro_ros_setup' with type 'ros.ament_cmake' and name 'micro_ros_setup'
[0.099s] Level 1:colcon.colcon_core.package_identification:_identify(src/uros) by extensions ['ignore', 'ignore_ament_install']
[0.099s] Level 1:colcon.colcon_core.package_identification:_identify(src/uros) by extension 'ignore'
[0.099s] Level 1:colcon.colcon_core.package_identification:_identify(src/uros) by extension 'ignore_ament_install'
[0.099s] Level 1:colcon.colcon_core.package_identification:_identify(src/uros) by extensions ['colcon_pkg']
[0.099s] Level 1:colcon.colcon_core.package_identification:_identify(src/uros) by extension 'colcon_pkg'
[0.099s] Level 1:colcon.colcon_core.package_identification:_identify(src/uros) by extensions ['colcon_meta']
[0.099s] Level 1:colcon.colcon_core.package_identification:_identify(src/uros) by extension 'colcon_meta'
[0.099s] Level 1:colcon.colcon_core.package_identification:_identify(src/uros) by extensions ['ros']
[0.099s] Level 1:colcon.colcon_core.package_identification:_identify(src/uros) by extension 'ros'
[0.099s] Level 1:colcon.colcon_core.package_identification:_identify(src/uros) by extensions ['cmake', 'python']
[0.099s] Level 1:colcon.colcon_core.package_identification:_identify(src/uros) by extension 'cmake'
[0.099s] Level 1:colcon.colcon_core.package_identification:_identify(src/uros) by extension 'python'
[0.099s] Level 1:colcon.colcon_core.package_identification:_identify(src/uros) by extensions ['python_setup_py']
[0.099s] Level 1:colcon.colcon_core.package_identification:_identify(src/uros) by extension 'python_setup_py'
[0.099s] Level 1:colcon.colcon_core.package_identification:_identify(src/uros/drive_base) by extensions ['ignore', 'ignore_ament_install']
[0.099s] Level 1:colcon.colcon_core.package_identification:_identify(src/uros/drive_base) by extension 'ignore'
[0.099s] Level 1:colcon.colcon_core.package_identification:_identify(src/uros/drive_base) by extension 'ignore_ament_install'
[0.099s] Level 1:colcon.colcon_core.package_identification:_identify(src/uros/drive_base) by extensions ['colcon_pkg']
[0.099s] Level 1:colcon.colcon_core.package_identification:_identify(src/uros/drive_base) by extension 'colcon_pkg'
[0.099s] Level 1:colcon.colcon_core.package_identification:_identify(src/uros/drive_base) by extensions ['colcon_meta']
[0.099s] Level 1:colcon.colcon_core.package_identification:_identify(src/uros/drive_base) by extension 'colcon_meta'
[0.100s] Level 1:colcon.colcon_core.package_identification:_identify(src/uros/drive_base) by extensions ['ros']
[0.100s] Level 1:colcon.colcon_core.package_identification:_identify(src/uros/drive_base) by extension 'ros'
[0.100s] Level 1:colcon.colcon_core.package_identification:_identify(src/uros/drive_base) by extensions ['cmake', 'python']
[0.100s] Level 1:colcon.colcon_core.package_identification:_identify(src/uros/drive_base) by extension 'cmake'
[0.100s] Level 1:colcon.colcon_core.package_identification:_identify(src/uros/drive_base) by extension 'python'
[0.100s] Level 1:colcon.colcon_core.package_identification:_identify(src/uros/drive_base) by extensions ['python_setup_py']
[0.100s] Level 1:colcon.colcon_core.package_identification:_identify(src/uros/drive_base) by extension 'python_setup_py'
[0.100s] Level 1:colcon.colcon_core.package_identification:_identify(src/uros/drive_base/drive_base_msgs) by extensions ['ignore', 'ignore_ament_install']
[0.100s] Level 1:colcon.colcon_core.package_identification:_identify(src/uros/drive_base/drive_base_msgs) by extension 'ignore'
[0.100s] Level 1:colcon.colcon_core.package_identification:_identify(src/uros/drive_base/drive_base_msgs) by extension 'ignore_ament_install'
[0.100s] Level 1:colcon.colcon_core.package_identification:_identify(src/uros/drive_base/drive_base_msgs) by extensions ['colcon_pkg']
[0.100s] Level 1:colcon.colcon_core.package_identification:_identify(src/uros/drive_base/drive_base_msgs) by extension 'colcon_pkg'
[0.100s] Level 1:colcon.colcon_core.package_identification:_identify(src/uros/drive_base/drive_base_msgs) by extensions ['colcon_meta']
[0.100s] Level 1:colcon.colcon_core.package_identification:_identify(src/uros/drive_base/drive_base_msgs) by extension 'colcon_meta'
[0.100s] Level 1:colcon.colcon_core.package_identification:_identify(src/uros/drive_base/drive_base_msgs) by extensions ['ros']
[0.100s] Level 1:colcon.colcon_core.package_identification:_identify(src/uros/drive_base/drive_base_msgs) by extension 'ros'
[0.100s] DEBUG:colcon.colcon_core.package_identification:Package 'src/uros/drive_base/drive_base_msgs' with type 'ros.ament_cmake' and name 'drive_base_msgs'
[0.100s] Level 1:colcon.colcon_core.package_identification:_identify(src/uros/micro-ROS-Agent) by extensions ['ignore', 'ignore_ament_install']
[0.100s] Level 1:colcon.colcon_core.package_identification:_identify(src/uros/micro-ROS-Agent) by extension 'ignore'
[0.100s] Level 1:colcon.colcon_core.package_identification:_identify(src/uros/micro-ROS-Agent) by extension 'ignore_ament_install'
[0.100s] Level 1:colcon.colcon_core.package_identification:_identify(src/uros/micro-ROS-Agent) by extensions ['colcon_pkg']
[0.100s] Level 1:colcon.colcon_core.package_identification:_identify(src/uros/micro-ROS-Agent) by extension 'colcon_pkg'
[0.100s] Level 1:colcon.colcon_core.package_identification:_identify(src/uros/micro-ROS-Agent) by extensions ['colcon_meta']
[0.100s] Level 1:colcon.colcon_core.package_identification:_identify(src/uros/micro-ROS-Agent) by extension 'colcon_meta'
[0.100s] Level 1:colcon.colcon_core.package_identification:_identify(src/uros/micro-ROS-Agent) by extensions ['ros']
[0.100s] Level 1:colcon.colcon_core.package_identification:_identify(src/uros/micro-ROS-Agent) by extension 'ros'
[0.100s] Level 1:colcon.colcon_core.package_identification:_identify(src/uros/micro-ROS-Agent) by extensions ['cmake', 'python']
[0.100s] Level 1:colcon.colcon_core.package_identification:_identify(src/uros/micro-ROS-Agent) by extension 'cmake'
[0.101s] Level 1:colcon.colcon_core.package_identification:_identify(src/uros/micro-ROS-Agent) by extension 'python'
[0.101s] Level 1:colcon.colcon_core.package_identification:_identify(src/uros/micro-ROS-Agent) by extensions ['python_setup_py']
[0.101s] Level 1:colcon.colcon_core.package_identification:_identify(src/uros/micro-ROS-Agent) by extension 'python_setup_py'
[0.101s] Level 1:colcon.colcon_core.package_identification:_identify(src/uros/micro-ROS-Agent/micro_ros_agent) by extensions ['ignore', 'ignore_ament_install']
[0.101s] Level 1:colcon.colcon_core.package_identification:_identify(src/uros/micro-ROS-Agent/micro_ros_agent) by extension 'ignore'
[0.101s] Level 1:colcon.colcon_core.package_identification:_identify(src/uros/micro-ROS-Agent/micro_ros_agent) by extension 'ignore_ament_install'
[0.101s] Level 1:colcon.colcon_core.package_identification:_identify(src/uros/micro-ROS-Agent/micro_ros_agent) by extensions ['colcon_pkg']
[0.101s] Level 1:colcon.colcon_core.package_identification:_identify(src/uros/micro-ROS-Agent/micro_ros_agent) by extension 'colcon_pkg'
[0.101s] Level 1:colcon.colcon_core.package_identification:_identify(src/uros/micro-ROS-Agent/micro_ros_agent) by extensions ['colcon_meta']
[0.101s] Level 1:colcon.colcon_core.package_identification:_identify(src/uros/micro-ROS-Agent/micro_ros_agent) by extension 'colcon_meta'
[0.101s] Level 1:colcon.colcon_core.package_identification:_identify(src/uros/micro-ROS-Agent/micro_ros_agent) by extensions ['ros']
[0.101s] Level 1:colcon.colcon_core.package_identification:_identify(src/uros/micro-ROS-Agent/micro_ros_agent) by extension 'ros'
[0.101s] DEBUG:colcon.colcon_core.package_identification:Package 'src/uros/micro-ROS-Agent/micro_ros_agent' with type 'ros.ament_cmake' and name 'micro_ros_agent'
[0.101s] Level 1:colcon.colcon_core.package_identification:_identify(src/uros/micro-ROS-Agent/snap) by extensions ['ignore', 'ignore_ament_install']
[0.101s] Level 1:colcon.colcon_core.package_identification:_identify(src/uros/micro-ROS-Agent/snap) by extension 'ignore'
[0.101s] Level 1:colcon.colcon_core.package_identification:_identify(src/uros/micro-ROS-Agent/snap) by extension 'ignore_ament_install'
[0.101s] Level 1:colcon.colcon_core.package_identification:_identify(src/uros/micro-ROS-Agent/snap) by extensions ['colcon_pkg']
[0.101s] Level 1:colcon.colcon_core.package_identification:_identify(src/uros/micro-ROS-Agent/snap) by extension 'colcon_pkg'
[0.101s] Level 1:colcon.colcon_core.package_identification:_identify(src/uros/micro-ROS-Agent/snap) by extensions ['colcon_meta']
[0.101s] Level 1:colcon.colcon_core.package_identification:_identify(src/uros/micro-ROS-Agent/snap) by extension 'colcon_meta'
[0.101s] Level 1:colcon.colcon_core.package_identification:_identify(src/uros/micro-ROS-Agent/snap) by extensions ['ros']
[0.101s] Level 1:colcon.colcon_core.package_identification:_identify(src/uros/micro-ROS-Agent/snap) by extension 'ros'
[0.101s] Level 1:colcon.colcon_core.package_identification:_identify(src/uros/micro-ROS-Agent/snap) by extensions ['cmake', 'python']
[0.102s] Level 1:colcon.colcon_core.package_identification:_identify(src/uros/micro-ROS-Agent/snap) by extension 'cmake'
[0.102s] Level 1:colcon.colcon_core.package_identification:_identify(src/uros/micro-ROS-Agent/snap) by extension 'python'
[0.102s] Level 1:colcon.colcon_core.package_identification:_identify(src/uros/micro-ROS-Agent/snap) by extensions ['python_setup_py']
[0.102s] Level 1:colcon.colcon_core.package_identification:_identify(src/uros/micro-ROS-Agent/snap) by extension 'python_setup_py'
[0.102s] Level 1:colcon.colcon_core.package_identification:_identify(src/uros/micro-ROS-Agent/snap/hooks) by extensions ['ignore', 'ignore_ament_install']
[0.102s] Level 1:colcon.colcon_core.package_identification:_identify(src/uros/micro-ROS-Agent/snap/hooks) by extension 'ignore'
[0.102s] Level 1:colcon.colcon_core.package_identification:_identify(src/uros/micro-ROS-Agent/snap/hooks) by extension 'ignore_ament_install'
[0.102s] Level 1:colcon.colcon_core.package_identification:_identify(src/uros/micro-ROS-Agent/snap/hooks) by extensions ['colcon_pkg']
[0.102s] Level 1:colcon.colcon_core.package_identification:_identify(src/uros/micro-ROS-Agent/snap/hooks) by extension 'colcon_pkg'
[0.102s] Level 1:colcon.colcon_core.package_identification:_identify(src/uros/micro-ROS-Agent/snap/hooks) by extensions ['colcon_meta']
[0.102s] Level 1:colcon.colcon_core.package_identification:_identify(src/uros/micro-ROS-Agent/snap/hooks) by extension 'colcon_meta'
[0.102s] Level 1:colcon.colcon_core.package_identification:_identify(src/uros/micro-ROS-Agent/snap/hooks) by extensions ['ros']
[0.102s] Level 1:colcon.colcon_core.package_identification:_identify(src/uros/micro-ROS-Agent/snap/hooks) by extension 'ros'
[0.102s] Level 1:colcon.colcon_core.package_identification:_identify(src/uros/micro-ROS-Agent/snap/hooks) by extensions ['cmake', 'python']
[0.102s] Level 1:colcon.colcon_core.package_identification:_identify(src/uros/micro-ROS-Agent/snap/hooks) by extension 'cmake'
[0.102s] Level 1:colcon.colcon_core.package_identification:_identify(src/uros/micro-ROS-Agent/snap/hooks) by extension 'python'
[0.102s] Level 1:colcon.colcon_core.package_identification:_identify(src/uros/micro-ROS-Agent/snap/hooks) by extensions ['python_setup_py']
[0.102s] Level 1:colcon.colcon_core.package_identification:_identify(src/uros/micro-ROS-Agent/snap/hooks) by extension 'python_setup_py'
[0.102s] Level 1:colcon.colcon_core.package_identification:_identify(src/uros/micro-ROS-Agent/snap/local) by extensions ['ignore', 'ignore_ament_install']
[0.102s] Level 1:colcon.colcon_core.package_identification:_identify(src/uros/micro-ROS-Agent/snap/local) by extension 'ignore'
[0.102s] Level 1:colcon.colcon_core.package_identification:_identify(src/uros/micro-ROS-Agent/snap/local) by extension 'ignore_ament_install'
[0.102s] Level 1:colcon.colcon_core.package_identification:_identify(src/uros/micro-ROS-Agent/snap/local) by extensions ['colcon_pkg']
[0.102s] Level 1:colcon.colcon_core.package_identification:_identify(src/uros/micro-ROS-Agent/snap/local) by extension 'colcon_pkg'
[0.102s] Level 1:colcon.colcon_core.package_identification:_identify(src/uros/micro-ROS-Agent/snap/local) by extensions ['colcon_meta']
[0.102s] Level 1:colcon.colcon_core.package_identification:_identify(src/uros/micro-ROS-Agent/snap/local) by extension 'colcon_meta'
[0.102s] Level 1:colcon.colcon_core.package_identification:_identify(src/uros/micro-ROS-Agent/snap/local) by extensions ['ros']
[0.102s] Level 1:colcon.colcon_core.package_identification:_identify(src/uros/micro-ROS-Agent/snap/local) by extension 'ros'
[0.102s] Level 1:colcon.colcon_core.package_identification:_identify(src/uros/micro-ROS-Agent/snap/local) by extensions ['cmake', 'python']
[0.102s] Level 1:colcon.colcon_core.package_identification:_identify(src/uros/micro-ROS-Agent/snap/local) by extension 'cmake'
[0.102s] Level 1:colcon.colcon_core.package_identification:_identify(src/uros/micro-ROS-Agent/snap/local) by extension 'python'
[0.102s] Level 1:colcon.colcon_core.package_identification:_identify(src/uros/micro-ROS-Agent/snap/local) by extensions ['python_setup_py']
[0.102s] Level 1:colcon.colcon_core.package_identification:_identify(src/uros/micro-ROS-Agent/snap/local) by extension 'python_setup_py'
[0.102s] Level 1:colcon.colcon_core.package_identification:_identify(src/uros/micro_ros_msgs) by extensions ['ignore', 'ignore_ament_install']
[0.102s] Level 1:colcon.colcon_core.package_identification:_identify(src/uros/micro_ros_msgs) by extension 'ignore'
[0.102s] Level 1:colcon.colcon_core.package_identification:_identify(src/uros/micro_ros_msgs) by extension 'ignore_ament_install'
[0.103s] Level 1:colcon.colcon_core.package_identification:_identify(src/uros/micro_ros_msgs) by extensions ['colcon_pkg']
[0.103s] Level 1:colcon.colcon_core.package_identification:_identify(src/uros/micro_ros_msgs) by extension 'colcon_pkg'
[0.103s] Level 1:colcon.colcon_core.package_identification:_identify(src/uros/micro_ros_msgs) by extensions ['colcon_meta']
[0.103s] Level 1:colcon.colcon_core.package_identification:_identify(src/uros/micro_ros_msgs) by extension 'colcon_meta'
[0.103s] Level 1:colcon.colcon_core.package_identification:_identify(src/uros/micro_ros_msgs) by extensions ['ros']
[0.103s] Level 1:colcon.colcon_core.package_identification:_identify(src/uros/micro_ros_msgs) by extension 'ros'
[0.103s] DEBUG:colcon.colcon_core.package_identification:Package 'src/uros/micro_ros_msgs' with type 'ros.ament_cmake' and name 'micro_ros_msgs'
[0.103s] Level 1:colcon.colcon_core.package_discovery:discover_packages(recursive) using defaults
[0.103s] Level 1:colcon.colcon_core.package_discovery:discover_packages(ignore) discover
[0.103s] Level 1:colcon.colcon_core.package_discovery:discover_packages(ignore) using defaults
[0.103s] Level 1:colcon.colcon_core.package_discovery:discover_packages(path) discover
[0.103s] Level 1:colcon.colcon_core.package_discovery:discover_packages(path) using defaults
[0.113s] Level 1:colcon.colcon_core.package_discovery:discover_packages(prefix_path) check parameters
[0.113s] Level 1:colcon.colcon_core.package_discovery:discover_packages(prefix_path) discover
[0.114s] DEBUG:colcon.colcon_installed_package_information.package_discovery:Found 4 installed packages in /home/ali/STM32CubeIDE/stm32_uros_ws/Panik/microros_ws/install
[0.115s] DEBUG:colcon.colcon_installed_package_information.package_discovery:Found 287 installed packages in /opt/ros/jazzy
[0.116s] Level 1:colcon.colcon_core.package_discovery:discover_packages(prefix_path) using defaults
[0.137s] Level 5:colcon.colcon_core.verb:set package 'drive_base_msgs' build argument 'cmake_args' from command line to 'None'
[0.137s] Level 5:colcon.colcon_core.verb:set package 'drive_base_msgs' build argument 'cmake_target' from command line to 'None'
[0.137s] Level 5:colcon.colcon_core.verb:set package 'drive_base_msgs' build argument 'cmake_target_skip_unavailable' from command line to 'False'
[0.137s] Level 5:colcon.colcon_core.verb:set package 'drive_base_msgs' build argument 'cmake_clean_cache' from command line to 'False'
[0.137s] Level 5:colcon.colcon_core.verb:set package 'drive_base_msgs' build argument 'cmake_clean_first' from command line to 'False'
[0.137s] Level 5:colcon.colcon_core.verb:set package 'drive_base_msgs' build argument 'cmake_force_configure' from command line to 'False'
[0.137s] Level 5:colcon.colcon_core.verb:set package 'drive_base_msgs' build argument 'ament_cmake_args' from command line to 'None'
[0.137s] Level 5:colcon.colcon_core.verb:set package 'drive_base_msgs' build argument 'catkin_cmake_args' from command line to 'None'
[0.137s] Level 5:colcon.colcon_core.verb:set package 'drive_base_msgs' build argument 'catkin_skip_building_tests' from command line to 'False'
[0.137s] DEBUG:colcon.colcon_core.verb:Building package 'drive_base_msgs' with the following arguments: {'ament_cmake_args': None, 'build_base': '/home/ali/STM32CubeIDE/stm32_uros_ws/Panik/microros_ws/build/drive_base_msgs', 'catkin_cmake_args': None, 'catkin_skip_building_tests': False, 'cmake_args': None, 'cmake_clean_cache': False, 'cmake_clean_first': False, 'cmake_force_configure': False, 'cmake_target': None, 'cmake_target_skip_unavailable': False, 'install_base': '/home/ali/STM32CubeIDE/stm32_uros_ws/Panik/microros_ws/install/drive_base_msgs', 'merge_install': False, 'path': '/home/ali/STM32CubeIDE/stm32_uros_ws/Panik/microros_ws/src/uros/drive_base/drive_base_msgs', 'symlink_install': False, 'test_result_base': None}
[0.137s] Level 5:colcon.colcon_core.verb:set package 'micro_ros_msgs' build argument 'cmake_args' from command line to 'None'
[0.137s] Level 5:colcon.colcon_core.verb:set package 'micro_ros_msgs' build argument 'cmake_target' from command line to 'None'
[0.137s] Level 5:colcon.colcon_core.verb:set package 'micro_ros_msgs' build argument 'cmake_target_skip_unavailable' from command line to 'False'
[0.137s] Level 5:colcon.colcon_core.verb:set package 'micro_ros_msgs' build argument 'cmake_clean_cache' from command line to 'False'
[0.137s] Level 5:colcon.colcon_core.verb:set package 'micro_ros_msgs' build argument 'cmake_clean_first' from command line to 'False'
[0.137s] Level 5:colcon.colcon_core.verb:set package 'micro_ros_msgs' build argument 'cmake_force_configure' from command line to 'False'
[0.137s] Level 5:colcon.colcon_core.verb:set package 'micro_ros_msgs' build argument 'ament_cmake_args' from command line to 'None'
[0.137s] Level 5:colcon.colcon_core.verb:set package 'micro_ros_msgs' build argument 'catkin_cmake_args' from command line to 'None'
[0.137s] Level 5:colcon.colcon_core.verb:set package 'micro_ros_msgs' build argument 'catkin_skip_building_tests' from command line to 'False'
[0.137s] DEBUG:colcon.colcon_core.verb:Building package 'micro_ros_msgs' with the following arguments: {'ament_cmake_args': None, 'build_base': '/home/ali/STM32CubeIDE/stm32_uros_ws/Panik/microros_ws/build/micro_ros_msgs', 'catkin_cmake_args': None, 'catkin_skip_building_tests': False, 'cmake_args': None, 'cmake_clean_cache': False, 'cmake_clean_first': False, 'cmake_force_configure': False, 'cmake_target': None, 'cmake_target_skip_unavailable': False, 'install_base': '/home/ali/STM32CubeIDE/stm32_uros_ws/Panik/microros_ws/install/micro_ros_msgs', 'merge_install': False, 'path': '/home/ali/STM32CubeIDE/stm32_uros_ws/Panik/microros_ws/src/uros/micro_ros_msgs', 'symlink_install': False, 'test_result_base': None}
[0.138s] Level 5:colcon.colcon_core.verb:set package 'micro_ros_setup' build argument 'cmake_args' from command line to 'None'
[0.138s] Level 5:colcon.colcon_core.verb:set package 'micro_ros_setup' build argument 'cmake_target' from command line to 'None'
[0.138s] Level 5:colcon.colcon_core.verb:set package 'micro_ros_setup' build argument 'cmake_target_skip_unavailable' from command line to 'False'
[0.138s] Level 5:colcon.colcon_core.verb:set package 'micro_ros_setup' build argument 'cmake_clean_cache' from command line to 'False'
[0.138s] Level 5:colcon.colcon_core.verb:set package 'micro_ros_setup' build argument 'cmake_clean_first' from command line to 'False'
[0.138s] Level 5:colcon.colcon_core.verb:set package 'micro_ros_setup' build argument 'cmake_force_configure' from command line to 'False'
[0.138s] Level 5:colcon.colcon_core.verb:set package 'micro_ros_setup' build argument 'ament_cmake_args' from command line to 'None'
[0.138s] Level 5:colcon.colcon_core.verb:set package 'micro_ros_setup' build argument 'catkin_cmake_args' from command line to 'None'
[0.138s] Level 5:colcon.colcon_core.verb:set package 'micro_ros_setup' build argument 'catkin_skip_building_tests' from command line to 'False'
[0.138s] DEBUG:colcon.colcon_core.verb:Building package 'micro_ros_setup' with the following arguments: {'ament_cmake_args': None, 'build_base': '/home/ali/STM32CubeIDE/stm32_uros_ws/Panik/microros_ws/build/micro_ros_setup', 'catkin_cmake_args': None, 'catkin_skip_building_tests': False, 'cmake_args': None, 'cmake_clean_cache': False, 'cmake_clean_first': False, 'cmake_force_configure': False, 'cmake_target': None, 'cmake_target_skip_unavailable': False, 'install_base': '/home/ali/STM32CubeIDE/stm32_uros_ws/Panik/microros_ws/install/micro_ros_setup', 'merge_install': False, 'path': '/home/ali/STM32CubeIDE/stm32_uros_ws/Panik/microros_ws/src/micro_ros_setup', 'symlink_install': False, 'test_result_base': None}
[0.138s] Level 5:colcon.colcon_core.verb:set package 'micro_ros_agent' build argument 'cmake_args' from command line to 'None'
[0.138s] Level 5:colcon.colcon_core.verb:set package 'micro_ros_agent' build argument 'cmake_target' from command line to 'None'
[0.138s] Level 5:colcon.colcon_core.verb:set package 'micro_ros_agent' build argument 'cmake_target_skip_unavailable' from command line to 'False'
[0.138s] Level 5:colcon.colcon_core.verb:set package 'micro_ros_agent' build argument 'cmake_clean_cache' from command line to 'False'
[0.138s] Level 5:colcon.colcon_core.verb:set package 'micro_ros_agent' build argument 'cmake_clean_first' from command line to 'False'
[0.138s] Level 5:colcon.colcon_core.verb:set package 'micro_ros_agent' build argument 'cmake_force_configure' from command line to 'False'
[0.138s] Level 5:colcon.colcon_core.verb:set package 'micro_ros_agent' build argument 'ament_cmake_args' from command line to 'None'
[0.138s] Level 5:colcon.colcon_core.verb:set package 'micro_ros_agent' build argument 'catkin_cmake_args' from command line to 'None'
[0.138s] Level 5:colcon.colcon_core.verb:set package 'micro_ros_agent' build argument 'catkin_skip_building_tests' from command line to 'False'
[0.138s] DEBUG:colcon.colcon_core.verb:Building package 'micro_ros_agent' with the following arguments: {'ament_cmake_args': None, 'build_base': '/home/ali/STM32CubeIDE/stm32_uros_ws/Panik/microros_ws/build/micro_ros_agent', 'catkin_cmake_args': None, 'catkin_skip_building_tests': False, 'cmake_args': None, 'cmake_clean_cache': False, 'cmake_clean_first': False, 'cmake_force_configure': False, 'cmake_target': None, 'cmake_target_skip_unavailable': False, 'install_base': '/home/ali/STM32CubeIDE/stm32_uros_ws/Panik/microros_ws/install/micro_ros_agent', 'merge_install': False, 'path': '/home/ali/STM32CubeIDE/stm32_uros_ws/Panik/microros_ws/src/uros/micro-ROS-Agent/micro_ros_agent', 'symlink_install': False, 'test_result_base': None}
[0.138s] INFO:colcon.colcon_core.executor:Executing jobs using 'parallel' executor
[0.138s] DEBUG:colcon.colcon_parallel_executor.executor.parallel:run_until_complete
[0.139s] INFO:colcon.colcon_ros.task.ament_cmake.build:Building ROS package in '/home/ali/STM32CubeIDE/stm32_uros_ws/Panik/microros_ws/src/uros/micro_ros_msgs' with build type 'ament_cmake'
[0.139s] INFO:colcon.colcon_cmake.task.cmake.build:Building CMake package in '/home/ali/STM32CubeIDE/stm32_uros_ws/Panik/microros_ws/src/uros/micro_ros_msgs'
[0.140s] INFO:colcon.colcon_core.plugin_system:Skipping extension 'colcon_core.shell.bat': Not used on non-Windows systems
[0.140s] INFO:colcon.colcon_core.shell:Skip shell extension 'powershell' for command environment: Not usable outside of PowerShell
[0.140s] DEBUG:colcon.colcon_core.shell:Skip shell extension 'dsv' for command environment
[0.142s] INFO:colcon.colcon_ros.task.ament_cmake.build:Building ROS package in '/home/ali/STM32CubeIDE/stm32_uros_ws/Panik/microros_ws/src/uros/drive_base/drive_base_msgs' with build type 'ament_cmake'
[0.142s] INFO:colcon.colcon_cmake.task.cmake.build:Building CMake package in '/home/ali/STM32CubeIDE/stm32_uros_ws/Panik/microros_ws/src/uros/drive_base/drive_base_msgs'
[0.143s] INFO:colcon.colcon_core.shell:Skip shell extension 'powershell' for command environment: Not usable outside of PowerShell
[0.143s] DEBUG:colcon.colcon_core.shell:Skip shell extension 'dsv' for command environment
[0.144s] INFO:colcon.colcon_ros.task.ament_cmake.build:Building ROS package in '/home/ali/STM32CubeIDE/stm32_uros_ws/Panik/microros_ws/src/micro_ros_setup' with build type 'ament_cmake'
[0.144s] INFO:colcon.colcon_cmake.task.cmake.build:Building CMake package in '/home/ali/STM32CubeIDE/stm32_uros_ws/Panik/microros_ws/src/micro_ros_setup'
[0.144s] INFO:colcon.colcon_core.shell:Skip shell extension 'powershell' for command environment: Not usable outside of PowerShell
[0.144s] DEBUG:colcon.colcon_core.shell:Skip shell extension 'dsv' for command environment
[0.149s] DEBUG:colcon.colcon_core.event_handler.log_command:Invoking command in '/home/ali/STM32CubeIDE/stm32_uros_ws/Panik/microros_ws/build/micro_ros_msgs': CMAKE_PREFIX_PATH=${CMAKE_PREFIX_PATH}:/opt/ros/jazzy DEBUGINFOD_URLS=https://debuginfod.ubuntu.com /usr/bin/cmake --build /home/ali/STM32CubeIDE/stm32_uros_ws/Panik/microros_ws/build/micro_ros_msgs -- -j20 -l20
[0.150s] DEBUG:colcon.colcon_core.event_handler.log_command:Invoking command in '/home/ali/STM32CubeIDE/stm32_uros_ws/Panik/microros_ws/build/drive_base_msgs': CMAKE_PREFIX_PATH=${CMAKE_PREFIX_PATH}:/opt/ros/jazzy DEBUGINFOD_URLS=https://debuginfod.ubuntu.com /usr/bin/cmake --build /home/ali/STM32CubeIDE/stm32_uros_ws/Panik/microros_ws/build/drive_base_msgs -- -j20 -l20
[0.152s] DEBUG:colcon.colcon_core.event_handler.log_command:Invoking command in '/home/ali/STM32CubeIDE/stm32_uros_ws/Panik/microros_ws/build/micro_ros_setup': CMAKE_PREFIX_PATH=${CMAKE_PREFIX_PATH}:/opt/ros/jazzy DEBUGINFOD_URLS=https://debuginfod.ubuntu.com /usr/bin/cmake --build /home/ali/STM32CubeIDE/stm32_uros_ws/Panik/microros_ws/build/micro_ros_setup -- -j20 -l20
[0.437s] DEBUG:colcon.colcon_core.event_handler.log_command:Invoked command in '/home/ali/STM32CubeIDE/stm32_uros_ws/Panik/microros_ws/build/micro_ros_setup' returned '0': CMAKE_PREFIX_PATH=${CMAKE_PREFIX_PATH}:/opt/ros/jazzy DEBUGINFOD_URLS=https://debuginfod.ubuntu.com /usr/bin/cmake --build /home/ali/STM32CubeIDE/stm32_uros_ws/Panik/microros_ws/build/micro_ros_setup -- -j20 -l20
[0.445s] DEBUG:colcon.colcon_core.event_handler.log_command:Invoking command in '/home/ali/STM32CubeIDE/stm32_uros_ws/Panik/microros_ws/build/micro_ros_setup': CMAKE_PREFIX_PATH=${CMAKE_PREFIX_PATH}:/opt/ros/jazzy DEBUGINFOD_URLS=https://debuginfod.ubuntu.com /usr/bin/cmake --install /home/ali/STM32CubeIDE/stm32_uros_ws/Panik/microros_ws/build/micro_ros_setup
[0.455s] Level 1:colcon.colcon_core.environment:create_environment_scripts_only(micro_ros_setup)
[0.460s] DEBUG:colcon.colcon_core.event_handler.log_command:Invoked command in '/home/ali/STM32CubeIDE/stm32_uros_ws/Panik/microros_ws/build/micro_ros_setup' returned '0': CMAKE_PREFIX_PATH=${CMAKE_PREFIX_PATH}:/opt/ros/jazzy DEBUGINFOD_URLS=https://debuginfod.ubuntu.com /usr/bin/cmake --install /home/ali/STM32CubeIDE/stm32_uros_ws/Panik/microros_ws/build/micro_ros_setup
[0.461s] Level 1:colcon.colcon_core.environment:checking '/home/ali/STM32CubeIDE/stm32_uros_ws/Panik/microros_ws/install/micro_ros_setup' for CMake module files
[0.462s] Level 1:colcon.colcon_core.environment:checking '/home/ali/STM32CubeIDE/stm32_uros_ws/Panik/microros_ws/install/micro_ros_setup' for CMake config files
[0.462s] Level 1:colcon.colcon_core.shell:create_environment_hook('micro_ros_setup', 'cmake_prefix_path')
[0.462s] INFO:colcon.colcon_core.shell:Creating environment hook '/home/ali/STM32CubeIDE/stm32_uros_ws/Panik/microros_ws/install/micro_ros_setup/share/micro_ros_setup/hook/cmake_prefix_path.ps1'
[0.463s] INFO:colcon.colcon_core.shell:Creating environment descriptor '/home/ali/STM32CubeIDE/stm32_uros_ws/Panik/microros_ws/install/micro_ros_setup/share/micro_ros_setup/hook/cmake_prefix_path.dsv'
[0.463s] INFO:colcon.colcon_core.shell:Creating environment hook '/home/ali/STM32CubeIDE/stm32_uros_ws/Panik/microros_ws/install/micro_ros_setup/share/micro_ros_setup/hook/cmake_prefix_path.sh'
[0.463s] Level 1:colcon.colcon_core.environment:checking '/home/ali/STM32CubeIDE/stm32_uros_ws/Panik/microros_ws/install/micro_ros_setup/lib'
[0.463s] Level 1:colcon.colcon_core.environment:checking '/home/ali/STM32CubeIDE/stm32_uros_ws/Panik/microros_ws/install/micro_ros_setup/bin'
[0.463s] Level 1:colcon.colcon_core.environment:checking '/home/ali/STM32CubeIDE/stm32_uros_ws/Panik/microros_ws/install/micro_ros_setup/lib/pkgconfig/micro_ros_setup.pc'
[0.464s] Level 1:colcon.colcon_core.environment:checking '/home/ali/STM32CubeIDE/stm32_uros_ws/Panik/microros_ws/install/micro_ros_setup/lib/python3.12/site-packages'
[0.464s] Level 1:colcon.colcon_core.environment:checking '/home/ali/STM32CubeIDE/stm32_uros_ws/Panik/microros_ws/install/micro_ros_setup/bin'
[0.464s] INFO:colcon.colcon_core.shell:Creating package script '/home/ali/STM32CubeIDE/stm32_uros_ws/Panik/microros_ws/install/micro_ros_setup/share/micro_ros_setup/package.ps1'
[0.464s] INFO:colcon.colcon_core.shell:Creating package descriptor '/home/ali/STM32CubeIDE/stm32_uros_ws/Panik/microros_ws/install/micro_ros_setup/share/micro_ros_setup/package.dsv'
[0.464s] INFO:colcon.colcon_core.shell:Creating package script '/home/ali/STM32CubeIDE/stm32_uros_ws/Panik/microros_ws/install/micro_ros_setup/share/micro_ros_setup/package.sh'
[0.465s] INFO:colcon.colcon_core.shell:Creating package script '/home/ali/STM32CubeIDE/stm32_uros_ws/Panik/microros_ws/install/micro_ros_setup/share/micro_ros_setup/package.bash'
[0.465s] INFO:colcon.colcon_core.shell:Creating package script '/home/ali/STM32CubeIDE/stm32_uros_ws/Panik/microros_ws/install/micro_ros_setup/share/micro_ros_setup/package.zsh'
[0.465s] Level 1:colcon.colcon_core.environment:create_file_with_runtime_dependencies(/home/ali/STM32CubeIDE/stm32_uros_ws/Panik/microros_ws/install/micro_ros_setup/share/colcon-core/packages/micro_ros_setup)
[0.466s] Level 1:colcon.colcon_core.environment:create_environment_scripts_only(micro_ros_setup)
[0.466s] Level 1:colcon.colcon_core.environment:checking '/home/ali/STM32CubeIDE/stm32_uros_ws/Panik/microros_ws/install/micro_ros_setup' for CMake module files
[0.466s] Level 1:colcon.colcon_core.environment:checking '/home/ali/STM32CubeIDE/stm32_uros_ws/Panik/microros_ws/install/micro_ros_setup' for CMake config files
[0.466s] Level 1:colcon.colcon_core.shell:create_environment_hook('micro_ros_setup', 'cmake_prefix_path')
[0.466s] INFO:colcon.colcon_core.shell:Creating environment hook '/home/ali/STM32CubeIDE/stm32_uros_ws/Panik/microros_ws/install/micro_ros_setup/share/micro_ros_setup/hook/cmake_prefix_path.ps1'
[0.466s] INFO:colcon.colcon_core.shell:Creating environment descriptor '/home/ali/STM32CubeIDE/stm32_uros_ws/Panik/microros_ws/install/micro_ros_setup/share/micro_ros_setup/hook/cmake_prefix_path.dsv'
[0.467s] INFO:colcon.colcon_core.shell:Creating environment hook '/home/ali/STM32CubeIDE/stm32_uros_ws/Panik/microros_ws/install/micro_ros_setup/share/micro_ros_setup/hook/cmake_prefix_path.sh'
[0.467s] Level 1:colcon.colcon_core.environment:checking '/home/ali/STM32CubeIDE/stm32_uros_ws/Panik/microros_ws/install/micro_ros_setup/lib'
[0.467s] Level 1:colcon.colcon_core.environment:checking '/home/ali/STM32CubeIDE/stm32_uros_ws/Panik/microros_ws/install/micro_ros_setup/bin'
[0.467s] Level 1:colcon.colcon_core.environment:checking '/home/ali/STM32CubeIDE/stm32_uros_ws/Panik/microros_ws/install/micro_ros_setup/lib/pkgconfig/micro_ros_setup.pc'
[0.467s] Level 1:colcon.colcon_core.environment:checking '/home/ali/STM32CubeIDE/stm32_uros_ws/Panik/microros_ws/install/micro_ros_setup/lib/python3.12/site-packages'
[0.467s] Level 1:colcon.colcon_core.environment:checking '/home/ali/STM32CubeIDE/stm32_uros_ws/Panik/microros_ws/install/micro_ros_setup/bin'
[0.467s] INFO:colcon.colcon_core.shell:Creating package script '/home/ali/STM32CubeIDE/stm32_uros_ws/Panik/microros_ws/install/micro_ros_setup/share/micro_ros_setup/package.ps1'
[0.467s] INFO:colcon.colcon_core.shell:Creating package descriptor '/home/ali/STM32CubeIDE/stm32_uros_ws/Panik/microros_ws/install/micro_ros_setup/share/micro_ros_setup/package.dsv'
[0.468s] INFO:colcon.colcon_core.shell:Creating package script '/home/ali/STM32CubeIDE/stm32_uros_ws/Panik/microros_ws/install/micro_ros_setup/share/micro_ros_setup/package.sh'
[0.468s] INFO:colcon.colcon_core.shell:Creating package script '/home/ali/STM32CubeIDE/stm32_uros_ws/Panik/microros_ws/install/micro_ros_setup/share/micro_ros_setup/package.bash'
[0.468s] INFO:colcon.colcon_core.shell:Creating package script '/home/ali/STM32CubeIDE/stm32_uros_ws/Panik/microros_ws/install/micro_ros_setup/share/micro_ros_setup/package.zsh'
[0.468s] Level 1:colcon.colcon_core.environment:create_file_with_runtime_dependencies(/home/ali/STM32CubeIDE/stm32_uros_ws/Panik/microros_ws/install/micro_ros_setup/share/colcon-core/packages/micro_ros_setup)
[3.027s] DEBUG:colcon.colcon_core.event_handler.log_command:Invoked command in '/home/ali/STM32CubeIDE/stm32_uros_ws/Panik/microros_ws/build/micro_ros_msgs' returned '0': CMAKE_PREFIX_PATH=${CMAKE_PREFIX_PATH}:/opt/ros/jazzy DEBUGINFOD_URLS=https://debuginfod.ubuntu.com /usr/bin/cmake --build /home/ali/STM32CubeIDE/stm32_uros_ws/Panik/microros_ws/build/micro_ros_msgs -- -j20 -l20
[3.029s] DEBUG:colcon.colcon_core.event_handler.log_command:Invoking command in '/home/ali/STM32CubeIDE/stm32_uros_ws/Panik/microros_ws/build/micro_ros_msgs': CMAKE_PREFIX_PATH=${CMAKE_PREFIX_PATH}:/opt/ros/jazzy DEBUGINFOD_URLS=https://debuginfod.ubuntu.com /usr/bin/cmake --install /home/ali/STM32CubeIDE/stm32_uros_ws/Panik/microros_ws/build/micro_ros_msgs
[3.088s] Level 1:colcon.colcon_core.environment:create_environment_scripts_only(micro_ros_msgs)
[3.088s] Level 1:colcon.colcon_core.environment:checking '/home/ali/STM32CubeIDE/stm32_uros_ws/Panik/microros_ws/install/micro_ros_msgs' for CMake module files
[3.090s] DEBUG:colcon.colcon_core.event_handler.log_command:Invoked command in '/home/ali/STM32CubeIDE/stm32_uros_ws/Panik/microros_ws/build/micro_ros_msgs' returned '0': CMAKE_PREFIX_PATH=${CMAKE_PREFIX_PATH}:/opt/ros/jazzy DEBUGINFOD_URLS=https://debuginfod.ubuntu.com /usr/bin/cmake --install /home/ali/STM32CubeIDE/stm32_uros_ws/Panik/microros_ws/build/micro_ros_msgs
[3.090s] Level 1:colcon.colcon_core.environment:checking '/home/ali/STM32CubeIDE/stm32_uros_ws/Panik/microros_ws/install/micro_ros_msgs' for CMake config files
[3.090s] Level 1:colcon.colcon_core.shell:create_environment_hook('micro_ros_msgs', 'cmake_prefix_path')
[3.090s] INFO:colcon.colcon_core.shell:Creating environment hook '/home/ali/STM32CubeIDE/stm32_uros_ws/Panik/microros_ws/install/micro_ros_msgs/share/micro_ros_msgs/hook/cmake_prefix_path.ps1'
[3.091s] INFO:colcon.colcon_core.shell:Creating environment descriptor '/home/ali/STM32CubeIDE/stm32_uros_ws/Panik/microros_ws/install/micro_ros_msgs/share/micro_ros_msgs/hook/cmake_prefix_path.dsv'
[3.091s] INFO:colcon.colcon_core.shell:Creating environment hook '/home/ali/STM32CubeIDE/stm32_uros_ws/Panik/microros_ws/install/micro_ros_msgs/share/micro_ros_msgs/hook/cmake_prefix_path.sh'
[3.091s] Level 1:colcon.colcon_core.environment:checking '/home/ali/STM32CubeIDE/stm32_uros_ws/Panik/microros_ws/install/micro_ros_msgs/lib'
[3.091s] Level 1:colcon.colcon_core.shell:create_environment_hook('micro_ros_msgs', 'ld_library_path_lib')
[3.091s] INFO:colcon.colcon_core.shell:Creating environment hook '/home/ali/STM32CubeIDE/stm32_uros_ws/Panik/microros_ws/install/micro_ros_msgs/share/micro_ros_msgs/hook/ld_library_path_lib.ps1'
[3.092s] INFO:colcon.colcon_core.shell:Creating environment descriptor '/home/ali/STM32CubeIDE/stm32_uros_ws/Panik/microros_ws/install/micro_ros_msgs/share/micro_ros_msgs/hook/ld_library_path_lib.dsv'
[3.092s] INFO:colcon.colcon_core.shell:Creating environment hook '/home/ali/STM32CubeIDE/stm32_uros_ws/Panik/microros_ws/install/micro_ros_msgs/share/micro_ros_msgs/hook/ld_library_path_lib.sh'
[3.092s] Level 1:colcon.colcon_core.environment:checking '/home/ali/STM32CubeIDE/stm32_uros_ws/Panik/microros_ws/install/micro_ros_msgs/bin'
[3.092s] Level 1:colcon.colcon_core.environment:checking '/home/ali/STM32CubeIDE/stm32_uros_ws/Panik/microros_ws/install/micro_ros_msgs/lib/pkgconfig/micro_ros_msgs.pc'
[3.092s] Level 1:colcon.colcon_core.environment:checking '/home/ali/STM32CubeIDE/stm32_uros_ws/Panik/microros_ws/install/micro_ros_msgs/lib/python3.12/site-packages'
[3.092s] Level 1:colcon.colcon_core.shell:create_environment_hook('micro_ros_msgs', 'pythonpath')
[3.092s] INFO:colcon.colcon_core.shell:Creating environment hook '/home/ali/STM32CubeIDE/stm32_uros_ws/Panik/microros_ws/install/micro_ros_msgs/share/micro_ros_msgs/hook/pythonpath.ps1'
[3.093s] INFO:colcon.colcon_core.shell:Creating environment descriptor '/home/ali/STM32CubeIDE/stm32_uros_ws/Panik/microros_ws/install/micro_ros_msgs/share/micro_ros_msgs/hook/pythonpath.dsv'
[3.093s] INFO:colcon.colcon_core.shell:Creating environment hook '/home/ali/STM32CubeIDE/stm32_uros_ws/Panik/microros_ws/install/micro_ros_msgs/share/micro_ros_msgs/hook/pythonpath.sh'
[3.093s] Level 1:colcon.colcon_core.environment:checking '/home/ali/STM32CubeIDE/stm32_uros_ws/Panik/microros_ws/install/micro_ros_msgs/bin'
[3.093s] INFO:colcon.colcon_core.shell:Creating package script '/home/ali/STM32CubeIDE/stm32_uros_ws/Panik/microros_ws/install/micro_ros_msgs/share/micro_ros_msgs/package.ps1'
[3.094s] INFO:colcon.colcon_core.shell:Creating package descriptor '/home/ali/STM32CubeIDE/stm32_uros_ws/Panik/microros_ws/install/micro_ros_msgs/share/micro_ros_msgs/package.dsv'
[3.094s] INFO:colcon.colcon_core.shell:Creating package script '/home/ali/STM32CubeIDE/stm32_uros_ws/Panik/microros_ws/install/micro_ros_msgs/share/micro_ros_msgs/package.sh'
[3.094s] INFO:colcon.colcon_core.shell:Creating package script '/home/ali/STM32CubeIDE/stm32_uros_ws/Panik/microros_ws/install/micro_ros_msgs/share/micro_ros_msgs/package.bash'
[3.094s] INFO:colcon.colcon_core.shell:Creating package script '/home/ali/STM32CubeIDE/stm32_uros_ws/Panik/microros_ws/install/micro_ros_msgs/share/micro_ros_msgs/package.zsh'
[3.095s] Level 1:colcon.colcon_core.environment:create_file_with_runtime_dependencies(/home/ali/STM32CubeIDE/stm32_uros_ws/Panik/microros_ws/install/micro_ros_msgs/share/colcon-core/packages/micro_ros_msgs)
[3.095s] Level 1:colcon.colcon_core.environment:create_environment_scripts_only(micro_ros_msgs)
[3.095s] Level 1:colcon.colcon_core.environment:checking '/home/ali/STM32CubeIDE/stm32_uros_ws/Panik/microros_ws/install/micro_ros_msgs' for CMake module files
[3.095s] Level 1:colcon.colcon_core.environment:checking '/home/ali/STM32CubeIDE/stm32_uros_ws/Panik/microros_ws/install/micro_ros_msgs' for CMake config files
[3.096s] Level 1:colcon.colcon_core.shell:create_environment_hook('micro_ros_msgs', 'cmake_prefix_path')
[3.096s] INFO:colcon.colcon_core.shell:Creating environment hook '/home/ali/STM32CubeIDE/stm32_uros_ws/Panik/microros_ws/install/micro_ros_msgs/share/micro_ros_msgs/hook/cmake_prefix_path.ps1'
[3.096s] INFO:colcon.colcon_core.shell:Creating environment descriptor '/home/ali/STM32CubeIDE/stm32_uros_ws/Panik/microros_ws/install/micro_ros_msgs/share/micro_ros_msgs/hook/cmake_prefix_path.dsv'
[3.096s] INFO:colcon.colcon_core.shell:Creating environment hook '/home/ali/STM32CubeIDE/stm32_uros_ws/Panik/microros_ws/install/micro_ros_msgs/share/micro_ros_msgs/hook/cmake_prefix_path.sh'
[3.096s] Level 1:colcon.colcon_core.environment:checking '/home/ali/STM32CubeIDE/stm32_uros_ws/Panik/microros_ws/install/micro_ros_msgs/lib'
[3.096s] Level 1:colcon.colcon_core.shell:create_environment_hook('micro_ros_msgs', 'ld_library_path_lib')
[3.097s] INFO:colcon.colcon_core.shell:Creating environment hook '/home/ali/STM32CubeIDE/stm32_uros_ws/Panik/microros_ws/install/micro_ros_msgs/share/micro_ros_msgs/hook/ld_library_path_lib.ps1'
[3.097s] INFO:colcon.colcon_core.shell:Creating environment descriptor '/home/ali/STM32CubeIDE/stm32_uros_ws/Panik/microros_ws/install/micro_ros_msgs/share/micro_ros_msgs/hook/ld_library_path_lib.dsv'
[3.097s] INFO:colcon.colcon_core.shell:Creating environment hook '/home/ali/STM32CubeIDE/stm32_uros_ws/Panik/microros_ws/install/micro_ros_msgs/share/micro_ros_msgs/hook/ld_library_path_lib.sh'
[3.097s] Level 1:colcon.colcon_core.environment:checking '/home/ali/STM32CubeIDE/stm32_uros_ws/Panik/microros_ws/install/micro_ros_msgs/bin'
[3.097s] Level 1:colcon.colcon_core.environment:checking '/home/ali/STM32CubeIDE/stm32_uros_ws/Panik/microros_ws/install/micro_ros_msgs/lib/pkgconfig/micro_ros_msgs.pc'
[3.097s] Level 1:colcon.colcon_core.environment:checking '/home/ali/STM32CubeIDE/stm32_uros_ws/Panik/microros_ws/install/micro_ros_msgs/lib/python3.12/site-packages'
[3.098s] Level 1:colcon.colcon_core.shell:create_environment_hook('micro_ros_msgs', 'pythonpath')
[3.098s] INFO:colcon.colcon_core.shell:Creating environment hook '/home/ali/STM32CubeIDE/stm32_uros_ws/Panik/microros_ws/install/micro_ros_msgs/share/micro_ros_msgs/hook/pythonpath.ps1'
[3.098s] INFO:colcon.colcon_core.shell:Creating environment descriptor '/home/ali/STM32CubeIDE/stm32_uros_ws/Panik/microros_ws/install/micro_ros_msgs/share/micro_ros_msgs/hook/pythonpath.dsv'
[3.098s] INFO:colcon.colcon_core.shell:Creating environment hook '/home/ali/STM32CubeIDE/stm32_uros_ws/Panik/microros_ws/install/micro_ros_msgs/share/micro_ros_msgs/hook/pythonpath.sh'
[3.098s] Level 1:colcon.colcon_core.environment:checking '/home/ali/STM32CubeIDE/stm32_uros_ws/Panik/microros_ws/install/micro_ros_msgs/bin'
[3.098s] INFO:colcon.colcon_core.shell:Creating package script '/home/ali/STM32CubeIDE/stm32_uros_ws/Panik/microros_ws/install/micro_ros_msgs/share/micro_ros_msgs/package.ps1'
[3.099s] INFO:colcon.colcon_core.shell:Creating package descriptor '/home/ali/STM32CubeIDE/stm32_uros_ws/Panik/microros_ws/install/micro_ros_msgs/share/micro_ros_msgs/package.dsv'
[3.099s] INFO:colcon.colcon_core.shell:Creating package script '/home/ali/STM32CubeIDE/stm32_uros_ws/Panik/microros_ws/install/micro_ros_msgs/share/micro_ros_msgs/package.sh'
[3.099s] INFO:colcon.colcon_core.shell:Creating package script '/home/ali/STM32CubeIDE/stm32_uros_ws/Panik/microros_ws/install/micro_ros_msgs/share/micro_ros_msgs/package.bash'
[3.100s] INFO:colcon.colcon_core.shell:Creating package script '/home/ali/STM32CubeIDE/stm32_uros_ws/Panik/microros_ws/install/micro_ros_msgs/share/micro_ros_msgs/package.zsh'
[3.100s] Level 1:colcon.colcon_core.environment:create_file_with_runtime_dependencies(/home/ali/STM32CubeIDE/stm32_uros_ws/Panik/microros_ws/install/micro_ros_msgs/share/colcon-core/packages/micro_ros_msgs)
[3.100s] INFO:colcon.colcon_ros.task.ament_cmake.build:Building ROS package in '/home/ali/STM32CubeIDE/stm32_uros_ws/Panik/microros_ws/src/uros/micro-ROS-Agent/micro_ros_agent' with build type 'ament_cmake'
[3.100s] INFO:colcon.colcon_cmake.task.cmake.build:Building CMake package in '/home/ali/STM32CubeIDE/stm32_uros_ws/Panik/microros_ws/src/uros/micro-ROS-Agent/micro_ros_agent'
[3.100s] INFO:colcon.colcon_core.shell:Skip shell extension 'powershell' for command environment: Not usable outside of PowerShell
[3.100s] DEBUG:colcon.colcon_core.shell:Skip shell extension 'dsv' for command environment
[3.111s] DEBUG:colcon.colcon_core.event_handler.log_command:Invoking command in '/home/ali/STM32CubeIDE/stm32_uros_ws/Panik/microros_ws/build/micro_ros_agent': CMAKE_PREFIX_PATH=/home/ali/STM32CubeIDE/stm32_uros_ws/Panik/microros_ws/install/micro_ros_msgs:/home/ali/STM32CubeIDE/stm32_uros_ws/Panik/microros_ws/install/micro_ros_setup:/home/ali/STM32CubeIDE/stm32_uros_ws/Panik/microros_ws/install/micro_ros_agent:/home/ali/STM32CubeIDE/stm32_uros_ws/Panik/microros_ws/install/drive_base_msgs:/opt/ros/jazzy/opt/gz_math_vendor:/opt/ros/jazzy/opt/gz_utils_vendor:/opt/ros/jazzy/opt/gz_cmake_vendor:/opt/ros/jazzy DEBUGINFOD_URLS=https://debuginfod.ubuntu.com LD_LIBRARY_PATH=/home/ali/STM32CubeIDE/stm32_uros_ws/Panik/microros_ws/install/micro_ros_msgs/lib:/usr/local/cuda/lib64:/home/ali/STM32CubeIDE/stm32_uros_ws/Panik/microros_ws/install/micro_ros_agent/lib:/home/ali/STM32CubeIDE/stm32_uros_ws/Panik/microros_ws/install/drive_base_msgs/lib:/opt/ros/jazzy/opt/rviz_ogre_vendor/lib:/opt/ros/jazzy/lib/x86_64-linux-gnu:/opt/ros/jazzy/opt/gz_math_vendor/lib:/opt/ros/jazzy/opt/gz_utils_vendor/lib:/opt/ros/jazzy/opt/gz_cmake_vendor/lib:/opt/ros/jazzy/lib /usr/bin/cmake --build /home/ali/STM32CubeIDE/stm32_uros_ws/Panik/microros_ws/build/micro_ros_agent -- -j20 -l20
[4.413s] DEBUG:colcon.colcon_core.event_handler.log_command:Invoked command in '/home/ali/STM32CubeIDE/stm32_uros_ws/Panik/microros_ws/build/drive_base_msgs' returned '0': CMAKE_PREFIX_PATH=${CMAKE_PREFIX_PATH}:/opt/ros/jazzy DEBUGINFOD_URLS=https://debuginfod.ubuntu.com /usr/bin/cmake --build /home/ali/STM32CubeIDE/stm32_uros_ws/Panik/microros_ws/build/drive_base_msgs -- -j20 -l20
[4.414s] DEBUG:colcon.colcon_core.event_handler.log_command:Invoking command in '/home/ali/STM32CubeIDE/stm32_uros_ws/Panik/microros_ws/build/drive_base_msgs': CMAKE_PREFIX_PATH=${CMAKE_PREFIX_PATH}:/opt/ros/jazzy DEBUGINFOD_URLS=https://debuginfod.ubuntu.com /usr/bin/cmake --install /home/ali/STM32CubeIDE/stm32_uros_ws/Panik/microros_ws/build/drive_base_msgs
[4.476s] Level 1:colcon.colcon_core.environment:create_environment_scripts_only(drive_base_msgs)
[4.476s] DEBUG:colcon.colcon_core.event_handler.log_command:Invoked command in '/home/ali/STM32CubeIDE/stm32_uros_ws/Panik/microros_ws/build/drive_base_msgs' returned '0': CMAKE_PREFIX_PATH=${CMAKE_PREFIX_PATH}:/opt/ros/jazzy DEBUGINFOD_URLS=https://debuginfod.ubuntu.com /usr/bin/cmake --install /home/ali/STM32CubeIDE/stm32_uros_ws/Panik/microros_ws/build/drive_base_msgs
[4.476s] Level 1:colcon.colcon_core.environment:checking '/home/ali/STM32CubeIDE/stm32_uros_ws/Panik/microros_ws/install/drive_base_msgs' for CMake module files
[4.477s] Level 1:colcon.colcon_core.environment:checking '/home/ali/STM32CubeIDE/stm32_uros_ws/Panik/microros_ws/install/drive_base_msgs' for CMake config files
[4.478s] Level 1:colcon.colcon_core.shell:create_environment_hook('drive_base_msgs', 'cmake_prefix_path')
[4.478s] INFO:colcon.colcon_core.shell:Creating environment hook '/home/ali/STM32CubeIDE/stm32_uros_ws/Panik/microros_ws/install/drive_base_msgs/share/drive_base_msgs/hook/cmake_prefix_path.ps1'
[4.479s] INFO:colcon.colcon_core.shell:Creating environment descriptor '/home/ali/STM32CubeIDE/stm32_uros_ws/Panik/microros_ws/install/drive_base_msgs/share/drive_base_msgs/hook/cmake_prefix_path.dsv'
[4.479s] INFO:colcon.colcon_core.shell:Creating environment hook '/home/ali/STM32CubeIDE/stm32_uros_ws/Panik/microros_ws/install/drive_base_msgs/share/drive_base_msgs/hook/cmake_prefix_path.sh'
[4.479s] Level 1:colcon.colcon_core.environment:checking '/home/ali/STM32CubeIDE/stm32_uros_ws/Panik/microros_ws/install/drive_base_msgs/lib'
[4.479s] Level 1:colcon.colcon_core.shell:create_environment_hook('drive_base_msgs', 'ld_library_path_lib')
[4.480s] INFO:colcon.colcon_core.shell:Creating environment hook '/home/ali/STM32CubeIDE/stm32_uros_ws/Panik/microros_ws/install/drive_base_msgs/share/drive_base_msgs/hook/ld_library_path_lib.ps1'
[4.480s] INFO:colcon.colcon_core.shell:Creating environment descriptor '/home/ali/STM32CubeIDE/stm32_uros_ws/Panik/microros_ws/install/drive_base_msgs/share/drive_base_msgs/hook/ld_library_path_lib.dsv'
[4.480s] INFO:colcon.colcon_core.shell:Creating environment hook '/home/ali/STM32CubeIDE/stm32_uros_ws/Panik/microros_ws/install/drive_base_msgs/share/drive_base_msgs/hook/ld_library_path_lib.sh'
[4.481s] Level 1:colcon.colcon_core.environment:checking '/home/ali/STM32CubeIDE/stm32_uros_ws/Panik/microros_ws/install/drive_base_msgs/bin'
[4.481s] Level 1:colcon.colcon_core.environment:checking '/home/ali/STM32CubeIDE/stm32_uros_ws/Panik/microros_ws/install/drive_base_msgs/lib/pkgconfig/drive_base_msgs.pc'
[4.481s] Level 1:colcon.colcon_core.environment:checking '/home/ali/STM32CubeIDE/stm32_uros_ws/Panik/microros_ws/install/drive_base_msgs/lib/python3.12/site-packages'
[4.481s] Level 1:colcon.colcon_core.shell:create_environment_hook('drive_base_msgs', 'pythonpath')
[4.481s] INFO:colcon.colcon_core.shell:Creating environment hook '/home/ali/STM32CubeIDE/stm32_uros_ws/Panik/microros_ws/install/drive_base_msgs/share/drive_base_msgs/hook/pythonpath.ps1'
[4.482s] INFO:colcon.colcon_core.shell:Creating environment descriptor '/home/ali/STM32CubeIDE/stm32_uros_ws/Panik/microros_ws/install/drive_base_msgs/share/drive_base_msgs/hook/pythonpath.dsv'
[4.482s] INFO:colcon.colcon_core.shell:Creating environment hook '/home/ali/STM32CubeIDE/stm32_uros_ws/Panik/microros_ws/install/drive_base_msgs/share/drive_base_msgs/hook/pythonpath.sh'
[4.483s] Level 1:colcon.colcon_core.environment:checking '/home/ali/STM32CubeIDE/stm32_uros_ws/Panik/microros_ws/install/drive_base_msgs/bin'
[4.483s] INFO:colcon.colcon_core.shell:Creating package script '/home/ali/STM32CubeIDE/stm32_uros_ws/Panik/microros_ws/install/drive_base_msgs/share/drive_base_msgs/package.ps1'
[4.484s] INFO:colcon.colcon_core.shell:Creating package descriptor '/home/ali/STM32CubeIDE/stm32_uros_ws/Panik/microros_ws/install/drive_base_msgs/share/drive_base_msgs/package.dsv'
[4.485s] INFO:colcon.colcon_core.shell:Creating package script '/home/ali/STM32CubeIDE/stm32_uros_ws/Panik/microros_ws/install/drive_base_msgs/share/drive_base_msgs/package.sh'
[4.485s] INFO:colcon.colcon_core.shell:Creating package script '/home/ali/STM32CubeIDE/stm32_uros_ws/Panik/microros_ws/install/drive_base_msgs/share/drive_base_msgs/package.bash'
[4.486s] INFO:colcon.colcon_core.shell:Creating package script '/home/ali/STM32CubeIDE/stm32_uros_ws/Panik/microros_ws/install/drive_base_msgs/share/drive_base_msgs/package.zsh'
[4.486s] Level 1:colcon.colcon_core.environment:create_file_with_runtime_dependencies(/home/ali/STM32CubeIDE/stm32_uros_ws/Panik/microros_ws/install/drive_base_msgs/share/colcon-core/packages/drive_base_msgs)
[4.487s] Level 1:colcon.colcon_core.environment:create_environment_scripts_only(drive_base_msgs)
[4.487s] Level 1:colcon.colcon_core.environment:checking '/home/ali/STM32CubeIDE/stm32_uros_ws/Panik/microros_ws/install/drive_base_msgs' for CMake module files
[4.488s] Level 1:colcon.colcon_core.environment:checking '/home/ali/STM32CubeIDE/stm32_uros_ws/Panik/microros_ws/install/drive_base_msgs' for CMake config files
[4.488s] Level 1:colcon.colcon_core.shell:create_environment_hook('drive_base_msgs', 'cmake_prefix_path')
[4.488s] INFO:colcon.colcon_core.shell:Creating environment hook '/home/ali/STM32CubeIDE/stm32_uros_ws/Panik/microros_ws/install/drive_base_msgs/share/drive_base_msgs/hook/cmake_prefix_path.ps1'
[4.489s] INFO:colcon.colcon_core.shell:Creating environment descriptor '/home/ali/STM32CubeIDE/stm32_uros_ws/Panik/microros_ws/install/drive_base_msgs/share/drive_base_msgs/hook/cmake_prefix_path.dsv'
[4.489s] INFO:colcon.colcon_core.shell:Creating environment hook '/home/ali/STM32CubeIDE/stm32_uros_ws/Panik/microros_ws/install/drive_base_msgs/share/drive_base_msgs/hook/cmake_prefix_path.sh'
[4.489s] Level 1:colcon.colcon_core.environment:checking '/home/ali/STM32CubeIDE/stm32_uros_ws/Panik/microros_ws/install/drive_base_msgs/lib'
[4.489s] Level 1:colcon.colcon_core.shell:create_environment_hook('drive_base_msgs', 'ld_library_path_lib')
[4.489s] INFO:colcon.colcon_core.shell:Creating environment hook '/home/ali/STM32CubeIDE/stm32_uros_ws/Panik/microros_ws/install/drive_base_msgs/share/drive_base_msgs/hook/ld_library_path_lib.ps1'
[4.490s] INFO:colcon.colcon_core.shell:Creating environment descriptor '/home/ali/STM32CubeIDE/stm32_uros_ws/Panik/microros_ws/install/drive_base_msgs/share/drive_base_msgs/hook/ld_library_path_lib.dsv'
[4.490s] INFO:colcon.colcon_core.shell:Creating environment hook '/home/ali/STM32CubeIDE/stm32_uros_ws/Panik/microros_ws/install/drive_base_msgs/share/drive_base_msgs/hook/ld_library_path_lib.sh'
[4.490s] Level 1:colcon.colcon_core.environment:checking '/home/ali/STM32CubeIDE/stm32_uros_ws/Panik/microros_ws/install/drive_base_msgs/bin'
[4.490s] Level 1:colcon.colcon_core.environment:checking '/home/ali/STM32CubeIDE/stm32_uros_ws/Panik/microros_ws/install/drive_base_msgs/lib/pkgconfig/drive_base_msgs.pc'
[4.490s] Level 1:colcon.colcon_core.environment:checking '/home/ali/STM32CubeIDE/stm32_uros_ws/Panik/microros_ws/install/drive_base_msgs/lib/python3.12/site-packages'
[4.490s] Level 1:colcon.colcon_core.shell:create_environment_hook('drive_base_msgs', 'pythonpath')
[4.490s] INFO:colcon.colcon_core.shell:Creating environment hook '/home/ali/STM32CubeIDE/stm32_uros_ws/Panik/microros_ws/install/drive_base_msgs/share/drive_base_msgs/hook/pythonpath.ps1'
[4.491s] INFO:colcon.colcon_core.shell:Creating environment descriptor '/home/ali/STM32CubeIDE/stm32_uros_ws/Panik/microros_ws/install/drive_base_msgs/share/drive_base_msgs/hook/pythonpath.dsv'
[4.491s] INFO:colcon.colcon_core.shell:Creating environment hook '/home/ali/STM32CubeIDE/stm32_uros_ws/Panik/microros_ws/install/drive_base_msgs/share/drive_base_msgs/hook/pythonpath.sh'
[4.491s] Level 1:colcon.colcon_core.environment:checking '/home/ali/STM32CubeIDE/stm32_uros_ws/Panik/microros_ws/install/drive_base_msgs/bin'
[4.491s] INFO:colcon.colcon_core.shell:Creating package script '/home/ali/STM32CubeIDE/stm32_uros_ws/Panik/microros_ws/install/drive_base_msgs/share/drive_base_msgs/package.ps1'
[4.492s] INFO:colcon.colcon_core.shell:Creating package descriptor '/home/ali/STM32CubeIDE/stm32_uros_ws/Panik/microros_ws/install/drive_base_msgs/share/drive_base_msgs/package.dsv'
[4.492s] INFO:colcon.colcon_core.shell:Creating package script '/home/ali/STM32CubeIDE/stm32_uros_ws/Panik/microros_ws/install/drive_base_msgs/share/drive_base_msgs/package.sh'
[4.492s] INFO:colcon.colcon_core.shell:Creating package script '/home/ali/STM32CubeIDE/stm32_uros_ws/Panik/microros_ws/install/drive_base_msgs/share/drive_base_msgs/package.bash'
[4.492s] INFO:colcon.colcon_core.shell:Creating package script '/home/ali/STM32CubeIDE/stm32_uros_ws/Panik/microros_ws/install/drive_base_msgs/share/drive_base_msgs/package.zsh'
[4.492s] Level 1:colcon.colcon_core.environment:create_file_with_runtime_dependencies(/home/ali/STM32CubeIDE/stm32_uros_ws/Panik/microros_ws/install/drive_base_msgs/share/colcon-core/packages/drive_base_msgs)
[6.152s] DEBUG:colcon.colcon_core.event_handler.log_command:Invoked command in '/home/ali/STM32CubeIDE/stm32_uros_ws/Panik/microros_ws/build/micro_ros_agent' returned '0': CMAKE_PREFIX_PATH=/home/ali/STM32CubeIDE/stm32_uros_ws/Panik/microros_ws/install/micro_ros_msgs:/home/ali/STM32CubeIDE/stm32_uros_ws/Panik/microros_ws/install/micro_ros_setup:/home/ali/STM32CubeIDE/stm32_uros_ws/Panik/microros_ws/install/micro_ros_agent:/home/ali/STM32CubeIDE/stm32_uros_ws/Panik/microros_ws/install/drive_base_msgs:/opt/ros/jazzy/opt/gz_math_vendor:/opt/ros/jazzy/opt/gz_utils_vendor:/opt/ros/jazzy/opt/gz_cmake_vendor:/opt/ros/jazzy DEBUGINFOD_URLS=https://debuginfod.ubuntu.com LD_LIBRARY_PATH=/home/ali/STM32CubeIDE/stm32_uros_ws/Panik/microros_ws/install/micro_ros_msgs/lib:/usr/local/cuda/lib64:/home/ali/STM32CubeIDE/stm32_uros_ws/Panik/microros_ws/install/micro_ros_agent/lib:/home/ali/STM32CubeIDE/stm32_uros_ws/Panik/microros_ws/install/drive_base_msgs/lib:/opt/ros/jazzy/opt/rviz_ogre_vendor/lib:/opt/ros/jazzy/lib/x86_64-linux-gnu:/opt/ros/jazzy/opt/gz_math_vendor/lib:/opt/ros/jazzy/opt/gz_utils_vendor/lib:/opt/ros/jazzy/opt/gz_cmake_vendor/lib:/opt/ros/jazzy/lib /usr/bin/cmake --build /home/ali/STM32CubeIDE/stm32_uros_ws/Panik/microros_ws/build/micro_ros_agent -- -j20 -l20
[6.152s] DEBUG:colcon.colcon_core.event_handler.log_command:Invoking command in '/home/ali/STM32CubeIDE/stm32_uros_ws/Panik/microros_ws/build/micro_ros_agent': CMAKE_PREFIX_PATH=/home/ali/STM32CubeIDE/stm32_uros_ws/Panik/microros_ws/install/micro_ros_msgs:/home/ali/STM32CubeIDE/stm32_uros_ws/Panik/microros_ws/install/micro_ros_setup:/home/ali/STM32CubeIDE/stm32_uros_ws/Panik/microros_ws/install/micro_ros_agent:/home/ali/STM32CubeIDE/stm32_uros_ws/Panik/microros_ws/install/drive_base_msgs:/opt/ros/jazzy/opt/gz_math_vendor:/opt/ros/jazzy/opt/gz_utils_vendor:/opt/ros/jazzy/opt/gz_cmake_vendor:/opt/ros/jazzy DEBUGINFOD_URLS=https://debuginfod.ubuntu.com LD_LIBRARY_PATH=/home/ali/STM32CubeIDE/stm32_uros_ws/Panik/microros_ws/install/micro_ros_msgs/lib:/usr/local/cuda/lib64:/home/ali/STM32CubeIDE/stm32_uros_ws/Panik/microros_ws/install/micro_ros_agent/lib:/home/ali/STM32CubeIDE/stm32_uros_ws/Panik/microros_ws/install/drive_base_msgs/lib:/opt/ros/jazzy/opt/rviz_ogre_vendor/lib:/opt/ros/jazzy/lib/x86_64-linux-gnu:/opt/ros/jazzy/opt/gz_math_vendor/lib:/opt/ros/jazzy/opt/gz_utils_vendor/lib:/opt/ros/jazzy/opt/gz_cmake_vendor/lib:/opt/ros/jazzy/lib /usr/bin/cmake --install /home/ali/STM32CubeIDE/stm32_uros_ws/Panik/microros_ws/build/micro_ros_agent
[6.159s] Level 1:colcon.colcon_core.environment:create_environment_scripts_only(micro_ros_agent)
[6.159s] Level 1:colcon.colcon_core.environment:checking '/home/ali/STM32CubeIDE/stm32_uros_ws/Panik/microros_ws/install/micro_ros_agent' for CMake module files
[6.160s] DEBUG:colcon.colcon_core.event_handler.log_command:Invoked command in '/home/ali/STM32CubeIDE/stm32_uros_ws/Panik/microros_ws/build/micro_ros_agent' returned '0': CMAKE_PREFIX_PATH=/home/ali/STM32CubeIDE/stm32_uros_ws/Panik/microros_ws/install/micro_ros_msgs:/home/ali/STM32CubeIDE/stm32_uros_ws/Panik/microros_ws/install/micro_ros_setup:/home/ali/STM32CubeIDE/stm32_uros_ws/Panik/microros_ws/install/micro_ros_agent:/home/ali/STM32CubeIDE/stm32_uros_ws/Panik/microros_ws/install/drive_base_msgs:/opt/ros/jazzy/opt/gz_math_vendor:/opt/ros/jazzy/opt/gz_utils_vendor:/opt/ros/jazzy/opt/gz_cmake_vendor:/opt/ros/jazzy DEBUGINFOD_URLS=https://debuginfod.ubuntu.com LD_LIBRARY_PATH=/home/ali/STM32CubeIDE/stm32_uros_ws/Panik/microros_ws/install/micro_ros_msgs/lib:/usr/local/cuda/lib64:/home/ali/STM32CubeIDE/stm32_uros_ws/Panik/microros_ws/install/micro_ros_agent/lib:/home/ali/STM32CubeIDE/stm32_uros_ws/Panik/microros_ws/install/drive_base_msgs/lib:/opt/ros/jazzy/opt/rviz_ogre_vendor/lib:/opt/ros/jazzy/lib/x86_64-linux-gnu:/opt/ros/jazzy/opt/gz_math_vendor/lib:/opt/ros/jazzy/opt/gz_utils_vendor/lib:/opt/ros/jazzy/opt/gz_cmake_vendor/lib:/opt/ros/jazzy/lib /usr/bin/cmake --install /home/ali/STM32CubeIDE/stm32_uros_ws/Panik/microros_ws/build/micro_ros_agent
[6.160s] Level 1:colcon.colcon_core.environment:checking '/home/ali/STM32CubeIDE/stm32_uros_ws/Panik/microros_ws/install/micro_ros_agent' for CMake config files
[6.160s] Level 1:colcon.colcon_core.shell:create_environment_hook('micro_ros_agent', 'cmake_prefix_path')
[6.160s] INFO:colcon.colcon_core.shell:Creating environment hook '/home/ali/STM32CubeIDE/stm32_uros_ws/Panik/microros_ws/install/micro_ros_agent/share/micro_ros_agent/hook/cmake_prefix_path.ps1'
[6.161s] INFO:colcon.colcon_core.shell:Creating environment descriptor '/home/ali/STM32CubeIDE/stm32_uros_ws/Panik/microros_ws/install/micro_ros_agent/share/micro_ros_agent/hook/cmake_prefix_path.dsv'
[6.161s] INFO:colcon.colcon_core.shell:Creating environment hook '/home/ali/STM32CubeIDE/stm32_uros_ws/Panik/microros_ws/install/micro_ros_agent/share/micro_ros_agent/hook/cmake_prefix_path.sh'
[6.161s] Level 1:colcon.colcon_core.environment:checking '/home/ali/STM32CubeIDE/stm32_uros_ws/Panik/microros_ws/install/micro_ros_agent/lib'
[6.161s] Level 1:colcon.colcon_core.shell:create_environment_hook('micro_ros_agent', 'ld_library_path_lib')
[6.161s] INFO:colcon.colcon_core.shell:Creating environment hook '/home/ali/STM32CubeIDE/stm32_uros_ws/Panik/microros_ws/install/micro_ros_agent/share/micro_ros_agent/hook/ld_library_path_lib.ps1'
[6.162s] INFO:colcon.colcon_core.shell:Creating environment descriptor '/home/ali/STM32CubeIDE/stm32_uros_ws/Panik/microros_ws/install/micro_ros_agent/share/micro_ros_agent/hook/ld_library_path_lib.dsv'
[6.162s] INFO:colcon.colcon_core.shell:Creating environment hook '/home/ali/STM32CubeIDE/stm32_uros_ws/Panik/microros_ws/install/micro_ros_agent/share/micro_ros_agent/hook/ld_library_path_lib.sh'
[6.162s] Level 1:colcon.colcon_core.environment:checking '/home/ali/STM32CubeIDE/stm32_uros_ws/Panik/microros_ws/install/micro_ros_agent/bin'
[6.162s] Level 1:colcon.colcon_core.environment:checking '/home/ali/STM32CubeIDE/stm32_uros_ws/Panik/microros_ws/install/micro_ros_agent/lib/pkgconfig/micro_ros_agent.pc'
[6.162s] Level 1:colcon.colcon_core.environment:checking '/home/ali/STM32CubeIDE/stm32_uros_ws/Panik/microros_ws/install/micro_ros_agent/lib/python3.12/site-packages'
[6.162s] Level 1:colcon.colcon_core.environment:checking '/home/ali/STM32CubeIDE/stm32_uros_ws/Panik/microros_ws/install/micro_ros_agent/bin'
[6.162s] INFO:colcon.colcon_core.shell:Creating package script '/home/ali/STM32CubeIDE/stm32_uros_ws/Panik/microros_ws/install/micro_ros_agent/share/micro_ros_agent/package.ps1'
[6.163s] INFO:colcon.colcon_core.shell:Creating package descriptor '/home/ali/STM32CubeIDE/stm32_uros_ws/Panik/microros_ws/install/micro_ros_agent/share/micro_ros_agent/package.dsv'
[6.163s] INFO:colcon.colcon_core.shell:Creating package script '/home/ali/STM32CubeIDE/stm32_uros_ws/Panik/microros_ws/install/micro_ros_agent/share/micro_ros_agent/package.sh'
[6.163s] INFO:colcon.colcon_core.shell:Creating package script '/home/ali/STM32CubeIDE/stm32_uros_ws/Panik/microros_ws/install/micro_ros_agent/share/micro_ros_agent/package.bash'
[6.163s] INFO:colcon.colcon_core.shell:Creating package script '/home/ali/STM32CubeIDE/stm32_uros_ws/Panik/microros_ws/install/micro_ros_agent/share/micro_ros_agent/package.zsh'
[6.163s] Level 1:colcon.colcon_core.environment:create_file_with_runtime_dependencies(/home/ali/STM32CubeIDE/stm32_uros_ws/Panik/microros_ws/install/micro_ros_agent/share/colcon-core/packages/micro_ros_agent)
[6.164s] Level 1:colcon.colcon_core.environment:create_environment_scripts_only(micro_ros_agent)
[6.164s] Level 1:colcon.colcon_core.environment:checking '/home/ali/STM32CubeIDE/stm32_uros_ws/Panik/microros_ws/install/micro_ros_agent' for CMake module files
[6.164s] Level 1:colcon.colcon_core.environment:checking '/home/ali/STM32CubeIDE/stm32_uros_ws/Panik/microros_ws/install/micro_ros_agent' for CMake config files
[6.164s] Level 1:colcon.colcon_core.shell:create_environment_hook('micro_ros_agent', 'cmake_prefix_path')
[6.164s] INFO:colcon.colcon_core.shell:Creating environment hook '/home/ali/STM32CubeIDE/stm32_uros_ws/Panik/microros_ws/install/micro_ros_agent/share/micro_ros_agent/hook/cmake_prefix_path.ps1'
[6.164s] INFO:colcon.colcon_core.shell:Creating environment descriptor '/home/ali/STM32CubeIDE/stm32_uros_ws/Panik/microros_ws/install/micro_ros_agent/share/micro_ros_agent/hook/cmake_prefix_path.dsv'
[6.165s] INFO:colcon.colcon_core.shell:Creating environment hook '/home/ali/STM32CubeIDE/stm32_uros_ws/Panik/microros_ws/install/micro_ros_agent/share/micro_ros_agent/hook/cmake_prefix_path.sh'
[6.165s] Level 1:colcon.colcon_core.environment:checking '/home/ali/STM32CubeIDE/stm32_uros_ws/Panik/microros_ws/install/micro_ros_agent/lib'
[6.165s] Level 1:colcon.colcon_core.shell:create_environment_hook('micro_ros_agent', 'ld_library_path_lib')
[6.165s] INFO:colcon.colcon_core.shell:Creating environment hook '/home/ali/STM32CubeIDE/stm32_uros_ws/Panik/microros_ws/install/micro_ros_agent/share/micro_ros_agent/hook/ld_library_path_lib.ps1'
[6.165s] INFO:colcon.colcon_core.shell:Creating environment descriptor '/home/ali/STM32CubeIDE/stm32_uros_ws/Panik/microros_ws/install/micro_ros_agent/share/micro_ros_agent/hook/ld_library_path_lib.dsv'
[6.165s] INFO:colcon.colcon_core.shell:Creating environment hook '/home/ali/STM32CubeIDE/stm32_uros_ws/Panik/microros_ws/install/micro_ros_agent/share/micro_ros_agent/hook/ld_library_path_lib.sh'
[6.166s] Level 1:colcon.colcon_core.environment:checking '/home/ali/STM32CubeIDE/stm32_uros_ws/Panik/microros_ws/install/micro_ros_agent/bin'
[6.166s] Level 1:colcon.colcon_core.environment:checking '/home/ali/STM32CubeIDE/stm32_uros_ws/Panik/microros_ws/install/micro_ros_agent/lib/pkgconfig/micro_ros_agent.pc'
[6.166s] Level 1:colcon.colcon_core.environment:checking '/home/ali/STM32CubeIDE/stm32_uros_ws/Panik/microros_ws/install/micro_ros_agent/lib/python3.12/site-packages'
[6.166s] Level 1:colcon.colcon_core.environment:checking '/home/ali/STM32CubeIDE/stm32_uros_ws/Panik/microros_ws/install/micro_ros_agent/bin'
[6.166s] INFO:colcon.colcon_core.shell:Creating package script '/home/ali/STM32CubeIDE/stm32_uros_ws/Panik/microros_ws/install/micro_ros_agent/share/micro_ros_agent/package.ps1'
[6.166s] INFO:colcon.colcon_core.shell:Creating package descriptor '/home/ali/STM32CubeIDE/stm32_uros_ws/Panik/microros_ws/install/micro_ros_agent/share/micro_ros_agent/package.dsv'
[6.167s] INFO:colcon.colcon_core.shell:Creating package script '/home/ali/STM32CubeIDE/stm32_uros_ws/Panik/microros_ws/install/micro_ros_agent/share/micro_ros_agent/package.sh'
[6.167s] INFO:colcon.colcon_core.shell:Creating package script '/home/ali/STM32CubeIDE/stm32_uros_ws/Panik/microros_ws/install/micro_ros_agent/share/micro_ros_agent/package.bash'
[6.167s] INFO:colcon.colcon_core.shell:Creating package script '/home/ali/STM32CubeIDE/stm32_uros_ws/Panik/microros_ws/install/micro_ros_agent/share/micro_ros_agent/package.zsh'
[6.167s] Level 1:colcon.colcon_core.environment:create_file_with_runtime_dependencies(/home/ali/STM32CubeIDE/stm32_uros_ws/Panik/microros_ws/install/micro_ros_agent/share/colcon-core/packages/micro_ros_agent)
[6.167s] DEBUG:colcon.colcon_parallel_executor.executor.parallel:closing loop
[6.168s] DEBUG:colcon.colcon_parallel_executor.executor.parallel:loop closed
[6.168s] DEBUG:colcon.colcon_parallel_executor.executor.parallel:run_until_complete finished with '0'
[6.168s] DEBUG:colcon.colcon_core.event_reactor:joining thread
[6.171s] INFO:colcon.colcon_core.plugin_system:Skipping extension 'colcon_notification.desktop_notification.terminal_notifier': Not used on non-Darwin systems
[6.171s] INFO:colcon.colcon_core.plugin_system:Skipping extension 'colcon_notification.desktop_notification.win32': Not used on non-Windows systems
[6.171s] INFO:colcon.colcon_notification.desktop_notification:Sending desktop notification using 'notify2'
[6.183s] DEBUG:colcon.colcon_core.event_reactor:joined thread
[6.184s] INFO:colcon.colcon_core.shell:Creating prefix script '/home/ali/STM32CubeIDE/stm32_uros_ws/Panik/microros_ws/install/local_setup.ps1'
[6.184s] INFO:colcon.colcon_core.shell:Creating prefix util module '/home/ali/STM32CubeIDE/stm32_uros_ws/Panik/microros_ws/install/_local_setup_util_ps1.py'
[6.185s] INFO:colcon.colcon_core.shell:Creating prefix chain script '/home/ali/STM32CubeIDE/stm32_uros_ws/Panik/microros_ws/install/setup.ps1'
[6.185s] INFO:colcon.colcon_core.shell:Creating prefix script '/home/ali/STM32CubeIDE/stm32_uros_ws/Panik/microros_ws/install/local_setup.sh'
[6.185s] INFO:colcon.colcon_core.shell:Creating prefix util module '/home/ali/STM32CubeIDE/stm32_uros_ws/Panik/microros_ws/install/_local_setup_util_sh.py'
[6.186s] INFO:colcon.colcon_core.shell:Creating prefix chain script '/home/ali/STM32CubeIDE/stm32_uros_ws/Panik/microros_ws/install/setup.sh'
[6.186s] INFO:colcon.colcon_core.shell:Creating prefix script '/home/ali/STM32CubeIDE/stm32_uros_ws/Panik/microros_ws/install/local_setup.bash'
[6.186s] INFO:colcon.colcon_core.shell:Creating prefix chain script '/home/ali/STM32CubeIDE/stm32_uros_ws/Panik/microros_ws/install/setup.bash'
[6.187s] INFO:colcon.colcon_core.shell:Creating prefix script '/home/ali/STM32CubeIDE/stm32_uros_ws/Panik/microros_ws/install/local_setup.zsh'
[6.187s] INFO:colcon.colcon_core.shell:Creating prefix chain script '/home/ali/STM32CubeIDE/stm32_uros_ws/Panik/microros_ws/install/setup.zsh'
