[0.059s] DEBUG:colcon:Command line arguments: ['/usr/bin/colcon', 'build']
[0.059s] DEBUG:colcon:Parsed command line arguments: Namespace(log_base=None, log_level=None, verb_name='build', build_base='build', install_base='install', merge_install=False, symlink_install=False, test_result_base=None, continue_on_error=False, executor='parallel', parallel_workers=20, event_handlers=None, ignore_user_meta=False, metas=['./colcon.meta'], base_paths=['.'], packages_ignore=None, packages_ignore_regex=None, paths=None, packages_up_to=None, packages_up_to_regex=None, packages_above=None, packages_above_and_dependencies=None, packages_above_depth=None, packages_select_by_dep=None, packages_skip_by_dep=None, packages_skip_up_to=None, packages_select_build_failed=False, packages_skip_build_finished=False, packages_select_test_failures=False, packages_skip_test_passed=False, packages_select=None, packages_skip=None, packages_select_regex=None, packages_skip_regex=None, packages_start=None, packages_end=None, allow_overriding=[], cmake_args=None, cmake_target=None, cmake_target_skip_unavailable=False, cmake_clean_cache=False, cmake_clean_first=False, cmake_force_configure=False, ament_cmake_args=None, catkin_cmake_args=None, catkin_skip_building_tests=False, mixin_files=None, mixin=None, verb_parser=<colcon_mixin.mixin.mixin_argument.MixinArgumentDecorator object at 0x7d9df86a0830>, verb_extension=<colcon_core.verb.build.BuildVerb object at 0x7d9df86a0590>, main=<bound method BuildVerb.main of <colcon_core.verb.build.BuildVerb object at 0x7d9df86a0590>>, mixin_verb=('build',))
[0.082s] Level 1:colcon.colcon_core.package_discovery:discover_packages(colcon_meta) check parameters
[0.082s] Level 1:colcon.colcon_core.package_discovery:discover_packages(recursive) check parameters
[0.082s] Level 1:colcon.colcon_core.package_discovery:discover_packages(ignore) check parameters
[0.082s] Level 1:colcon.colcon_core.package_discovery:discover_packages(path) check parameters
[0.082s] Level 1:colcon.colcon_core.package_discovery:discover_packages(colcon_meta) discover
[0.082s] Level 1:colcon.colcon_core.package_discovery:discover_packages(recursive) discover
[0.082s] INFO:colcon.colcon_core.package_discovery:Crawling recursively for packages in '/home/ali/STM32CubeIDE/microros_ws'
[0.082s] Level 1:colcon.colcon_core.package_identification:_identify(.) by extensions ['ignore', 'ignore_ament_install']
[0.082s] Level 1:colcon.colcon_core.package_identification:_identify(.) by extension 'ignore'
[0.082s] Level 1:colcon.colcon_core.package_identification:_identify(.) by extension 'ignore_ament_install'
[0.082s] Level 1:colcon.colcon_core.package_identification:_identify(.) by extensions ['colcon_pkg']
[0.082s] Level 1:colcon.colcon_core.package_identification:_identify(.) by extension 'colcon_pkg'
[0.082s] Level 1:colcon.colcon_core.package_identification:_identify(.) by extensions ['colcon_meta']
[0.082s] Level 1:colcon.colcon_core.package_identification:_identify(.) by extension 'colcon_meta'
[0.082s] Level 1:colcon.colcon_core.package_identification:_identify(.) by extensions ['ros']
[0.082s] Level 1:colcon.colcon_core.package_identification:_identify(.) by extension 'ros'
[0.098s] Level 1:colcon.colcon_core.package_identification:_identify(.) by extensions ['cmake', 'python']
[0.098s] Level 1:colcon.colcon_core.package_identification:_identify(.) by extension 'cmake'
[0.098s] Level 1:colcon.colcon_core.package_identification:_identify(.) by extension 'python'
[0.098s] Level 1:colcon.colcon_core.package_identification:_identify(.) by extensions ['python_setup_py']
[0.098s] Level 1:colcon.colcon_core.package_identification:_identify(.) by extension 'python_setup_py'
[0.098s] Level 1:colcon.colcon_core.package_identification:_identify(build) by extensions ['ignore', 'ignore_ament_install']
[0.098s] Level 1:colcon.colcon_core.package_identification:_identify(build) by extension 'ignore'
[0.098s] Level 1:colcon.colcon_core.package_identification:_identify(build) ignored
[0.098s] Level 1:colcon.colcon_core.package_identification:_identify(install) by extensions ['ignore', 'ignore_ament_install']
[0.098s] Level 1:colcon.colcon_core.package_identification:_identify(install) by extension 'ignore'
[0.098s] Level 1:colcon.colcon_core.package_identification:_identify(install) ignored
[0.098s] Level 1:colcon.colcon_core.package_identification:_identify(log) by extensions ['ignore', 'ignore_ament_install']
[0.098s] Level 1:colcon.colcon_core.package_identification:_identify(log) by extension 'ignore'
[0.098s] Level 1:colcon.colcon_core.package_identification:_identify(log) ignored
[0.099s] Level 1:colcon.colcon_core.package_identification:_identify(src) by extensions ['ignore', 'ignore_ament_install']
[0.099s] Level 1:colcon.colcon_core.package_identification:_identify(src) by extension 'ignore'
[0.099s] Level 1:colcon.colcon_core.package_identification:_identify(src) by extension 'ignore_ament_install'
[0.099s] Level 1:colcon.colcon_core.package_identification:_identify(src) by extensions ['colcon_pkg']
[0.099s] Level 1:colcon.colcon_core.package_identification:_identify(src) by extension 'colcon_pkg'
[0.099s] Level 1:colcon.colcon_core.package_identification:_identify(src) by extensions ['colcon_meta']
[0.099s] Level 1:colcon.colcon_core.package_identification:_identify(src) by extension 'colcon_meta'
[0.099s] Level 1:colcon.colcon_core.package_identification:_identify(src) by extensions ['ros']
[0.099s] Level 1:colcon.colcon_core.package_identification:_identify(src) by extension 'ros'
[0.099s] Level 1:colcon.colcon_core.package_identification:_identify(src) by extensions ['cmake', 'python']
[0.099s] Level 1:colcon.colcon_core.package_identification:_identify(src) by extension 'cmake'
[0.099s] Level 1:colcon.colcon_core.package_identification:_identify(src) by extension 'python'
[0.099s] Level 1:colcon.colcon_core.package_identification:_identify(src) by extensions ['python_setup_py']
[0.099s] Level 1:colcon.colcon_core.package_identification:_identify(src) by extension 'python_setup_py'
[0.099s] Level 1:colcon.colcon_core.package_identification:_identify(src/micro_ros_setup) by extensions ['ignore', 'ignore_ament_install']
[0.099s] Level 1:colcon.colcon_core.package_identification:_identify(src/micro_ros_setup) by extension 'ignore'
[0.099s] Level 1:colcon.colcon_core.package_identification:_identify(src/micro_ros_setup) by extension 'ignore_ament_install'
[0.099s] Level 1:colcon.colcon_core.package_identification:_identify(src/micro_ros_setup) by extensions ['colcon_pkg']
[0.099s] Level 1:colcon.colcon_core.package_identification:_identify(src/micro_ros_setup) by extension 'colcon_pkg'
[0.099s] Level 1:colcon.colcon_core.package_identification:_identify(src/micro_ros_setup) by extensions ['colcon_meta']
[0.099s] Level 1:colcon.colcon_core.package_identification:_identify(src/micro_ros_setup) by extension 'colcon_meta'
[0.099s] Level 1:colcon.colcon_core.package_identification:_identify(src/micro_ros_setup) by extensions ['ros']
[0.099s] Level 1:colcon.colcon_core.package_identification:_identify(src/micro_ros_setup) by extension 'ros'
[0.101s] DEBUG:colcon.colcon_core.package_identification:Package 'src/micro_ros_setup' with type 'ros.ament_cmake' and name 'micro_ros_setup'
[0.101s] Level 1:colcon.colcon_core.package_identification:_identify(src/uros) by extensions ['ignore', 'ignore_ament_install']
[0.101s] Level 1:colcon.colcon_core.package_identification:_identify(src/uros) by extension 'ignore'
[0.101s] Level 1:colcon.colcon_core.package_identification:_identify(src/uros) by extension 'ignore_ament_install'
[0.101s] Level 1:colcon.colcon_core.package_identification:_identify(src/uros) by extensions ['colcon_pkg']
[0.101s] Level 1:colcon.colcon_core.package_identification:_identify(src/uros) by extension 'colcon_pkg'
[0.101s] Level 1:colcon.colcon_core.package_identification:_identify(src/uros) by extensions ['colcon_meta']
[0.101s] Level 1:colcon.colcon_core.package_identification:_identify(src/uros) by extension 'colcon_meta'
[0.101s] Level 1:colcon.colcon_core.package_identification:_identify(src/uros) by extensions ['ros']
[0.101s] Level 1:colcon.colcon_core.package_identification:_identify(src/uros) by extension 'ros'
[0.101s] Level 1:colcon.colcon_core.package_identification:_identify(src/uros) by extensions ['cmake', 'python']
[0.101s] Level 1:colcon.colcon_core.package_identification:_identify(src/uros) by extension 'cmake'
[0.101s] Level 1:colcon.colcon_core.package_identification:_identify(src/uros) by extension 'python'
[0.101s] Level 1:colcon.colcon_core.package_identification:_identify(src/uros) by extensions ['python_setup_py']
[0.101s] Level 1:colcon.colcon_core.package_identification:_identify(src/uros) by extension 'python_setup_py'
[0.101s] Level 1:colcon.colcon_core.package_identification:_identify(src/uros/drive_base) by extensions ['ignore', 'ignore_ament_install']
[0.101s] Level 1:colcon.colcon_core.package_identification:_identify(src/uros/drive_base) by extension 'ignore'
[0.101s] Level 1:colcon.colcon_core.package_identification:_identify(src/uros/drive_base) by extension 'ignore_ament_install'
[0.101s] Level 1:colcon.colcon_core.package_identification:_identify(src/uros/drive_base) by extensions ['colcon_pkg']
[0.101s] Level 1:colcon.colcon_core.package_identification:_identify(src/uros/drive_base) by extension 'colcon_pkg'
[0.101s] Level 1:colcon.colcon_core.package_identification:_identify(src/uros/drive_base) by extensions ['colcon_meta']
[0.101s] Level 1:colcon.colcon_core.package_identification:_identify(src/uros/drive_base) by extension 'colcon_meta'
[0.101s] Level 1:colcon.colcon_core.package_identification:_identify(src/uros/drive_base) by extensions ['ros']
[0.101s] Level 1:colcon.colcon_core.package_identification:_identify(src/uros/drive_base) by extension 'ros'
[0.101s] Level 1:colcon.colcon_core.package_identification:_identify(src/uros/drive_base) by extensions ['cmake', 'python']
[0.101s] Level 1:colcon.colcon_core.package_identification:_identify(src/uros/drive_base) by extension 'cmake'
[0.101s] Level 1:colcon.colcon_core.package_identification:_identify(src/uros/drive_base) by extension 'python'
[0.101s] Level 1:colcon.colcon_core.package_identification:_identify(src/uros/drive_base) by extensions ['python_setup_py']
[0.101s] Level 1:colcon.colcon_core.package_identification:_identify(src/uros/drive_base) by extension 'python_setup_py'
[0.101s] Level 1:colcon.colcon_core.package_identification:_identify(src/uros/drive_base/drive_base_msgs) by extensions ['ignore', 'ignore_ament_install']
[0.101s] Level 1:colcon.colcon_core.package_identification:_identify(src/uros/drive_base/drive_base_msgs) by extension 'ignore'
[0.101s] Level 1:colcon.colcon_core.package_identification:_identify(src/uros/drive_base/drive_base_msgs) by extension 'ignore_ament_install'
[0.101s] Level 1:colcon.colcon_core.package_identification:_identify(src/uros/drive_base/drive_base_msgs) by extensions ['colcon_pkg']
[0.101s] Level 1:colcon.colcon_core.package_identification:_identify(src/uros/drive_base/drive_base_msgs) by extension 'colcon_pkg'
[0.101s] Level 1:colcon.colcon_core.package_identification:_identify(src/uros/drive_base/drive_base_msgs) by extensions ['colcon_meta']
[0.101s] Level 1:colcon.colcon_core.package_identification:_identify(src/uros/drive_base/drive_base_msgs) by extension 'colcon_meta'
[0.101s] Level 1:colcon.colcon_core.package_identification:_identify(src/uros/drive_base/drive_base_msgs) by extensions ['ros']
[0.101s] Level 1:colcon.colcon_core.package_identification:_identify(src/uros/drive_base/drive_base_msgs) by extension 'ros'
[0.102s] DEBUG:colcon.colcon_core.package_identification:Package 'src/uros/drive_base/drive_base_msgs' with type 'ros.ament_cmake' and name 'drive_base_msgs'
[0.102s] Level 1:colcon.colcon_core.package_identification:_identify(src/uros/micro-ROS-Agent) by extensions ['ignore', 'ignore_ament_install']
[0.102s] Level 1:colcon.colcon_core.package_identification:_identify(src/uros/micro-ROS-Agent) by extension 'ignore'
[0.102s] Level 1:colcon.colcon_core.package_identification:_identify(src/uros/micro-ROS-Agent) by extension 'ignore_ament_install'
[0.102s] Level 1:colcon.colcon_core.package_identification:_identify(src/uros/micro-ROS-Agent) by extensions ['colcon_pkg']
[0.102s] Level 1:colcon.colcon_core.package_identification:_identify(src/uros/micro-ROS-Agent) by extension 'colcon_pkg'
[0.102s] Level 1:colcon.colcon_core.package_identification:_identify(src/uros/micro-ROS-Agent) by extensions ['colcon_meta']
[0.102s] Level 1:colcon.colcon_core.package_identification:_identify(src/uros/micro-ROS-Agent) by extension 'colcon_meta'
[0.102s] Level 1:colcon.colcon_core.package_identification:_identify(src/uros/micro-ROS-Agent) by extensions ['ros']
[0.102s] Level 1:colcon.colcon_core.package_identification:_identify(src/uros/micro-ROS-Agent) by extension 'ros'
[0.102s] Level 1:colcon.colcon_core.package_identification:_identify(src/uros/micro-ROS-Agent) by extensions ['cmake', 'python']
[0.102s] Level 1:colcon.colcon_core.package_identification:_identify(src/uros/micro-ROS-Agent) by extension 'cmake'
[0.102s] Level 1:colcon.colcon_core.package_identification:_identify(src/uros/micro-ROS-Agent) by extension 'python'
[0.102s] Level 1:colcon.colcon_core.package_identification:_identify(src/uros/micro-ROS-Agent) by extensions ['python_setup_py']
[0.102s] Level 1:colcon.colcon_core.package_identification:_identify(src/uros/micro-ROS-Agent) by extension 'python_setup_py'
[0.102s] Level 1:colcon.colcon_core.package_identification:_identify(src/uros/micro-ROS-Agent/micro_ros_agent) by extensions ['ignore', 'ignore_ament_install']
[0.102s] Level 1:colcon.colcon_core.package_identification:_identify(src/uros/micro-ROS-Agent/micro_ros_agent) by extension 'ignore'
[0.102s] Level 1:colcon.colcon_core.package_identification:_identify(src/uros/micro-ROS-Agent/micro_ros_agent) by extension 'ignore_ament_install'
[0.102s] Level 1:colcon.colcon_core.package_identification:_identify(src/uros/micro-ROS-Agent/micro_ros_agent) by extensions ['colcon_pkg']
[0.102s] Level 1:colcon.colcon_core.package_identification:_identify(src/uros/micro-ROS-Agent/micro_ros_agent) by extension 'colcon_pkg'
[0.102s] Level 1:colcon.colcon_core.package_identification:_identify(src/uros/micro-ROS-Agent/micro_ros_agent) by extensions ['colcon_meta']
[0.102s] Level 1:colcon.colcon_core.package_identification:_identify(src/uros/micro-ROS-Agent/micro_ros_agent) by extension 'colcon_meta'
[0.102s] Level 1:colcon.colcon_core.package_identification:_identify(src/uros/micro-ROS-Agent/micro_ros_agent) by extensions ['ros']
[0.102s] Level 1:colcon.colcon_core.package_identification:_identify(src/uros/micro-ROS-Agent/micro_ros_agent) by extension 'ros'
[0.103s] DEBUG:colcon.colcon_core.package_identification:Package 'src/uros/micro-ROS-Agent/micro_ros_agent' with type 'ros.ament_cmake' and name 'micro_ros_agent'
[0.103s] Level 1:colcon.colcon_core.package_identification:_identify(src/uros/micro-ROS-Agent/snap) by extensions ['ignore', 'ignore_ament_install']
[0.103s] Level 1:colcon.colcon_core.package_identification:_identify(src/uros/micro-ROS-Agent/snap) by extension 'ignore'
[0.103s] Level 1:colcon.colcon_core.package_identification:_identify(src/uros/micro-ROS-Agent/snap) by extension 'ignore_ament_install'
[0.103s] Level 1:colcon.colcon_core.package_identification:_identify(src/uros/micro-ROS-Agent/snap) by extensions ['colcon_pkg']
[0.103s] Level 1:colcon.colcon_core.package_identification:_identify(src/uros/micro-ROS-Agent/snap) by extension 'colcon_pkg'
[0.103s] Level 1:colcon.colcon_core.package_identification:_identify(src/uros/micro-ROS-Agent/snap) by extensions ['colcon_meta']
[0.103s] Level 1:colcon.colcon_core.package_identification:_identify(src/uros/micro-ROS-Agent/snap) by extension 'colcon_meta'
[0.103s] Level 1:colcon.colcon_core.package_identification:_identify(src/uros/micro-ROS-Agent/snap) by extensions ['ros']
[0.103s] Level 1:colcon.colcon_core.package_identification:_identify(src/uros/micro-ROS-Agent/snap) by extension 'ros'
[0.103s] Level 1:colcon.colcon_core.package_identification:_identify(src/uros/micro-ROS-Agent/snap) by extensions ['cmake', 'python']
[0.103s] Level 1:colcon.colcon_core.package_identification:_identify(src/uros/micro-ROS-Agent/snap) by extension 'cmake'
[0.103s] Level 1:colcon.colcon_core.package_identification:_identify(src/uros/micro-ROS-Agent/snap) by extension 'python'
[0.103s] Level 1:colcon.colcon_core.package_identification:_identify(src/uros/micro-ROS-Agent/snap) by extensions ['python_setup_py']
[0.103s] Level 1:colcon.colcon_core.package_identification:_identify(src/uros/micro-ROS-Agent/snap) by extension 'python_setup_py'
[0.103s] Level 1:colcon.colcon_core.package_identification:_identify(src/uros/micro-ROS-Agent/snap/hooks) by extensions ['ignore', 'ignore_ament_install']
[0.103s] Level 1:colcon.colcon_core.package_identification:_identify(src/uros/micro-ROS-Agent/snap/hooks) by extension 'ignore'
[0.103s] Level 1:colcon.colcon_core.package_identification:_identify(src/uros/micro-ROS-Agent/snap/hooks) by extension 'ignore_ament_install'
[0.103s] Level 1:colcon.colcon_core.package_identification:_identify(src/uros/micro-ROS-Agent/snap/hooks) by extensions ['colcon_pkg']
[0.103s] Level 1:colcon.colcon_core.package_identification:_identify(src/uros/micro-ROS-Agent/snap/hooks) by extension 'colcon_pkg'
[0.103s] Level 1:colcon.colcon_core.package_identification:_identify(src/uros/micro-ROS-Agent/snap/hooks) by extensions ['colcon_meta']
[0.103s] Level 1:colcon.colcon_core.package_identification:_identify(src/uros/micro-ROS-Agent/snap/hooks) by extension 'colcon_meta'
[0.103s] Level 1:colcon.colcon_core.package_identification:_identify(src/uros/micro-ROS-Agent/snap/hooks) by extensions ['ros']
[0.103s] Level 1:colcon.colcon_core.package_identification:_identify(src/uros/micro-ROS-Agent/snap/hooks) by extension 'ros'
[0.103s] Level 1:colcon.colcon_core.package_identification:_identify(src/uros/micro-ROS-Agent/snap/hooks) by extensions ['cmake', 'python']
[0.103s] Level 1:colcon.colcon_core.package_identification:_identify(src/uros/micro-ROS-Agent/snap/hooks) by extension 'cmake'
[0.103s] Level 1:colcon.colcon_core.package_identification:_identify(src/uros/micro-ROS-Agent/snap/hooks) by extension 'python'
[0.103s] Level 1:colcon.colcon_core.package_identification:_identify(src/uros/micro-ROS-Agent/snap/hooks) by extensions ['python_setup_py']
[0.103s] Level 1:colcon.colcon_core.package_identification:_identify(src/uros/micro-ROS-Agent/snap/hooks) by extension 'python_setup_py'
[0.103s] Level 1:colcon.colcon_core.package_identification:_identify(src/uros/micro-ROS-Agent/snap/local) by extensions ['ignore', 'ignore_ament_install']
[0.104s] Level 1:colcon.colcon_core.package_identification:_identify(src/uros/micro-ROS-Agent/snap/local) by extension 'ignore'
[0.104s] Level 1:colcon.colcon_core.package_identification:_identify(src/uros/micro-ROS-Agent/snap/local) by extension 'ignore_ament_install'
[0.104s] Level 1:colcon.colcon_core.package_identification:_identify(src/uros/micro-ROS-Agent/snap/local) by extensions ['colcon_pkg']
[0.104s] Level 1:colcon.colcon_core.package_identification:_identify(src/uros/micro-ROS-Agent/snap/local) by extension 'colcon_pkg'
[0.104s] Level 1:colcon.colcon_core.package_identification:_identify(src/uros/micro-ROS-Agent/snap/local) by extensions ['colcon_meta']
[0.104s] Level 1:colcon.colcon_core.package_identification:_identify(src/uros/micro-ROS-Agent/snap/local) by extension 'colcon_meta'
[0.104s] Level 1:colcon.colcon_core.package_identification:_identify(src/uros/micro-ROS-Agent/snap/local) by extensions ['ros']
[0.104s] Level 1:colcon.colcon_core.package_identification:_identify(src/uros/micro-ROS-Agent/snap/local) by extension 'ros'
[0.104s] Level 1:colcon.colcon_core.package_identification:_identify(src/uros/micro-ROS-Agent/snap/local) by extensions ['cmake', 'python']
[0.104s] Level 1:colcon.colcon_core.package_identification:_identify(src/uros/micro-ROS-Agent/snap/local) by extension 'cmake'
[0.104s] Level 1:colcon.colcon_core.package_identification:_identify(src/uros/micro-ROS-Agent/snap/local) by extension 'python'
[0.104s] Level 1:colcon.colcon_core.package_identification:_identify(src/uros/micro-ROS-Agent/snap/local) by extensions ['python_setup_py']
[0.104s] Level 1:colcon.colcon_core.package_identification:_identify(src/uros/micro-ROS-Agent/snap/local) by extension 'python_setup_py'
[0.104s] Level 1:colcon.colcon_core.package_identification:_identify(src/uros/micro_ros_msgs) by extensions ['ignore', 'ignore_ament_install']
[0.104s] Level 1:colcon.colcon_core.package_identification:_identify(src/uros/micro_ros_msgs) by extension 'ignore'
[0.104s] Level 1:colcon.colcon_core.package_identification:_identify(src/uros/micro_ros_msgs) by extension 'ignore_ament_install'
[0.104s] Level 1:colcon.colcon_core.package_identification:_identify(src/uros/micro_ros_msgs) by extensions ['colcon_pkg']
[0.104s] Level 1:colcon.colcon_core.package_identification:_identify(src/uros/micro_ros_msgs) by extension 'colcon_pkg'
[0.104s] Level 1:colcon.colcon_core.package_identification:_identify(src/uros/micro_ros_msgs) by extensions ['colcon_meta']
[0.104s] Level 1:colcon.colcon_core.package_identification:_identify(src/uros/micro_ros_msgs) by extension 'colcon_meta'
[0.104s] Level 1:colcon.colcon_core.package_identification:_identify(src/uros/micro_ros_msgs) by extensions ['ros']
[0.104s] Level 1:colcon.colcon_core.package_identification:_identify(src/uros/micro_ros_msgs) by extension 'ros'
[0.104s] DEBUG:colcon.colcon_core.package_identification:Package 'src/uros/micro_ros_msgs' with type 'ros.ament_cmake' and name 'micro_ros_msgs'
[0.104s] Level 1:colcon.colcon_core.package_discovery:discover_packages(recursive) using defaults
[0.104s] Level 1:colcon.colcon_core.package_discovery:discover_packages(ignore) discover
[0.104s] Level 1:colcon.colcon_core.package_discovery:discover_packages(ignore) using defaults
[0.104s] Level 1:colcon.colcon_core.package_discovery:discover_packages(path) discover
[0.104s] Level 1:colcon.colcon_core.package_discovery:discover_packages(path) using defaults
[0.115s] Level 1:colcon.colcon_core.package_discovery:discover_packages(prefix_path) check parameters
[0.115s] Level 1:colcon.colcon_core.package_discovery:discover_packages(prefix_path) discover
[0.116s] DEBUG:colcon.colcon_installed_package_information.package_discovery:Found 3 installed packages in /home/ali/STM32CubeIDE/microros_ws/install
[0.117s] DEBUG:colcon.colcon_installed_package_information.package_discovery:Found 285 installed packages in /opt/ros/jazzy
[0.118s] Level 1:colcon.colcon_core.package_discovery:discover_packages(prefix_path) using defaults
[0.138s] Level 5:colcon.colcon_core.verb:set package 'drive_base_msgs' build argument 'cmake_args' from command line to 'None'
[0.138s] Level 5:colcon.colcon_core.verb:set package 'drive_base_msgs' build argument 'cmake_target' from command line to 'None'
[0.138s] Level 5:colcon.colcon_core.verb:set package 'drive_base_msgs' build argument 'cmake_target_skip_unavailable' from command line to 'False'
[0.138s] Level 5:colcon.colcon_core.verb:set package 'drive_base_msgs' build argument 'cmake_clean_cache' from command line to 'False'
[0.138s] Level 5:colcon.colcon_core.verb:set package 'drive_base_msgs' build argument 'cmake_clean_first' from command line to 'False'
[0.138s] Level 5:colcon.colcon_core.verb:set package 'drive_base_msgs' build argument 'cmake_force_configure' from command line to 'False'
[0.138s] Level 5:colcon.colcon_core.verb:set package 'drive_base_msgs' build argument 'ament_cmake_args' from command line to 'None'
[0.138s] Level 5:colcon.colcon_core.verb:set package 'drive_base_msgs' build argument 'catkin_cmake_args' from command line to 'None'
[0.138s] Level 5:colcon.colcon_core.verb:set package 'drive_base_msgs' build argument 'catkin_skip_building_tests' from command line to 'False'
[0.138s] DEBUG:colcon.colcon_core.verb:Building package 'drive_base_msgs' with the following arguments: {'ament_cmake_args': None, 'build_base': '/home/ali/STM32CubeIDE/microros_ws/build/drive_base_msgs', 'catkin_cmake_args': None, 'catkin_skip_building_tests': False, 'cmake_args': None, 'cmake_clean_cache': False, 'cmake_clean_first': False, 'cmake_force_configure': False, 'cmake_target': None, 'cmake_target_skip_unavailable': False, 'install_base': '/home/ali/STM32CubeIDE/microros_ws/install/drive_base_msgs', 'merge_install': False, 'path': '/home/ali/STM32CubeIDE/microros_ws/src/uros/drive_base/drive_base_msgs', 'symlink_install': False, 'test_result_base': None}
[0.138s] Level 5:colcon.colcon_core.verb:set package 'micro_ros_msgs' build argument 'cmake_args' from command line to 'None'
[0.138s] Level 5:colcon.colcon_core.verb:set package 'micro_ros_msgs' build argument 'cmake_target' from command line to 'None'
[0.138s] Level 5:colcon.colcon_core.verb:set package 'micro_ros_msgs' build argument 'cmake_target_skip_unavailable' from command line to 'False'
[0.138s] Level 5:colcon.colcon_core.verb:set package 'micro_ros_msgs' build argument 'cmake_clean_cache' from command line to 'False'
[0.138s] Level 5:colcon.colcon_core.verb:set package 'micro_ros_msgs' build argument 'cmake_clean_first' from command line to 'False'
[0.138s] Level 5:colcon.colcon_core.verb:set package 'micro_ros_msgs' build argument 'cmake_force_configure' from command line to 'False'
[0.138s] Level 5:colcon.colcon_core.verb:set package 'micro_ros_msgs' build argument 'ament_cmake_args' from command line to 'None'
[0.138s] Level 5:colcon.colcon_core.verb:set package 'micro_ros_msgs' build argument 'catkin_cmake_args' from command line to 'None'
[0.138s] Level 5:colcon.colcon_core.verb:set package 'micro_ros_msgs' build argument 'catkin_skip_building_tests' from command line to 'False'
[0.138s] DEBUG:colcon.colcon_core.verb:Building package 'micro_ros_msgs' with the following arguments: {'ament_cmake_args': None, 'build_base': '/home/ali/STM32CubeIDE/microros_ws/build/micro_ros_msgs', 'catkin_cmake_args': None, 'catkin_skip_building_tests': False, 'cmake_args': None, 'cmake_clean_cache': False, 'cmake_clean_first': False, 'cmake_force_configure': False, 'cmake_target': None, 'cmake_target_skip_unavailable': False, 'install_base': '/home/ali/STM32CubeIDE/microros_ws/install/micro_ros_msgs', 'merge_install': False, 'path': '/home/ali/STM32CubeIDE/microros_ws/src/uros/micro_ros_msgs', 'symlink_install': False, 'test_result_base': None}
[0.138s] Level 5:colcon.colcon_core.verb:set package 'micro_ros_setup' build argument 'cmake_args' from command line to 'None'
[0.138s] Level 5:colcon.colcon_core.verb:set package 'micro_ros_setup' build argument 'cmake_target' from command line to 'None'
[0.138s] Level 5:colcon.colcon_core.verb:set package 'micro_ros_setup' build argument 'cmake_target_skip_unavailable' from command line to 'False'
[0.138s] Level 5:colcon.colcon_core.verb:set package 'micro_ros_setup' build argument 'cmake_clean_cache' from command line to 'False'
[0.138s] Level 5:colcon.colcon_core.verb:set package 'micro_ros_setup' build argument 'cmake_clean_first' from command line to 'False'
[0.138s] Level 5:colcon.colcon_core.verb:set package 'micro_ros_setup' build argument 'cmake_force_configure' from command line to 'False'
[0.138s] Level 5:colcon.colcon_core.verb:set package 'micro_ros_setup' build argument 'ament_cmake_args' from command line to 'None'
[0.138s] Level 5:colcon.colcon_core.verb:set package 'micro_ros_setup' build argument 'catkin_cmake_args' from command line to 'None'
[0.138s] Level 5:colcon.colcon_core.verb:set package 'micro_ros_setup' build argument 'catkin_skip_building_tests' from command line to 'False'
[0.139s] DEBUG:colcon.colcon_core.verb:Building package 'micro_ros_setup' with the following arguments: {'ament_cmake_args': None, 'build_base': '/home/ali/STM32CubeIDE/microros_ws/build/micro_ros_setup', 'catkin_cmake_args': None, 'catkin_skip_building_tests': False, 'cmake_args': None, 'cmake_clean_cache': False, 'cmake_clean_first': False, 'cmake_force_configure': False, 'cmake_target': None, 'cmake_target_skip_unavailable': False, 'install_base': '/home/ali/STM32CubeIDE/microros_ws/install/micro_ros_setup', 'merge_install': False, 'path': '/home/ali/STM32CubeIDE/microros_ws/src/micro_ros_setup', 'symlink_install': False, 'test_result_base': None}
[0.139s] Level 5:colcon.colcon_core.verb:set package 'micro_ros_agent' build argument 'cmake_args' from command line to 'None'
[0.139s] Level 5:colcon.colcon_core.verb:set package 'micro_ros_agent' build argument 'cmake_target' from command line to 'None'
[0.139s] Level 5:colcon.colcon_core.verb:set package 'micro_ros_agent' build argument 'cmake_target_skip_unavailable' from command line to 'False'
[0.139s] Level 5:colcon.colcon_core.verb:set package 'micro_ros_agent' build argument 'cmake_clean_cache' from command line to 'False'
[0.139s] Level 5:colcon.colcon_core.verb:set package 'micro_ros_agent' build argument 'cmake_clean_first' from command line to 'False'
[0.139s] Level 5:colcon.colcon_core.verb:set package 'micro_ros_agent' build argument 'cmake_force_configure' from command line to 'False'
[0.139s] Level 5:colcon.colcon_core.verb:set package 'micro_ros_agent' build argument 'ament_cmake_args' from command line to 'None'
[0.139s] Level 5:colcon.colcon_core.verb:set package 'micro_ros_agent' build argument 'catkin_cmake_args' from command line to 'None'
[0.139s] Level 5:colcon.colcon_core.verb:set package 'micro_ros_agent' build argument 'catkin_skip_building_tests' from command line to 'False'
[0.139s] DEBUG:colcon.colcon_core.verb:Building package 'micro_ros_agent' with the following arguments: {'ament_cmake_args': None, 'build_base': '/home/ali/STM32CubeIDE/microros_ws/build/micro_ros_agent', 'catkin_cmake_args': None, 'catkin_skip_building_tests': False, 'cmake_args': None, 'cmake_clean_cache': False, 'cmake_clean_first': False, 'cmake_force_configure': False, 'cmake_target': None, 'cmake_target_skip_unavailable': False, 'install_base': '/home/ali/STM32CubeIDE/microros_ws/install/micro_ros_agent', 'merge_install': False, 'path': '/home/ali/STM32CubeIDE/microros_ws/src/uros/micro-ROS-Agent/micro_ros_agent', 'symlink_install': False, 'test_result_base': None}
[0.139s] INFO:colcon.colcon_core.executor:Executing jobs using 'parallel' executor
[0.139s] DEBUG:colcon.colcon_parallel_executor.executor.parallel:run_until_complete
[0.140s] INFO:colcon.colcon_ros.task.ament_cmake.build:Building ROS package in '/home/ali/STM32CubeIDE/microros_ws/src/uros/micro_ros_msgs' with build type 'ament_cmake'
[0.140s] INFO:colcon.colcon_cmake.task.cmake.build:Building CMake package in '/home/ali/STM32CubeIDE/microros_ws/src/uros/micro_ros_msgs'
[0.141s] INFO:colcon.colcon_core.plugin_system:Skipping extension 'colcon_core.shell.bat': Not used on non-Windows systems
[0.141s] INFO:colcon.colcon_core.shell:Skip shell extension 'powershell' for command environment: Not usable outside of PowerShell
[0.141s] DEBUG:colcon.colcon_core.shell:Skip shell extension 'dsv' for command environment
[0.143s] INFO:colcon.colcon_ros.task.ament_cmake.build:Building ROS package in '/home/ali/STM32CubeIDE/microros_ws/src/uros/drive_base/drive_base_msgs' with build type 'ament_cmake'
[0.143s] INFO:colcon.colcon_cmake.task.cmake.build:Building CMake package in '/home/ali/STM32CubeIDE/microros_ws/src/uros/drive_base/drive_base_msgs'
[0.143s] INFO:colcon.colcon_core.shell:Skip shell extension 'powershell' for command environment: Not usable outside of PowerShell
[0.143s] DEBUG:colcon.colcon_core.shell:Skip shell extension 'dsv' for command environment
[0.145s] INFO:colcon.colcon_ros.task.ament_cmake.build:Building ROS package in '/home/ali/STM32CubeIDE/microros_ws/src/micro_ros_setup' with build type 'ament_cmake'
[0.145s] INFO:colcon.colcon_cmake.task.cmake.build:Building CMake package in '/home/ali/STM32CubeIDE/microros_ws/src/micro_ros_setup'
[0.145s] INFO:colcon.colcon_core.shell:Skip shell extension 'powershell' for command environment: Not usable outside of PowerShell
[0.145s] DEBUG:colcon.colcon_core.shell:Skip shell extension 'dsv' for command environment
[0.149s] DEBUG:colcon.colcon_core.event_handler.log_command:Invoking command in '/home/ali/STM32CubeIDE/microros_ws/build/micro_ros_msgs': CMAKE_PREFIX_PATH=${CMAKE_PREFIX_PATH}:/opt/ros/jazzy DEBUGINFOD_URLS=https://debuginfod.ubuntu.com /usr/bin/cmake /home/ali/STM32CubeIDE/microros_ws/src/uros/micro_ros_msgs -DCMAKE_INSTALL_PREFIX=/home/ali/STM32CubeIDE/microros_ws/install/micro_ros_msgs
[0.151s] DEBUG:colcon.colcon_core.event_handler.log_command:Invoking command in '/home/ali/STM32CubeIDE/microros_ws/build/drive_base_msgs': CMAKE_PREFIX_PATH=${CMAKE_PREFIX_PATH}:/opt/ros/jazzy DEBUGINFOD_URLS=https://debuginfod.ubuntu.com /usr/bin/cmake /home/ali/STM32CubeIDE/microros_ws/src/uros/drive_base/drive_base_msgs -DCMAKE_INSTALL_PREFIX=/home/ali/STM32CubeIDE/microros_ws/install/drive_base_msgs
[0.153s] DEBUG:colcon.colcon_core.event_handler.log_command:Invoking command in '/home/ali/STM32CubeIDE/microros_ws/build/micro_ros_setup': CMAKE_PREFIX_PATH=${CMAKE_PREFIX_PATH}:/opt/ros/jazzy DEBUGINFOD_URLS=https://debuginfod.ubuntu.com /usr/bin/cmake --build /home/ali/STM32CubeIDE/microros_ws/build/micro_ros_setup -- -j20 -l20
[0.182s] DEBUG:colcon.colcon_core.event_handler.log_command:Invoked command in '/home/ali/STM32CubeIDE/microros_ws/build/micro_ros_setup' returned '0': CMAKE_PREFIX_PATH=${CMAKE_PREFIX_PATH}:/opt/ros/jazzy DEBUGINFOD_URLS=https://debuginfod.ubuntu.com /usr/bin/cmake --build /home/ali/STM32CubeIDE/microros_ws/build/micro_ros_setup -- -j20 -l20
[0.190s] DEBUG:colcon.colcon_core.event_handler.log_command:Invoking command in '/home/ali/STM32CubeIDE/microros_ws/build/micro_ros_setup': CMAKE_PREFIX_PATH=${CMAKE_PREFIX_PATH}:/opt/ros/jazzy DEBUGINFOD_URLS=https://debuginfod.ubuntu.com /usr/bin/cmake --install /home/ali/STM32CubeIDE/microros_ws/build/micro_ros_setup
[0.199s] Level 1:colcon.colcon_core.environment:create_environment_scripts_only(micro_ros_setup)
[0.202s] DEBUG:colcon.colcon_core.event_handler.log_command:Invoked command in '/home/ali/STM32CubeIDE/microros_ws/build/micro_ros_setup' returned '0': CMAKE_PREFIX_PATH=${CMAKE_PREFIX_PATH}:/opt/ros/jazzy DEBUGINFOD_URLS=https://debuginfod.ubuntu.com /usr/bin/cmake --install /home/ali/STM32CubeIDE/microros_ws/build/micro_ros_setup
[0.204s] Level 1:colcon.colcon_core.environment:checking '/home/ali/STM32CubeIDE/microros_ws/install/micro_ros_setup' for CMake module files
[0.204s] Level 1:colcon.colcon_core.environment:checking '/home/ali/STM32CubeIDE/microros_ws/install/micro_ros_setup' for CMake config files
[0.205s] Level 1:colcon.colcon_core.shell:create_environment_hook('micro_ros_setup', 'cmake_prefix_path')
[0.205s] INFO:colcon.colcon_core.shell:Creating environment hook '/home/ali/STM32CubeIDE/microros_ws/install/micro_ros_setup/share/micro_ros_setup/hook/cmake_prefix_path.ps1'
[0.205s] INFO:colcon.colcon_core.shell:Creating environment descriptor '/home/ali/STM32CubeIDE/microros_ws/install/micro_ros_setup/share/micro_ros_setup/hook/cmake_prefix_path.dsv'
[0.205s] INFO:colcon.colcon_core.shell:Creating environment hook '/home/ali/STM32CubeIDE/microros_ws/install/micro_ros_setup/share/micro_ros_setup/hook/cmake_prefix_path.sh'
[0.206s] Level 1:colcon.colcon_core.environment:checking '/home/ali/STM32CubeIDE/microros_ws/install/micro_ros_setup/lib'
[0.206s] Level 1:colcon.colcon_core.environment:checking '/home/ali/STM32CubeIDE/microros_ws/install/micro_ros_setup/bin'
[0.206s] Level 1:colcon.colcon_core.environment:checking '/home/ali/STM32CubeIDE/microros_ws/install/micro_ros_setup/lib/pkgconfig/micro_ros_setup.pc'
[0.206s] Level 1:colcon.colcon_core.environment:checking '/home/ali/STM32CubeIDE/microros_ws/install/micro_ros_setup/lib/python3.12/site-packages'
[0.206s] Level 1:colcon.colcon_core.environment:checking '/home/ali/STM32CubeIDE/microros_ws/install/micro_ros_setup/bin'
[0.206s] INFO:colcon.colcon_core.shell:Creating package script '/home/ali/STM32CubeIDE/microros_ws/install/micro_ros_setup/share/micro_ros_setup/package.ps1'
[0.207s] INFO:colcon.colcon_core.shell:Creating package descriptor '/home/ali/STM32CubeIDE/microros_ws/install/micro_ros_setup/share/micro_ros_setup/package.dsv'
[0.207s] INFO:colcon.colcon_core.shell:Creating package script '/home/ali/STM32CubeIDE/microros_ws/install/micro_ros_setup/share/micro_ros_setup/package.sh'
[0.207s] INFO:colcon.colcon_core.shell:Creating package script '/home/ali/STM32CubeIDE/microros_ws/install/micro_ros_setup/share/micro_ros_setup/package.bash'
[0.208s] INFO:colcon.colcon_core.shell:Creating package script '/home/ali/STM32CubeIDE/microros_ws/install/micro_ros_setup/share/micro_ros_setup/package.zsh'
[0.208s] Level 1:colcon.colcon_core.environment:create_file_with_runtime_dependencies(/home/ali/STM32CubeIDE/microros_ws/install/micro_ros_setup/share/colcon-core/packages/micro_ros_setup)
[0.208s] Level 1:colcon.colcon_core.environment:create_environment_scripts_only(micro_ros_setup)
[0.208s] Level 1:colcon.colcon_core.environment:checking '/home/ali/STM32CubeIDE/microros_ws/install/micro_ros_setup' for CMake module files
[0.209s] Level 1:colcon.colcon_core.environment:checking '/home/ali/STM32CubeIDE/microros_ws/install/micro_ros_setup' for CMake config files
[0.209s] Level 1:colcon.colcon_core.shell:create_environment_hook('micro_ros_setup', 'cmake_prefix_path')
[0.209s] INFO:colcon.colcon_core.shell:Creating environment hook '/home/ali/STM32CubeIDE/microros_ws/install/micro_ros_setup/share/micro_ros_setup/hook/cmake_prefix_path.ps1'
[0.209s] INFO:colcon.colcon_core.shell:Creating environment descriptor '/home/ali/STM32CubeIDE/microros_ws/install/micro_ros_setup/share/micro_ros_setup/hook/cmake_prefix_path.dsv'
[0.209s] INFO:colcon.colcon_core.shell:Creating environment hook '/home/ali/STM32CubeIDE/microros_ws/install/micro_ros_setup/share/micro_ros_setup/hook/cmake_prefix_path.sh'
[0.210s] Level 1:colcon.colcon_core.environment:checking '/home/ali/STM32CubeIDE/microros_ws/install/micro_ros_setup/lib'
[0.210s] Level 1:colcon.colcon_core.environment:checking '/home/ali/STM32CubeIDE/microros_ws/install/micro_ros_setup/bin'
[0.210s] Level 1:colcon.colcon_core.environment:checking '/home/ali/STM32CubeIDE/microros_ws/install/micro_ros_setup/lib/pkgconfig/micro_ros_setup.pc'
[0.210s] Level 1:colcon.colcon_core.environment:checking '/home/ali/STM32CubeIDE/microros_ws/install/micro_ros_setup/lib/python3.12/site-packages'
[0.210s] Level 1:colcon.colcon_core.environment:checking '/home/ali/STM32CubeIDE/microros_ws/install/micro_ros_setup/bin'
[0.210s] INFO:colcon.colcon_core.shell:Creating package script '/home/ali/STM32CubeIDE/microros_ws/install/micro_ros_setup/share/micro_ros_setup/package.ps1'
[0.210s] INFO:colcon.colcon_core.shell:Creating package descriptor '/home/ali/STM32CubeIDE/microros_ws/install/micro_ros_setup/share/micro_ros_setup/package.dsv'
[0.210s] INFO:colcon.colcon_core.shell:Creating package script '/home/ali/STM32CubeIDE/microros_ws/install/micro_ros_setup/share/micro_ros_setup/package.sh'
[0.211s] INFO:colcon.colcon_core.shell:Creating package script '/home/ali/STM32CubeIDE/microros_ws/install/micro_ros_setup/share/micro_ros_setup/package.bash'
[0.211s] INFO:colcon.colcon_core.shell:Creating package script '/home/ali/STM32CubeIDE/microros_ws/install/micro_ros_setup/share/micro_ros_setup/package.zsh'
[0.211s] Level 1:colcon.colcon_core.environment:create_file_with_runtime_dependencies(/home/ali/STM32CubeIDE/microros_ws/install/micro_ros_setup/share/colcon-core/packages/micro_ros_setup)
[0.821s] DEBUG:colcon.colcon_core.event_handler.log_command:Invoked command in '/home/ali/STM32CubeIDE/microros_ws/build/micro_ros_msgs' returned '0': CMAKE_PREFIX_PATH=${CMAKE_PREFIX_PATH}:/opt/ros/jazzy DEBUGINFOD_URLS=https://debuginfod.ubuntu.com /usr/bin/cmake /home/ali/STM32CubeIDE/microros_ws/src/uros/micro_ros_msgs -DCMAKE_INSTALL_PREFIX=/home/ali/STM32CubeIDE/microros_ws/install/micro_ros_msgs
[0.822s] DEBUG:colcon.colcon_core.event_handler.log_command:Invoking command in '/home/ali/STM32CubeIDE/microros_ws/build/micro_ros_msgs': CMAKE_PREFIX_PATH=${CMAKE_PREFIX_PATH}:/opt/ros/jazzy DEBUGINFOD_URLS=https://debuginfod.ubuntu.com /usr/bin/cmake --build /home/ali/STM32CubeIDE/microros_ws/build/micro_ros_msgs -- -j20 -l20
[1.082s] DEBUG:colcon.colcon_core.event_handler.log_command:Invoked command in '/home/ali/STM32CubeIDE/microros_ws/build/micro_ros_msgs' returned '0': CMAKE_PREFIX_PATH=${CMAKE_PREFIX_PATH}:/opt/ros/jazzy DEBUGINFOD_URLS=https://debuginfod.ubuntu.com /usr/bin/cmake --build /home/ali/STM32CubeIDE/microros_ws/build/micro_ros_msgs -- -j20 -l20
[1.083s] DEBUG:colcon.colcon_core.event_handler.log_command:Invoking command in '/home/ali/STM32CubeIDE/microros_ws/build/micro_ros_msgs': CMAKE_PREFIX_PATH=${CMAKE_PREFIX_PATH}:/opt/ros/jazzy DEBUGINFOD_URLS=https://debuginfod.ubuntu.com /usr/bin/cmake --install /home/ali/STM32CubeIDE/microros_ws/build/micro_ros_msgs
[1.122s] Level 1:colcon.colcon_core.environment:create_environment_scripts_only(micro_ros_msgs)
[1.122s] DEBUG:colcon.colcon_core.event_handler.log_command:Invoked command in '/home/ali/STM32CubeIDE/microros_ws/build/micro_ros_msgs' returned '0': CMAKE_PREFIX_PATH=${CMAKE_PREFIX_PATH}:/opt/ros/jazzy DEBUGINFOD_URLS=https://debuginfod.ubuntu.com /usr/bin/cmake --install /home/ali/STM32CubeIDE/microros_ws/build/micro_ros_msgs
[1.123s] Level 1:colcon.colcon_core.environment:checking '/home/ali/STM32CubeIDE/microros_ws/install/micro_ros_msgs' for CMake module files
[1.123s] Level 1:colcon.colcon_core.environment:checking '/home/ali/STM32CubeIDE/microros_ws/install/micro_ros_msgs' for CMake config files
[1.123s] Level 1:colcon.colcon_core.shell:create_environment_hook('micro_ros_msgs', 'cmake_prefix_path')
[1.123s] INFO:colcon.colcon_core.shell:Creating environment hook '/home/ali/STM32CubeIDE/microros_ws/install/micro_ros_msgs/share/micro_ros_msgs/hook/cmake_prefix_path.ps1'
[1.124s] INFO:colcon.colcon_core.shell:Creating environment descriptor '/home/ali/STM32CubeIDE/microros_ws/install/micro_ros_msgs/share/micro_ros_msgs/hook/cmake_prefix_path.dsv'
[1.124s] INFO:colcon.colcon_core.shell:Creating environment hook '/home/ali/STM32CubeIDE/microros_ws/install/micro_ros_msgs/share/micro_ros_msgs/hook/cmake_prefix_path.sh'
[1.124s] Level 1:colcon.colcon_core.environment:checking '/home/ali/STM32CubeIDE/microros_ws/install/micro_ros_msgs/lib'
[1.124s] Level 1:colcon.colcon_core.shell:create_environment_hook('micro_ros_msgs', 'ld_library_path_lib')
[1.124s] INFO:colcon.colcon_core.shell:Creating environment hook '/home/ali/STM32CubeIDE/microros_ws/install/micro_ros_msgs/share/micro_ros_msgs/hook/ld_library_path_lib.ps1'
[1.124s] INFO:colcon.colcon_core.shell:Creating environment descriptor '/home/ali/STM32CubeIDE/microros_ws/install/micro_ros_msgs/share/micro_ros_msgs/hook/ld_library_path_lib.dsv'
[1.125s] INFO:colcon.colcon_core.shell:Creating environment hook '/home/ali/STM32CubeIDE/microros_ws/install/micro_ros_msgs/share/micro_ros_msgs/hook/ld_library_path_lib.sh'
[1.125s] Level 1:colcon.colcon_core.environment:checking '/home/ali/STM32CubeIDE/microros_ws/install/micro_ros_msgs/bin'
[1.125s] Level 1:colcon.colcon_core.environment:checking '/home/ali/STM32CubeIDE/microros_ws/install/micro_ros_msgs/lib/pkgconfig/micro_ros_msgs.pc'
[1.125s] Level 1:colcon.colcon_core.environment:checking '/home/ali/STM32CubeIDE/microros_ws/install/micro_ros_msgs/lib/python3.12/site-packages'
[1.125s] Level 1:colcon.colcon_core.shell:create_environment_hook('micro_ros_msgs', 'pythonpath')
[1.125s] INFO:colcon.colcon_core.shell:Creating environment hook '/home/ali/STM32CubeIDE/microros_ws/install/micro_ros_msgs/share/micro_ros_msgs/hook/pythonpath.ps1'
[1.125s] INFO:colcon.colcon_core.shell:Creating environment descriptor '/home/ali/STM32CubeIDE/microros_ws/install/micro_ros_msgs/share/micro_ros_msgs/hook/pythonpath.dsv'
[1.125s] INFO:colcon.colcon_core.shell:Creating environment hook '/home/ali/STM32CubeIDE/microros_ws/install/micro_ros_msgs/share/micro_ros_msgs/hook/pythonpath.sh'
[1.126s] Level 1:colcon.colcon_core.environment:checking '/home/ali/STM32CubeIDE/microros_ws/install/micro_ros_msgs/bin'
[1.126s] INFO:colcon.colcon_core.shell:Creating package script '/home/ali/STM32CubeIDE/microros_ws/install/micro_ros_msgs/share/micro_ros_msgs/package.ps1'
[1.126s] INFO:colcon.colcon_core.shell:Creating package descriptor '/home/ali/STM32CubeIDE/microros_ws/install/micro_ros_msgs/share/micro_ros_msgs/package.dsv'
[1.126s] INFO:colcon.colcon_core.shell:Creating package script '/home/ali/STM32CubeIDE/microros_ws/install/micro_ros_msgs/share/micro_ros_msgs/package.sh'
[1.127s] INFO:colcon.colcon_core.shell:Creating package script '/home/ali/STM32CubeIDE/microros_ws/install/micro_ros_msgs/share/micro_ros_msgs/package.bash'
[1.127s] INFO:colcon.colcon_core.shell:Creating package script '/home/ali/STM32CubeIDE/microros_ws/install/micro_ros_msgs/share/micro_ros_msgs/package.zsh'
[1.127s] Level 1:colcon.colcon_core.environment:create_file_with_runtime_dependencies(/home/ali/STM32CubeIDE/microros_ws/install/micro_ros_msgs/share/colcon-core/packages/micro_ros_msgs)
[1.127s] Level 1:colcon.colcon_core.environment:create_environment_scripts_only(micro_ros_msgs)
[1.127s] Level 1:colcon.colcon_core.environment:checking '/home/ali/STM32CubeIDE/microros_ws/install/micro_ros_msgs' for CMake module files
[1.128s] Level 1:colcon.colcon_core.environment:checking '/home/ali/STM32CubeIDE/microros_ws/install/micro_ros_msgs' for CMake config files
[1.128s] Level 1:colcon.colcon_core.shell:create_environment_hook('micro_ros_msgs', 'cmake_prefix_path')
[1.128s] INFO:colcon.colcon_core.shell:Creating environment hook '/home/ali/STM32CubeIDE/microros_ws/install/micro_ros_msgs/share/micro_ros_msgs/hook/cmake_prefix_path.ps1'
[1.128s] INFO:colcon.colcon_core.shell:Creating environment descriptor '/home/ali/STM32CubeIDE/microros_ws/install/micro_ros_msgs/share/micro_ros_msgs/hook/cmake_prefix_path.dsv'
[1.128s] INFO:colcon.colcon_core.shell:Creating environment hook '/home/ali/STM32CubeIDE/microros_ws/install/micro_ros_msgs/share/micro_ros_msgs/hook/cmake_prefix_path.sh'
[1.128s] Level 1:colcon.colcon_core.environment:checking '/home/ali/STM32CubeIDE/microros_ws/install/micro_ros_msgs/lib'
[1.128s] Level 1:colcon.colcon_core.shell:create_environment_hook('micro_ros_msgs', 'ld_library_path_lib')
[1.129s] INFO:colcon.colcon_core.shell:Creating environment hook '/home/ali/STM32CubeIDE/microros_ws/install/micro_ros_msgs/share/micro_ros_msgs/hook/ld_library_path_lib.ps1'
[1.129s] INFO:colcon.colcon_core.shell:Creating environment descriptor '/home/ali/STM32CubeIDE/microros_ws/install/micro_ros_msgs/share/micro_ros_msgs/hook/ld_library_path_lib.dsv'
[1.129s] INFO:colcon.colcon_core.shell:Creating environment hook '/home/ali/STM32CubeIDE/microros_ws/install/micro_ros_msgs/share/micro_ros_msgs/hook/ld_library_path_lib.sh'
[1.129s] Level 1:colcon.colcon_core.environment:checking '/home/ali/STM32CubeIDE/microros_ws/install/micro_ros_msgs/bin'
[1.129s] Level 1:colcon.colcon_core.environment:checking '/home/ali/STM32CubeIDE/microros_ws/install/micro_ros_msgs/lib/pkgconfig/micro_ros_msgs.pc'
[1.129s] Level 1:colcon.colcon_core.environment:checking '/home/ali/STM32CubeIDE/microros_ws/install/micro_ros_msgs/lib/python3.12/site-packages'
[1.129s] Level 1:colcon.colcon_core.shell:create_environment_hook('micro_ros_msgs', 'pythonpath')
[1.129s] INFO:colcon.colcon_core.shell:Creating environment hook '/home/ali/STM32CubeIDE/microros_ws/install/micro_ros_msgs/share/micro_ros_msgs/hook/pythonpath.ps1'
[1.130s] INFO:colcon.colcon_core.shell:Creating environment descriptor '/home/ali/STM32CubeIDE/microros_ws/install/micro_ros_msgs/share/micro_ros_msgs/hook/pythonpath.dsv'
[1.130s] INFO:colcon.colcon_core.shell:Creating environment hook '/home/ali/STM32CubeIDE/microros_ws/install/micro_ros_msgs/share/micro_ros_msgs/hook/pythonpath.sh'
[1.130s] Level 1:colcon.colcon_core.environment:checking '/home/ali/STM32CubeIDE/microros_ws/install/micro_ros_msgs/bin'
[1.130s] INFO:colcon.colcon_core.shell:Creating package script '/home/ali/STM32CubeIDE/microros_ws/install/micro_ros_msgs/share/micro_ros_msgs/package.ps1'
[1.130s] INFO:colcon.colcon_core.shell:Creating package descriptor '/home/ali/STM32CubeIDE/microros_ws/install/micro_ros_msgs/share/micro_ros_msgs/package.dsv'
[1.131s] INFO:colcon.colcon_core.shell:Creating package script '/home/ali/STM32CubeIDE/microros_ws/install/micro_ros_msgs/share/micro_ros_msgs/package.sh'
[1.131s] INFO:colcon.colcon_core.shell:Creating package script '/home/ali/STM32CubeIDE/microros_ws/install/micro_ros_msgs/share/micro_ros_msgs/package.bash'
[1.131s] INFO:colcon.colcon_core.shell:Creating package script '/home/ali/STM32CubeIDE/microros_ws/install/micro_ros_msgs/share/micro_ros_msgs/package.zsh'
[1.131s] Level 1:colcon.colcon_core.environment:create_file_with_runtime_dependencies(/home/ali/STM32CubeIDE/microros_ws/install/micro_ros_msgs/share/colcon-core/packages/micro_ros_msgs)
[1.131s] INFO:colcon.colcon_ros.task.ament_cmake.build:Building ROS package in '/home/ali/STM32CubeIDE/microros_ws/src/uros/micro-ROS-Agent/micro_ros_agent' with build type 'ament_cmake'
[1.131s] INFO:colcon.colcon_cmake.task.cmake.build:Building CMake package in '/home/ali/STM32CubeIDE/microros_ws/src/uros/micro-ROS-Agent/micro_ros_agent'
[1.131s] INFO:colcon.colcon_core.shell:Skip shell extension 'powershell' for command environment: Not usable outside of PowerShell
[1.131s] DEBUG:colcon.colcon_core.shell:Skip shell extension 'dsv' for command environment
[1.137s] DEBUG:colcon.colcon_core.event_handler.log_command:Invoking command in '/home/ali/STM32CubeIDE/microros_ws/build/micro_ros_agent': CMAKE_PREFIX_PATH=/home/ali/STM32CubeIDE/microros_ws/install/micro_ros_msgs:/home/ali/STM32CubeIDE/microros_ws/install/micro_ros_agent:/home/ali/STM32CubeIDE/microros_ws/install/micro_ros_setup:/opt/ros/jazzy/opt/gz_math_vendor:/opt/ros/jazzy/opt/gz_utils_vendor:/opt/ros/jazzy/opt/gz_cmake_vendor:/opt/ros/jazzy DEBUGINFOD_URLS=https://debuginfod.ubuntu.com LD_LIBRARY_PATH=/home/ali/STM32CubeIDE/microros_ws/install/micro_ros_msgs/lib:/home/ali/STM32CubeIDE/microros_ws/install/micro_ros_agent/lib:/usr/local/cuda/lib64:/opt/ros/jazzy/opt/rviz_ogre_vendor/lib:/opt/ros/jazzy/lib/x86_64-linux-gnu:/opt/ros/jazzy/opt/gz_math_vendor/lib:/opt/ros/jazzy/opt/gz_utils_vendor/lib:/opt/ros/jazzy/opt/gz_cmake_vendor/lib:/opt/ros/jazzy/lib /usr/bin/cmake /home/ali/STM32CubeIDE/microros_ws/src/uros/micro-ROS-Agent/micro_ros_agent -DCMAKE_INSTALL_PREFIX=/home/ali/STM32CubeIDE/microros_ws/install/micro_ros_agent
[1.441s] DEBUG:colcon.colcon_core.event_handler.log_command:Invoked command in '/home/ali/STM32CubeIDE/microros_ws/build/micro_ros_agent' returned '0': CMAKE_PREFIX_PATH=/home/ali/STM32CubeIDE/microros_ws/install/micro_ros_msgs:/home/ali/STM32CubeIDE/microros_ws/install/micro_ros_agent:/home/ali/STM32CubeIDE/microros_ws/install/micro_ros_setup:/opt/ros/jazzy/opt/gz_math_vendor:/opt/ros/jazzy/opt/gz_utils_vendor:/opt/ros/jazzy/opt/gz_cmake_vendor:/opt/ros/jazzy DEBUGINFOD_URLS=https://debuginfod.ubuntu.com LD_LIBRARY_PATH=/home/ali/STM32CubeIDE/microros_ws/install/micro_ros_msgs/lib:/home/ali/STM32CubeIDE/microros_ws/install/micro_ros_agent/lib:/usr/local/cuda/lib64:/opt/ros/jazzy/opt/rviz_ogre_vendor/lib:/opt/ros/jazzy/lib/x86_64-linux-gnu:/opt/ros/jazzy/opt/gz_math_vendor/lib:/opt/ros/jazzy/opt/gz_utils_vendor/lib:/opt/ros/jazzy/opt/gz_cmake_vendor/lib:/opt/ros/jazzy/lib /usr/bin/cmake /home/ali/STM32CubeIDE/microros_ws/src/uros/micro-ROS-Agent/micro_ros_agent -DCMAKE_INSTALL_PREFIX=/home/ali/STM32CubeIDE/microros_ws/install/micro_ros_agent
[1.442s] DEBUG:colcon.colcon_core.event_handler.log_command:Invoking command in '/home/ali/STM32CubeIDE/microros_ws/build/micro_ros_agent': CMAKE_PREFIX_PATH=/home/ali/STM32CubeIDE/microros_ws/install/micro_ros_msgs:/home/ali/STM32CubeIDE/microros_ws/install/micro_ros_agent:/home/ali/STM32CubeIDE/microros_ws/install/micro_ros_setup:/opt/ros/jazzy/opt/gz_math_vendor:/opt/ros/jazzy/opt/gz_utils_vendor:/opt/ros/jazzy/opt/gz_cmake_vendor:/opt/ros/jazzy DEBUGINFOD_URLS=https://debuginfod.ubuntu.com LD_LIBRARY_PATH=/home/ali/STM32CubeIDE/microros_ws/install/micro_ros_msgs/lib:/home/ali/STM32CubeIDE/microros_ws/install/micro_ros_agent/lib:/usr/local/cuda/lib64:/opt/ros/jazzy/opt/rviz_ogre_vendor/lib:/opt/ros/jazzy/lib/x86_64-linux-gnu:/opt/ros/jazzy/opt/gz_math_vendor/lib:/opt/ros/jazzy/opt/gz_utils_vendor/lib:/opt/ros/jazzy/opt/gz_cmake_vendor/lib:/opt/ros/jazzy/lib /usr/bin/cmake --build /home/ali/STM32CubeIDE/microros_ws/build/micro_ros_agent -- -j20 -l20
[1.495s] DEBUG:colcon.colcon_core.event_handler.log_command:Invoked command in '/home/ali/STM32CubeIDE/microros_ws/build/micro_ros_agent' returned '0': CMAKE_PREFIX_PATH=/home/ali/STM32CubeIDE/microros_ws/install/micro_ros_msgs:/home/ali/STM32CubeIDE/microros_ws/install/micro_ros_agent:/home/ali/STM32CubeIDE/microros_ws/install/micro_ros_setup:/opt/ros/jazzy/opt/gz_math_vendor:/opt/ros/jazzy/opt/gz_utils_vendor:/opt/ros/jazzy/opt/gz_cmake_vendor:/opt/ros/jazzy DEBUGINFOD_URLS=https://debuginfod.ubuntu.com LD_LIBRARY_PATH=/home/ali/STM32CubeIDE/microros_ws/install/micro_ros_msgs/lib:/home/ali/STM32CubeIDE/microros_ws/install/micro_ros_agent/lib:/usr/local/cuda/lib64:/opt/ros/jazzy/opt/rviz_ogre_vendor/lib:/opt/ros/jazzy/lib/x86_64-linux-gnu:/opt/ros/jazzy/opt/gz_math_vendor/lib:/opt/ros/jazzy/opt/gz_utils_vendor/lib:/opt/ros/jazzy/opt/gz_cmake_vendor/lib:/opt/ros/jazzy/lib /usr/bin/cmake --build /home/ali/STM32CubeIDE/microros_ws/build/micro_ros_agent -- -j20 -l20
[1.495s] DEBUG:colcon.colcon_core.event_handler.log_command:Invoking command in '/home/ali/STM32CubeIDE/microros_ws/build/micro_ros_agent': CMAKE_PREFIX_PATH=/home/ali/STM32CubeIDE/microros_ws/install/micro_ros_msgs:/home/ali/STM32CubeIDE/microros_ws/install/micro_ros_agent:/home/ali/STM32CubeIDE/microros_ws/install/micro_ros_setup:/opt/ros/jazzy/opt/gz_math_vendor:/opt/ros/jazzy/opt/gz_utils_vendor:/opt/ros/jazzy/opt/gz_cmake_vendor:/opt/ros/jazzy DEBUGINFOD_URLS=https://debuginfod.ubuntu.com LD_LIBRARY_PATH=/home/ali/STM32CubeIDE/microros_ws/install/micro_ros_msgs/lib:/home/ali/STM32CubeIDE/microros_ws/install/micro_ros_agent/lib:/usr/local/cuda/lib64:/opt/ros/jazzy/opt/rviz_ogre_vendor/lib:/opt/ros/jazzy/lib/x86_64-linux-gnu:/opt/ros/jazzy/opt/gz_math_vendor/lib:/opt/ros/jazzy/opt/gz_utils_vendor/lib:/opt/ros/jazzy/opt/gz_cmake_vendor/lib:/opt/ros/jazzy/lib /usr/bin/cmake --install /home/ali/STM32CubeIDE/microros_ws/build/micro_ros_agent
[1.502s] Level 1:colcon.colcon_core.environment:create_environment_scripts_only(micro_ros_agent)
[1.503s] DEBUG:colcon.colcon_core.event_handler.log_command:Invoked command in '/home/ali/STM32CubeIDE/microros_ws/build/micro_ros_agent' returned '0': CMAKE_PREFIX_PATH=/home/ali/STM32CubeIDE/microros_ws/install/micro_ros_msgs:/home/ali/STM32CubeIDE/microros_ws/install/micro_ros_agent:/home/ali/STM32CubeIDE/microros_ws/install/micro_ros_setup:/opt/ros/jazzy/opt/gz_math_vendor:/opt/ros/jazzy/opt/gz_utils_vendor:/opt/ros/jazzy/opt/gz_cmake_vendor:/opt/ros/jazzy DEBUGINFOD_URLS=https://debuginfod.ubuntu.com LD_LIBRARY_PATH=/home/ali/STM32CubeIDE/microros_ws/install/micro_ros_msgs/lib:/home/ali/STM32CubeIDE/microros_ws/install/micro_ros_agent/lib:/usr/local/cuda/lib64:/opt/ros/jazzy/opt/rviz_ogre_vendor/lib:/opt/ros/jazzy/lib/x86_64-linux-gnu:/opt/ros/jazzy/opt/gz_math_vendor/lib:/opt/ros/jazzy/opt/gz_utils_vendor/lib:/opt/ros/jazzy/opt/gz_cmake_vendor/lib:/opt/ros/jazzy/lib /usr/bin/cmake --install /home/ali/STM32CubeIDE/microros_ws/build/micro_ros_agent
[1.503s] Level 1:colcon.colcon_core.environment:checking '/home/ali/STM32CubeIDE/microros_ws/install/micro_ros_agent' for CMake module files
[1.503s] Level 1:colcon.colcon_core.environment:checking '/home/ali/STM32CubeIDE/microros_ws/install/micro_ros_agent' for CMake config files
[1.503s] Level 1:colcon.colcon_core.shell:create_environment_hook('micro_ros_agent', 'cmake_prefix_path')
[1.503s] INFO:colcon.colcon_core.shell:Creating environment hook '/home/ali/STM32CubeIDE/microros_ws/install/micro_ros_agent/share/micro_ros_agent/hook/cmake_prefix_path.ps1'
[1.503s] INFO:colcon.colcon_core.shell:Creating environment descriptor '/home/ali/STM32CubeIDE/microros_ws/install/micro_ros_agent/share/micro_ros_agent/hook/cmake_prefix_path.dsv'
[1.504s] INFO:colcon.colcon_core.shell:Creating environment hook '/home/ali/STM32CubeIDE/microros_ws/install/micro_ros_agent/share/micro_ros_agent/hook/cmake_prefix_path.sh'
[1.504s] Level 1:colcon.colcon_core.environment:checking '/home/ali/STM32CubeIDE/microros_ws/install/micro_ros_agent/lib'
[1.504s] Level 1:colcon.colcon_core.shell:create_environment_hook('micro_ros_agent', 'ld_library_path_lib')
[1.504s] INFO:colcon.colcon_core.shell:Creating environment hook '/home/ali/STM32CubeIDE/microros_ws/install/micro_ros_agent/share/micro_ros_agent/hook/ld_library_path_lib.ps1'
[1.504s] INFO:colcon.colcon_core.shell:Creating environment descriptor '/home/ali/STM32CubeIDE/microros_ws/install/micro_ros_agent/share/micro_ros_agent/hook/ld_library_path_lib.dsv'
[1.504s] INFO:colcon.colcon_core.shell:Creating environment hook '/home/ali/STM32CubeIDE/microros_ws/install/micro_ros_agent/share/micro_ros_agent/hook/ld_library_path_lib.sh'
[1.505s] Level 1:colcon.colcon_core.environment:checking '/home/ali/STM32CubeIDE/microros_ws/install/micro_ros_agent/bin'
[1.505s] Level 1:colcon.colcon_core.environment:checking '/home/ali/STM32CubeIDE/microros_ws/install/micro_ros_agent/lib/pkgconfig/micro_ros_agent.pc'
[1.505s] Level 1:colcon.colcon_core.environment:checking '/home/ali/STM32CubeIDE/microros_ws/install/micro_ros_agent/lib/python3.12/site-packages'
[1.505s] Level 1:colcon.colcon_core.environment:checking '/home/ali/STM32CubeIDE/microros_ws/install/micro_ros_agent/bin'
[1.505s] INFO:colcon.colcon_core.shell:Creating package script '/home/ali/STM32CubeIDE/microros_ws/install/micro_ros_agent/share/micro_ros_agent/package.ps1'
[1.505s] INFO:colcon.colcon_core.shell:Creating package descriptor '/home/ali/STM32CubeIDE/microros_ws/install/micro_ros_agent/share/micro_ros_agent/package.dsv'
[1.506s] INFO:colcon.colcon_core.shell:Creating package script '/home/ali/STM32CubeIDE/microros_ws/install/micro_ros_agent/share/micro_ros_agent/package.sh'
[1.506s] INFO:colcon.colcon_core.shell:Creating package script '/home/ali/STM32CubeIDE/microros_ws/install/micro_ros_agent/share/micro_ros_agent/package.bash'
[1.506s] INFO:colcon.colcon_core.shell:Creating package script '/home/ali/STM32CubeIDE/microros_ws/install/micro_ros_agent/share/micro_ros_agent/package.zsh'
[1.506s] Level 1:colcon.colcon_core.environment:create_file_with_runtime_dependencies(/home/ali/STM32CubeIDE/microros_ws/install/micro_ros_agent/share/colcon-core/packages/micro_ros_agent)
[1.506s] Level 1:colcon.colcon_core.environment:create_environment_scripts_only(micro_ros_agent)
[1.506s] Level 1:colcon.colcon_core.environment:checking '/home/ali/STM32CubeIDE/microros_ws/install/micro_ros_agent' for CMake module files
[1.507s] Level 1:colcon.colcon_core.environment:checking '/home/ali/STM32CubeIDE/microros_ws/install/micro_ros_agent' for CMake config files
[1.507s] Level 1:colcon.colcon_core.shell:create_environment_hook('micro_ros_agent', 'cmake_prefix_path')
[1.507s] INFO:colcon.colcon_core.shell:Creating environment hook '/home/ali/STM32CubeIDE/microros_ws/install/micro_ros_agent/share/micro_ros_agent/hook/cmake_prefix_path.ps1'
[1.507s] INFO:colcon.colcon_core.shell:Creating environment descriptor '/home/ali/STM32CubeIDE/microros_ws/install/micro_ros_agent/share/micro_ros_agent/hook/cmake_prefix_path.dsv'
[1.507s] INFO:colcon.colcon_core.shell:Creating environment hook '/home/ali/STM32CubeIDE/microros_ws/install/micro_ros_agent/share/micro_ros_agent/hook/cmake_prefix_path.sh'
[1.507s] Level 1:colcon.colcon_core.environment:checking '/home/ali/STM32CubeIDE/microros_ws/install/micro_ros_agent/lib'
[1.507s] Level 1:colcon.colcon_core.shell:create_environment_hook('micro_ros_agent', 'ld_library_path_lib')
[1.507s] INFO:colcon.colcon_core.shell:Creating environment hook '/home/ali/STM32CubeIDE/microros_ws/install/micro_ros_agent/share/micro_ros_agent/hook/ld_library_path_lib.ps1'
[1.508s] INFO:colcon.colcon_core.shell:Creating environment descriptor '/home/ali/STM32CubeIDE/microros_ws/install/micro_ros_agent/share/micro_ros_agent/hook/ld_library_path_lib.dsv'
[1.508s] INFO:colcon.colcon_core.shell:Creating environment hook '/home/ali/STM32CubeIDE/microros_ws/install/micro_ros_agent/share/micro_ros_agent/hook/ld_library_path_lib.sh'
[1.508s] Level 1:colcon.colcon_core.environment:checking '/home/ali/STM32CubeIDE/microros_ws/install/micro_ros_agent/bin'
[1.508s] Level 1:colcon.colcon_core.environment:checking '/home/ali/STM32CubeIDE/microros_ws/install/micro_ros_agent/lib/pkgconfig/micro_ros_agent.pc'
[1.508s] Level 1:colcon.colcon_core.environment:checking '/home/ali/STM32CubeIDE/microros_ws/install/micro_ros_agent/lib/python3.12/site-packages'
[1.508s] Level 1:colcon.colcon_core.environment:checking '/home/ali/STM32CubeIDE/microros_ws/install/micro_ros_agent/bin'
[1.508s] INFO:colcon.colcon_core.shell:Creating package script '/home/ali/STM32CubeIDE/microros_ws/install/micro_ros_agent/share/micro_ros_agent/package.ps1'
[1.508s] INFO:colcon.colcon_core.shell:Creating package descriptor '/home/ali/STM32CubeIDE/microros_ws/install/micro_ros_agent/share/micro_ros_agent/package.dsv'
[1.509s] INFO:colcon.colcon_core.shell:Creating package script '/home/ali/STM32CubeIDE/microros_ws/install/micro_ros_agent/share/micro_ros_agent/package.sh'
[1.509s] INFO:colcon.colcon_core.shell:Creating package script '/home/ali/STM32CubeIDE/microros_ws/install/micro_ros_agent/share/micro_ros_agent/package.bash'
[1.509s] INFO:colcon.colcon_core.shell:Creating package script '/home/ali/STM32CubeIDE/microros_ws/install/micro_ros_agent/share/micro_ros_agent/package.zsh'
[1.509s] Level 1:colcon.colcon_core.environment:create_file_with_runtime_dependencies(/home/ali/STM32CubeIDE/microros_ws/install/micro_ros_agent/share/colcon-core/packages/micro_ros_agent)
[2.249s] DEBUG:colcon.colcon_core.event_handler.log_command:Invoked command in '/home/ali/STM32CubeIDE/microros_ws/build/drive_base_msgs' returned '0': CMAKE_PREFIX_PATH=${CMAKE_PREFIX_PATH}:/opt/ros/jazzy DEBUGINFOD_URLS=https://debuginfod.ubuntu.com /usr/bin/cmake /home/ali/STM32CubeIDE/microros_ws/src/uros/drive_base/drive_base_msgs -DCMAKE_INSTALL_PREFIX=/home/ali/STM32CubeIDE/microros_ws/install/drive_base_msgs
[2.249s] DEBUG:colcon.colcon_core.event_handler.log_command:Invoking command in '/home/ali/STM32CubeIDE/microros_ws/build/drive_base_msgs': CMAKE_PREFIX_PATH=${CMAKE_PREFIX_PATH}:/opt/ros/jazzy DEBUGINFOD_URLS=https://debuginfod.ubuntu.com /usr/bin/cmake --build /home/ali/STM32CubeIDE/microros_ws/build/drive_base_msgs -- -j20 -l20
[4.926s] DEBUG:colcon.colcon_core.event_handler.log_command:Invoked command in '/home/ali/STM32CubeIDE/microros_ws/build/drive_base_msgs' returned '0': CMAKE_PREFIX_PATH=${CMAKE_PREFIX_PATH}:/opt/ros/jazzy DEBUGINFOD_URLS=https://debuginfod.ubuntu.com /usr/bin/cmake --build /home/ali/STM32CubeIDE/microros_ws/build/drive_base_msgs -- -j20 -l20
[4.927s] DEBUG:colcon.colcon_core.event_handler.log_command:Invoking command in '/home/ali/STM32CubeIDE/microros_ws/build/drive_base_msgs': CMAKE_PREFIX_PATH=${CMAKE_PREFIX_PATH}:/opt/ros/jazzy DEBUGINFOD_URLS=https://debuginfod.ubuntu.com /usr/bin/cmake --install /home/ali/STM32CubeIDE/microros_ws/build/drive_base_msgs
[4.974s] Level 1:colcon.colcon_core.environment:create_environment_scripts_only(drive_base_msgs)
[4.974s] DEBUG:colcon.colcon_core.event_handler.log_command:Invoked command in '/home/ali/STM32CubeIDE/microros_ws/build/drive_base_msgs' returned '0': CMAKE_PREFIX_PATH=${CMAKE_PREFIX_PATH}:/opt/ros/jazzy DEBUGINFOD_URLS=https://debuginfod.ubuntu.com /usr/bin/cmake --install /home/ali/STM32CubeIDE/microros_ws/build/drive_base_msgs
[4.974s] Level 1:colcon.colcon_core.environment:checking '/home/ali/STM32CubeIDE/microros_ws/install/drive_base_msgs' for CMake module files
[4.975s] Level 1:colcon.colcon_core.environment:checking '/home/ali/STM32CubeIDE/microros_ws/install/drive_base_msgs' for CMake config files
[4.975s] Level 1:colcon.colcon_core.shell:create_environment_hook('drive_base_msgs', 'cmake_prefix_path')
[4.975s] INFO:colcon.colcon_core.shell:Creating environment hook '/home/ali/STM32CubeIDE/microros_ws/install/drive_base_msgs/share/drive_base_msgs/hook/cmake_prefix_path.ps1'
[4.975s] INFO:colcon.colcon_core.shell:Creating environment descriptor '/home/ali/STM32CubeIDE/microros_ws/install/drive_base_msgs/share/drive_base_msgs/hook/cmake_prefix_path.dsv'
[4.976s] INFO:colcon.colcon_core.shell:Creating environment hook '/home/ali/STM32CubeIDE/microros_ws/install/drive_base_msgs/share/drive_base_msgs/hook/cmake_prefix_path.sh'
[4.976s] Level 1:colcon.colcon_core.environment:checking '/home/ali/STM32CubeIDE/microros_ws/install/drive_base_msgs/lib'
[4.976s] Level 1:colcon.colcon_core.shell:create_environment_hook('drive_base_msgs', 'ld_library_path_lib')
[4.976s] INFO:colcon.colcon_core.shell:Creating environment hook '/home/ali/STM32CubeIDE/microros_ws/install/drive_base_msgs/share/drive_base_msgs/hook/ld_library_path_lib.ps1'
[4.976s] INFO:colcon.colcon_core.shell:Creating environment descriptor '/home/ali/STM32CubeIDE/microros_ws/install/drive_base_msgs/share/drive_base_msgs/hook/ld_library_path_lib.dsv'
[4.976s] INFO:colcon.colcon_core.shell:Creating environment hook '/home/ali/STM32CubeIDE/microros_ws/install/drive_base_msgs/share/drive_base_msgs/hook/ld_library_path_lib.sh'
[4.976s] Level 1:colcon.colcon_core.environment:checking '/home/ali/STM32CubeIDE/microros_ws/install/drive_base_msgs/bin'
[4.976s] Level 1:colcon.colcon_core.environment:checking '/home/ali/STM32CubeIDE/microros_ws/install/drive_base_msgs/lib/pkgconfig/drive_base_msgs.pc'
[4.977s] Level 1:colcon.colcon_core.environment:checking '/home/ali/STM32CubeIDE/microros_ws/install/drive_base_msgs/lib/python3.12/site-packages'
[4.977s] Level 1:colcon.colcon_core.shell:create_environment_hook('drive_base_msgs', 'pythonpath')
[4.977s] INFO:colcon.colcon_core.shell:Creating environment hook '/home/ali/STM32CubeIDE/microros_ws/install/drive_base_msgs/share/drive_base_msgs/hook/pythonpath.ps1'
[4.977s] INFO:colcon.colcon_core.shell:Creating environment descriptor '/home/ali/STM32CubeIDE/microros_ws/install/drive_base_msgs/share/drive_base_msgs/hook/pythonpath.dsv'
[4.977s] INFO:colcon.colcon_core.shell:Creating environment hook '/home/ali/STM32CubeIDE/microros_ws/install/drive_base_msgs/share/drive_base_msgs/hook/pythonpath.sh'
[4.977s] Level 1:colcon.colcon_core.environment:checking '/home/ali/STM32CubeIDE/microros_ws/install/drive_base_msgs/bin'
[4.977s] INFO:colcon.colcon_core.shell:Creating package script '/home/ali/STM32CubeIDE/microros_ws/install/drive_base_msgs/share/drive_base_msgs/package.ps1'
[4.978s] INFO:colcon.colcon_core.shell:Creating package descriptor '/home/ali/STM32CubeIDE/microros_ws/install/drive_base_msgs/share/drive_base_msgs/package.dsv'
[4.978s] INFO:colcon.colcon_core.shell:Creating package script '/home/ali/STM32CubeIDE/microros_ws/install/drive_base_msgs/share/drive_base_msgs/package.sh'
[4.978s] INFO:colcon.colcon_core.shell:Creating package script '/home/ali/STM32CubeIDE/microros_ws/install/drive_base_msgs/share/drive_base_msgs/package.bash'
[4.978s] INFO:colcon.colcon_core.shell:Creating package script '/home/ali/STM32CubeIDE/microros_ws/install/drive_base_msgs/share/drive_base_msgs/package.zsh'
[4.978s] Level 1:colcon.colcon_core.environment:create_file_with_runtime_dependencies(/home/ali/STM32CubeIDE/microros_ws/install/drive_base_msgs/share/colcon-core/packages/drive_base_msgs)
[4.979s] Level 1:colcon.colcon_core.environment:create_environment_scripts_only(drive_base_msgs)
[4.979s] Level 1:colcon.colcon_core.environment:checking '/home/ali/STM32CubeIDE/microros_ws/install/drive_base_msgs' for CMake module files
[4.979s] Level 1:colcon.colcon_core.environment:checking '/home/ali/STM32CubeIDE/microros_ws/install/drive_base_msgs' for CMake config files
[4.979s] Level 1:colcon.colcon_core.shell:create_environment_hook('drive_base_msgs', 'cmake_prefix_path')
[4.979s] INFO:colcon.colcon_core.shell:Creating environment hook '/home/ali/STM32CubeIDE/microros_ws/install/drive_base_msgs/share/drive_base_msgs/hook/cmake_prefix_path.ps1'
[4.980s] INFO:colcon.colcon_core.shell:Creating environment descriptor '/home/ali/STM32CubeIDE/microros_ws/install/drive_base_msgs/share/drive_base_msgs/hook/cmake_prefix_path.dsv'
[4.980s] INFO:colcon.colcon_core.shell:Creating environment hook '/home/ali/STM32CubeIDE/microros_ws/install/drive_base_msgs/share/drive_base_msgs/hook/cmake_prefix_path.sh'
[4.980s] Level 1:colcon.colcon_core.environment:checking '/home/ali/STM32CubeIDE/microros_ws/install/drive_base_msgs/lib'
[4.980s] Level 1:colcon.colcon_core.shell:create_environment_hook('drive_base_msgs', 'ld_library_path_lib')
[4.980s] INFO:colcon.colcon_core.shell:Creating environment hook '/home/ali/STM32CubeIDE/microros_ws/install/drive_base_msgs/share/drive_base_msgs/hook/ld_library_path_lib.ps1'
[4.980s] INFO:colcon.colcon_core.shell:Creating environment descriptor '/home/ali/STM32CubeIDE/microros_ws/install/drive_base_msgs/share/drive_base_msgs/hook/ld_library_path_lib.dsv'
[4.980s] INFO:colcon.colcon_core.shell:Creating environment hook '/home/ali/STM32CubeIDE/microros_ws/install/drive_base_msgs/share/drive_base_msgs/hook/ld_library_path_lib.sh'
[4.980s] Level 1:colcon.colcon_core.environment:checking '/home/ali/STM32CubeIDE/microros_ws/install/drive_base_msgs/bin'
[4.981s] Level 1:colcon.colcon_core.environment:checking '/home/ali/STM32CubeIDE/microros_ws/install/drive_base_msgs/lib/pkgconfig/drive_base_msgs.pc'
[4.981s] Level 1:colcon.colcon_core.environment:checking '/home/ali/STM32CubeIDE/microros_ws/install/drive_base_msgs/lib/python3.12/site-packages'
[4.981s] Level 1:colcon.colcon_core.shell:create_environment_hook('drive_base_msgs', 'pythonpath')
[4.981s] INFO:colcon.colcon_core.shell:Creating environment hook '/home/ali/STM32CubeIDE/microros_ws/install/drive_base_msgs/share/drive_base_msgs/hook/pythonpath.ps1'
[4.981s] INFO:colcon.colcon_core.shell:Creating environment descriptor '/home/ali/STM32CubeIDE/microros_ws/install/drive_base_msgs/share/drive_base_msgs/hook/pythonpath.dsv'
[4.981s] INFO:colcon.colcon_core.shell:Creating environment hook '/home/ali/STM32CubeIDE/microros_ws/install/drive_base_msgs/share/drive_base_msgs/hook/pythonpath.sh'
[4.982s] Level 1:colcon.colcon_core.environment:checking '/home/ali/STM32CubeIDE/microros_ws/install/drive_base_msgs/bin'
[4.982s] INFO:colcon.colcon_core.shell:Creating package script '/home/ali/STM32CubeIDE/microros_ws/install/drive_base_msgs/share/drive_base_msgs/package.ps1'
[4.982s] INFO:colcon.colcon_core.shell:Creating package descriptor '/home/ali/STM32CubeIDE/microros_ws/install/drive_base_msgs/share/drive_base_msgs/package.dsv'
[4.982s] INFO:colcon.colcon_core.shell:Creating package script '/home/ali/STM32CubeIDE/microros_ws/install/drive_base_msgs/share/drive_base_msgs/package.sh'
[4.982s] INFO:colcon.colcon_core.shell:Creating package script '/home/ali/STM32CubeIDE/microros_ws/install/drive_base_msgs/share/drive_base_msgs/package.bash'
[4.983s] INFO:colcon.colcon_core.shell:Creating package script '/home/ali/STM32CubeIDE/microros_ws/install/drive_base_msgs/share/drive_base_msgs/package.zsh'
[4.983s] Level 1:colcon.colcon_core.environment:create_file_with_runtime_dependencies(/home/ali/STM32CubeIDE/microros_ws/install/drive_base_msgs/share/colcon-core/packages/drive_base_msgs)
[4.983s] DEBUG:colcon.colcon_parallel_executor.executor.parallel:closing loop
[4.983s] DEBUG:colcon.colcon_parallel_executor.executor.parallel:loop closed
[4.983s] DEBUG:colcon.colcon_parallel_executor.executor.parallel:run_until_complete finished with '0'
[4.983s] DEBUG:colcon.colcon_core.event_reactor:joining thread
[4.986s] INFO:colcon.colcon_core.plugin_system:Skipping extension 'colcon_notification.desktop_notification.terminal_notifier': Not used on non-Darwin systems
[4.986s] INFO:colcon.colcon_core.plugin_system:Skipping extension 'colcon_notification.desktop_notification.win32': Not used on non-Windows systems
[4.986s] INFO:colcon.colcon_notification.desktop_notification:Sending desktop notification using 'notify2'
[4.995s] DEBUG:colcon.colcon_core.event_reactor:joined thread
[4.995s] INFO:colcon.colcon_core.shell:Creating prefix script '/home/ali/STM32CubeIDE/microros_ws/install/local_setup.ps1'
[4.996s] INFO:colcon.colcon_core.shell:Creating prefix util module '/home/ali/STM32CubeIDE/microros_ws/install/_local_setup_util_ps1.py'
[4.996s] INFO:colcon.colcon_core.shell:Creating prefix chain script '/home/ali/STM32CubeIDE/microros_ws/install/setup.ps1'
[4.997s] INFO:colcon.colcon_core.shell:Creating prefix script '/home/ali/STM32CubeIDE/microros_ws/install/local_setup.sh'
[4.997s] INFO:colcon.colcon_core.shell:Creating prefix util module '/home/ali/STM32CubeIDE/microros_ws/install/_local_setup_util_sh.py'
[4.998s] INFO:colcon.colcon_core.shell:Creating prefix chain script '/home/ali/STM32CubeIDE/microros_ws/install/setup.sh'
[4.998s] INFO:colcon.colcon_core.shell:Creating prefix script '/home/ali/STM32CubeIDE/microros_ws/install/local_setup.bash'
[4.998s] INFO:colcon.colcon_core.shell:Creating prefix chain script '/home/ali/STM32CubeIDE/microros_ws/install/setup.bash'
[4.999s] INFO:colcon.colcon_core.shell:Creating prefix script '/home/ali/STM32CubeIDE/microros_ws/install/local_setup.zsh'
[4.999s] INFO:colcon.colcon_core.shell:Creating prefix chain script '/home/ali/STM32CubeIDE/microros_ws/install/setup.zsh'
