[0.008s] Invoking command in '/home/ali/STM32CubeIDE/microros_ws/build/drive_base_msgs': CMAKE_PREFIX_PATH=${CMAKE_PREFIX_PATH}:/opt/ros/jazzy DEBUGINFOD_URLS=https://debuginfod.ubuntu.com /usr/bin/cmake /home/ali/STM32CubeIDE/microros_ws/src/uros/drive_base/drive_base_msgs -DCMAKE_INSTALL_PREFIX=/home/ali/STM32CubeIDE/microros_ws/install/drive_base_msgs
[0.048s] -- The C compiler identification is GNU 13.3.0
[0.084s] -- The CXX compiler identification is GNU 13.3.0
[0.096s] -- Detecting C compiler ABI info
[0.158s] -- Detecting C compiler ABI info - done
[0.163s] -- Check for working C compiler: /usr/bin/cc - skipped
[0.163s] -- Detecting C compile features
[0.164s] -- Detecting C compile features - done
[0.171s] -- Detecting CXX compiler ABI info
[0.242s] -- Detecting CXX compiler ABI info - done
[0.250s] -- Check for working CXX compiler: /usr/bin/c++ - skipped
[0.250s] -- Detecting CXX compile features
[0.250s] -- Detecting CXX compile features - done
[0.251s] -- Found ament_cmake: 2.5.4 (/opt/ros/jazzy/share/ament_cmake/cmake)
[0.347s] -- Found Python3: /usr/bin/python3 (found version "3.12.3") found components: Interpreter 
[0.412s] -- Found std_msgs: 5.3.6 (/opt/ros/jazzy/share/std_msgs/cmake)
[0.439s] -- Found rosidl_generator_c: 4.6.5 (/opt/ros/jazzy/share/rosidl_generator_c/cmake)
[0.446s] -- Found rosidl_generator_cpp: 4.6.5 (/opt/ros/jazzy/share/rosidl_generator_cpp/cmake)
[0.456s] -- Using all available rosidl_typesupport_c: rosidl_typesupport_fastrtps_c;rosidl_typesupport_introspection_c
[0.466s] -- Using all available rosidl_typesupport_cpp: rosidl_typesupport_fastrtps_cpp;rosidl_typesupport_introspection_cpp
[0.494s] -- Found rosidl_default_generators: 1.6.0 (/opt/ros/jazzy/share/rosidl_default_generators/cmake)
[0.502s] -- Found rosidl_adapter: 4.6.5 (/opt/ros/jazzy/share/rosidl_adapter/cmake)
[0.929s] -- Found ament_cmake_cppcheck: 0.17.2 (/opt/ros/jazzy/share/ament_cmake_cppcheck/cmake)
[0.930s] -- Found ament_cmake_cpplint: 0.17.2 (/opt/ros/jazzy/share/ament_cmake_cpplint/cmake)
[0.931s] -- Found ament_cmake_uncrustify: 0.17.2 (/opt/ros/jazzy/share/ament_cmake_uncrustify/cmake)
[0.933s] -- Found ament_cmake_ros: 0.12.0 (/opt/ros/jazzy/share/ament_cmake_ros/cmake)
[1.452s] -- Using all available rosidl_typesupport_c: rosidl_typesupport_fastrtps_c;rosidl_typesupport_introspection_c
[1.655s] -- Using all available rosidl_typesupport_cpp: rosidl_typesupport_fastrtps_cpp;rosidl_typesupport_introspection_cpp
[1.663s] -- Found python_cmake_module: 0.11.1 (/opt/ros/jazzy/share/python_cmake_module/cmake)
[1.757s] -- Found PythonExtra: /usr/bin/python3  
[2.035s] -- Found Python3: /usr/bin/python3 (found version "3.12.3") found components: Interpreter Development NumPy Development.Module Development.Embed 
[2.065s] -- Found ament_cmake_flake8: 0.17.2 (/opt/ros/jazzy/share/ament_cmake_flake8/cmake)
[2.067s] -- Found ament_cmake_pep257: 0.17.2 (/opt/ros/jazzy/share/ament_cmake_pep257/cmake)
[2.070s] -- Configuring done (2.1s)
[2.092s] -- Generating done (0.0s)
[2.098s] -- Build files have been written to: /home/ali/STM32CubeIDE/microros_ws/build/drive_base_msgs
[2.106s] Invoked command in '/home/ali/STM32CubeIDE/microros_ws/build/drive_base_msgs' returned '0': CMAKE_PREFIX_PATH=${CMAKE_PREFIX_PATH}:/opt/ros/jazzy DEBUGINFOD_URLS=https://debuginfod.ubuntu.com /usr/bin/cmake /home/ali/STM32CubeIDE/microros_ws/src/uros/drive_base/drive_base_msgs -DCMAKE_INSTALL_PREFIX=/home/ali/STM32CubeIDE/microros_ws/install/drive_base_msgs
[2.106s] Invoking command in '/home/ali/STM32CubeIDE/microros_ws/build/drive_base_msgs': CMAKE_PREFIX_PATH=${CMAKE_PREFIX_PATH}:/opt/ros/jazzy DEBUGINFOD_URLS=https://debuginfod.ubuntu.com /usr/bin/cmake --build /home/ali/STM32CubeIDE/microros_ws/build/drive_base_msgs -- -j20 -l20
[2.143s] [  1%] [34m[1mGenerating type hashes for ROS interfaces[0m
[2.151s] [  1%] Built target ament_cmake_python_copy_drive_base_msgs
[2.279s] running egg_info
[2.280s] creating drive_base_msgs.egg-info
[2.290s] writing drive_base_msgs.egg-info/PKG-INFO
[2.290s] writing dependency_links to drive_base_msgs.egg-info/dependency_links.txt
[2.290s] writing top-level names to drive_base_msgs.egg-info/top_level.txt
[2.290s] writing manifest file 'drive_base_msgs.egg-info/SOURCES.txt'
[2.319s] reading manifest file 'drive_base_msgs.egg-info/SOURCES.txt'
[2.319s] writing manifest file 'drive_base_msgs.egg-info/SOURCES.txt'
[2.338s] [  1%] Built target ament_cmake_python_build_drive_base_msgs_egg
[2.439s] [  1%] Built target drive_base_msgs__rosidl_generator_type_description
[2.446s] [  3%] [34m[1mGenerating C code for ROS interfaces[0m
[2.455s] [  4%] [34m[1mGenerating C++ code for ROS interfaces[0m
[2.820s] [  4%] Built target drive_base_msgs__cpp
[2.855s] [  7%] [32mBuilding C object CMakeFiles/drive_base_msgs__rosidl_generator_c.dir/rosidl_generator_c/drive_base_msgs/msg/detail/base_info__type_support.c.o[0m
[2.855s] [  7%] [32mBuilding C object CMakeFiles/drive_base_msgs__rosidl_generator_c.dir/rosidl_generator_c/drive_base_msgs/msg/detail/base_info__functions.c.o[0m
[2.855s] [  9%] [32mBuilding C object CMakeFiles/drive_base_msgs__rosidl_generator_c.dir/rosidl_generator_c/drive_base_msgs/msg/detail/command_status__description.c.o[0m
[2.855s] [ 10%] [32mBuilding C object CMakeFiles/drive_base_msgs__rosidl_generator_c.dir/rosidl_generator_c/drive_base_msgs/msg/detail/command_status__functions.c.o[0m
[2.855s] [ 12%] [32mBuilding C object CMakeFiles/drive_base_msgs__rosidl_generator_c.dir/rosidl_generator_c/drive_base_msgs/msg/detail/command_status__type_support.c.o[0m
[2.856s] [ 14%] [32mBuilding C object CMakeFiles/drive_base_msgs__rosidl_generator_c.dir/rosidl_generator_c/drive_base_msgs/msg/detail/trv_command__functions.c.o[0m
[2.856s] [ 17%] [32mBuilding C object CMakeFiles/drive_base_msgs__rosidl_generator_c.dir/rosidl_generator_c/drive_base_msgs/msg/detail/command_header__description.c.o[0m
[2.856s] [ 17%] [32mBuilding C object CMakeFiles/drive_base_msgs__rosidl_generator_c.dir/rosidl_generator_c/drive_base_msgs/msg/detail/command_header__functions.c.o[0m
[2.857s] [ 18%] [32mBuilding C object CMakeFiles/drive_base_msgs__rosidl_generator_c.dir/rosidl_generator_c/drive_base_msgs/msg/detail/command_header__type_support.c.o[0m
[2.857s] [ 20%] [32mBuilding C object CMakeFiles/drive_base_msgs__rosidl_generator_c.dir/rosidl_generator_c/drive_base_msgs/msg/detail/base_info__description.c.o[0m
[2.859s] [ 21%] [32mBuilding C object CMakeFiles/drive_base_msgs__rosidl_generator_c.dir/rosidl_generator_c/drive_base_msgs/msg/detail/trv_command__description.c.o[0m
[2.860s] [ 23%] [32mBuilding C object CMakeFiles/drive_base_msgs__rosidl_generator_c.dir/rosidl_generator_c/drive_base_msgs/msg/detail/trv_command__type_support.c.o[0m
[2.895s] [ 25%] [32m[1mLinking C shared library libdrive_base_msgs__rosidl_generator_c.so[0m
[2.922s] [ 25%] Built target drive_base_msgs__rosidl_generator_c
[2.929s] [ 26%] [34m[1mGenerating C type support for eProsima Fast-RTPS[0m
[2.929s] [ 28%] [34m[1mGenerating C++ type support dispatch for ROS interfaces[0m
[2.931s] [ 29%] [34m[1mGenerating C introspection for ROS interfaces[0m
[2.931s] [ 32%] [34m[1mGenerating C type support dispatch for ROS interfaces[0m
[2.931s] [ 32%] [34m[1mGenerating C++ introspection for ROS interfaces[0m
[2.931s] [ 34%] [34m[1mGenerating C++ type support for eProsima Fast-RTPS[0m
[3.298s] [ 35%] [32mBuilding CXX object CMakeFiles/drive_base_msgs__rosidl_typesupport_c.dir/rosidl_typesupport_c/drive_base_msgs/msg/command_header__type_support.cpp.o[0m
[3.298s] [ 37%] [32mBuilding CXX object CMakeFiles/drive_base_msgs__rosidl_typesupport_c.dir/rosidl_typesupport_c/drive_base_msgs/msg/base_info__type_support.cpp.o[0m
[3.298s] [ 39%] [32mBuilding CXX object CMakeFiles/drive_base_msgs__rosidl_typesupport_c.dir/rosidl_typesupport_c/drive_base_msgs/msg/trv_command__type_support.cpp.o[0m
[3.298s] [ 40%] [32mBuilding CXX object CMakeFiles/drive_base_msgs__rosidl_typesupport_c.dir/rosidl_typesupport_c/drive_base_msgs/msg/command_status__type_support.cpp.o[0m
[3.299s] [ 42%] [32mBuilding CXX object CMakeFiles/drive_base_msgs__rosidl_typesupport_cpp.dir/rosidl_typesupport_cpp/drive_base_msgs/msg/command_header__type_support.cpp.o[0m
[3.299s] [ 43%] [32mBuilding CXX object CMakeFiles/drive_base_msgs__rosidl_typesupport_cpp.dir/rosidl_typesupport_cpp/drive_base_msgs/msg/trv_command__type_support.cpp.o[0m
[3.299s] [ 45%] [32mBuilding CXX object CMakeFiles/drive_base_msgs__rosidl_typesupport_cpp.dir/rosidl_typesupport_cpp/drive_base_msgs/msg/command_status__type_support.cpp.o[0m
[3.299s] [ 46%] [32mBuilding CXX object CMakeFiles/drive_base_msgs__rosidl_typesupport_cpp.dir/rosidl_typesupport_cpp/drive_base_msgs/msg/base_info__type_support.cpp.o[0m
[3.315s] [ 48%] [32mBuilding CXX object CMakeFiles/drive_base_msgs__rosidl_typesupport_introspection_cpp.dir/rosidl_typesupport_introspection_cpp/drive_base_msgs/msg/detail/base_info__type_support.cpp.o[0m
[3.315s] [ 50%] [32mBuilding CXX object CMakeFiles/drive_base_msgs__rosidl_typesupport_introspection_cpp.dir/rosidl_typesupport_introspection_cpp/drive_base_msgs/msg/detail/command_status__type_support.cpp.o[0m
[3.316s] [ 51%] [32mBuilding CXX object CMakeFiles/drive_base_msgs__rosidl_typesupport_introspection_cpp.dir/rosidl_typesupport_introspection_cpp/drive_base_msgs/msg/detail/command_header__type_support.cpp.o[0m
[3.316s] [ 53%] [32mBuilding CXX object CMakeFiles/drive_base_msgs__rosidl_typesupport_introspection_cpp.dir/rosidl_typesupport_introspection_cpp/drive_base_msgs/msg/detail/trv_command__type_support.cpp.o[0m
[3.326s] [ 54%] [32mBuilding C object CMakeFiles/drive_base_msgs__rosidl_typesupport_introspection_c.dir/rosidl_typesupport_introspection_c/drive_base_msgs/msg/detail/base_info__type_support.c.o[0m
[3.326s] [ 57%] [32mBuilding C object CMakeFiles/drive_base_msgs__rosidl_typesupport_introspection_c.dir/rosidl_typesupport_introspection_c/drive_base_msgs/msg/detail/trv_command__type_support.c.o[0m
[3.326s] [ 57%] [32mBuilding C object CMakeFiles/drive_base_msgs__rosidl_typesupport_introspection_c.dir/rosidl_typesupport_introspection_c/drive_base_msgs/msg/detail/command_status__type_support.c.o[0m
[3.326s] [ 59%] [32mBuilding C object CMakeFiles/drive_base_msgs__rosidl_typesupport_introspection_c.dir/rosidl_typesupport_introspection_c/drive_base_msgs/msg/detail/command_header__type_support.c.o[0m
[3.347s] [ 60%] [32m[1mLinking CXX shared library libdrive_base_msgs__rosidl_typesupport_c.so[0m
[3.366s] [ 62%] [32m[1mLinking C shared library libdrive_base_msgs__rosidl_typesupport_introspection_c.so[0m
[3.380s] [ 62%] Built target drive_base_msgs__rosidl_typesupport_c
[3.390s] [ 64%] [32mBuilding CXX object CMakeFiles/drive_base_msgs__rosidl_typesupport_fastrtps_c.dir/rosidl_typesupport_fastrtps_c/drive_base_msgs/msg/detail/trv_command__type_support_c.cpp.o[0m
[3.391s] [ 65%] [32mBuilding CXX object CMakeFiles/drive_base_msgs__rosidl_typesupport_fastrtps_c.dir/rosidl_typesupport_fastrtps_c/drive_base_msgs/msg/detail/command_status__type_support_c.cpp.o[0m
[3.391s] [ 67%] [32mBuilding CXX object CMakeFiles/drive_base_msgs__rosidl_typesupport_fastrtps_c.dir/rosidl_typesupport_fastrtps_c/drive_base_msgs/msg/detail/command_header__type_support_c.cpp.o[0m
[3.391s] [ 68%] [32mBuilding CXX object CMakeFiles/drive_base_msgs__rosidl_typesupport_fastrtps_c.dir/rosidl_typesupport_fastrtps_c/drive_base_msgs/msg/detail/base_info__type_support_c.cpp.o[0m
[3.400s] [ 68%] Built target drive_base_msgs__rosidl_typesupport_introspection_c
[3.418s] [ 70%] [32mBuilding CXX object CMakeFiles/drive_base_msgs__rosidl_typesupport_fastrtps_cpp.dir/rosidl_typesupport_fastrtps_cpp/drive_base_msgs/msg/detail/dds_fastrtps/command_header__type_support.cpp.o[0m
[3.421s] [ 71%] [32mBuilding CXX object CMakeFiles/drive_base_msgs__rosidl_typesupport_fastrtps_cpp.dir/rosidl_typesupport_fastrtps_cpp/drive_base_msgs/msg/detail/dds_fastrtps/base_info__type_support.cpp.o[0m
[3.421s] [ 75%] [32mBuilding CXX object CMakeFiles/drive_base_msgs__rosidl_typesupport_fastrtps_cpp.dir/rosidl_typesupport_fastrtps_cpp/drive_base_msgs/msg/detail/dds_fastrtps/trv_command__type_support.cpp.o[0m
[3.421s] [ 75%] [32mBuilding CXX object CMakeFiles/drive_base_msgs__rosidl_typesupport_fastrtps_cpp.dir/rosidl_typesupport_fastrtps_cpp/drive_base_msgs/msg/detail/dds_fastrtps/command_status__type_support.cpp.o[0m
[3.682s] [ 76%] [32m[1mLinking CXX shared library libdrive_base_msgs__rosidl_typesupport_cpp.so[0m
[3.682s] [ 78%] [32m[1mLinking CXX shared library libdrive_base_msgs__rosidl_typesupport_introspection_cpp.so[0m
[3.727s] [ 78%] Built target drive_base_msgs__rosidl_typesupport_cpp
[3.748s] [ 78%] Built target drive_base_msgs__rosidl_typesupport_introspection_cpp
[3.795s] [ 79%] [32m[1mLinking CXX shared library libdrive_base_msgs__rosidl_typesupport_fastrtps_cpp.so[0m
[3.832s] [ 79%] Built target drive_base_msgs__rosidl_typesupport_fastrtps_cpp
[3.864s] [ 81%] [32m[1mLinking CXX shared library libdrive_base_msgs__rosidl_typesupport_fastrtps_c.so[0m
[3.897s] [ 81%] Built target drive_base_msgs__rosidl_typesupport_fastrtps_c
[3.913s] [ 81%] Built target drive_base_msgs
[3.927s] [ 82%] [34m[1mGenerating Python code for ROS interfaces[0m
[4.518s] [ 82%] Built target drive_base_msgs__py
[4.532s] [ 84%] [32mBuilding C object CMakeFiles/drive_base_msgs__rosidl_generator_py.dir/rosidl_generator_py/drive_base_msgs/msg/_base_info_s.c.o[0m
[4.532s] [ 85%] [32mBuilding C object CMakeFiles/drive_base_msgs__rosidl_generator_py.dir/rosidl_generator_py/drive_base_msgs/msg/_command_status_s.c.o[0m
[4.533s] [ 87%] [32mBuilding C object CMakeFiles/drive_base_msgs__rosidl_generator_py.dir/rosidl_generator_py/drive_base_msgs/msg/_command_header_s.c.o[0m
[4.534s] [ 89%] [32mBuilding C object CMakeFiles/drive_base_msgs__rosidl_generator_py.dir/rosidl_generator_py/drive_base_msgs/msg/_trv_command_s.c.o[0m
[4.633s] [ 90%] [32m[1mLinking C shared library libdrive_base_msgs__rosidl_generator_py.so[0m
[4.667s] [ 90%] Built target drive_base_msgs__rosidl_generator_py
[4.683s] [ 93%] [32mBuilding C object CMakeFiles/drive_base_msgs_s__rosidl_typesupport_c.dir/rosidl_generator_py/drive_base_msgs/_drive_base_msgs_s.ep.rosidl_typesupport_c.c.o[0m
[4.683s] [ 93%] [32mBuilding C object CMakeFiles/drive_base_msgs_s__rosidl_typesupport_fastrtps_c.dir/rosidl_generator_py/drive_base_msgs/_drive_base_msgs_s.ep.rosidl_typesupport_fastrtps_c.c.o[0m
[4.683s] [ 95%] [32mBuilding C object CMakeFiles/drive_base_msgs_s__rosidl_typesupport_introspection_c.dir/rosidl_generator_py/drive_base_msgs/_drive_base_msgs_s.ep.rosidl_typesupport_introspection_c.c.o[0m
[4.747s] [ 96%] [32m[1mLinking C shared module rosidl_generator_py/drive_base_msgs/drive_base_msgs_s__rosidl_typesupport_c.so[0m
[4.750s] [ 98%] [32m[1mLinking C shared module rosidl_generator_py/drive_base_msgs/drive_base_msgs_s__rosidl_typesupport_introspection_c.so[0m
[4.751s] [100%] [32m[1mLinking C shared module rosidl_generator_py/drive_base_msgs/drive_base_msgs_s__rosidl_typesupport_fastrtps_c.so[0m
[4.771s] [100%] Built target drive_base_msgs_s__rosidl_typesupport_c
[4.772s] [100%] Built target drive_base_msgs_s__rosidl_typesupport_introspection_c
[4.773s] [100%] Built target drive_base_msgs_s__rosidl_typesupport_fastrtps_c
[4.783s] Invoked command in '/home/ali/STM32CubeIDE/microros_ws/build/drive_base_msgs' returned '0': CMAKE_PREFIX_PATH=${CMAKE_PREFIX_PATH}:/opt/ros/jazzy DEBUGINFOD_URLS=https://debuginfod.ubuntu.com /usr/bin/cmake --build /home/ali/STM32CubeIDE/microros_ws/build/drive_base_msgs -- -j20 -l20
[4.784s] Invoking command in '/home/ali/STM32CubeIDE/microros_ws/build/drive_base_msgs': CMAKE_PREFIX_PATH=${CMAKE_PREFIX_PATH}:/opt/ros/jazzy DEBUGINFOD_URLS=https://debuginfod.ubuntu.com /usr/bin/cmake --install /home/ali/STM32CubeIDE/microros_ws/build/drive_base_msgs
[4.789s] -- Install configuration: ""
[4.789s] -- Installing: /home/ali/STM32CubeIDE/microros_ws/install/drive_base_msgs/share/ament_index/resource_index/rosidl_interfaces/drive_base_msgs
[4.789s] -- Installing: /home/ali/STM32CubeIDE/microros_ws/install/drive_base_msgs/share/drive_base_msgs/msg/CommandHeader.json
[4.789s] -- Installing: /home/ali/STM32CubeIDE/microros_ws/install/drive_base_msgs/share/drive_base_msgs/msg/BaseInfo.json
[4.789s] -- Installing: /home/ali/STM32CubeIDE/microros_ws/install/drive_base_msgs/share/drive_base_msgs/msg/CommandStatus.json
[4.789s] -- Installing: /home/ali/STM32CubeIDE/microros_ws/install/drive_base_msgs/share/drive_base_msgs/msg/TRVCommand.json
[4.789s] -- Installing: /home/ali/STM32CubeIDE/microros_ws/install/drive_base_msgs/include/drive_base_msgs/drive_base_msgs
[4.789s] -- Installing: /home/ali/STM32CubeIDE/microros_ws/install/drive_base_msgs/include/drive_base_msgs/drive_base_msgs/msg
[4.789s] -- Installing: /home/ali/STM32CubeIDE/microros_ws/install/drive_base_msgs/include/drive_base_msgs/drive_base_msgs/msg/command_header.h
[4.789s] -- Installing: /home/ali/STM32CubeIDE/microros_ws/install/drive_base_msgs/include/drive_base_msgs/drive_base_msgs/msg/detail
[4.789s] -- Installing: /home/ali/STM32CubeIDE/microros_ws/install/drive_base_msgs/include/drive_base_msgs/drive_base_msgs/msg/detail/base_info__type_support.c
[4.789s] -- Installing: /home/ali/STM32CubeIDE/microros_ws/install/drive_base_msgs/include/drive_base_msgs/drive_base_msgs/msg/detail/trv_command__type_support.h
[4.789s] -- Installing: /home/ali/STM32CubeIDE/microros_ws/install/drive_base_msgs/include/drive_base_msgs/drive_base_msgs/msg/detail/base_info__type_support.h
[4.789s] -- Installing: /home/ali/STM32CubeIDE/microros_ws/install/drive_base_msgs/include/drive_base_msgs/drive_base_msgs/msg/detail/base_info__struct.h
[4.789s] -- Installing: /home/ali/STM32CubeIDE/microros_ws/install/drive_base_msgs/include/drive_base_msgs/drive_base_msgs/msg/detail/trv_command__functions.c
[4.789s] -- Installing: /home/ali/STM32CubeIDE/microros_ws/install/drive_base_msgs/include/drive_base_msgs/drive_base_msgs/msg/detail/command_header__description.c
[4.789s] -- Installing: /home/ali/STM32CubeIDE/microros_ws/install/drive_base_msgs/include/drive_base_msgs/drive_base_msgs/msg/detail/command_header__type_support.h
[4.789s] -- Installing: /home/ali/STM32CubeIDE/microros_ws/install/drive_base_msgs/include/drive_base_msgs/drive_base_msgs/msg/detail/command_status__functions.c
[4.789s] -- Installing: /home/ali/STM32CubeIDE/microros_ws/install/drive_base_msgs/include/drive_base_msgs/drive_base_msgs/msg/detail/trv_command__type_support.c
[4.789s] -- Installing: /home/ali/STM32CubeIDE/microros_ws/install/drive_base_msgs/include/drive_base_msgs/drive_base_msgs/msg/detail/command_header__type_support.c
[4.789s] -- Installing: /home/ali/STM32CubeIDE/microros_ws/install/drive_base_msgs/include/drive_base_msgs/drive_base_msgs/msg/detail/command_status__type_support.c
[4.790s] -- Installing: /home/ali/STM32CubeIDE/microros_ws/install/drive_base_msgs/include/drive_base_msgs/drive_base_msgs/msg/detail/command_status__struct.h
[4.790s] -- Installing: /home/ali/STM32CubeIDE/microros_ws/install/drive_base_msgs/include/drive_base_msgs/drive_base_msgs/msg/detail/trv_command__description.c
[4.790s] -- Installing: /home/ali/STM32CubeIDE/microros_ws/install/drive_base_msgs/include/drive_base_msgs/drive_base_msgs/msg/detail/command_status__functions.h
[4.790s] -- Installing: /home/ali/STM32CubeIDE/microros_ws/install/drive_base_msgs/include/drive_base_msgs/drive_base_msgs/msg/detail/command_header__functions.h
[4.790s] -- Installing: /home/ali/STM32CubeIDE/microros_ws/install/drive_base_msgs/include/drive_base_msgs/drive_base_msgs/msg/detail/command_header__functions.c
[4.790s] -- Installing: /home/ali/STM32CubeIDE/microros_ws/install/drive_base_msgs/include/drive_base_msgs/drive_base_msgs/msg/detail/trv_command__struct.h
[4.790s] -- Installing: /home/ali/STM32CubeIDE/microros_ws/install/drive_base_msgs/include/drive_base_msgs/drive_base_msgs/msg/detail/trv_command__functions.h
[4.790s] -- Installing: /home/ali/STM32CubeIDE/microros_ws/install/drive_base_msgs/include/drive_base_msgs/drive_base_msgs/msg/detail/base_info__functions.h
[4.790s] -- Installing: /home/ali/STM32CubeIDE/microros_ws/install/drive_base_msgs/include/drive_base_msgs/drive_base_msgs/msg/detail/base_info__description.c
[4.790s] -- Installing: /home/ali/STM32CubeIDE/microros_ws/install/drive_base_msgs/include/drive_base_msgs/drive_base_msgs/msg/detail/base_info__functions.c
[4.790s] -- Installing: /home/ali/STM32CubeIDE/microros_ws/install/drive_base_msgs/include/drive_base_msgs/drive_base_msgs/msg/detail/command_status__description.c
[4.790s] -- Installing: /home/ali/STM32CubeIDE/microros_ws/install/drive_base_msgs/include/drive_base_msgs/drive_base_msgs/msg/detail/command_status__type_support.h
[4.790s] -- Installing: /home/ali/STM32CubeIDE/microros_ws/install/drive_base_msgs/include/drive_base_msgs/drive_base_msgs/msg/detail/command_header__struct.h
[4.790s] -- Installing: /home/ali/STM32CubeIDE/microros_ws/install/drive_base_msgs/include/drive_base_msgs/drive_base_msgs/msg/command_status.h
[4.790s] -- Installing: /home/ali/STM32CubeIDE/microros_ws/install/drive_base_msgs/include/drive_base_msgs/drive_base_msgs/msg/trv_command.h
[4.790s] -- Installing: /home/ali/STM32CubeIDE/microros_ws/install/drive_base_msgs/include/drive_base_msgs/drive_base_msgs/msg/base_info.h
[4.790s] -- Installing: /home/ali/STM32CubeIDE/microros_ws/install/drive_base_msgs/include/drive_base_msgs/drive_base_msgs/msg/rosidl_generator_c__visibility_control.h
[4.790s] -- Installing: /home/ali/STM32CubeIDE/microros_ws/install/drive_base_msgs/share/drive_base_msgs/environment/library_path.sh
[4.790s] -- Installing: /home/ali/STM32CubeIDE/microros_ws/install/drive_base_msgs/share/drive_base_msgs/environment/library_path.dsv
[4.790s] -- Installing: /home/ali/STM32CubeIDE/microros_ws/install/drive_base_msgs/lib/libdrive_base_msgs__rosidl_generator_c.so
[4.790s] -- Set non-toolchain portion of runtime path of "/home/ali/STM32CubeIDE/microros_ws/install/drive_base_msgs/lib/libdrive_base_msgs__rosidl_generator_c.so" to ""
[4.790s] -- Up-to-date: /home/ali/STM32CubeIDE/microros_ws/install/drive_base_msgs/include/drive_base_msgs/drive_base_msgs
[4.790s] -- Up-to-date: /home/ali/STM32CubeIDE/microros_ws/install/drive_base_msgs/include/drive_base_msgs/drive_base_msgs/msg
[4.790s] -- Installing: /home/ali/STM32CubeIDE/microros_ws/install/drive_base_msgs/include/drive_base_msgs/drive_base_msgs/msg/rosidl_typesupport_fastrtps_c__visibility_control.h
[4.790s] -- Up-to-date: /home/ali/STM32CubeIDE/microros_ws/install/drive_base_msgs/include/drive_base_msgs/drive_base_msgs/msg/detail
[4.791s] -- Installing: /home/ali/STM32CubeIDE/microros_ws/install/drive_base_msgs/include/drive_base_msgs/drive_base_msgs/msg/detail/command_header__rosidl_typesupport_fastrtps_c.h
[4.791s] -- Installing: /home/ali/STM32CubeIDE/microros_ws/install/drive_base_msgs/include/drive_base_msgs/drive_base_msgs/msg/detail/base_info__rosidl_typesupport_fastrtps_c.h
[4.791s] -- Installing: /home/ali/STM32CubeIDE/microros_ws/install/drive_base_msgs/include/drive_base_msgs/drive_base_msgs/msg/detail/command_status__rosidl_typesupport_fastrtps_c.h
[4.791s] -- Installing: /home/ali/STM32CubeIDE/microros_ws/install/drive_base_msgs/include/drive_base_msgs/drive_base_msgs/msg/detail/trv_command__rosidl_typesupport_fastrtps_c.h
[4.791s] -- Installing: /home/ali/STM32CubeIDE/microros_ws/install/drive_base_msgs/lib/libdrive_base_msgs__rosidl_typesupport_fastrtps_c.so
[4.791s] -- Set non-toolchain portion of runtime path of "/home/ali/STM32CubeIDE/microros_ws/install/drive_base_msgs/lib/libdrive_base_msgs__rosidl_typesupport_fastrtps_c.so" to ""
[4.791s] -- Up-to-date: /home/ali/STM32CubeIDE/microros_ws/install/drive_base_msgs/include/drive_base_msgs/drive_base_msgs
[4.791s] -- Up-to-date: /home/ali/STM32CubeIDE/microros_ws/install/drive_base_msgs/include/drive_base_msgs/drive_base_msgs/msg
[4.791s] -- Installing: /home/ali/STM32CubeIDE/microros_ws/install/drive_base_msgs/include/drive_base_msgs/drive_base_msgs/msg/rosidl_generator_cpp__visibility_control.hpp
[4.791s] -- Installing: /home/ali/STM32CubeIDE/microros_ws/install/drive_base_msgs/include/drive_base_msgs/drive_base_msgs/msg/command_header.hpp
[4.791s] -- Up-to-date: /home/ali/STM32CubeIDE/microros_ws/install/drive_base_msgs/include/drive_base_msgs/drive_base_msgs/msg/detail
[4.791s] -- Installing: /home/ali/STM32CubeIDE/microros_ws/install/drive_base_msgs/include/drive_base_msgs/drive_base_msgs/msg/detail/trv_command__struct.hpp
[4.791s] -- Installing: /home/ali/STM32CubeIDE/microros_ws/install/drive_base_msgs/include/drive_base_msgs/drive_base_msgs/msg/detail/command_header__builder.hpp
[4.791s] -- Installing: /home/ali/STM32CubeIDE/microros_ws/install/drive_base_msgs/include/drive_base_msgs/drive_base_msgs/msg/detail/base_info__traits.hpp
[4.791s] -- Installing: /home/ali/STM32CubeIDE/microros_ws/install/drive_base_msgs/include/drive_base_msgs/drive_base_msgs/msg/detail/command_header__type_support.hpp
[4.791s] -- Installing: /home/ali/STM32CubeIDE/microros_ws/install/drive_base_msgs/include/drive_base_msgs/drive_base_msgs/msg/detail/command_header__traits.hpp
[4.791s] -- Installing: /home/ali/STM32CubeIDE/microros_ws/install/drive_base_msgs/include/drive_base_msgs/drive_base_msgs/msg/detail/command_status__traits.hpp
[4.791s] -- Installing: /home/ali/STM32CubeIDE/microros_ws/install/drive_base_msgs/include/drive_base_msgs/drive_base_msgs/msg/detail/command_header__struct.hpp
[4.791s] -- Installing: /home/ali/STM32CubeIDE/microros_ws/install/drive_base_msgs/include/drive_base_msgs/drive_base_msgs/msg/detail/base_info__builder.hpp
[4.791s] -- Installing: /home/ali/STM32CubeIDE/microros_ws/install/drive_base_msgs/include/drive_base_msgs/drive_base_msgs/msg/detail/base_info__type_support.hpp
[4.791s] -- Installing: /home/ali/STM32CubeIDE/microros_ws/install/drive_base_msgs/include/drive_base_msgs/drive_base_msgs/msg/detail/trv_command__type_support.hpp
[4.791s] -- Installing: /home/ali/STM32CubeIDE/microros_ws/install/drive_base_msgs/include/drive_base_msgs/drive_base_msgs/msg/detail/trv_command__traits.hpp
[4.791s] -- Installing: /home/ali/STM32CubeIDE/microros_ws/install/drive_base_msgs/include/drive_base_msgs/drive_base_msgs/msg/detail/command_status__builder.hpp
[4.791s] -- Installing: /home/ali/STM32CubeIDE/microros_ws/install/drive_base_msgs/include/drive_base_msgs/drive_base_msgs/msg/detail/trv_command__builder.hpp
[4.791s] -- Installing: /home/ali/STM32CubeIDE/microros_ws/install/drive_base_msgs/include/drive_base_msgs/drive_base_msgs/msg/detail/base_info__struct.hpp
[4.792s] -- Installing: /home/ali/STM32CubeIDE/microros_ws/install/drive_base_msgs/include/drive_base_msgs/drive_base_msgs/msg/detail/command_status__struct.hpp
[4.792s] -- Installing: /home/ali/STM32CubeIDE/microros_ws/install/drive_base_msgs/include/drive_base_msgs/drive_base_msgs/msg/detail/command_status__type_support.hpp
[4.792s] -- Installing: /home/ali/STM32CubeIDE/microros_ws/install/drive_base_msgs/include/drive_base_msgs/drive_base_msgs/msg/trv_command.hpp
[4.792s] -- Installing: /home/ali/STM32CubeIDE/microros_ws/install/drive_base_msgs/include/drive_base_msgs/drive_base_msgs/msg/command_status.hpp
[4.792s] -- Installing: /home/ali/STM32CubeIDE/microros_ws/install/drive_base_msgs/include/drive_base_msgs/drive_base_msgs/msg/base_info.hpp
[4.792s] -- Up-to-date: /home/ali/STM32CubeIDE/microros_ws/install/drive_base_msgs/include/drive_base_msgs/drive_base_msgs
[4.792s] -- Up-to-date: /home/ali/STM32CubeIDE/microros_ws/install/drive_base_msgs/include/drive_base_msgs/drive_base_msgs/msg
[4.792s] -- Up-to-date: /home/ali/STM32CubeIDE/microros_ws/install/drive_base_msgs/include/drive_base_msgs/drive_base_msgs/msg/detail
[4.792s] -- Installing: /home/ali/STM32CubeIDE/microros_ws/install/drive_base_msgs/include/drive_base_msgs/drive_base_msgs/msg/detail/dds_fastrtps
[4.792s] -- Installing: /home/ali/STM32CubeIDE/microros_ws/install/drive_base_msgs/include/drive_base_msgs/drive_base_msgs/msg/detail/command_status__rosidl_typesupport_fastrtps_cpp.hpp
[4.792s] -- Installing: /home/ali/STM32CubeIDE/microros_ws/install/drive_base_msgs/include/drive_base_msgs/drive_base_msgs/msg/detail/trv_command__rosidl_typesupport_fastrtps_cpp.hpp
[4.792s] -- Installing: /home/ali/STM32CubeIDE/microros_ws/install/drive_base_msgs/include/drive_base_msgs/drive_base_msgs/msg/detail/base_info__rosidl_typesupport_fastrtps_cpp.hpp
[4.792s] -- Installing: /home/ali/STM32CubeIDE/microros_ws/install/drive_base_msgs/include/drive_base_msgs/drive_base_msgs/msg/detail/command_header__rosidl_typesupport_fastrtps_cpp.hpp
[4.792s] -- Installing: /home/ali/STM32CubeIDE/microros_ws/install/drive_base_msgs/include/drive_base_msgs/drive_base_msgs/msg/rosidl_typesupport_fastrtps_cpp__visibility_control.h
[4.792s] -- Installing: /home/ali/STM32CubeIDE/microros_ws/install/drive_base_msgs/lib/libdrive_base_msgs__rosidl_typesupport_fastrtps_cpp.so
[4.792s] -- Set non-toolchain portion of runtime path of "/home/ali/STM32CubeIDE/microros_ws/install/drive_base_msgs/lib/libdrive_base_msgs__rosidl_typesupport_fastrtps_cpp.so" to ""
[4.792s] -- Up-to-date: /home/ali/STM32CubeIDE/microros_ws/install/drive_base_msgs/include/drive_base_msgs/drive_base_msgs
[4.792s] -- Up-to-date: /home/ali/STM32CubeIDE/microros_ws/install/drive_base_msgs/include/drive_base_msgs/drive_base_msgs/msg
[4.792s] -- Installing: /home/ali/STM32CubeIDE/microros_ws/install/drive_base_msgs/include/drive_base_msgs/drive_base_msgs/msg/rosidl_typesupport_introspection_c__visibility_control.h
[4.792s] -- Up-to-date: /home/ali/STM32CubeIDE/microros_ws/install/drive_base_msgs/include/drive_base_msgs/drive_base_msgs/msg/detail
[4.792s] -- Installing: /home/ali/STM32CubeIDE/microros_ws/install/drive_base_msgs/include/drive_base_msgs/drive_base_msgs/msg/detail/base_info__type_support.c
[4.792s] -- Installing: /home/ali/STM32CubeIDE/microros_ws/install/drive_base_msgs/include/drive_base_msgs/drive_base_msgs/msg/detail/trv_command__rosidl_typesupport_introspection_c.h
[4.792s] -- Installing: /home/ali/STM32CubeIDE/microros_ws/install/drive_base_msgs/include/drive_base_msgs/drive_base_msgs/msg/detail/base_info__rosidl_typesupport_introspection_c.h
[4.792s] -- Installing: /home/ali/STM32CubeIDE/microros_ws/install/drive_base_msgs/include/drive_base_msgs/drive_base_msgs/msg/detail/command_status__rosidl_typesupport_introspection_c.h
[4.792s] -- Installing: /home/ali/STM32CubeIDE/microros_ws/install/drive_base_msgs/include/drive_base_msgs/drive_base_msgs/msg/detail/trv_command__type_support.c
[4.792s] -- Installing: /home/ali/STM32CubeIDE/microros_ws/install/drive_base_msgs/include/drive_base_msgs/drive_base_msgs/msg/detail/command_header__type_support.c
[4.793s] -- Installing: /home/ali/STM32CubeIDE/microros_ws/install/drive_base_msgs/include/drive_base_msgs/drive_base_msgs/msg/detail/command_status__type_support.c
[4.793s] -- Installing: /home/ali/STM32CubeIDE/microros_ws/install/drive_base_msgs/include/drive_base_msgs/drive_base_msgs/msg/detail/command_header__rosidl_typesupport_introspection_c.h
[4.793s] -- Installing: /home/ali/STM32CubeIDE/microros_ws/install/drive_base_msgs/lib/libdrive_base_msgs__rosidl_typesupport_introspection_c.so
[4.793s] -- Set non-toolchain portion of runtime path of "/home/ali/STM32CubeIDE/microros_ws/install/drive_base_msgs/lib/libdrive_base_msgs__rosidl_typesupport_introspection_c.so" to ""
[4.793s] -- Installing: /home/ali/STM32CubeIDE/microros_ws/install/drive_base_msgs/lib/libdrive_base_msgs__rosidl_typesupport_c.so
[4.793s] -- Set non-toolchain portion of runtime path of "/home/ali/STM32CubeIDE/microros_ws/install/drive_base_msgs/lib/libdrive_base_msgs__rosidl_typesupport_c.so" to ""
[4.793s] -- Up-to-date: /home/ali/STM32CubeIDE/microros_ws/install/drive_base_msgs/include/drive_base_msgs/drive_base_msgs
[4.793s] -- Up-to-date: /home/ali/STM32CubeIDE/microros_ws/install/drive_base_msgs/include/drive_base_msgs/drive_base_msgs/msg
[4.793s] -- Up-to-date: /home/ali/STM32CubeIDE/microros_ws/install/drive_base_msgs/include/drive_base_msgs/drive_base_msgs/msg/detail
[4.793s] -- Installing: /home/ali/STM32CubeIDE/microros_ws/install/drive_base_msgs/include/drive_base_msgs/drive_base_msgs/msg/detail/command_status__rosidl_typesupport_introspection_cpp.hpp
[4.793s] -- Installing: /home/ali/STM32CubeIDE/microros_ws/install/drive_base_msgs/include/drive_base_msgs/drive_base_msgs/msg/detail/command_header__rosidl_typesupport_introspection_cpp.hpp
[4.793s] -- Installing: /home/ali/STM32CubeIDE/microros_ws/install/drive_base_msgs/include/drive_base_msgs/drive_base_msgs/msg/detail/trv_command__rosidl_typesupport_introspection_cpp.hpp
[4.793s] -- Installing: /home/ali/STM32CubeIDE/microros_ws/install/drive_base_msgs/include/drive_base_msgs/drive_base_msgs/msg/detail/command_header__type_support.cpp
[4.793s] -- Installing: /home/ali/STM32CubeIDE/microros_ws/install/drive_base_msgs/include/drive_base_msgs/drive_base_msgs/msg/detail/trv_command__type_support.cpp
[4.793s] -- Installing: /home/ali/STM32CubeIDE/microros_ws/install/drive_base_msgs/include/drive_base_msgs/drive_base_msgs/msg/detail/base_info__rosidl_typesupport_introspection_cpp.hpp
[4.793s] -- Installing: /home/ali/STM32CubeIDE/microros_ws/install/drive_base_msgs/include/drive_base_msgs/drive_base_msgs/msg/detail/command_status__type_support.cpp
[4.793s] -- Installing: /home/ali/STM32CubeIDE/microros_ws/install/drive_base_msgs/include/drive_base_msgs/drive_base_msgs/msg/detail/base_info__type_support.cpp
[4.793s] -- Installing: /home/ali/STM32CubeIDE/microros_ws/install/drive_base_msgs/lib/libdrive_base_msgs__rosidl_typesupport_introspection_cpp.so
[4.793s] -- Set non-toolchain portion of runtime path of "/home/ali/STM32CubeIDE/microros_ws/install/drive_base_msgs/lib/libdrive_base_msgs__rosidl_typesupport_introspection_cpp.so" to ""
[4.793s] -- Installing: /home/ali/STM32CubeIDE/microros_ws/install/drive_base_msgs/lib/libdrive_base_msgs__rosidl_typesupport_cpp.so
[4.793s] -- Set non-toolchain portion of runtime path of "/home/ali/STM32CubeIDE/microros_ws/install/drive_base_msgs/lib/libdrive_base_msgs__rosidl_typesupport_cpp.so" to ""
[4.793s] -- Installing: /home/ali/STM32CubeIDE/microros_ws/install/drive_base_msgs/share/drive_base_msgs/environment/pythonpath.sh
[4.794s] -- Installing: /home/ali/STM32CubeIDE/microros_ws/install/drive_base_msgs/share/drive_base_msgs/environment/pythonpath.dsv
[4.794s] -- Installing: /home/ali/STM32CubeIDE/microros_ws/install/drive_base_msgs/lib/python3.12/site-packages/drive_base_msgs-0.0.0-py3.12.egg-info
[4.794s] -- Installing: /home/ali/STM32CubeIDE/microros_ws/install/drive_base_msgs/lib/python3.12/site-packages/drive_base_msgs-0.0.0-py3.12.egg-info/PKG-INFO
[4.794s] -- Installing: /home/ali/STM32CubeIDE/microros_ws/install/drive_base_msgs/lib/python3.12/site-packages/drive_base_msgs-0.0.0-py3.12.egg-info/top_level.txt
[4.794s] -- Installing: /home/ali/STM32CubeIDE/microros_ws/install/drive_base_msgs/lib/python3.12/site-packages/drive_base_msgs-0.0.0-py3.12.egg-info/dependency_links.txt
[4.794s] -- Installing: /home/ali/STM32CubeIDE/microros_ws/install/drive_base_msgs/lib/python3.12/site-packages/drive_base_msgs-0.0.0-py3.12.egg-info/SOURCES.txt
[4.794s] -- Installing: /home/ali/STM32CubeIDE/microros_ws/install/drive_base_msgs/lib/python3.12/site-packages/drive_base_msgs
[4.794s] -- Installing: /home/ali/STM32CubeIDE/microros_ws/install/drive_base_msgs/lib/python3.12/site-packages/drive_base_msgs/_drive_base_msgs_s.ep.rosidl_typesupport_fastrtps_c.c
[4.794s] -- Installing: /home/ali/STM32CubeIDE/microros_ws/install/drive_base_msgs/lib/python3.12/site-packages/drive_base_msgs/drive_base_msgs_s__rosidl_typesupport_fastrtps_c.so
[4.794s] -- Installing: /home/ali/STM32CubeIDE/microros_ws/install/drive_base_msgs/lib/python3.12/site-packages/drive_base_msgs/_drive_base_msgs_s.ep.rosidl_typesupport_introspection_c.c
[4.794s] -- Installing: /home/ali/STM32CubeIDE/microros_ws/install/drive_base_msgs/lib/python3.12/site-packages/drive_base_msgs/drive_base_msgs_s__rosidl_typesupport_introspection_c.so
[4.794s] -- Installing: /home/ali/STM32CubeIDE/microros_ws/install/drive_base_msgs/lib/python3.12/site-packages/drive_base_msgs/_drive_base_msgs_s.ep.rosidl_typesupport_c.c
[4.794s] -- Installing: /home/ali/STM32CubeIDE/microros_ws/install/drive_base_msgs/lib/python3.12/site-packages/drive_base_msgs/drive_base_msgs_s__rosidl_typesupport_c.so
[4.794s] -- Installing: /home/ali/STM32CubeIDE/microros_ws/install/drive_base_msgs/lib/python3.12/site-packages/drive_base_msgs/__init__.py
[4.794s] -- Installing: /home/ali/STM32CubeIDE/microros_ws/install/drive_base_msgs/lib/python3.12/site-packages/drive_base_msgs/msg
[4.794s] -- Installing: /home/ali/STM32CubeIDE/microros_ws/install/drive_base_msgs/lib/python3.12/site-packages/drive_base_msgs/msg/_command_header.py
[4.794s] -- Installing: /home/ali/STM32CubeIDE/microros_ws/install/drive_base_msgs/lib/python3.12/site-packages/drive_base_msgs/msg/_command_header_s.c
[4.794s] -- Installing: /home/ali/STM32CubeIDE/microros_ws/install/drive_base_msgs/lib/python3.12/site-packages/drive_base_msgs/msg/_command_status.py
[4.794s] -- Installing: /home/ali/STM32CubeIDE/microros_ws/install/drive_base_msgs/lib/python3.12/site-packages/drive_base_msgs/msg/_base_info.py
[4.794s] -- Installing: /home/ali/STM32CubeIDE/microros_ws/install/drive_base_msgs/lib/python3.12/site-packages/drive_base_msgs/msg/_trv_command_s.c
[4.794s] -- Installing: /home/ali/STM32CubeIDE/microros_ws/install/drive_base_msgs/lib/python3.12/site-packages/drive_base_msgs/msg/_base_info_s.c
[4.794s] -- Installing: /home/ali/STM32CubeIDE/microros_ws/install/drive_base_msgs/lib/python3.12/site-packages/drive_base_msgs/msg/_command_status_s.c
[4.794s] -- Installing: /home/ali/STM32CubeIDE/microros_ws/install/drive_base_msgs/lib/python3.12/site-packages/drive_base_msgs/msg/__init__.py
[4.794s] -- Installing: /home/ali/STM32CubeIDE/microros_ws/install/drive_base_msgs/lib/python3.12/site-packages/drive_base_msgs/msg/_trv_command.py
[4.823s] Listing '/home/ali/STM32CubeIDE/microros_ws/install/drive_base_msgs/lib/python3.12/site-packages/drive_base_msgs'...
[4.823s] Compiling '/home/ali/STM32CubeIDE/microros_ws/install/drive_base_msgs/lib/python3.12/site-packages/drive_base_msgs/__init__.py'...
[4.823s] Listing '/home/ali/STM32CubeIDE/microros_ws/install/drive_base_msgs/lib/python3.12/site-packages/drive_base_msgs/msg'...
[4.823s] Compiling '/home/ali/STM32CubeIDE/microros_ws/install/drive_base_msgs/lib/python3.12/site-packages/drive_base_msgs/msg/__init__.py'...
[4.823s] Compiling '/home/ali/STM32CubeIDE/microros_ws/install/drive_base_msgs/lib/python3.12/site-packages/drive_base_msgs/msg/_base_info.py'...
[4.823s] Compiling '/home/ali/STM32CubeIDE/microros_ws/install/drive_base_msgs/lib/python3.12/site-packages/drive_base_msgs/msg/_command_header.py'...
[4.823s] Compiling '/home/ali/STM32CubeIDE/microros_ws/install/drive_base_msgs/lib/python3.12/site-packages/drive_base_msgs/msg/_command_status.py'...
[4.823s] Compiling '/home/ali/STM32CubeIDE/microros_ws/install/drive_base_msgs/lib/python3.12/site-packages/drive_base_msgs/msg/_trv_command.py'...
[4.827s] -- Installing: /home/ali/STM32CubeIDE/microros_ws/install/drive_base_msgs/lib/python3.12/site-packages/drive_base_msgs/drive_base_msgs_s__rosidl_typesupport_fastrtps_c.so
[4.827s] -- Set non-toolchain portion of runtime path of "/home/ali/STM32CubeIDE/microros_ws/install/drive_base_msgs/lib/python3.12/site-packages/drive_base_msgs/drive_base_msgs_s__rosidl_typesupport_fastrtps_c.so" to ""
[4.827s] -- Installing: /home/ali/STM32CubeIDE/microros_ws/install/drive_base_msgs/lib/python3.12/site-packages/drive_base_msgs/drive_base_msgs_s__rosidl_typesupport_introspection_c.so
[4.827s] -- Set non-toolchain portion of runtime path of "/home/ali/STM32CubeIDE/microros_ws/install/drive_base_msgs/lib/python3.12/site-packages/drive_base_msgs/drive_base_msgs_s__rosidl_typesupport_introspection_c.so" to ""
[4.827s] -- Installing: /home/ali/STM32CubeIDE/microros_ws/install/drive_base_msgs/lib/python3.12/site-packages/drive_base_msgs/drive_base_msgs_s__rosidl_typesupport_c.so
[4.828s] -- Set non-toolchain portion of runtime path of "/home/ali/STM32CubeIDE/microros_ws/install/drive_base_msgs/lib/python3.12/site-packages/drive_base_msgs/drive_base_msgs_s__rosidl_typesupport_c.so" to ""
[4.828s] -- Installing: /home/ali/STM32CubeIDE/microros_ws/install/drive_base_msgs/lib/libdrive_base_msgs__rosidl_generator_py.so
[4.828s] -- Set non-toolchain portion of runtime path of "/home/ali/STM32CubeIDE/microros_ws/install/drive_base_msgs/lib/libdrive_base_msgs__rosidl_generator_py.so" to ""
[4.828s] -- Installing: /home/ali/STM32CubeIDE/microros_ws/install/drive_base_msgs/share/drive_base_msgs/msg/CommandHeader.idl
[4.828s] -- Installing: /home/ali/STM32CubeIDE/microros_ws/install/drive_base_msgs/share/drive_base_msgs/msg/BaseInfo.idl
[4.828s] -- Installing: /home/ali/STM32CubeIDE/microros_ws/install/drive_base_msgs/share/drive_base_msgs/msg/CommandStatus.idl
[4.828s] -- Installing: /home/ali/STM32CubeIDE/microros_ws/install/drive_base_msgs/share/drive_base_msgs/msg/TRVCommand.idl
[4.828s] -- Installing: /home/ali/STM32CubeIDE/microros_ws/install/drive_base_msgs/share/drive_base_msgs/msg/CommandHeader.msg
[4.828s] -- Installing: /home/ali/STM32CubeIDE/microros_ws/install/drive_base_msgs/share/drive_base_msgs/msg/BaseInfo.msg
[4.828s] -- Installing: /home/ali/STM32CubeIDE/microros_ws/install/drive_base_msgs/share/drive_base_msgs/msg/CommandStatus.msg
[4.828s] -- Installing: /home/ali/STM32CubeIDE/microros_ws/install/drive_base_msgs/share/drive_base_msgs/msg/TRVCommand.msg
[4.828s] -- Installing: /home/ali/STM32CubeIDE/microros_ws/install/drive_base_msgs/share/ament_index/resource_index/package_run_dependencies/drive_base_msgs
[4.828s] -- Installing: /home/ali/STM32CubeIDE/microros_ws/install/drive_base_msgs/share/ament_index/resource_index/parent_prefix_path/drive_base_msgs
[4.828s] -- Installing: /home/ali/STM32CubeIDE/microros_ws/install/drive_base_msgs/share/drive_base_msgs/environment/ament_prefix_path.sh
[4.829s] -- Installing: /home/ali/STM32CubeIDE/microros_ws/install/drive_base_msgs/share/drive_base_msgs/environment/ament_prefix_path.dsv
[4.829s] -- Installing: /home/ali/STM32CubeIDE/microros_ws/install/drive_base_msgs/share/drive_base_msgs/environment/path.sh
[4.829s] -- Installing: /home/ali/STM32CubeIDE/microros_ws/install/drive_base_msgs/share/drive_base_msgs/environment/path.dsv
[4.829s] -- Installing: /home/ali/STM32CubeIDE/microros_ws/install/drive_base_msgs/share/drive_base_msgs/local_setup.bash
[4.829s] -- Installing: /home/ali/STM32CubeIDE/microros_ws/install/drive_base_msgs/share/drive_base_msgs/local_setup.sh
[4.829s] -- Installing: /home/ali/STM32CubeIDE/microros_ws/install/drive_base_msgs/share/drive_base_msgs/local_setup.zsh
[4.829s] -- Installing: /home/ali/STM32CubeIDE/microros_ws/install/drive_base_msgs/share/drive_base_msgs/local_setup.dsv
[4.829s] -- Installing: /home/ali/STM32CubeIDE/microros_ws/install/drive_base_msgs/share/drive_base_msgs/package.dsv
[4.829s] -- Installing: /home/ali/STM32CubeIDE/microros_ws/install/drive_base_msgs/share/ament_index/resource_index/packages/drive_base_msgs
[4.829s] -- Installing: /home/ali/STM32CubeIDE/microros_ws/install/drive_base_msgs/share/drive_base_msgs/cmake/export_drive_base_msgs__rosidl_generator_cExport.cmake
[4.829s] -- Installing: /home/ali/STM32CubeIDE/microros_ws/install/drive_base_msgs/share/drive_base_msgs/cmake/export_drive_base_msgs__rosidl_generator_cExport-noconfig.cmake
[4.829s] -- Installing: /home/ali/STM32CubeIDE/microros_ws/install/drive_base_msgs/share/drive_base_msgs/cmake/export_drive_base_msgs__rosidl_typesupport_fastrtps_cExport.cmake
[4.829s] -- Installing: /home/ali/STM32CubeIDE/microros_ws/install/drive_base_msgs/share/drive_base_msgs/cmake/export_drive_base_msgs__rosidl_typesupport_fastrtps_cExport-noconfig.cmake
[4.829s] -- Installing: /home/ali/STM32CubeIDE/microros_ws/install/drive_base_msgs/share/drive_base_msgs/cmake/export_drive_base_msgs__rosidl_generator_cppExport.cmake
[4.829s] -- Installing: /home/ali/STM32CubeIDE/microros_ws/install/drive_base_msgs/share/drive_base_msgs/cmake/export_drive_base_msgs__rosidl_typesupport_fastrtps_cppExport.cmake
[4.829s] -- Installing: /home/ali/STM32CubeIDE/microros_ws/install/drive_base_msgs/share/drive_base_msgs/cmake/export_drive_base_msgs__rosidl_typesupport_fastrtps_cppExport-noconfig.cmake
[4.829s] -- Installing: /home/ali/STM32CubeIDE/microros_ws/install/drive_base_msgs/share/drive_base_msgs/cmake/drive_base_msgs__rosidl_typesupport_introspection_cExport.cmake
[4.829s] -- Installing: /home/ali/STM32CubeIDE/microros_ws/install/drive_base_msgs/share/drive_base_msgs/cmake/drive_base_msgs__rosidl_typesupport_introspection_cExport-noconfig.cmake
[4.829s] -- Installing: /home/ali/STM32CubeIDE/microros_ws/install/drive_base_msgs/share/drive_base_msgs/cmake/drive_base_msgs__rosidl_typesupport_cExport.cmake
[4.829s] -- Installing: /home/ali/STM32CubeIDE/microros_ws/install/drive_base_msgs/share/drive_base_msgs/cmake/drive_base_msgs__rosidl_typesupport_cExport-noconfig.cmake
[4.829s] -- Installing: /home/ali/STM32CubeIDE/microros_ws/install/drive_base_msgs/share/drive_base_msgs/cmake/drive_base_msgs__rosidl_typesupport_introspection_cppExport.cmake
[4.829s] -- Installing: /home/ali/STM32CubeIDE/microros_ws/install/drive_base_msgs/share/drive_base_msgs/cmake/drive_base_msgs__rosidl_typesupport_introspection_cppExport-noconfig.cmake
[4.829s] -- Installing: /home/ali/STM32CubeIDE/microros_ws/install/drive_base_msgs/share/drive_base_msgs/cmake/drive_base_msgs__rosidl_typesupport_cppExport.cmake
[4.829s] -- Installing: /home/ali/STM32CubeIDE/microros_ws/install/drive_base_msgs/share/drive_base_msgs/cmake/drive_base_msgs__rosidl_typesupport_cppExport-noconfig.cmake
[4.829s] -- Installing: /home/ali/STM32CubeIDE/microros_ws/install/drive_base_msgs/share/drive_base_msgs/cmake/export_drive_base_msgs__rosidl_generator_pyExport.cmake
[4.829s] -- Installing: /home/ali/STM32CubeIDE/microros_ws/install/drive_base_msgs/share/drive_base_msgs/cmake/export_drive_base_msgs__rosidl_generator_pyExport-noconfig.cmake
[4.830s] -- Installing: /home/ali/STM32CubeIDE/microros_ws/install/drive_base_msgs/share/drive_base_msgs/cmake/rosidl_cmake-extras.cmake
[4.830s] -- Installing: /home/ali/STM32CubeIDE/microros_ws/install/drive_base_msgs/share/drive_base_msgs/cmake/ament_cmake_export_dependencies-extras.cmake
[4.830s] -- Installing: /home/ali/STM32CubeIDE/microros_ws/install/drive_base_msgs/share/drive_base_msgs/cmake/ament_cmake_export_include_directories-extras.cmake
[4.830s] -- Installing: /home/ali/STM32CubeIDE/microros_ws/install/drive_base_msgs/share/drive_base_msgs/cmake/ament_cmake_export_libraries-extras.cmake
[4.830s] -- Installing: /home/ali/STM32CubeIDE/microros_ws/install/drive_base_msgs/share/drive_base_msgs/cmake/ament_cmake_export_targets-extras.cmake
[4.830s] -- Installing: /home/ali/STM32CubeIDE/microros_ws/install/drive_base_msgs/share/drive_base_msgs/cmake/rosidl_cmake_export_typesupport_targets-extras.cmake
[4.830s] -- Installing: /home/ali/STM32CubeIDE/microros_ws/install/drive_base_msgs/share/drive_base_msgs/cmake/rosidl_cmake_export_typesupport_libraries-extras.cmake
[4.830s] -- Installing: /home/ali/STM32CubeIDE/microros_ws/install/drive_base_msgs/share/drive_base_msgs/cmake/drive_base_msgsConfig.cmake
[4.830s] -- Installing: /home/ali/STM32CubeIDE/microros_ws/install/drive_base_msgs/share/drive_base_msgs/cmake/drive_base_msgsConfig-version.cmake
[4.830s] -- Installing: /home/ali/STM32CubeIDE/microros_ws/install/drive_base_msgs/share/drive_base_msgs/package.xml
[4.831s] Invoked command in '/home/ali/STM32CubeIDE/microros_ws/build/drive_base_msgs' returned '0': CMAKE_PREFIX_PATH=${CMAKE_PREFIX_PATH}:/opt/ros/jazzy DEBUGINFOD_URLS=https://debuginfod.ubuntu.com /usr/bin/cmake --install /home/ali/STM32CubeIDE/microros_ws/build/drive_base_msgs
