[0.006s] Invoking command in '/home/ali/STM32CubeIDE/microros_ws/build/micro_ros_msgs': CMAKE_PREFIX_PATH=${CMAKE_PREFIX_PATH}:/opt/ros/jazzy DEBUGINFOD_URLS=https://debuginfod.ubuntu.com /usr/bin/cmake /home/ali/STM32CubeIDE/microros_ws/src/uros/micro_ros_msgs -DUAGENT_BUILD_EXECUTABLE=OFF -DUAGENT_P2P_PROFILE=OFF --no-warn-unused-cli -DCMAKE_INSTALL_PREFIX=/home/ali/STM32CubeIDE/microros_ws/install/micro_ros_msgs
[0.012s] Not searching for unused variables given on the command line.
[0.049s] -- The C compiler identification is GNU 13.3.0
[0.089s] -- The CXX compiler identification is GNU 13.3.0
[0.102s] -- Detecting C compiler ABI info
[0.185s] -- Detecting C compiler ABI info - done
[0.194s] -- Check for working C compiler: /usr/bin/cc - skipped
[0.194s] -- Detecting C compile features
[0.194s] -- Detecting C compile features - done
[0.205s] -- Detecting CXX compiler ABI info
[0.291s] -- Detecting CXX compiler ABI info - done
[0.301s] -- Check for working CXX compiler: /usr/bin/c++ - skipped
[0.301s] -- Detecting CXX compile features
[0.302s] -- Detecting CXX compile features - done
[0.303s] -- Found ament_cmake: 2.5.4 (/opt/ros/jazzy/share/ament_cmake/cmake)
[0.394s] -- Found Python3: /usr/bin/python3 (found version "3.12.3") found components: Interpreter 
[0.458s] -- Found rosidl_default_generators: 1.6.0 (/opt/ros/jazzy/share/rosidl_default_generators/cmake)
[0.465s] -- Using all available rosidl_typesupport_c: rosidl_typesupport_fastrtps_c;rosidl_typesupport_introspection_c
[0.499s] -- Using all available rosidl_typesupport_cpp: rosidl_typesupport_fastrtps_cpp;rosidl_typesupport_introspection_cpp
[0.530s] -- Found rosidl_adapter: 4.6.5 (/opt/ros/jazzy/share/rosidl_adapter/cmake)
[0.532s] -- Found ament_lint_auto: 0.17.2 (/opt/ros/jazzy/share/ament_lint_auto/cmake)
[0.936s] -- Found ament_cmake_ros: 0.12.0 (/opt/ros/jazzy/share/ament_cmake_ros/cmake)
[1.226s] -- Using all available rosidl_typesupport_c: rosidl_typesupport_fastrtps_c;rosidl_typesupport_introspection_c
[1.612s] -- Using all available rosidl_typesupport_cpp: rosidl_typesupport_fastrtps_cpp;rosidl_typesupport_introspection_cpp
[1.616s] -- Found python_cmake_module: 0.11.1 (/opt/ros/jazzy/share/python_cmake_module/cmake)
[1.708s] -- Found PythonExtra: /usr/bin/python3  
[2.049s] -- Found Python3: /usr/bin/python3 (found version "3.12.3") found components: Interpreter Development NumPy Development.Module Development.Embed 
[2.071s] -- Added test 'copyright' to check source files copyright and LICENSE
[2.075s] -- Added test 'lint_cmake' to check CMake code style
[2.076s] -- Added test 'xmllint' to check XML markup files
[2.082s] -- Configuring done (2.1s)
[2.100s] -- Generating done (0.0s)
[2.106s] -- Build files have been written to: /home/ali/STM32CubeIDE/microros_ws/build/micro_ros_msgs
[2.111s] Invoked command in '/home/ali/STM32CubeIDE/microros_ws/build/micro_ros_msgs' returned '0': CMAKE_PREFIX_PATH=${CMAKE_PREFIX_PATH}:/opt/ros/jazzy DEBUGINFOD_URLS=https://debuginfod.ubuntu.com /usr/bin/cmake /home/ali/STM32CubeIDE/microros_ws/src/uros/micro_ros_msgs -DUAGENT_BUILD_EXECUTABLE=OFF -DUAGENT_P2P_PROFILE=OFF --no-warn-unused-cli -DCMAKE_INSTALL_PREFIX=/home/ali/STM32CubeIDE/microros_ws/install/micro_ros_msgs
[2.112s] Invoking command in '/home/ali/STM32CubeIDE/microros_ws/build/micro_ros_msgs': CMAKE_PREFIX_PATH=${CMAKE_PREFIX_PATH}:/opt/ros/jazzy DEBUGINFOD_URLS=https://debuginfod.ubuntu.com /usr/bin/cmake --build /home/ali/STM32CubeIDE/microros_ws/build/micro_ros_msgs -- -j20 -l20
[2.150s] [  1%] [34m[1mGenerating type hashes for ROS interfaces[0m
[2.158s] [  1%] Built target ament_cmake_python_copy_micro_ros_msgs
[2.282s] running egg_info
[2.282s] creating micro_ros_msgs.egg-info
[2.292s] writing micro_ros_msgs.egg-info/PKG-INFO
[2.292s] writing dependency_links to micro_ros_msgs.egg-info/dependency_links.txt
[2.292s] writing top-level names to micro_ros_msgs.egg-info/top_level.txt
[2.292s] writing manifest file 'micro_ros_msgs.egg-info/SOURCES.txt'
[2.301s] [  1%] Built target micro_ros_msgs__rosidl_generator_type_description
[2.309s] [  3%] [34m[1mGenerating C code for ROS interfaces[0m
[2.316s] [  5%] [34m[1mGenerating C++ code for ROS interfaces[0m
[2.321s] reading manifest file 'micro_ros_msgs.egg-info/SOURCES.txt'
[2.321s] writing manifest file 'micro_ros_msgs.egg-info/SOURCES.txt'
[2.340s] [  5%] Built target ament_cmake_python_build_micro_ros_msgs_egg
[2.505s] [  5%] Built target micro_ros_msgs__cpp
[2.538s] [  7%] [32mBuilding C object CMakeFiles/micro_ros_msgs__rosidl_generator_c.dir/rosidl_generator_c/micro_ros_msgs/msg/detail/node__functions.c.o[0m
[2.538s] [  9%] [32mBuilding C object CMakeFiles/micro_ros_msgs__rosidl_generator_c.dir/rosidl_generator_c/micro_ros_msgs/msg/detail/node__type_support.c.o[0m
[2.538s] [ 11%] [32mBuilding C object CMakeFiles/micro_ros_msgs__rosidl_generator_c.dir/rosidl_generator_c/micro_ros_msgs/msg/detail/entity__description.c.o[0m
[2.539s] [ 12%] [32mBuilding C object CMakeFiles/micro_ros_msgs__rosidl_generator_c.dir/rosidl_generator_c/micro_ros_msgs/msg/detail/entity__functions.c.o[0m
[2.539s] [ 14%] [32mBuilding C object CMakeFiles/micro_ros_msgs__rosidl_generator_c.dir/rosidl_generator_c/micro_ros_msgs/msg/detail/entity__type_support.c.o[0m
[2.540s] [ 16%] [32mBuilding C object CMakeFiles/micro_ros_msgs__rosidl_generator_c.dir/rosidl_generator_c/micro_ros_msgs/msg/detail/graph__description.c.o[0m
[2.540s] [ 18%] [32mBuilding C object CMakeFiles/micro_ros_msgs__rosidl_generator_c.dir/rosidl_generator_c/micro_ros_msgs/msg/detail/graph__functions.c.o[0m
[2.540s] [ 20%] [32mBuilding C object CMakeFiles/micro_ros_msgs__rosidl_generator_c.dir/rosidl_generator_c/micro_ros_msgs/msg/detail/graph__type_support.c.o[0m
[2.540s] [ 22%] [32mBuilding C object CMakeFiles/micro_ros_msgs__rosidl_generator_c.dir/rosidl_generator_c/micro_ros_msgs/msg/detail/node__description.c.o[0m
[2.579s] [ 24%] [32m[1mLinking C shared library libmicro_ros_msgs__rosidl_generator_c.so[0m
[2.602s] [ 24%] Built target micro_ros_msgs__rosidl_generator_c
[2.611s] [ 27%] [34m[1mGenerating C type support for eProsima Fast-RTPS[0m
[2.611s] [ 27%] [34m[1mGenerating C introspection for ROS interfaces[0m
[2.611s] [ 29%] [34m[1mGenerating C++ introspection for ROS interfaces[0m
[2.612s] [ 31%] [34m[1mGenerating C type support dispatch for ROS interfaces[0m
[2.612s] [ 33%] [34m[1mGenerating C++ type support for eProsima Fast-RTPS[0m
[2.612s] [ 35%] [34m[1mGenerating C++ type support dispatch for ROS interfaces[0m
[2.795s] [ 37%] [32mBuilding CXX object CMakeFiles/micro_ros_msgs__rosidl_typesupport_cpp.dir/rosidl_typesupport_cpp/micro_ros_msgs/msg/graph__type_support.cpp.o[0m
[2.795s] [ 38%] [32mBuilding CXX object CMakeFiles/micro_ros_msgs__rosidl_typesupport_c.dir/rosidl_typesupport_c/micro_ros_msgs/msg/graph__type_support.cpp.o[0m
[2.795s] [ 40%] [32mBuilding CXX object CMakeFiles/micro_ros_msgs__rosidl_typesupport_cpp.dir/rosidl_typesupport_cpp/micro_ros_msgs/msg/node__type_support.cpp.o[0m
[2.796s] [ 42%] [32mBuilding CXX object CMakeFiles/micro_ros_msgs__rosidl_typesupport_cpp.dir/rosidl_typesupport_cpp/micro_ros_msgs/msg/entity__type_support.cpp.o[0m
[2.796s] [ 46%] [32mBuilding CXX object CMakeFiles/micro_ros_msgs__rosidl_typesupport_c.dir/rosidl_typesupport_c/micro_ros_msgs/msg/entity__type_support.cpp.o[0m
[2.796s] [ 46%] [32mBuilding CXX object CMakeFiles/micro_ros_msgs__rosidl_typesupport_c.dir/rosidl_typesupport_c/micro_ros_msgs/msg/node__type_support.cpp.o[0m
[2.812s] [ 51%] [32mBuilding CXX object CMakeFiles/micro_ros_msgs__rosidl_typesupport_introspection_cpp.dir/rosidl_typesupport_introspection_cpp/micro_ros_msgs/msg/detail/entity__type_support.cpp.o[0m
[2.812s] [ 51%] [32mBuilding C object CMakeFiles/micro_ros_msgs__rosidl_typesupport_introspection_c.dir/rosidl_typesupport_introspection_c/micro_ros_msgs/msg/detail/graph__type_support.c.o[0m
[2.812s] [ 51%] [32mBuilding C object CMakeFiles/micro_ros_msgs__rosidl_typesupport_introspection_c.dir/rosidl_typesupport_introspection_c/micro_ros_msgs/msg/detail/entity__type_support.c.o[0m
[2.813s] [ 53%] [32mBuilding CXX object CMakeFiles/micro_ros_msgs__rosidl_typesupport_introspection_cpp.dir/rosidl_typesupport_introspection_cpp/micro_ros_msgs/msg/detail/graph__type_support.cpp.o[0m
[2.813s] [ 57%] [32mBuilding C object CMakeFiles/micro_ros_msgs__rosidl_typesupport_introspection_c.dir/rosidl_typesupport_introspection_c/micro_ros_msgs/msg/detail/node__type_support.c.o[0m
[2.813s] [ 57%] [32mBuilding CXX object CMakeFiles/micro_ros_msgs__rosidl_typesupport_introspection_cpp.dir/rosidl_typesupport_introspection_cpp/micro_ros_msgs/msg/detail/node__type_support.cpp.o[0m
[2.836s] [ 59%] [32m[1mLinking CXX shared library libmicro_ros_msgs__rosidl_typesupport_c.so[0m
[2.844s] [ 62%] [32mBuilding CXX object CMakeFiles/micro_ros_msgs__rosidl_typesupport_fastrtps_cpp.dir/rosidl_typesupport_fastrtps_cpp/micro_ros_msgs/msg/detail/dds_fastrtps/graph__type_support.cpp.o[0m
[2.844s] [ 62%] [32mBuilding CXX object CMakeFiles/micro_ros_msgs__rosidl_typesupport_fastrtps_cpp.dir/rosidl_typesupport_fastrtps_cpp/micro_ros_msgs/msg/detail/dds_fastrtps/node__type_support.cpp.o[0m
[2.844s] [ 64%] [32mBuilding CXX object CMakeFiles/micro_ros_msgs__rosidl_typesupport_fastrtps_cpp.dir/rosidl_typesupport_fastrtps_cpp/micro_ros_msgs/msg/detail/dds_fastrtps/entity__type_support.cpp.o[0m
[2.850s] [ 66%] [32m[1mLinking C shared library libmicro_ros_msgs__rosidl_typesupport_introspection_c.so[0m
[2.855s] [ 68%] [32mBuilding CXX object CMakeFiles/micro_ros_msgs__rosidl_typesupport_fastrtps_c.dir/rosidl_typesupport_fastrtps_c/micro_ros_msgs/msg/detail/entity__type_support_c.cpp.o[0m
[2.855s] [ 70%] [32mBuilding CXX object CMakeFiles/micro_ros_msgs__rosidl_typesupport_fastrtps_c.dir/rosidl_typesupport_fastrtps_c/micro_ros_msgs/msg/detail/graph__type_support_c.cpp.o[0m
[2.855s] [ 72%] [32mBuilding CXX object CMakeFiles/micro_ros_msgs__rosidl_typesupport_fastrtps_c.dir/rosidl_typesupport_fastrtps_c/micro_ros_msgs/msg/detail/node__type_support_c.cpp.o[0m
[2.865s] [ 72%] Built target micro_ros_msgs__rosidl_typesupport_c
[2.879s] [ 72%] Built target micro_ros_msgs__rosidl_typesupport_introspection_c
[3.140s] [ 74%] [32m[1mLinking CXX shared library libmicro_ros_msgs__rosidl_typesupport_cpp.so[0m
[3.172s] [ 74%] Built target micro_ros_msgs__rosidl_typesupport_cpp
[3.197s] [ 75%] [32m[1mLinking CXX shared library libmicro_ros_msgs__rosidl_typesupport_fastrtps_c.so[0m
[3.202s] [ 77%] [32m[1mLinking CXX shared library libmicro_ros_msgs__rosidl_typesupport_introspection_cpp.so[0m
[3.245s] [ 77%] Built target micro_ros_msgs__rosidl_typesupport_fastrtps_c
[3.251s] [ 77%] Built target micro_ros_msgs__rosidl_typesupport_introspection_cpp
[3.298s] [ 79%] [32m[1mLinking CXX shared library libmicro_ros_msgs__rosidl_typesupport_fastrtps_cpp.so[0m
[3.346s] [ 79%] Built target micro_ros_msgs__rosidl_typesupport_fastrtps_cpp
[3.362s] [ 79%] Built target micro_ros_msgs
[3.377s] [ 81%] [34m[1mGenerating Python code for ROS interfaces[0m
[3.627s] [ 81%] Built target micro_ros_msgs__py
[3.640s] [ 83%] [32mBuilding C object CMakeFiles/micro_ros_msgs__rosidl_generator_py.dir/rosidl_generator_py/micro_ros_msgs/msg/_entity_s.c.o[0m
[3.640s] [ 85%] [32mBuilding C object CMakeFiles/micro_ros_msgs__rosidl_generator_py.dir/rosidl_generator_py/micro_ros_msgs/msg/_graph_s.c.o[0m
[3.640s] [ 87%] [32mBuilding C object CMakeFiles/micro_ros_msgs__rosidl_generator_py.dir/rosidl_generator_py/micro_ros_msgs/msg/_node_s.c.o[0m
[3.714s] [ 88%] [32m[1mLinking C shared library libmicro_ros_msgs__rosidl_generator_py.so[0m
[3.741s] [ 88%] Built target micro_ros_msgs__rosidl_generator_py
[3.755s] [ 90%] [32mBuilding C object CMakeFiles/micro_ros_msgs_s__rosidl_typesupport_fastrtps_c.dir/rosidl_generator_py/micro_ros_msgs/_micro_ros_msgs_s.ep.rosidl_typesupport_fastrtps_c.c.o[0m
[3.756s] [ 92%] [32mBuilding C object CMakeFiles/micro_ros_msgs_s__rosidl_typesupport_introspection_c.dir/rosidl_generator_py/micro_ros_msgs/_micro_ros_msgs_s.ep.rosidl_typesupport_introspection_c.c.o[0m
[3.756s] [ 94%] [32mBuilding C object CMakeFiles/micro_ros_msgs_s__rosidl_typesupport_c.dir/rosidl_generator_py/micro_ros_msgs/_micro_ros_msgs_s.ep.rosidl_typesupport_c.c.o[0m
[3.819s] [ 96%] [32m[1mLinking C shared module rosidl_generator_py/micro_ros_msgs/micro_ros_msgs_s__rosidl_typesupport_introspection_c.so[0m
[3.820s] [100%] [32m[1mLinking C shared module rosidl_generator_py/micro_ros_msgs/micro_ros_msgs_s__rosidl_typesupport_c.so[0m
[3.820s] [100%] [32m[1mLinking C shared module rosidl_generator_py/micro_ros_msgs/micro_ros_msgs_s__rosidl_typesupport_fastrtps_c.so[0m
[3.840s] [100%] Built target micro_ros_msgs_s__rosidl_typesupport_introspection_c
[3.842s] [100%] Built target micro_ros_msgs_s__rosidl_typesupport_fastrtps_c
[3.842s] [100%] Built target micro_ros_msgs_s__rosidl_typesupport_c
[3.852s] Invoked command in '/home/ali/STM32CubeIDE/microros_ws/build/micro_ros_msgs' returned '0': CMAKE_PREFIX_PATH=${CMAKE_PREFIX_PATH}:/opt/ros/jazzy DEBUGINFOD_URLS=https://debuginfod.ubuntu.com /usr/bin/cmake --build /home/ali/STM32CubeIDE/microros_ws/build/micro_ros_msgs -- -j20 -l20
[3.859s] Invoking command in '/home/ali/STM32CubeIDE/microros_ws/build/micro_ros_msgs': CMAKE_PREFIX_PATH=${CMAKE_PREFIX_PATH}:/opt/ros/jazzy DEBUGINFOD_URLS=https://debuginfod.ubuntu.com /usr/bin/cmake --install /home/ali/STM32CubeIDE/microros_ws/build/micro_ros_msgs
[3.866s] -- Install configuration: ""
[3.866s] -- Installing: /home/ali/STM32CubeIDE/microros_ws/install/micro_ros_msgs/share/ament_index/resource_index/rosidl_interfaces/micro_ros_msgs
[3.866s] -- Installing: /home/ali/STM32CubeIDE/microros_ws/install/micro_ros_msgs/share/micro_ros_msgs/msg/Graph.json
[3.866s] -- Installing: /home/ali/STM32CubeIDE/microros_ws/install/micro_ros_msgs/share/micro_ros_msgs/msg/Node.json
[3.866s] -- Installing: /home/ali/STM32CubeIDE/microros_ws/install/micro_ros_msgs/share/micro_ros_msgs/msg/Entity.json
[3.866s] -- Installing: /home/ali/STM32CubeIDE/microros_ws/install/micro_ros_msgs/include/micro_ros_msgs/micro_ros_msgs
[3.867s] -- Installing: /home/ali/STM32CubeIDE/microros_ws/install/micro_ros_msgs/include/micro_ros_msgs/micro_ros_msgs/msg
[3.867s] -- Installing: /home/ali/STM32CubeIDE/microros_ws/install/micro_ros_msgs/include/micro_ros_msgs/micro_ros_msgs/msg/node.h
[3.867s] -- Installing: /home/ali/STM32CubeIDE/microros_ws/install/micro_ros_msgs/include/micro_ros_msgs/micro_ros_msgs/msg/detail
[3.867s] -- Installing: /home/ali/STM32CubeIDE/microros_ws/install/micro_ros_msgs/include/micro_ros_msgs/micro_ros_msgs/msg/detail/node__struct.h
[3.867s] -- Installing: /home/ali/STM32CubeIDE/microros_ws/install/micro_ros_msgs/include/micro_ros_msgs/micro_ros_msgs/msg/detail/graph__functions.h
[3.867s] -- Installing: /home/ali/STM32CubeIDE/microros_ws/install/micro_ros_msgs/include/micro_ros_msgs/micro_ros_msgs/msg/detail/node__functions.c
[3.867s] -- Installing: /home/ali/STM32CubeIDE/microros_ws/install/micro_ros_msgs/include/micro_ros_msgs/micro_ros_msgs/msg/detail/node__type_support.c
[3.867s] -- Installing: /home/ali/STM32CubeIDE/microros_ws/install/micro_ros_msgs/include/micro_ros_msgs/micro_ros_msgs/msg/detail/graph__description.c
[3.867s] -- Installing: /home/ali/STM32CubeIDE/microros_ws/install/micro_ros_msgs/include/micro_ros_msgs/micro_ros_msgs/msg/detail/node__functions.h
[3.867s] -- Installing: /home/ali/STM32CubeIDE/microros_ws/install/micro_ros_msgs/include/micro_ros_msgs/micro_ros_msgs/msg/detail/graph__type_support.c
[3.867s] -- Installing: /home/ali/STM32CubeIDE/microros_ws/install/micro_ros_msgs/include/micro_ros_msgs/micro_ros_msgs/msg/detail/node__description.c
[3.867s] -- Installing: /home/ali/STM32CubeIDE/microros_ws/install/micro_ros_msgs/include/micro_ros_msgs/micro_ros_msgs/msg/detail/entity__functions.h
[3.867s] -- Installing: /home/ali/STM32CubeIDE/microros_ws/install/micro_ros_msgs/include/micro_ros_msgs/micro_ros_msgs/msg/detail/entity__type_support.c
[3.867s] -- Installing: /home/ali/STM32CubeIDE/microros_ws/install/micro_ros_msgs/include/micro_ros_msgs/micro_ros_msgs/msg/detail/entity__functions.c
[3.867s] -- Installing: /home/ali/STM32CubeIDE/microros_ws/install/micro_ros_msgs/include/micro_ros_msgs/micro_ros_msgs/msg/detail/graph__struct.h
[3.867s] -- Installing: /home/ali/STM32CubeIDE/microros_ws/install/micro_ros_msgs/include/micro_ros_msgs/micro_ros_msgs/msg/detail/graph__type_support.h
[3.867s] -- Installing: /home/ali/STM32CubeIDE/microros_ws/install/micro_ros_msgs/include/micro_ros_msgs/micro_ros_msgs/msg/detail/entity__type_support.h
[3.867s] -- Installing: /home/ali/STM32CubeIDE/microros_ws/install/micro_ros_msgs/include/micro_ros_msgs/micro_ros_msgs/msg/detail/graph__functions.c
[3.867s] -- Installing: /home/ali/STM32CubeIDE/microros_ws/install/micro_ros_msgs/include/micro_ros_msgs/micro_ros_msgs/msg/detail/entity__struct.h
[3.867s] -- Installing: /home/ali/STM32CubeIDE/microros_ws/install/micro_ros_msgs/include/micro_ros_msgs/micro_ros_msgs/msg/detail/node__type_support.h
[3.867s] -- Installing: /home/ali/STM32CubeIDE/microros_ws/install/micro_ros_msgs/include/micro_ros_msgs/micro_ros_msgs/msg/detail/entity__description.c
[3.867s] -- Installing: /home/ali/STM32CubeIDE/microros_ws/install/micro_ros_msgs/include/micro_ros_msgs/micro_ros_msgs/msg/rosidl_generator_c__visibility_control.h
[3.868s] -- Installing: /home/ali/STM32CubeIDE/microros_ws/install/micro_ros_msgs/include/micro_ros_msgs/micro_ros_msgs/msg/graph.h
[3.868s] -- Installing: /home/ali/STM32CubeIDE/microros_ws/install/micro_ros_msgs/include/micro_ros_msgs/micro_ros_msgs/msg/entity.h
[3.868s] -- Installing: /home/ali/STM32CubeIDE/microros_ws/install/micro_ros_msgs/share/micro_ros_msgs/environment/library_path.sh
[3.868s] -- Installing: /home/ali/STM32CubeIDE/microros_ws/install/micro_ros_msgs/share/micro_ros_msgs/environment/library_path.dsv
[3.868s] -- Installing: /home/ali/STM32CubeIDE/microros_ws/install/micro_ros_msgs/lib/libmicro_ros_msgs__rosidl_generator_c.so
[3.868s] -- Set non-toolchain portion of runtime path of "/home/ali/STM32CubeIDE/microros_ws/install/micro_ros_msgs/lib/libmicro_ros_msgs__rosidl_generator_c.so" to ""
[3.868s] -- Up-to-date: /home/ali/STM32CubeIDE/microros_ws/install/micro_ros_msgs/include/micro_ros_msgs/micro_ros_msgs
[3.868s] -- Up-to-date: /home/ali/STM32CubeIDE/microros_ws/install/micro_ros_msgs/include/micro_ros_msgs/micro_ros_msgs/msg
[3.868s] -- Installing: /home/ali/STM32CubeIDE/microros_ws/install/micro_ros_msgs/include/micro_ros_msgs/micro_ros_msgs/msg/rosidl_typesupport_fastrtps_c__visibility_control.h
[3.868s] -- Up-to-date: /home/ali/STM32CubeIDE/microros_ws/install/micro_ros_msgs/include/micro_ros_msgs/micro_ros_msgs/msg/detail
[3.868s] -- Installing: /home/ali/STM32CubeIDE/microros_ws/install/micro_ros_msgs/include/micro_ros_msgs/micro_ros_msgs/msg/detail/graph__rosidl_typesupport_fastrtps_c.h
[3.868s] -- Installing: /home/ali/STM32CubeIDE/microros_ws/install/micro_ros_msgs/include/micro_ros_msgs/micro_ros_msgs/msg/detail/node__rosidl_typesupport_fastrtps_c.h
[3.868s] -- Installing: /home/ali/STM32CubeIDE/microros_ws/install/micro_ros_msgs/include/micro_ros_msgs/micro_ros_msgs/msg/detail/entity__rosidl_typesupport_fastrtps_c.h
[3.868s] -- Installing: /home/ali/STM32CubeIDE/microros_ws/install/micro_ros_msgs/lib/libmicro_ros_msgs__rosidl_typesupport_fastrtps_c.so
[3.868s] -- Set non-toolchain portion of runtime path of "/home/ali/STM32CubeIDE/microros_ws/install/micro_ros_msgs/lib/libmicro_ros_msgs__rosidl_typesupport_fastrtps_c.so" to ""
[3.868s] -- Up-to-date: /home/ali/STM32CubeIDE/microros_ws/install/micro_ros_msgs/include/micro_ros_msgs/micro_ros_msgs
[3.868s] -- Up-to-date: /home/ali/STM32CubeIDE/microros_ws/install/micro_ros_msgs/include/micro_ros_msgs/micro_ros_msgs/msg
[3.868s] -- Installing: /home/ali/STM32CubeIDE/microros_ws/install/micro_ros_msgs/include/micro_ros_msgs/micro_ros_msgs/msg/rosidl_typesupport_introspection_c__visibility_control.h
[3.868s] -- Up-to-date: /home/ali/STM32CubeIDE/microros_ws/install/micro_ros_msgs/include/micro_ros_msgs/micro_ros_msgs/msg/detail
[3.868s] -- Installing: /home/ali/STM32CubeIDE/microros_ws/install/micro_ros_msgs/include/micro_ros_msgs/micro_ros_msgs/msg/detail/node__rosidl_typesupport_introspection_c.h
[3.868s] -- Up-to-date: /home/ali/STM32CubeIDE/microros_ws/install/micro_ros_msgs/include/micro_ros_msgs/micro_ros_msgs/msg/detail/node__type_support.c
[3.868s] -- Up-to-date: /home/ali/STM32CubeIDE/microros_ws/install/micro_ros_msgs/include/micro_ros_msgs/micro_ros_msgs/msg/detail/graph__type_support.c
[3.868s] -- Installing: /home/ali/STM32CubeIDE/microros_ws/install/micro_ros_msgs/include/micro_ros_msgs/micro_ros_msgs/msg/detail/entity__rosidl_typesupport_introspection_c.h
[3.868s] -- Up-to-date: /home/ali/STM32CubeIDE/microros_ws/install/micro_ros_msgs/include/micro_ros_msgs/micro_ros_msgs/msg/detail/entity__type_support.c
[3.868s] -- Installing: /home/ali/STM32CubeIDE/microros_ws/install/micro_ros_msgs/include/micro_ros_msgs/micro_ros_msgs/msg/detail/graph__rosidl_typesupport_introspection_c.h
[3.868s] -- Installing: /home/ali/STM32CubeIDE/microros_ws/install/micro_ros_msgs/lib/libmicro_ros_msgs__rosidl_typesupport_introspection_c.so
[3.868s] -- Set non-toolchain portion of runtime path of "/home/ali/STM32CubeIDE/microros_ws/install/micro_ros_msgs/lib/libmicro_ros_msgs__rosidl_typesupport_introspection_c.so" to ""
[3.868s] -- Installing: /home/ali/STM32CubeIDE/microros_ws/install/micro_ros_msgs/lib/libmicro_ros_msgs__rosidl_typesupport_c.so
[3.868s] -- Set non-toolchain portion of runtime path of "/home/ali/STM32CubeIDE/microros_ws/install/micro_ros_msgs/lib/libmicro_ros_msgs__rosidl_typesupport_c.so" to ""
[3.868s] -- Up-to-date: /home/ali/STM32CubeIDE/microros_ws/install/micro_ros_msgs/include/micro_ros_msgs/micro_ros_msgs
[3.869s] -- Up-to-date: /home/ali/STM32CubeIDE/microros_ws/install/micro_ros_msgs/include/micro_ros_msgs/micro_ros_msgs/msg
[3.869s] -- Installing: /home/ali/STM32CubeIDE/microros_ws/install/micro_ros_msgs/include/micro_ros_msgs/micro_ros_msgs/msg/entity.hpp
[3.869s] -- Installing: /home/ali/STM32CubeIDE/microros_ws/install/micro_ros_msgs/include/micro_ros_msgs/micro_ros_msgs/msg/graph.hpp
[3.869s] -- Installing: /home/ali/STM32CubeIDE/microros_ws/install/micro_ros_msgs/include/micro_ros_msgs/micro_ros_msgs/msg/rosidl_generator_cpp__visibility_control.hpp
[3.869s] -- Up-to-date: /home/ali/STM32CubeIDE/microros_ws/install/micro_ros_msgs/include/micro_ros_msgs/micro_ros_msgs/msg/detail
[3.869s] -- Installing: /home/ali/STM32CubeIDE/microros_ws/install/micro_ros_msgs/include/micro_ros_msgs/micro_ros_msgs/msg/detail/graph__struct.hpp
[3.869s] -- Installing: /home/ali/STM32CubeIDE/microros_ws/install/micro_ros_msgs/include/micro_ros_msgs/micro_ros_msgs/msg/detail/node__type_support.hpp
[3.869s] -- Installing: /home/ali/STM32CubeIDE/microros_ws/install/micro_ros_msgs/include/micro_ros_msgs/micro_ros_msgs/msg/detail/graph__builder.hpp
[3.869s] -- Installing: /home/ali/STM32CubeIDE/microros_ws/install/micro_ros_msgs/include/micro_ros_msgs/micro_ros_msgs/msg/detail/node__builder.hpp
[3.869s] -- Installing: /home/ali/STM32CubeIDE/microros_ws/install/micro_ros_msgs/include/micro_ros_msgs/micro_ros_msgs/msg/detail/entity__traits.hpp
[3.869s] -- Installing: /home/ali/STM32CubeIDE/microros_ws/install/micro_ros_msgs/include/micro_ros_msgs/micro_ros_msgs/msg/detail/entity__type_support.hpp
[3.869s] -- Installing: /home/ali/STM32CubeIDE/microros_ws/install/micro_ros_msgs/include/micro_ros_msgs/micro_ros_msgs/msg/detail/node__struct.hpp
[3.869s] -- Installing: /home/ali/STM32CubeIDE/microros_ws/install/micro_ros_msgs/include/micro_ros_msgs/micro_ros_msgs/msg/detail/entity__builder.hpp
[3.869s] -- Installing: /home/ali/STM32CubeIDE/microros_ws/install/micro_ros_msgs/include/micro_ros_msgs/micro_ros_msgs/msg/detail/graph__type_support.hpp
[3.869s] -- Installing: /home/ali/STM32CubeIDE/microros_ws/install/micro_ros_msgs/include/micro_ros_msgs/micro_ros_msgs/msg/detail/node__traits.hpp
[3.869s] -- Installing: /home/ali/STM32CubeIDE/microros_ws/install/micro_ros_msgs/include/micro_ros_msgs/micro_ros_msgs/msg/detail/graph__traits.hpp
[3.869s] -- Installing: /home/ali/STM32CubeIDE/microros_ws/install/micro_ros_msgs/include/micro_ros_msgs/micro_ros_msgs/msg/detail/entity__struct.hpp
[3.869s] -- Installing: /home/ali/STM32CubeIDE/microros_ws/install/micro_ros_msgs/include/micro_ros_msgs/micro_ros_msgs/msg/node.hpp
[3.869s] -- Up-to-date: /home/ali/STM32CubeIDE/microros_ws/install/micro_ros_msgs/include/micro_ros_msgs/micro_ros_msgs
[3.869s] -- Up-to-date: /home/ali/STM32CubeIDE/microros_ws/install/micro_ros_msgs/include/micro_ros_msgs/micro_ros_msgs/msg
[3.869s] -- Up-to-date: /home/ali/STM32CubeIDE/microros_ws/install/micro_ros_msgs/include/micro_ros_msgs/micro_ros_msgs/msg/detail
[3.869s] -- Installing: /home/ali/STM32CubeIDE/microros_ws/install/micro_ros_msgs/include/micro_ros_msgs/micro_ros_msgs/msg/detail/dds_fastrtps
[3.869s] -- Installing: /home/ali/STM32CubeIDE/microros_ws/install/micro_ros_msgs/include/micro_ros_msgs/micro_ros_msgs/msg/detail/node__rosidl_typesupport_fastrtps_cpp.hpp
[3.869s] -- Installing: /home/ali/STM32CubeIDE/microros_ws/install/micro_ros_msgs/include/micro_ros_msgs/micro_ros_msgs/msg/detail/entity__rosidl_typesupport_fastrtps_cpp.hpp
[3.869s] -- Installing: /home/ali/STM32CubeIDE/microros_ws/install/micro_ros_msgs/include/micro_ros_msgs/micro_ros_msgs/msg/detail/graph__rosidl_typesupport_fastrtps_cpp.hpp
[3.869s] -- Installing: /home/ali/STM32CubeIDE/microros_ws/install/micro_ros_msgs/include/micro_ros_msgs/micro_ros_msgs/msg/rosidl_typesupport_fastrtps_cpp__visibility_control.h
[3.869s] -- Installing: /home/ali/STM32CubeIDE/microros_ws/install/micro_ros_msgs/lib/libmicro_ros_msgs__rosidl_typesupport_fastrtps_cpp.so
[3.869s] -- Set non-toolchain portion of runtime path of "/home/ali/STM32CubeIDE/microros_ws/install/micro_ros_msgs/lib/libmicro_ros_msgs__rosidl_typesupport_fastrtps_cpp.so" to ""
[3.869s] -- Up-to-date: /home/ali/STM32CubeIDE/microros_ws/install/micro_ros_msgs/include/micro_ros_msgs/micro_ros_msgs
[3.869s] -- Up-to-date: /home/ali/STM32CubeIDE/microros_ws/install/micro_ros_msgs/include/micro_ros_msgs/micro_ros_msgs/msg
[3.870s] -- Up-to-date: /home/ali/STM32CubeIDE/microros_ws/install/micro_ros_msgs/include/micro_ros_msgs/micro_ros_msgs/msg/detail
[3.870s] -- Installing: /home/ali/STM32CubeIDE/microros_ws/install/micro_ros_msgs/include/micro_ros_msgs/micro_ros_msgs/msg/detail/graph__rosidl_typesupport_introspection_cpp.hpp
[3.870s] -- Installing: /home/ali/STM32CubeIDE/microros_ws/install/micro_ros_msgs/include/micro_ros_msgs/micro_ros_msgs/msg/detail/node__type_support.cpp
[3.870s] -- Installing: /home/ali/STM32CubeIDE/microros_ws/install/micro_ros_msgs/include/micro_ros_msgs/micro_ros_msgs/msg/detail/node__rosidl_typesupport_introspection_cpp.hpp
[3.870s] -- Installing: /home/ali/STM32CubeIDE/microros_ws/install/micro_ros_msgs/include/micro_ros_msgs/micro_ros_msgs/msg/detail/entity__rosidl_typesupport_introspection_cpp.hpp
[3.870s] -- Installing: /home/ali/STM32CubeIDE/microros_ws/install/micro_ros_msgs/include/micro_ros_msgs/micro_ros_msgs/msg/detail/graph__type_support.cpp
[3.870s] -- Installing: /home/ali/STM32CubeIDE/microros_ws/install/micro_ros_msgs/include/micro_ros_msgs/micro_ros_msgs/msg/detail/entity__type_support.cpp
[3.870s] -- Installing: /home/ali/STM32CubeIDE/microros_ws/install/micro_ros_msgs/lib/libmicro_ros_msgs__rosidl_typesupport_introspection_cpp.so
[3.870s] -- Set non-toolchain portion of runtime path of "/home/ali/STM32CubeIDE/microros_ws/install/micro_ros_msgs/lib/libmicro_ros_msgs__rosidl_typesupport_introspection_cpp.so" to ""
[3.870s] -- Installing: /home/ali/STM32CubeIDE/microros_ws/install/micro_ros_msgs/lib/libmicro_ros_msgs__rosidl_typesupport_cpp.so
[3.870s] -- Set non-toolchain portion of runtime path of "/home/ali/STM32CubeIDE/microros_ws/install/micro_ros_msgs/lib/libmicro_ros_msgs__rosidl_typesupport_cpp.so" to ""
[3.870s] -- Installing: /home/ali/STM32CubeIDE/microros_ws/install/micro_ros_msgs/share/micro_ros_msgs/environment/pythonpath.sh
[3.870s] -- Installing: /home/ali/STM32CubeIDE/microros_ws/install/micro_ros_msgs/share/micro_ros_msgs/environment/pythonpath.dsv
[3.870s] -- Installing: /home/ali/STM32CubeIDE/microros_ws/install/micro_ros_msgs/lib/python3.12/site-packages/micro_ros_msgs-5.0.2-py3.12.egg-info
[3.870s] -- Installing: /home/ali/STM32CubeIDE/microros_ws/install/micro_ros_msgs/lib/python3.12/site-packages/micro_ros_msgs-5.0.2-py3.12.egg-info/PKG-INFO
[3.870s] -- Installing: /home/ali/STM32CubeIDE/microros_ws/install/micro_ros_msgs/lib/python3.12/site-packages/micro_ros_msgs-5.0.2-py3.12.egg-info/top_level.txt
[3.870s] -- Installing: /home/ali/STM32CubeIDE/microros_ws/install/micro_ros_msgs/lib/python3.12/site-packages/micro_ros_msgs-5.0.2-py3.12.egg-info/dependency_links.txt
[3.870s] -- Installing: /home/ali/STM32CubeIDE/microros_ws/install/micro_ros_msgs/lib/python3.12/site-packages/micro_ros_msgs-5.0.2-py3.12.egg-info/SOURCES.txt
[3.870s] -- Installing: /home/ali/STM32CubeIDE/microros_ws/install/micro_ros_msgs/lib/python3.12/site-packages/micro_ros_msgs
[3.870s] -- Installing: /home/ali/STM32CubeIDE/microros_ws/install/micro_ros_msgs/lib/python3.12/site-packages/micro_ros_msgs/micro_ros_msgs_s__rosidl_typesupport_c.so
[3.870s] -- Installing: /home/ali/STM32CubeIDE/microros_ws/install/micro_ros_msgs/lib/python3.12/site-packages/micro_ros_msgs/micro_ros_msgs_s__rosidl_typesupport_introspection_c.so
[3.870s] -- Installing: /home/ali/STM32CubeIDE/microros_ws/install/micro_ros_msgs/lib/python3.12/site-packages/micro_ros_msgs/_micro_ros_msgs_s.ep.rosidl_typesupport_introspection_c.c
[3.870s] -- Installing: /home/ali/STM32CubeIDE/microros_ws/install/micro_ros_msgs/lib/python3.12/site-packages/micro_ros_msgs/_micro_ros_msgs_s.ep.rosidl_typesupport_fastrtps_c.c
[3.870s] -- Installing: /home/ali/STM32CubeIDE/microros_ws/install/micro_ros_msgs/lib/python3.12/site-packages/micro_ros_msgs/_micro_ros_msgs_s.ep.rosidl_typesupport_c.c
[3.870s] -- Installing: /home/ali/STM32CubeIDE/microros_ws/install/micro_ros_msgs/lib/python3.12/site-packages/micro_ros_msgs/__init__.py
[3.870s] -- Installing: /home/ali/STM32CubeIDE/microros_ws/install/micro_ros_msgs/lib/python3.12/site-packages/micro_ros_msgs/msg
[3.871s] -- Installing: /home/ali/STM32CubeIDE/microros_ws/install/micro_ros_msgs/lib/python3.12/site-packages/micro_ros_msgs/msg/_entity.py
[3.871s] -- Installing: /home/ali/STM32CubeIDE/microros_ws/install/micro_ros_msgs/lib/python3.12/site-packages/micro_ros_msgs/msg/_node_s.c
[3.871s] -- Installing: /home/ali/STM32CubeIDE/microros_ws/install/micro_ros_msgs/lib/python3.12/site-packages/micro_ros_msgs/msg/_graph_s.c
[3.871s] -- Installing: /home/ali/STM32CubeIDE/microros_ws/install/micro_ros_msgs/lib/python3.12/site-packages/micro_ros_msgs/msg/_node.py
[3.871s] -- Installing: /home/ali/STM32CubeIDE/microros_ws/install/micro_ros_msgs/lib/python3.12/site-packages/micro_ros_msgs/msg/__init__.py
[3.871s] -- Installing: /home/ali/STM32CubeIDE/microros_ws/install/micro_ros_msgs/lib/python3.12/site-packages/micro_ros_msgs/msg/_entity_s.c
[3.871s] -- Installing: /home/ali/STM32CubeIDE/microros_ws/install/micro_ros_msgs/lib/python3.12/site-packages/micro_ros_msgs/msg/_graph.py
[3.871s] -- Installing: /home/ali/STM32CubeIDE/microros_ws/install/micro_ros_msgs/lib/python3.12/site-packages/micro_ros_msgs/micro_ros_msgs_s__rosidl_typesupport_fastrtps_c.so
[3.897s] Listing '/home/ali/STM32CubeIDE/microros_ws/install/micro_ros_msgs/lib/python3.12/site-packages/micro_ros_msgs'...
[3.897s] Compiling '/home/ali/STM32CubeIDE/microros_ws/install/micro_ros_msgs/lib/python3.12/site-packages/micro_ros_msgs/__init__.py'...
[3.897s] Listing '/home/ali/STM32CubeIDE/microros_ws/install/micro_ros_msgs/lib/python3.12/site-packages/micro_ros_msgs/msg'...
[3.897s] Compiling '/home/ali/STM32CubeIDE/microros_ws/install/micro_ros_msgs/lib/python3.12/site-packages/micro_ros_msgs/msg/__init__.py'...
[3.897s] Compiling '/home/ali/STM32CubeIDE/microros_ws/install/micro_ros_msgs/lib/python3.12/site-packages/micro_ros_msgs/msg/_entity.py'...
[3.897s] Compiling '/home/ali/STM32CubeIDE/microros_ws/install/micro_ros_msgs/lib/python3.12/site-packages/micro_ros_msgs/msg/_graph.py'...
[3.897s] Compiling '/home/ali/STM32CubeIDE/microros_ws/install/micro_ros_msgs/lib/python3.12/site-packages/micro_ros_msgs/msg/_node.py'...
[3.900s] -- Installing: /home/ali/STM32CubeIDE/microros_ws/install/micro_ros_msgs/lib/python3.12/site-packages/micro_ros_msgs/micro_ros_msgs_s__rosidl_typesupport_fastrtps_c.so
[3.900s] -- Set non-toolchain portion of runtime path of "/home/ali/STM32CubeIDE/microros_ws/install/micro_ros_msgs/lib/python3.12/site-packages/micro_ros_msgs/micro_ros_msgs_s__rosidl_typesupport_fastrtps_c.so" to ""
[3.900s] -- Installing: /home/ali/STM32CubeIDE/microros_ws/install/micro_ros_msgs/lib/python3.12/site-packages/micro_ros_msgs/micro_ros_msgs_s__rosidl_typesupport_introspection_c.so
[3.900s] -- Set non-toolchain portion of runtime path of "/home/ali/STM32CubeIDE/microros_ws/install/micro_ros_msgs/lib/python3.12/site-packages/micro_ros_msgs/micro_ros_msgs_s__rosidl_typesupport_introspection_c.so" to ""
[3.900s] -- Installing: /home/ali/STM32CubeIDE/microros_ws/install/micro_ros_msgs/lib/python3.12/site-packages/micro_ros_msgs/micro_ros_msgs_s__rosidl_typesupport_c.so
[3.900s] -- Set non-toolchain portion of runtime path of "/home/ali/STM32CubeIDE/microros_ws/install/micro_ros_msgs/lib/python3.12/site-packages/micro_ros_msgs/micro_ros_msgs_s__rosidl_typesupport_c.so" to ""
[3.900s] -- Installing: /home/ali/STM32CubeIDE/microros_ws/install/micro_ros_msgs/lib/libmicro_ros_msgs__rosidl_generator_py.so
[3.900s] -- Set non-toolchain portion of runtime path of "/home/ali/STM32CubeIDE/microros_ws/install/micro_ros_msgs/lib/libmicro_ros_msgs__rosidl_generator_py.so" to ""
[3.900s] -- Installing: /home/ali/STM32CubeIDE/microros_ws/install/micro_ros_msgs/share/micro_ros_msgs/msg/Graph.idl
[3.901s] -- Installing: /home/ali/STM32CubeIDE/microros_ws/install/micro_ros_msgs/share/micro_ros_msgs/msg/Node.idl
[3.901s] -- Installing: /home/ali/STM32CubeIDE/microros_ws/install/micro_ros_msgs/share/micro_ros_msgs/msg/Entity.idl
[3.901s] -- Installing: /home/ali/STM32CubeIDE/microros_ws/install/micro_ros_msgs/share/micro_ros_msgs/msg/Graph.msg
[3.901s] -- Installing: /home/ali/STM32CubeIDE/microros_ws/install/micro_ros_msgs/share/micro_ros_msgs/msg/Node.msg
[3.901s] -- Installing: /home/ali/STM32CubeIDE/microros_ws/install/micro_ros_msgs/share/micro_ros_msgs/msg/Entity.msg
[3.901s] -- Installing: /home/ali/STM32CubeIDE/microros_ws/install/micro_ros_msgs/share/ament_index/resource_index/package_run_dependencies/micro_ros_msgs
[3.901s] -- Installing: /home/ali/STM32CubeIDE/microros_ws/install/micro_ros_msgs/share/ament_index/resource_index/parent_prefix_path/micro_ros_msgs
[3.901s] -- Installing: /home/ali/STM32CubeIDE/microros_ws/install/micro_ros_msgs/share/micro_ros_msgs/environment/ament_prefix_path.sh
[3.901s] -- Installing: /home/ali/STM32CubeIDE/microros_ws/install/micro_ros_msgs/share/micro_ros_msgs/environment/ament_prefix_path.dsv
[3.901s] -- Installing: /home/ali/STM32CubeIDE/microros_ws/install/micro_ros_msgs/share/micro_ros_msgs/environment/path.sh
[3.901s] -- Installing: /home/ali/STM32CubeIDE/microros_ws/install/micro_ros_msgs/share/micro_ros_msgs/environment/path.dsv
[3.901s] -- Installing: /home/ali/STM32CubeIDE/microros_ws/install/micro_ros_msgs/share/micro_ros_msgs/local_setup.bash
[3.901s] -- Installing: /home/ali/STM32CubeIDE/microros_ws/install/micro_ros_msgs/share/micro_ros_msgs/local_setup.sh
[3.901s] -- Installing: /home/ali/STM32CubeIDE/microros_ws/install/micro_ros_msgs/share/micro_ros_msgs/local_setup.zsh
[3.901s] -- Installing: /home/ali/STM32CubeIDE/microros_ws/install/micro_ros_msgs/share/micro_ros_msgs/local_setup.dsv
[3.901s] -- Installing: /home/ali/STM32CubeIDE/microros_ws/install/micro_ros_msgs/share/micro_ros_msgs/package.dsv
[3.901s] -- Installing: /home/ali/STM32CubeIDE/microros_ws/install/micro_ros_msgs/share/ament_index/resource_index/packages/micro_ros_msgs
[3.902s] -- Installing: /home/ali/STM32CubeIDE/microros_ws/install/micro_ros_msgs/share/micro_ros_msgs/cmake/export_micro_ros_msgs__rosidl_generator_cExport.cmake
[3.902s] -- Installing: /home/ali/STM32CubeIDE/microros_ws/install/micro_ros_msgs/share/micro_ros_msgs/cmake/export_micro_ros_msgs__rosidl_generator_cExport-noconfig.cmake
[3.902s] -- Installing: /home/ali/STM32CubeIDE/microros_ws/install/micro_ros_msgs/share/micro_ros_msgs/cmake/export_micro_ros_msgs__rosidl_typesupport_fastrtps_cExport.cmake
[3.902s] -- Installing: /home/ali/STM32CubeIDE/microros_ws/install/micro_ros_msgs/share/micro_ros_msgs/cmake/export_micro_ros_msgs__rosidl_typesupport_fastrtps_cExport-noconfig.cmake
[3.902s] -- Installing: /home/ali/STM32CubeIDE/microros_ws/install/micro_ros_msgs/share/micro_ros_msgs/cmake/micro_ros_msgs__rosidl_typesupport_introspection_cExport.cmake
[3.902s] -- Installing: /home/ali/STM32CubeIDE/microros_ws/install/micro_ros_msgs/share/micro_ros_msgs/cmake/micro_ros_msgs__rosidl_typesupport_introspection_cExport-noconfig.cmake
[3.902s] -- Installing: /home/ali/STM32CubeIDE/microros_ws/install/micro_ros_msgs/share/micro_ros_msgs/cmake/micro_ros_msgs__rosidl_typesupport_cExport.cmake
[3.902s] -- Installing: /home/ali/STM32CubeIDE/microros_ws/install/micro_ros_msgs/share/micro_ros_msgs/cmake/micro_ros_msgs__rosidl_typesupport_cExport-noconfig.cmake
[3.902s] -- Installing: /home/ali/STM32CubeIDE/microros_ws/install/micro_ros_msgs/share/micro_ros_msgs/cmake/export_micro_ros_msgs__rosidl_generator_cppExport.cmake
[3.902s] -- Installing: /home/ali/STM32CubeIDE/microros_ws/install/micro_ros_msgs/share/micro_ros_msgs/cmake/export_micro_ros_msgs__rosidl_typesupport_fastrtps_cppExport.cmake
[3.902s] -- Installing: /home/ali/STM32CubeIDE/microros_ws/install/micro_ros_msgs/share/micro_ros_msgs/cmake/export_micro_ros_msgs__rosidl_typesupport_fastrtps_cppExport-noconfig.cmake
[3.902s] -- Installing: /home/ali/STM32CubeIDE/microros_ws/install/micro_ros_msgs/share/micro_ros_msgs/cmake/micro_ros_msgs__rosidl_typesupport_introspection_cppExport.cmake
[3.902s] -- Installing: /home/ali/STM32CubeIDE/microros_ws/install/micro_ros_msgs/share/micro_ros_msgs/cmake/micro_ros_msgs__rosidl_typesupport_introspection_cppExport-noconfig.cmake
[3.902s] -- Installing: /home/ali/STM32CubeIDE/microros_ws/install/micro_ros_msgs/share/micro_ros_msgs/cmake/micro_ros_msgs__rosidl_typesupport_cppExport.cmake
[3.902s] -- Installing: /home/ali/STM32CubeIDE/microros_ws/install/micro_ros_msgs/share/micro_ros_msgs/cmake/micro_ros_msgs__rosidl_typesupport_cppExport-noconfig.cmake
[3.902s] -- Installing: /home/ali/STM32CubeIDE/microros_ws/install/micro_ros_msgs/share/micro_ros_msgs/cmake/export_micro_ros_msgs__rosidl_generator_pyExport.cmake
[3.902s] -- Installing: /home/ali/STM32CubeIDE/microros_ws/install/micro_ros_msgs/share/micro_ros_msgs/cmake/export_micro_ros_msgs__rosidl_generator_pyExport-noconfig.cmake
[3.902s] -- Installing: /home/ali/STM32CubeIDE/microros_ws/install/micro_ros_msgs/share/micro_ros_msgs/cmake/rosidl_cmake-extras.cmake
[3.902s] -- Installing: /home/ali/STM32CubeIDE/microros_ws/install/micro_ros_msgs/share/micro_ros_msgs/cmake/ament_cmake_export_include_directories-extras.cmake
[3.902s] -- Installing: /home/ali/STM32CubeIDE/microros_ws/install/micro_ros_msgs/share/micro_ros_msgs/cmake/ament_cmake_export_libraries-extras.cmake
[3.902s] -- Installing: /home/ali/STM32CubeIDE/microros_ws/install/micro_ros_msgs/share/micro_ros_msgs/cmake/ament_cmake_export_targets-extras.cmake
[3.902s] -- Installing: /home/ali/STM32CubeIDE/microros_ws/install/micro_ros_msgs/share/micro_ros_msgs/cmake/rosidl_cmake_export_typesupport_targets-extras.cmake
[3.902s] -- Installing: /home/ali/STM32CubeIDE/microros_ws/install/micro_ros_msgs/share/micro_ros_msgs/cmake/ament_cmake_export_dependencies-extras.cmake
[3.903s] -- Installing: /home/ali/STM32CubeIDE/microros_ws/install/micro_ros_msgs/share/micro_ros_msgs/cmake/rosidl_cmake_export_typesupport_libraries-extras.cmake
[3.903s] -- Installing: /home/ali/STM32CubeIDE/microros_ws/install/micro_ros_msgs/share/micro_ros_msgs/cmake/micro_ros_msgsConfig.cmake
[3.903s] -- Installing: /home/ali/STM32CubeIDE/microros_ws/install/micro_ros_msgs/share/micro_ros_msgs/cmake/micro_ros_msgsConfig-version.cmake
[3.903s] -- Installing: /home/ali/STM32CubeIDE/microros_ws/install/micro_ros_msgs/share/micro_ros_msgs/package.xml
[3.904s] Invoked command in '/home/ali/STM32CubeIDE/microros_ws/build/micro_ros_msgs' returned '0': CMAKE_PREFIX_PATH=${CMAKE_PREFIX_PATH}:/opt/ros/jazzy DEBUGINFOD_URLS=https://debuginfod.ubuntu.com /usr/bin/cmake --install /home/ali/STM32CubeIDE/microros_ws/build/micro_ros_msgs
