[0.059s] DEBUG:colcon:Command line arguments: ['/usr/bin/colcon', 'build']
[0.059s] DEBUG:colcon:Parsed command line arguments: Namespace(log_base=None, log_level=None, verb_name='build', build_base='build', install_base='install', merge_install=False, symlink_install=False, test_result_base=None, continue_on_error=False, executor='parallel', parallel_workers=20, event_handlers=None, ignore_user_meta=False, metas=['./colcon.meta'], base_paths=['.'], packages_ignore=None, packages_ignore_regex=None, paths=None, packages_up_to=None, packages_up_to_regex=None, packages_above=None, packages_above_and_dependencies=None, packages_above_depth=None, packages_select_by_dep=None, packages_skip_by_dep=None, packages_skip_up_to=None, packages_select_build_failed=False, packages_skip_build_finished=False, packages_select_test_failures=False, packages_skip_test_passed=False, packages_select=None, packages_skip=None, packages_select_regex=None, packages_skip_regex=None, packages_start=None, packages_end=None, allow_overriding=[], cmake_args=None, cmake_target=None, cmake_target_skip_unavailable=False, cmake_clean_cache=False, cmake_clean_first=False, cmake_force_configure=False, ament_cmake_args=None, catkin_cmake_args=None, catkin_skip_building_tests=False, mixin_files=None, mixin=None, verb_parser=<colcon_mixin.mixin.mixin_argument.MixinArgumentDecorator object at 0x76678c9a0b30>, verb_extension=<colcon_core.verb.build.BuildVerb object at 0x76678c9a0860>, main=<bound method BuildVerb.main of <colcon_core.verb.build.BuildVerb object at 0x76678c9a0860>>, mixin_verb=('build',))
[0.082s] Level 1:colcon.colcon_core.package_discovery:discover_packages(colcon_meta) check parameters
[0.082s] Level 1:colcon.colcon_core.package_discovery:discover_packages(recursive) check parameters
[0.082s] Level 1:colcon.colcon_core.package_discovery:discover_packages(ignore) check parameters
[0.082s] Level 1:colcon.colcon_core.package_discovery:discover_packages(path) check parameters
[0.082s] Level 1:colcon.colcon_core.package_discovery:discover_packages(colcon_meta) discover
[0.082s] Level 1:colcon.colcon_core.package_discovery:discover_packages(recursive) discover
[0.082s] INFO:colcon.colcon_core.package_discovery:Crawling recursively for packages in '/home/ali/STM32CubeIDE/stm32_uros_ws/Panik/microros_ws'
[0.082s] Level 1:colcon.colcon_core.package_identification:_identify(.) by extensions ['ignore', 'ignore_ament_install']
[0.082s] Level 1:colcon.colcon_core.package_identification:_identify(.) by extension 'ignore'
[0.082s] Level 1:colcon.colcon_core.package_identification:_identify(.) by extension 'ignore_ament_install'
[0.082s] Level 1:colcon.colcon_core.package_identification:_identify(.) by extensions ['colcon_pkg']
[0.082s] Level 1:colcon.colcon_core.package_identification:_identify(.) by extension 'colcon_pkg'
[0.082s] Level 1:colcon.colcon_core.package_identification:_identify(.) by extensions ['colcon_meta']
[0.082s] Level 1:colcon.colcon_core.package_identification:_identify(.) by extension 'colcon_meta'
[0.082s] Level 1:colcon.colcon_core.package_identification:_identify(.) by extensions ['ros']
[0.082s] Level 1:colcon.colcon_core.package_identification:_identify(.) by extension 'ros'
[0.098s] Level 1:colcon.colcon_core.package_identification:_identify(.) by extensions ['cmake', 'python']
[0.098s] Level 1:colcon.colcon_core.package_identification:_identify(.) by extension 'cmake'
[0.098s] Level 1:colcon.colcon_core.package_identification:_identify(.) by extension 'python'
[0.098s] Level 1:colcon.colcon_core.package_identification:_identify(.) by extensions ['python_setup_py']
[0.098s] Level 1:colcon.colcon_core.package_identification:_identify(.) by extension 'python_setup_py'
[0.098s] Level 1:colcon.colcon_core.package_identification:_identify(build) by extensions ['ignore', 'ignore_ament_install']
[0.098s] Level 1:colcon.colcon_core.package_identification:_identify(build) by extension 'ignore'
[0.098s] Level 1:colcon.colcon_core.package_identification:_identify(build) ignored
[0.098s] Level 1:colcon.colcon_core.package_identification:_identify(install) by extensions ['ignore', 'ignore_ament_install']
[0.098s] Level 1:colcon.colcon_core.package_identification:_identify(install) by extension 'ignore'
[0.098s] Level 1:colcon.colcon_core.package_identification:_identify(install) ignored
[0.098s] Level 1:colcon.colcon_core.package_identification:_identify(log) by extensions ['ignore', 'ignore_ament_install']
[0.099s] Level 1:colcon.colcon_core.package_identification:_identify(log) by extension 'ignore'
[0.099s] Level 1:colcon.colcon_core.package_identification:_identify(log) ignored
[0.099s] Level 1:colcon.colcon_core.package_identification:_identify(src) by extensions ['ignore', 'ignore_ament_install']
[0.099s] Level 1:colcon.colcon_core.package_identification:_identify(src) by extension 'ignore'
[0.099s] Level 1:colcon.colcon_core.package_identification:_identify(src) by extension 'ignore_ament_install'
[0.099s] Level 1:colcon.colcon_core.package_identification:_identify(src) by extensions ['colcon_pkg']
[0.099s] Level 1:colcon.colcon_core.package_identification:_identify(src) by extension 'colcon_pkg'
[0.099s] Level 1:colcon.colcon_core.package_identification:_identify(src) by extensions ['colcon_meta']
[0.099s] Level 1:colcon.colcon_core.package_identification:_identify(src) by extension 'colcon_meta'
[0.099s] Level 1:colcon.colcon_core.package_identification:_identify(src) by extensions ['ros']
[0.099s] Level 1:colcon.colcon_core.package_identification:_identify(src) by extension 'ros'
[0.099s] Level 1:colcon.colcon_core.package_identification:_identify(src) by extensions ['cmake', 'python']
[0.099s] Level 1:colcon.colcon_core.package_identification:_identify(src) by extension 'cmake'
[0.099s] Level 1:colcon.colcon_core.package_identification:_identify(src) by extension 'python'
[0.099s] Level 1:colcon.colcon_core.package_identification:_identify(src) by extensions ['python_setup_py']
[0.099s] Level 1:colcon.colcon_core.package_identification:_identify(src) by extension 'python_setup_py'
[0.099s] Level 1:colcon.colcon_core.package_identification:_identify(src/micro_ros_setup) by extensions ['ignore', 'ignore_ament_install']
[0.099s] Level 1:colcon.colcon_core.package_identification:_identify(src/micro_ros_setup) by extension 'ignore'
[0.099s] Level 1:colcon.colcon_core.package_identification:_identify(src/micro_ros_setup) by extension 'ignore_ament_install'
[0.099s] Level 1:colcon.colcon_core.package_identification:_identify(src/micro_ros_setup) by extensions ['colcon_pkg']
[0.099s] Level 1:colcon.colcon_core.package_identification:_identify(src/micro_ros_setup) by extension 'colcon_pkg'
[0.099s] Level 1:colcon.colcon_core.package_identification:_identify(src/micro_ros_setup) by extensions ['colcon_meta']
[0.099s] Level 1:colcon.colcon_core.package_identification:_identify(src/micro_ros_setup) by extension 'colcon_meta'
[0.099s] Level 1:colcon.colcon_core.package_identification:_identify(src/micro_ros_setup) by extensions ['ros']
[0.099s] Level 1:colcon.colcon_core.package_identification:_identify(src/micro_ros_setup) by extension 'ros'
[0.101s] DEBUG:colcon.colcon_core.package_identification:Package 'src/micro_ros_setup' with type 'ros.ament_cmake' and name 'micro_ros_setup'
[0.101s] Level 1:colcon.colcon_core.package_identification:_identify(src/python_plotter) by extensions ['ignore', 'ignore_ament_install']
[0.101s] Level 1:colcon.colcon_core.package_identification:_identify(src/python_plotter) by extension 'ignore'
[0.101s] Level 1:colcon.colcon_core.package_identification:_identify(src/python_plotter) by extension 'ignore_ament_install'
[0.101s] Level 1:colcon.colcon_core.package_identification:_identify(src/python_plotter) by extensions ['colcon_pkg']
[0.101s] Level 1:colcon.colcon_core.package_identification:_identify(src/python_plotter) by extension 'colcon_pkg'
[0.101s] Level 1:colcon.colcon_core.package_identification:_identify(src/python_plotter) by extensions ['colcon_meta']
[0.101s] Level 1:colcon.colcon_core.package_identification:_identify(src/python_plotter) by extension 'colcon_meta'
[0.101s] Level 1:colcon.colcon_core.package_identification:_identify(src/python_plotter) by extensions ['ros']
[0.101s] Level 1:colcon.colcon_core.package_identification:_identify(src/python_plotter) by extension 'ros'
[0.101s] DEBUG:colcon.colcon_core.package_identification:Package 'src/python_plotter' with type 'ros.ament_python' and name 'python_plotter'
[0.101s] Level 1:colcon.colcon_core.package_identification:_identify(src/uros) by extensions ['ignore', 'ignore_ament_install']
[0.101s] Level 1:colcon.colcon_core.package_identification:_identify(src/uros) by extension 'ignore'
[0.101s] Level 1:colcon.colcon_core.package_identification:_identify(src/uros) by extension 'ignore_ament_install'
[0.101s] Level 1:colcon.colcon_core.package_identification:_identify(src/uros) by extensions ['colcon_pkg']
[0.101s] Level 1:colcon.colcon_core.package_identification:_identify(src/uros) by extension 'colcon_pkg'
[0.101s] Level 1:colcon.colcon_core.package_identification:_identify(src/uros) by extensions ['colcon_meta']
[0.101s] Level 1:colcon.colcon_core.package_identification:_identify(src/uros) by extension 'colcon_meta'
[0.101s] Level 1:colcon.colcon_core.package_identification:_identify(src/uros) by extensions ['ros']
[0.101s] Level 1:colcon.colcon_core.package_identification:_identify(src/uros) by extension 'ros'
[0.101s] Level 1:colcon.colcon_core.package_identification:_identify(src/uros) by extensions ['cmake', 'python']
[0.102s] Level 1:colcon.colcon_core.package_identification:_identify(src/uros) by extension 'cmake'
[0.102s] Level 1:colcon.colcon_core.package_identification:_identify(src/uros) by extension 'python'
[0.102s] Level 1:colcon.colcon_core.package_identification:_identify(src/uros) by extensions ['python_setup_py']
[0.102s] Level 1:colcon.colcon_core.package_identification:_identify(src/uros) by extension 'python_setup_py'
[0.102s] Level 1:colcon.colcon_core.package_identification:_identify(src/uros/drive_base) by extensions ['ignore', 'ignore_ament_install']
[0.102s] Level 1:colcon.colcon_core.package_identification:_identify(src/uros/drive_base) by extension 'ignore'
[0.102s] Level 1:colcon.colcon_core.package_identification:_identify(src/uros/drive_base) by extension 'ignore_ament_install'
[0.102s] Level 1:colcon.colcon_core.package_identification:_identify(src/uros/drive_base) by extensions ['colcon_pkg']
[0.102s] Level 1:colcon.colcon_core.package_identification:_identify(src/uros/drive_base) by extension 'colcon_pkg'
[0.102s] Level 1:colcon.colcon_core.package_identification:_identify(src/uros/drive_base) by extensions ['colcon_meta']
[0.102s] Level 1:colcon.colcon_core.package_identification:_identify(src/uros/drive_base) by extension 'colcon_meta'
[0.102s] Level 1:colcon.colcon_core.package_identification:_identify(src/uros/drive_base) by extensions ['ros']
[0.102s] Level 1:colcon.colcon_core.package_identification:_identify(src/uros/drive_base) by extension 'ros'
[0.102s] Level 1:colcon.colcon_core.package_identification:_identify(src/uros/drive_base) by extensions ['cmake', 'python']
[0.102s] Level 1:colcon.colcon_core.package_identification:_identify(src/uros/drive_base) by extension 'cmake'
[0.102s] Level 1:colcon.colcon_core.package_identification:_identify(src/uros/drive_base) by extension 'python'
[0.102s] Level 1:colcon.colcon_core.package_identification:_identify(src/uros/drive_base) by extensions ['python_setup_py']
[0.102s] Level 1:colcon.colcon_core.package_identification:_identify(src/uros/drive_base) by extension 'python_setup_py'
[0.102s] Level 1:colcon.colcon_core.package_identification:_identify(src/uros/drive_base/drive_base_msgs) by extensions ['ignore', 'ignore_ament_install']
[0.102s] Level 1:colcon.colcon_core.package_identification:_identify(src/uros/drive_base/drive_base_msgs) by extension 'ignore'
[0.102s] Level 1:colcon.colcon_core.package_identification:_identify(src/uros/drive_base/drive_base_msgs) by extension 'ignore_ament_install'
[0.102s] Level 1:colcon.colcon_core.package_identification:_identify(src/uros/drive_base/drive_base_msgs) by extensions ['colcon_pkg']
[0.102s] Level 1:colcon.colcon_core.package_identification:_identify(src/uros/drive_base/drive_base_msgs) by extension 'colcon_pkg'
[0.102s] Level 1:colcon.colcon_core.package_identification:_identify(src/uros/drive_base/drive_base_msgs) by extensions ['colcon_meta']
[0.102s] Level 1:colcon.colcon_core.package_identification:_identify(src/uros/drive_base/drive_base_msgs) by extension 'colcon_meta'
[0.102s] Level 1:colcon.colcon_core.package_identification:_identify(src/uros/drive_base/drive_base_msgs) by extensions ['ros']
[0.102s] Level 1:colcon.colcon_core.package_identification:_identify(src/uros/drive_base/drive_base_msgs) by extension 'ros'
[0.102s] DEBUG:colcon.colcon_core.package_identification:Package 'src/uros/drive_base/drive_base_msgs' with type 'ros.ament_cmake' and name 'drive_base_msgs'
[0.102s] Level 1:colcon.colcon_core.package_identification:_identify(src/uros/micro-ROS-Agent) by extensions ['ignore', 'ignore_ament_install']
[0.102s] Level 1:colcon.colcon_core.package_identification:_identify(src/uros/micro-ROS-Agent) by extension 'ignore'
[0.103s] Level 1:colcon.colcon_core.package_identification:_identify(src/uros/micro-ROS-Agent) by extension 'ignore_ament_install'
[0.103s] Level 1:colcon.colcon_core.package_identification:_identify(src/uros/micro-ROS-Agent) by extensions ['colcon_pkg']
[0.103s] Level 1:colcon.colcon_core.package_identification:_identify(src/uros/micro-ROS-Agent) by extension 'colcon_pkg'
[0.103s] Level 1:colcon.colcon_core.package_identification:_identify(src/uros/micro-ROS-Agent) by extensions ['colcon_meta']
[0.103s] Level 1:colcon.colcon_core.package_identification:_identify(src/uros/micro-ROS-Agent) by extension 'colcon_meta'
[0.103s] Level 1:colcon.colcon_core.package_identification:_identify(src/uros/micro-ROS-Agent) by extensions ['ros']
[0.103s] Level 1:colcon.colcon_core.package_identification:_identify(src/uros/micro-ROS-Agent) by extension 'ros'
[0.103s] Level 1:colcon.colcon_core.package_identification:_identify(src/uros/micro-ROS-Agent) by extensions ['cmake', 'python']
[0.103s] Level 1:colcon.colcon_core.package_identification:_identify(src/uros/micro-ROS-Agent) by extension 'cmake'
[0.103s] Level 1:colcon.colcon_core.package_identification:_identify(src/uros/micro-ROS-Agent) by extension 'python'
[0.103s] Level 1:colcon.colcon_core.package_identification:_identify(src/uros/micro-ROS-Agent) by extensions ['python_setup_py']
[0.103s] Level 1:colcon.colcon_core.package_identification:_identify(src/uros/micro-ROS-Agent) by extension 'python_setup_py'
[0.103s] Level 1:colcon.colcon_core.package_identification:_identify(src/uros/micro-ROS-Agent/micro_ros_agent) by extensions ['ignore', 'ignore_ament_install']
[0.103s] Level 1:colcon.colcon_core.package_identification:_identify(src/uros/micro-ROS-Agent/micro_ros_agent) by extension 'ignore'
[0.103s] Level 1:colcon.colcon_core.package_identification:_identify(src/uros/micro-ROS-Agent/micro_ros_agent) by extension 'ignore_ament_install'
[0.103s] Level 1:colcon.colcon_core.package_identification:_identify(src/uros/micro-ROS-Agent/micro_ros_agent) by extensions ['colcon_pkg']
[0.103s] Level 1:colcon.colcon_core.package_identification:_identify(src/uros/micro-ROS-Agent/micro_ros_agent) by extension 'colcon_pkg'
[0.103s] Level 1:colcon.colcon_core.package_identification:_identify(src/uros/micro-ROS-Agent/micro_ros_agent) by extensions ['colcon_meta']
[0.103s] Level 1:colcon.colcon_core.package_identification:_identify(src/uros/micro-ROS-Agent/micro_ros_agent) by extension 'colcon_meta'
[0.103s] Level 1:colcon.colcon_core.package_identification:_identify(src/uros/micro-ROS-Agent/micro_ros_agent) by extensions ['ros']
[0.103s] Level 1:colcon.colcon_core.package_identification:_identify(src/uros/micro-ROS-Agent/micro_ros_agent) by extension 'ros'
[0.103s] DEBUG:colcon.colcon_core.package_identification:Package 'src/uros/micro-ROS-Agent/micro_ros_agent' with type 'ros.ament_cmake' and name 'micro_ros_agent'
[0.103s] Level 1:colcon.colcon_core.package_identification:_identify(src/uros/micro-ROS-Agent/snap) by extensions ['ignore', 'ignore_ament_install']
[0.104s] Level 1:colcon.colcon_core.package_identification:_identify(src/uros/micro-ROS-Agent/snap) by extension 'ignore'
[0.104s] Level 1:colcon.colcon_core.package_identification:_identify(src/uros/micro-ROS-Agent/snap) by extension 'ignore_ament_install'
[0.104s] Level 1:colcon.colcon_core.package_identification:_identify(src/uros/micro-ROS-Agent/snap) by extensions ['colcon_pkg']
[0.104s] Level 1:colcon.colcon_core.package_identification:_identify(src/uros/micro-ROS-Agent/snap) by extension 'colcon_pkg'
[0.104s] Level 1:colcon.colcon_core.package_identification:_identify(src/uros/micro-ROS-Agent/snap) by extensions ['colcon_meta']
[0.104s] Level 1:colcon.colcon_core.package_identification:_identify(src/uros/micro-ROS-Agent/snap) by extension 'colcon_meta'
[0.104s] Level 1:colcon.colcon_core.package_identification:_identify(src/uros/micro-ROS-Agent/snap) by extensions ['ros']
[0.104s] Level 1:colcon.colcon_core.package_identification:_identify(src/uros/micro-ROS-Agent/snap) by extension 'ros'
[0.104s] Level 1:colcon.colcon_core.package_identification:_identify(src/uros/micro-ROS-Agent/snap) by extensions ['cmake', 'python']
[0.104s] Level 1:colcon.colcon_core.package_identification:_identify(src/uros/micro-ROS-Agent/snap) by extension 'cmake'
[0.104s] Level 1:colcon.colcon_core.package_identification:_identify(src/uros/micro-ROS-Agent/snap) by extension 'python'
[0.104s] Level 1:colcon.colcon_core.package_identification:_identify(src/uros/micro-ROS-Agent/snap) by extensions ['python_setup_py']
[0.104s] Level 1:colcon.colcon_core.package_identification:_identify(src/uros/micro-ROS-Agent/snap) by extension 'python_setup_py'
[0.104s] Level 1:colcon.colcon_core.package_identification:_identify(src/uros/micro-ROS-Agent/snap/hooks) by extensions ['ignore', 'ignore_ament_install']
[0.104s] Level 1:colcon.colcon_core.package_identification:_identify(src/uros/micro-ROS-Agent/snap/hooks) by extension 'ignore'
[0.104s] Level 1:colcon.colcon_core.package_identification:_identify(src/uros/micro-ROS-Agent/snap/hooks) by extension 'ignore_ament_install'
[0.104s] Level 1:colcon.colcon_core.package_identification:_identify(src/uros/micro-ROS-Agent/snap/hooks) by extensions ['colcon_pkg']
[0.104s] Level 1:colcon.colcon_core.package_identification:_identify(src/uros/micro-ROS-Agent/snap/hooks) by extension 'colcon_pkg'
[0.104s] Level 1:colcon.colcon_core.package_identification:_identify(src/uros/micro-ROS-Agent/snap/hooks) by extensions ['colcon_meta']
[0.104s] Level 1:colcon.colcon_core.package_identification:_identify(src/uros/micro-ROS-Agent/snap/hooks) by extension 'colcon_meta'
[0.104s] Level 1:colcon.colcon_core.package_identification:_identify(src/uros/micro-ROS-Agent/snap/hooks) by extensions ['ros']
[0.104s] Level 1:colcon.colcon_core.package_identification:_identify(src/uros/micro-ROS-Agent/snap/hooks) by extension 'ros'
[0.104s] Level 1:colcon.colcon_core.package_identification:_identify(src/uros/micro-ROS-Agent/snap/hooks) by extensions ['cmake', 'python']
[0.104s] Level 1:colcon.colcon_core.package_identification:_identify(src/uros/micro-ROS-Agent/snap/hooks) by extension 'cmake'
[0.104s] Level 1:colcon.colcon_core.package_identification:_identify(src/uros/micro-ROS-Agent/snap/hooks) by extension 'python'
[0.104s] Level 1:colcon.colcon_core.package_identification:_identify(src/uros/micro-ROS-Agent/snap/hooks) by extensions ['python_setup_py']
[0.104s] Level 1:colcon.colcon_core.package_identification:_identify(src/uros/micro-ROS-Agent/snap/hooks) by extension 'python_setup_py'
[0.104s] Level 1:colcon.colcon_core.package_identification:_identify(src/uros/micro-ROS-Agent/snap/local) by extensions ['ignore', 'ignore_ament_install']
[0.104s] Level 1:colcon.colcon_core.package_identification:_identify(src/uros/micro-ROS-Agent/snap/local) by extension 'ignore'
[0.104s] Level 1:colcon.colcon_core.package_identification:_identify(src/uros/micro-ROS-Agent/snap/local) by extension 'ignore_ament_install'
[0.104s] Level 1:colcon.colcon_core.package_identification:_identify(src/uros/micro-ROS-Agent/snap/local) by extensions ['colcon_pkg']
[0.104s] Level 1:colcon.colcon_core.package_identification:_identify(src/uros/micro-ROS-Agent/snap/local) by extension 'colcon_pkg'
[0.104s] Level 1:colcon.colcon_core.package_identification:_identify(src/uros/micro-ROS-Agent/snap/local) by extensions ['colcon_meta']
[0.104s] Level 1:colcon.colcon_core.package_identification:_identify(src/uros/micro-ROS-Agent/snap/local) by extension 'colcon_meta'
[0.104s] Level 1:colcon.colcon_core.package_identification:_identify(src/uros/micro-ROS-Agent/snap/local) by extensions ['ros']
[0.104s] Level 1:colcon.colcon_core.package_identification:_identify(src/uros/micro-ROS-Agent/snap/local) by extension 'ros'
[0.104s] Level 1:colcon.colcon_core.package_identification:_identify(src/uros/micro-ROS-Agent/snap/local) by extensions ['cmake', 'python']
[0.104s] Level 1:colcon.colcon_core.package_identification:_identify(src/uros/micro-ROS-Agent/snap/local) by extension 'cmake'
[0.104s] Level 1:colcon.colcon_core.package_identification:_identify(src/uros/micro-ROS-Agent/snap/local) by extension 'python'
[0.104s] Level 1:colcon.colcon_core.package_identification:_identify(src/uros/micro-ROS-Agent/snap/local) by extensions ['python_setup_py']
[0.104s] Level 1:colcon.colcon_core.package_identification:_identify(src/uros/micro-ROS-Agent/snap/local) by extension 'python_setup_py'
[0.104s] Level 1:colcon.colcon_core.package_identification:_identify(src/uros/micro_ros_msgs) by extensions ['ignore', 'ignore_ament_install']
[0.105s] Level 1:colcon.colcon_core.package_identification:_identify(src/uros/micro_ros_msgs) by extension 'ignore'
[0.105s] Level 1:colcon.colcon_core.package_identification:_identify(src/uros/micro_ros_msgs) by extension 'ignore_ament_install'
[0.105s] Level 1:colcon.colcon_core.package_identification:_identify(src/uros/micro_ros_msgs) by extensions ['colcon_pkg']
[0.105s] Level 1:colcon.colcon_core.package_identification:_identify(src/uros/micro_ros_msgs) by extension 'colcon_pkg'
[0.105s] Level 1:colcon.colcon_core.package_identification:_identify(src/uros/micro_ros_msgs) by extensions ['colcon_meta']
[0.105s] Level 1:colcon.colcon_core.package_identification:_identify(src/uros/micro_ros_msgs) by extension 'colcon_meta'
[0.105s] Level 1:colcon.colcon_core.package_identification:_identify(src/uros/micro_ros_msgs) by extensions ['ros']
[0.105s] Level 1:colcon.colcon_core.package_identification:_identify(src/uros/micro_ros_msgs) by extension 'ros'
[0.105s] DEBUG:colcon.colcon_core.package_identification:Package 'src/uros/micro_ros_msgs' with type 'ros.ament_cmake' and name 'micro_ros_msgs'
[0.105s] Level 1:colcon.colcon_core.package_discovery:discover_packages(recursive) using defaults
[0.105s] Level 1:colcon.colcon_core.package_discovery:discover_packages(ignore) discover
[0.105s] Level 1:colcon.colcon_core.package_discovery:discover_packages(ignore) using defaults
[0.105s] Level 1:colcon.colcon_core.package_discovery:discover_packages(path) discover
[0.105s] Level 1:colcon.colcon_core.package_discovery:discover_packages(path) using defaults
[0.116s] Level 1:colcon.colcon_core.package_discovery:discover_packages(prefix_path) check parameters
[0.116s] Level 1:colcon.colcon_core.package_discovery:discover_packages(prefix_path) discover
[0.117s] DEBUG:colcon.colcon_installed_package_information.package_discovery:Found 4 installed packages in /home/ali/STM32CubeIDE/stm32_uros_ws/Panik/microros_ws/install
[0.118s] DEBUG:colcon.colcon_installed_package_information.package_discovery:Found 287 installed packages in /opt/ros/jazzy
[0.119s] Level 1:colcon.colcon_core.package_discovery:discover_packages(prefix_path) using defaults
[0.139s] Level 5:colcon.colcon_core.verb:set package 'drive_base_msgs' build argument 'cmake_args' from command line to 'None'
[0.139s] Level 5:colcon.colcon_core.verb:set package 'drive_base_msgs' build argument 'cmake_target' from command line to 'None'
[0.139s] Level 5:colcon.colcon_core.verb:set package 'drive_base_msgs' build argument 'cmake_target_skip_unavailable' from command line to 'False'
[0.139s] Level 5:colcon.colcon_core.verb:set package 'drive_base_msgs' build argument 'cmake_clean_cache' from command line to 'False'
[0.139s] Level 5:colcon.colcon_core.verb:set package 'drive_base_msgs' build argument 'cmake_clean_first' from command line to 'False'
[0.139s] Level 5:colcon.colcon_core.verb:set package 'drive_base_msgs' build argument 'cmake_force_configure' from command line to 'False'
[0.139s] Level 5:colcon.colcon_core.verb:set package 'drive_base_msgs' build argument 'ament_cmake_args' from command line to 'None'
[0.139s] Level 5:colcon.colcon_core.verb:set package 'drive_base_msgs' build argument 'catkin_cmake_args' from command line to 'None'
[0.139s] Level 5:colcon.colcon_core.verb:set package 'drive_base_msgs' build argument 'catkin_skip_building_tests' from command line to 'False'
[0.139s] DEBUG:colcon.colcon_core.verb:Building package 'drive_base_msgs' with the following arguments: {'ament_cmake_args': None, 'build_base': '/home/ali/STM32CubeIDE/stm32_uros_ws/Panik/microros_ws/build/drive_base_msgs', 'catkin_cmake_args': None, 'catkin_skip_building_tests': False, 'cmake_args': None, 'cmake_clean_cache': False, 'cmake_clean_first': False, 'cmake_force_configure': False, 'cmake_target': None, 'cmake_target_skip_unavailable': False, 'install_base': '/home/ali/STM32CubeIDE/stm32_uros_ws/Panik/microros_ws/install/drive_base_msgs', 'merge_install': False, 'path': '/home/ali/STM32CubeIDE/stm32_uros_ws/Panik/microros_ws/src/uros/drive_base/drive_base_msgs', 'symlink_install': False, 'test_result_base': None}
[0.139s] Level 5:colcon.colcon_core.verb:set package 'micro_ros_msgs' build argument 'cmake_args' from command line to 'None'
[0.139s] Level 5:colcon.colcon_core.verb:set package 'micro_ros_msgs' build argument 'cmake_target' from command line to 'None'
[0.139s] Level 5:colcon.colcon_core.verb:set package 'micro_ros_msgs' build argument 'cmake_target_skip_unavailable' from command line to 'False'
[0.139s] Level 5:colcon.colcon_core.verb:set package 'micro_ros_msgs' build argument 'cmake_clean_cache' from command line to 'False'
[0.139s] Level 5:colcon.colcon_core.verb:set package 'micro_ros_msgs' build argument 'cmake_clean_first' from command line to 'False'
[0.139s] Level 5:colcon.colcon_core.verb:set package 'micro_ros_msgs' build argument 'cmake_force_configure' from command line to 'False'
[0.139s] Level 5:colcon.colcon_core.verb:set package 'micro_ros_msgs' build argument 'ament_cmake_args' from command line to 'None'
[0.139s] Level 5:colcon.colcon_core.verb:set package 'micro_ros_msgs' build argument 'catkin_cmake_args' from command line to 'None'
[0.139s] Level 5:colcon.colcon_core.verb:set package 'micro_ros_msgs' build argument 'catkin_skip_building_tests' from command line to 'False'
[0.139s] DEBUG:colcon.colcon_core.verb:Building package 'micro_ros_msgs' with the following arguments: {'ament_cmake_args': None, 'build_base': '/home/ali/STM32CubeIDE/stm32_uros_ws/Panik/microros_ws/build/micro_ros_msgs', 'catkin_cmake_args': None, 'catkin_skip_building_tests': False, 'cmake_args': None, 'cmake_clean_cache': False, 'cmake_clean_first': False, 'cmake_force_configure': False, 'cmake_target': None, 'cmake_target_skip_unavailable': False, 'install_base': '/home/ali/STM32CubeIDE/stm32_uros_ws/Panik/microros_ws/install/micro_ros_msgs', 'merge_install': False, 'path': '/home/ali/STM32CubeIDE/stm32_uros_ws/Panik/microros_ws/src/uros/micro_ros_msgs', 'symlink_install': False, 'test_result_base': None}
[0.139s] Level 5:colcon.colcon_core.verb:set package 'micro_ros_setup' build argument 'cmake_args' from command line to 'None'
[0.139s] Level 5:colcon.colcon_core.verb:set package 'micro_ros_setup' build argument 'cmake_target' from command line to 'None'
[0.139s] Level 5:colcon.colcon_core.verb:set package 'micro_ros_setup' build argument 'cmake_target_skip_unavailable' from command line to 'False'
[0.140s] Level 5:colcon.colcon_core.verb:set package 'micro_ros_setup' build argument 'cmake_clean_cache' from command line to 'False'
[0.140s] Level 5:colcon.colcon_core.verb:set package 'micro_ros_setup' build argument 'cmake_clean_first' from command line to 'False'
[0.140s] Level 5:colcon.colcon_core.verb:set package 'micro_ros_setup' build argument 'cmake_force_configure' from command line to 'False'
[0.140s] Level 5:colcon.colcon_core.verb:set package 'micro_ros_setup' build argument 'ament_cmake_args' from command line to 'None'
[0.140s] Level 5:colcon.colcon_core.verb:set package 'micro_ros_setup' build argument 'catkin_cmake_args' from command line to 'None'
[0.140s] Level 5:colcon.colcon_core.verb:set package 'micro_ros_setup' build argument 'catkin_skip_building_tests' from command line to 'False'
[0.140s] DEBUG:colcon.colcon_core.verb:Building package 'micro_ros_setup' with the following arguments: {'ament_cmake_args': None, 'build_base': '/home/ali/STM32CubeIDE/stm32_uros_ws/Panik/microros_ws/build/micro_ros_setup', 'catkin_cmake_args': None, 'catkin_skip_building_tests': False, 'cmake_args': None, 'cmake_clean_cache': False, 'cmake_clean_first': False, 'cmake_force_configure': False, 'cmake_target': None, 'cmake_target_skip_unavailable': False, 'install_base': '/home/ali/STM32CubeIDE/stm32_uros_ws/Panik/microros_ws/install/micro_ros_setup', 'merge_install': False, 'path': '/home/ali/STM32CubeIDE/stm32_uros_ws/Panik/microros_ws/src/micro_ros_setup', 'symlink_install': False, 'test_result_base': None}
[0.140s] Level 5:colcon.colcon_core.verb:set package 'python_plotter' build argument 'cmake_args' from command line to 'None'
[0.140s] Level 5:colcon.colcon_core.verb:set package 'python_plotter' build argument 'cmake_target' from command line to 'None'
[0.140s] Level 5:colcon.colcon_core.verb:set package 'python_plotter' build argument 'cmake_target_skip_unavailable' from command line to 'False'
[0.140s] Level 5:colcon.colcon_core.verb:set package 'python_plotter' build argument 'cmake_clean_cache' from command line to 'False'
[0.140s] Level 5:colcon.colcon_core.verb:set package 'python_plotter' build argument 'cmake_clean_first' from command line to 'False'
[0.140s] Level 5:colcon.colcon_core.verb:set package 'python_plotter' build argument 'cmake_force_configure' from command line to 'False'
[0.140s] Level 5:colcon.colcon_core.verb:set package 'python_plotter' build argument 'ament_cmake_args' from command line to 'None'
[0.140s] Level 5:colcon.colcon_core.verb:set package 'python_plotter' build argument 'catkin_cmake_args' from command line to 'None'
[0.140s] Level 5:colcon.colcon_core.verb:set package 'python_plotter' build argument 'catkin_skip_building_tests' from command line to 'False'
[0.140s] DEBUG:colcon.colcon_core.verb:Building package 'python_plotter' with the following arguments: {'ament_cmake_args': None, 'build_base': '/home/ali/STM32CubeIDE/stm32_uros_ws/Panik/microros_ws/build/python_plotter', 'catkin_cmake_args': None, 'catkin_skip_building_tests': False, 'cmake_args': None, 'cmake_clean_cache': False, 'cmake_clean_first': False, 'cmake_force_configure': False, 'cmake_target': None, 'cmake_target_skip_unavailable': False, 'install_base': '/home/ali/STM32CubeIDE/stm32_uros_ws/Panik/microros_ws/install/python_plotter', 'merge_install': False, 'path': '/home/ali/STM32CubeIDE/stm32_uros_ws/Panik/microros_ws/src/python_plotter', 'symlink_install': False, 'test_result_base': None}
[0.140s] Level 5:colcon.colcon_core.verb:set package 'micro_ros_agent' build argument 'cmake_args' from command line to 'None'
[0.140s] Level 5:colcon.colcon_core.verb:set package 'micro_ros_agent' build argument 'cmake_target' from command line to 'None'
[0.140s] Level 5:colcon.colcon_core.verb:set package 'micro_ros_agent' build argument 'cmake_target_skip_unavailable' from command line to 'False'
[0.140s] Level 5:colcon.colcon_core.verb:set package 'micro_ros_agent' build argument 'cmake_clean_cache' from command line to 'False'
[0.140s] Level 5:colcon.colcon_core.verb:set package 'micro_ros_agent' build argument 'cmake_clean_first' from command line to 'False'
[0.140s] Level 5:colcon.colcon_core.verb:set package 'micro_ros_agent' build argument 'cmake_force_configure' from command line to 'False'
[0.140s] Level 5:colcon.colcon_core.verb:set package 'micro_ros_agent' build argument 'ament_cmake_args' from command line to 'None'
[0.140s] Level 5:colcon.colcon_core.verb:set package 'micro_ros_agent' build argument 'catkin_cmake_args' from command line to 'None'
[0.140s] Level 5:colcon.colcon_core.verb:set package 'micro_ros_agent' build argument 'catkin_skip_building_tests' from command line to 'False'
[0.140s] DEBUG:colcon.colcon_core.verb:Building package 'micro_ros_agent' with the following arguments: {'ament_cmake_args': None, 'build_base': '/home/ali/STM32CubeIDE/stm32_uros_ws/Panik/microros_ws/build/micro_ros_agent', 'catkin_cmake_args': None, 'catkin_skip_building_tests': False, 'cmake_args': None, 'cmake_clean_cache': False, 'cmake_clean_first': False, 'cmake_force_configure': False, 'cmake_target': None, 'cmake_target_skip_unavailable': False, 'install_base': '/home/ali/STM32CubeIDE/stm32_uros_ws/Panik/microros_ws/install/micro_ros_agent', 'merge_install': False, 'path': '/home/ali/STM32CubeIDE/stm32_uros_ws/Panik/microros_ws/src/uros/micro-ROS-Agent/micro_ros_agent', 'symlink_install': False, 'test_result_base': None}
[0.140s] INFO:colcon.colcon_core.executor:Executing jobs using 'parallel' executor
[0.141s] DEBUG:colcon.colcon_parallel_executor.executor.parallel:run_until_complete
[0.141s] INFO:colcon.colcon_ros.task.ament_cmake.build:Building ROS package in '/home/ali/STM32CubeIDE/stm32_uros_ws/Panik/microros_ws/src/uros/micro_ros_msgs' with build type 'ament_cmake'
[0.141s] INFO:colcon.colcon_cmake.task.cmake.build:Building CMake package in '/home/ali/STM32CubeIDE/stm32_uros_ws/Panik/microros_ws/src/uros/micro_ros_msgs'
[0.142s] INFO:colcon.colcon_core.plugin_system:Skipping extension 'colcon_core.shell.bat': Not used on non-Windows systems
[0.142s] INFO:colcon.colcon_core.shell:Skip shell extension 'powershell' for command environment: Not usable outside of PowerShell
[0.142s] DEBUG:colcon.colcon_core.shell:Skip shell extension 'dsv' for command environment
[0.144s] INFO:colcon.colcon_ros.task.ament_cmake.build:Building ROS package in '/home/ali/STM32CubeIDE/stm32_uros_ws/Panik/microros_ws/src/uros/drive_base/drive_base_msgs' with build type 'ament_cmake'
[0.144s] INFO:colcon.colcon_cmake.task.cmake.build:Building CMake package in '/home/ali/STM32CubeIDE/stm32_uros_ws/Panik/microros_ws/src/uros/drive_base/drive_base_msgs'
[0.144s] INFO:colcon.colcon_core.shell:Skip shell extension 'powershell' for command environment: Not usable outside of PowerShell
[0.144s] DEBUG:colcon.colcon_core.shell:Skip shell extension 'dsv' for command environment
[0.146s] INFO:colcon.colcon_ros.task.ament_cmake.build:Building ROS package in '/home/ali/STM32CubeIDE/stm32_uros_ws/Panik/microros_ws/src/micro_ros_setup' with build type 'ament_cmake'
[0.146s] INFO:colcon.colcon_cmake.task.cmake.build:Building CMake package in '/home/ali/STM32CubeIDE/stm32_uros_ws/Panik/microros_ws/src/micro_ros_setup'
[0.146s] INFO:colcon.colcon_core.shell:Skip shell extension 'powershell' for command environment: Not usable outside of PowerShell
[0.146s] DEBUG:colcon.colcon_core.shell:Skip shell extension 'dsv' for command environment
[0.148s] INFO:colcon.colcon_ros.task.ament_python.build:Building ROS package in '/home/ali/STM32CubeIDE/stm32_uros_ws/Panik/microros_ws/src/python_plotter' with build type 'ament_python'
[0.148s] Level 1:colcon.colcon_core.shell:create_environment_hook('python_plotter', 'ament_prefix_path')
[0.148s] INFO:colcon.colcon_core.shell:Creating environment hook '/home/ali/STM32CubeIDE/stm32_uros_ws/Panik/microros_ws/install/python_plotter/share/python_plotter/hook/ament_prefix_path.ps1'
[0.149s] INFO:colcon.colcon_core.shell:Creating environment descriptor '/home/ali/STM32CubeIDE/stm32_uros_ws/Panik/microros_ws/install/python_plotter/share/python_plotter/hook/ament_prefix_path.dsv'
[0.149s] INFO:colcon.colcon_core.shell:Creating environment hook '/home/ali/STM32CubeIDE/stm32_uros_ws/Panik/microros_ws/install/python_plotter/share/python_plotter/hook/ament_prefix_path.sh'
[0.149s] INFO:colcon.colcon_core.shell:Skip shell extension 'powershell' for command environment: Not usable outside of PowerShell
[0.149s] DEBUG:colcon.colcon_core.shell:Skip shell extension 'dsv' for command environment
[0.154s] DEBUG:colcon.colcon_core.event_handler.log_command:Invoking command in '/home/ali/STM32CubeIDE/stm32_uros_ws/Panik/microros_ws/build/micro_ros_msgs': CMAKE_PREFIX_PATH=${CMAKE_PREFIX_PATH}:/opt/ros/jazzy DEBUGINFOD_URLS=https://debuginfod.ubuntu.com /usr/bin/cmake --build /home/ali/STM32CubeIDE/stm32_uros_ws/Panik/microros_ws/build/micro_ros_msgs -- -j20 -l20
[0.155s] DEBUG:colcon.colcon_core.event_handler.log_command:Invoking command in '/home/ali/STM32CubeIDE/stm32_uros_ws/Panik/microros_ws/build/drive_base_msgs': CMAKE_PREFIX_PATH=${CMAKE_PREFIX_PATH}:/opt/ros/jazzy DEBUGINFOD_URLS=https://debuginfod.ubuntu.com /usr/bin/cmake --build /home/ali/STM32CubeIDE/stm32_uros_ws/Panik/microros_ws/build/drive_base_msgs -- -j20 -l20
[0.156s] DEBUG:colcon.colcon_core.event_handler.log_command:Invoking command in '/home/ali/STM32CubeIDE/stm32_uros_ws/Panik/microros_ws/build/micro_ros_setup': CMAKE_PREFIX_PATH=${CMAKE_PREFIX_PATH}:/opt/ros/jazzy DEBUGINFOD_URLS=https://debuginfod.ubuntu.com /usr/bin/cmake --build /home/ali/STM32CubeIDE/stm32_uros_ws/Panik/microros_ws/build/micro_ros_setup -- -j20 -l20
[0.303s] INFO:colcon.colcon_core.task.python.build:Building Python package in '/home/ali/STM32CubeIDE/stm32_uros_ws/Panik/microros_ws/src/python_plotter'
[0.303s] INFO:colcon.colcon_core.shell:Skip shell extension 'powershell' for command environment: Not usable outside of PowerShell
[0.303s] DEBUG:colcon.colcon_core.shell:Skip shell extension 'dsv' for command environment
[0.308s] DEBUG:colcon.colcon_core.event_handler.log_command:Invoked command in '/home/ali/STM32CubeIDE/stm32_uros_ws/Panik/microros_ws/build/micro_ros_setup' returned '0': CMAKE_PREFIX_PATH=${CMAKE_PREFIX_PATH}:/opt/ros/jazzy DEBUGINFOD_URLS=https://debuginfod.ubuntu.com /usr/bin/cmake --build /home/ali/STM32CubeIDE/stm32_uros_ws/Panik/microros_ws/build/micro_ros_setup -- -j20 -l20
[0.316s] DEBUG:colcon.colcon_core.event_handler.log_command:Invoking command in '/home/ali/STM32CubeIDE/stm32_uros_ws/Panik/microros_ws/build/micro_ros_setup': CMAKE_PREFIX_PATH=${CMAKE_PREFIX_PATH}:/opt/ros/jazzy DEBUGINFOD_URLS=https://debuginfod.ubuntu.com /usr/bin/cmake --install /home/ali/STM32CubeIDE/stm32_uros_ws/Panik/microros_ws/build/micro_ros_setup
[0.329s] Level 1:colcon.colcon_core.environment:create_environment_scripts_only(micro_ros_setup)
[0.330s] DEBUG:colcon.colcon_core.event_handler.log_command:Invoked command in '/home/ali/STM32CubeIDE/stm32_uros_ws/Panik/microros_ws/build/micro_ros_setup' returned '0': CMAKE_PREFIX_PATH=${CMAKE_PREFIX_PATH}:/opt/ros/jazzy DEBUGINFOD_URLS=https://debuginfod.ubuntu.com /usr/bin/cmake --install /home/ali/STM32CubeIDE/stm32_uros_ws/Panik/microros_ws/build/micro_ros_setup
[0.332s] Level 1:colcon.colcon_core.environment:checking '/home/ali/STM32CubeIDE/stm32_uros_ws/Panik/microros_ws/install/micro_ros_setup' for CMake module files
[0.332s] Level 1:colcon.colcon_core.environment:checking '/home/ali/STM32CubeIDE/stm32_uros_ws/Panik/microros_ws/install/micro_ros_setup' for CMake config files
[0.333s] Level 1:colcon.colcon_core.shell:create_environment_hook('micro_ros_setup', 'cmake_prefix_path')
[0.333s] INFO:colcon.colcon_core.shell:Creating environment hook '/home/ali/STM32CubeIDE/stm32_uros_ws/Panik/microros_ws/install/micro_ros_setup/share/micro_ros_setup/hook/cmake_prefix_path.ps1'
[0.333s] INFO:colcon.colcon_core.shell:Creating environment descriptor '/home/ali/STM32CubeIDE/stm32_uros_ws/Panik/microros_ws/install/micro_ros_setup/share/micro_ros_setup/hook/cmake_prefix_path.dsv'
[0.334s] INFO:colcon.colcon_core.shell:Creating environment hook '/home/ali/STM32CubeIDE/stm32_uros_ws/Panik/microros_ws/install/micro_ros_setup/share/micro_ros_setup/hook/cmake_prefix_path.sh'
[0.334s] Level 1:colcon.colcon_core.environment:checking '/home/ali/STM32CubeIDE/stm32_uros_ws/Panik/microros_ws/install/micro_ros_setup/lib'
[0.335s] Level 1:colcon.colcon_core.environment:checking '/home/ali/STM32CubeIDE/stm32_uros_ws/Panik/microros_ws/install/micro_ros_setup/bin'
[0.335s] Level 1:colcon.colcon_core.environment:checking '/home/ali/STM32CubeIDE/stm32_uros_ws/Panik/microros_ws/install/micro_ros_setup/lib/pkgconfig/micro_ros_setup.pc'
[0.335s] Level 1:colcon.colcon_core.environment:checking '/home/ali/STM32CubeIDE/stm32_uros_ws/Panik/microros_ws/install/micro_ros_setup/lib/python3.12/site-packages'
[0.335s] Level 1:colcon.colcon_core.environment:checking '/home/ali/STM32CubeIDE/stm32_uros_ws/Panik/microros_ws/install/micro_ros_setup/bin'
[0.335s] INFO:colcon.colcon_core.shell:Creating package script '/home/ali/STM32CubeIDE/stm32_uros_ws/Panik/microros_ws/install/micro_ros_setup/share/micro_ros_setup/package.ps1'
[0.336s] INFO:colcon.colcon_core.shell:Creating package descriptor '/home/ali/STM32CubeIDE/stm32_uros_ws/Panik/microros_ws/install/micro_ros_setup/share/micro_ros_setup/package.dsv'
[0.337s] INFO:colcon.colcon_core.shell:Creating package script '/home/ali/STM32CubeIDE/stm32_uros_ws/Panik/microros_ws/install/micro_ros_setup/share/micro_ros_setup/package.sh'
[0.337s] INFO:colcon.colcon_core.shell:Creating package script '/home/ali/STM32CubeIDE/stm32_uros_ws/Panik/microros_ws/install/micro_ros_setup/share/micro_ros_setup/package.bash'
[0.338s] INFO:colcon.colcon_core.shell:Creating package script '/home/ali/STM32CubeIDE/stm32_uros_ws/Panik/microros_ws/install/micro_ros_setup/share/micro_ros_setup/package.zsh'
[0.338s] Level 1:colcon.colcon_core.environment:create_file_with_runtime_dependencies(/home/ali/STM32CubeIDE/stm32_uros_ws/Panik/microros_ws/install/micro_ros_setup/share/colcon-core/packages/micro_ros_setup)
[0.339s] Level 1:colcon.colcon_core.environment:create_environment_scripts_only(micro_ros_setup)
[0.339s] Level 1:colcon.colcon_core.environment:checking '/home/ali/STM32CubeIDE/stm32_uros_ws/Panik/microros_ws/install/micro_ros_setup' for CMake module files
[0.339s] Level 1:colcon.colcon_core.environment:checking '/home/ali/STM32CubeIDE/stm32_uros_ws/Panik/microros_ws/install/micro_ros_setup' for CMake config files
[0.339s] Level 1:colcon.colcon_core.shell:create_environment_hook('micro_ros_setup', 'cmake_prefix_path')
[0.339s] INFO:colcon.colcon_core.shell:Creating environment hook '/home/ali/STM32CubeIDE/stm32_uros_ws/Panik/microros_ws/install/micro_ros_setup/share/micro_ros_setup/hook/cmake_prefix_path.ps1'
[0.340s] INFO:colcon.colcon_core.shell:Creating environment descriptor '/home/ali/STM32CubeIDE/stm32_uros_ws/Panik/microros_ws/install/micro_ros_setup/share/micro_ros_setup/hook/cmake_prefix_path.dsv'
[0.340s] INFO:colcon.colcon_core.shell:Creating environment hook '/home/ali/STM32CubeIDE/stm32_uros_ws/Panik/microros_ws/install/micro_ros_setup/share/micro_ros_setup/hook/cmake_prefix_path.sh'
[0.340s] Level 1:colcon.colcon_core.environment:checking '/home/ali/STM32CubeIDE/stm32_uros_ws/Panik/microros_ws/install/micro_ros_setup/lib'
[0.340s] Level 1:colcon.colcon_core.environment:checking '/home/ali/STM32CubeIDE/stm32_uros_ws/Panik/microros_ws/install/micro_ros_setup/bin'
[0.340s] Level 1:colcon.colcon_core.environment:checking '/home/ali/STM32CubeIDE/stm32_uros_ws/Panik/microros_ws/install/micro_ros_setup/lib/pkgconfig/micro_ros_setup.pc'
[0.340s] Level 1:colcon.colcon_core.environment:checking '/home/ali/STM32CubeIDE/stm32_uros_ws/Panik/microros_ws/install/micro_ros_setup/lib/python3.12/site-packages'
[0.340s] Level 1:colcon.colcon_core.environment:checking '/home/ali/STM32CubeIDE/stm32_uros_ws/Panik/microros_ws/install/micro_ros_setup/bin'
[0.341s] INFO:colcon.colcon_core.shell:Creating package script '/home/ali/STM32CubeIDE/stm32_uros_ws/Panik/microros_ws/install/micro_ros_setup/share/micro_ros_setup/package.ps1'
[0.341s] INFO:colcon.colcon_core.shell:Creating package descriptor '/home/ali/STM32CubeIDE/stm32_uros_ws/Panik/microros_ws/install/micro_ros_setup/share/micro_ros_setup/package.dsv'
[0.341s] INFO:colcon.colcon_core.shell:Creating package script '/home/ali/STM32CubeIDE/stm32_uros_ws/Panik/microros_ws/install/micro_ros_setup/share/micro_ros_setup/package.sh'
[0.341s] INFO:colcon.colcon_core.shell:Creating package script '/home/ali/STM32CubeIDE/stm32_uros_ws/Panik/microros_ws/install/micro_ros_setup/share/micro_ros_setup/package.bash'
[0.342s] INFO:colcon.colcon_core.shell:Creating package script '/home/ali/STM32CubeIDE/stm32_uros_ws/Panik/microros_ws/install/micro_ros_setup/share/micro_ros_setup/package.zsh'
[0.342s] Level 1:colcon.colcon_core.environment:create_file_with_runtime_dependencies(/home/ali/STM32CubeIDE/stm32_uros_ws/Panik/microros_ws/install/micro_ros_setup/share/colcon-core/packages/micro_ros_setup)
[0.416s] DEBUG:colcon.colcon_core.event_handler.log_command:Invoked command in '/home/ali/STM32CubeIDE/stm32_uros_ws/Panik/microros_ws/build/drive_base_msgs' returned '0': CMAKE_PREFIX_PATH=${CMAKE_PREFIX_PATH}:/opt/ros/jazzy DEBUGINFOD_URLS=https://debuginfod.ubuntu.com /usr/bin/cmake --build /home/ali/STM32CubeIDE/stm32_uros_ws/Panik/microros_ws/build/drive_base_msgs -- -j20 -l20
[0.416s] DEBUG:colcon.colcon_core.event_handler.log_command:Invoking command in '/home/ali/STM32CubeIDE/stm32_uros_ws/Panik/microros_ws/build/drive_base_msgs': CMAKE_PREFIX_PATH=${CMAKE_PREFIX_PATH}:/opt/ros/jazzy DEBUGINFOD_URLS=https://debuginfod.ubuntu.com /usr/bin/cmake --install /home/ali/STM32CubeIDE/stm32_uros_ws/Panik/microros_ws/build/drive_base_msgs
[0.421s] DEBUG:colcon.colcon_core.event_handler.log_command:Invoked command in '/home/ali/STM32CubeIDE/stm32_uros_ws/Panik/microros_ws/build/micro_ros_msgs' returned '0': CMAKE_PREFIX_PATH=${CMAKE_PREFIX_PATH}:/opt/ros/jazzy DEBUGINFOD_URLS=https://debuginfod.ubuntu.com /usr/bin/cmake --build /home/ali/STM32CubeIDE/stm32_uros_ws/Panik/microros_ws/build/micro_ros_msgs -- -j20 -l20
[0.422s] DEBUG:colcon.colcon_core.event_handler.log_command:Invoking command in '/home/ali/STM32CubeIDE/stm32_uros_ws/Panik/microros_ws/build/micro_ros_msgs': CMAKE_PREFIX_PATH=${CMAKE_PREFIX_PATH}:/opt/ros/jazzy DEBUGINFOD_URLS=https://debuginfod.ubuntu.com /usr/bin/cmake --install /home/ali/STM32CubeIDE/stm32_uros_ws/Panik/microros_ws/build/micro_ros_msgs
[0.458s] Level 1:colcon.colcon_core.environment:create_environment_scripts_only(drive_base_msgs)
[0.458s] Level 1:colcon.colcon_core.environment:checking '/home/ali/STM32CubeIDE/stm32_uros_ws/Panik/microros_ws/install/drive_base_msgs' for CMake module files
[0.459s] DEBUG:colcon.colcon_core.event_handler.log_command:Invoked command in '/home/ali/STM32CubeIDE/stm32_uros_ws/Panik/microros_ws/build/drive_base_msgs' returned '0': CMAKE_PREFIX_PATH=${CMAKE_PREFIX_PATH}:/opt/ros/jazzy DEBUGINFOD_URLS=https://debuginfod.ubuntu.com /usr/bin/cmake --install /home/ali/STM32CubeIDE/stm32_uros_ws/Panik/microros_ws/build/drive_base_msgs
[0.459s] Level 1:colcon.colcon_core.environment:checking '/home/ali/STM32CubeIDE/stm32_uros_ws/Panik/microros_ws/install/drive_base_msgs' for CMake config files
[0.459s] Level 1:colcon.colcon_core.shell:create_environment_hook('drive_base_msgs', 'cmake_prefix_path')
[0.459s] INFO:colcon.colcon_core.shell:Creating environment hook '/home/ali/STM32CubeIDE/stm32_uros_ws/Panik/microros_ws/install/drive_base_msgs/share/drive_base_msgs/hook/cmake_prefix_path.ps1'
[0.460s] INFO:colcon.colcon_core.shell:Creating environment descriptor '/home/ali/STM32CubeIDE/stm32_uros_ws/Panik/microros_ws/install/drive_base_msgs/share/drive_base_msgs/hook/cmake_prefix_path.dsv'
[0.460s] INFO:colcon.colcon_core.shell:Creating environment hook '/home/ali/STM32CubeIDE/stm32_uros_ws/Panik/microros_ws/install/drive_base_msgs/share/drive_base_msgs/hook/cmake_prefix_path.sh'
[0.460s] Level 1:colcon.colcon_core.environment:checking '/home/ali/STM32CubeIDE/stm32_uros_ws/Panik/microros_ws/install/drive_base_msgs/lib'
[0.460s] Level 1:colcon.colcon_core.shell:create_environment_hook('drive_base_msgs', 'ld_library_path_lib')
[0.460s] INFO:colcon.colcon_core.shell:Creating environment hook '/home/ali/STM32CubeIDE/stm32_uros_ws/Panik/microros_ws/install/drive_base_msgs/share/drive_base_msgs/hook/ld_library_path_lib.ps1'
[0.461s] INFO:colcon.colcon_core.shell:Creating environment descriptor '/home/ali/STM32CubeIDE/stm32_uros_ws/Panik/microros_ws/install/drive_base_msgs/share/drive_base_msgs/hook/ld_library_path_lib.dsv'
[0.461s] INFO:colcon.colcon_core.shell:Creating environment hook '/home/ali/STM32CubeIDE/stm32_uros_ws/Panik/microros_ws/install/drive_base_msgs/share/drive_base_msgs/hook/ld_library_path_lib.sh'
[0.461s] Level 1:colcon.colcon_core.environment:checking '/home/ali/STM32CubeIDE/stm32_uros_ws/Panik/microros_ws/install/drive_base_msgs/bin'
[0.461s] Level 1:colcon.colcon_core.environment:checking '/home/ali/STM32CubeIDE/stm32_uros_ws/Panik/microros_ws/install/drive_base_msgs/lib/pkgconfig/drive_base_msgs.pc'
[0.461s] Level 1:colcon.colcon_core.environment:checking '/home/ali/STM32CubeIDE/stm32_uros_ws/Panik/microros_ws/install/drive_base_msgs/lib/python3.12/site-packages'
[0.461s] Level 1:colcon.colcon_core.shell:create_environment_hook('drive_base_msgs', 'pythonpath')
[0.461s] INFO:colcon.colcon_core.shell:Creating environment hook '/home/ali/STM32CubeIDE/stm32_uros_ws/Panik/microros_ws/install/drive_base_msgs/share/drive_base_msgs/hook/pythonpath.ps1'
[0.462s] INFO:colcon.colcon_core.shell:Creating environment descriptor '/home/ali/STM32CubeIDE/stm32_uros_ws/Panik/microros_ws/install/drive_base_msgs/share/drive_base_msgs/hook/pythonpath.dsv'
[0.462s] INFO:colcon.colcon_core.shell:Creating environment hook '/home/ali/STM32CubeIDE/stm32_uros_ws/Panik/microros_ws/install/drive_base_msgs/share/drive_base_msgs/hook/pythonpath.sh'
[0.462s] Level 1:colcon.colcon_core.environment:checking '/home/ali/STM32CubeIDE/stm32_uros_ws/Panik/microros_ws/install/drive_base_msgs/bin'
[0.462s] INFO:colcon.colcon_core.shell:Creating package script '/home/ali/STM32CubeIDE/stm32_uros_ws/Panik/microros_ws/install/drive_base_msgs/share/drive_base_msgs/package.ps1'
[0.463s] INFO:colcon.colcon_core.shell:Creating package descriptor '/home/ali/STM32CubeIDE/stm32_uros_ws/Panik/microros_ws/install/drive_base_msgs/share/drive_base_msgs/package.dsv'
[0.463s] INFO:colcon.colcon_core.shell:Creating package script '/home/ali/STM32CubeIDE/stm32_uros_ws/Panik/microros_ws/install/drive_base_msgs/share/drive_base_msgs/package.sh'
[0.463s] INFO:colcon.colcon_core.shell:Creating package script '/home/ali/STM32CubeIDE/stm32_uros_ws/Panik/microros_ws/install/drive_base_msgs/share/drive_base_msgs/package.bash'
[0.463s] INFO:colcon.colcon_core.shell:Creating package script '/home/ali/STM32CubeIDE/stm32_uros_ws/Panik/microros_ws/install/drive_base_msgs/share/drive_base_msgs/package.zsh'
[0.463s] Level 1:colcon.colcon_core.environment:create_file_with_runtime_dependencies(/home/ali/STM32CubeIDE/stm32_uros_ws/Panik/microros_ws/install/drive_base_msgs/share/colcon-core/packages/drive_base_msgs)
[0.464s] Level 1:colcon.colcon_core.environment:create_environment_scripts_only(drive_base_msgs)
[0.464s] Level 1:colcon.colcon_core.environment:checking '/home/ali/STM32CubeIDE/stm32_uros_ws/Panik/microros_ws/install/drive_base_msgs' for CMake module files
[0.464s] Level 1:colcon.colcon_core.environment:checking '/home/ali/STM32CubeIDE/stm32_uros_ws/Panik/microros_ws/install/drive_base_msgs' for CMake config files
[0.464s] Level 1:colcon.colcon_core.shell:create_environment_hook('drive_base_msgs', 'cmake_prefix_path')
[0.464s] INFO:colcon.colcon_core.shell:Creating environment hook '/home/ali/STM32CubeIDE/stm32_uros_ws/Panik/microros_ws/install/drive_base_msgs/share/drive_base_msgs/hook/cmake_prefix_path.ps1'
[0.465s] INFO:colcon.colcon_core.shell:Creating environment descriptor '/home/ali/STM32CubeIDE/stm32_uros_ws/Panik/microros_ws/install/drive_base_msgs/share/drive_base_msgs/hook/cmake_prefix_path.dsv'
[0.465s] INFO:colcon.colcon_core.shell:Creating environment hook '/home/ali/STM32CubeIDE/stm32_uros_ws/Panik/microros_ws/install/drive_base_msgs/share/drive_base_msgs/hook/cmake_prefix_path.sh'
[0.465s] Level 1:colcon.colcon_core.environment:checking '/home/ali/STM32CubeIDE/stm32_uros_ws/Panik/microros_ws/install/drive_base_msgs/lib'
[0.465s] Level 1:colcon.colcon_core.shell:create_environment_hook('drive_base_msgs', 'ld_library_path_lib')
[0.465s] INFO:colcon.colcon_core.shell:Creating environment hook '/home/ali/STM32CubeIDE/stm32_uros_ws/Panik/microros_ws/install/drive_base_msgs/share/drive_base_msgs/hook/ld_library_path_lib.ps1'
[0.466s] INFO:colcon.colcon_core.shell:Creating environment descriptor '/home/ali/STM32CubeIDE/stm32_uros_ws/Panik/microros_ws/install/drive_base_msgs/share/drive_base_msgs/hook/ld_library_path_lib.dsv'
[0.466s] INFO:colcon.colcon_core.shell:Creating environment hook '/home/ali/STM32CubeIDE/stm32_uros_ws/Panik/microros_ws/install/drive_base_msgs/share/drive_base_msgs/hook/ld_library_path_lib.sh'
[0.466s] Level 1:colcon.colcon_core.environment:checking '/home/ali/STM32CubeIDE/stm32_uros_ws/Panik/microros_ws/install/drive_base_msgs/bin'
[0.466s] Level 1:colcon.colcon_core.environment:checking '/home/ali/STM32CubeIDE/stm32_uros_ws/Panik/microros_ws/install/drive_base_msgs/lib/pkgconfig/drive_base_msgs.pc'
[0.466s] Level 1:colcon.colcon_core.environment:checking '/home/ali/STM32CubeIDE/stm32_uros_ws/Panik/microros_ws/install/drive_base_msgs/lib/python3.12/site-packages'
[0.466s] Level 1:colcon.colcon_core.shell:create_environment_hook('drive_base_msgs', 'pythonpath')
[0.466s] INFO:colcon.colcon_core.shell:Creating environment hook '/home/ali/STM32CubeIDE/stm32_uros_ws/Panik/microros_ws/install/drive_base_msgs/share/drive_base_msgs/hook/pythonpath.ps1'
[0.468s] INFO:colcon.colcon_core.shell:Creating environment descriptor '/home/ali/STM32CubeIDE/stm32_uros_ws/Panik/microros_ws/install/drive_base_msgs/share/drive_base_msgs/hook/pythonpath.dsv'
[0.469s] INFO:colcon.colcon_core.shell:Creating environment hook '/home/ali/STM32CubeIDE/stm32_uros_ws/Panik/microros_ws/install/drive_base_msgs/share/drive_base_msgs/hook/pythonpath.sh'
[0.470s] Level 1:colcon.colcon_core.environment:checking '/home/ali/STM32CubeIDE/stm32_uros_ws/Panik/microros_ws/install/drive_base_msgs/bin'
[0.470s] INFO:colcon.colcon_core.shell:Creating package script '/home/ali/STM32CubeIDE/stm32_uros_ws/Panik/microros_ws/install/drive_base_msgs/share/drive_base_msgs/package.ps1'
[0.470s] INFO:colcon.colcon_core.shell:Creating package descriptor '/home/ali/STM32CubeIDE/stm32_uros_ws/Panik/microros_ws/install/drive_base_msgs/share/drive_base_msgs/package.dsv'
[0.470s] INFO:colcon.colcon_core.shell:Creating package script '/home/ali/STM32CubeIDE/stm32_uros_ws/Panik/microros_ws/install/drive_base_msgs/share/drive_base_msgs/package.sh'
[0.471s] INFO:colcon.colcon_core.shell:Creating package script '/home/ali/STM32CubeIDE/stm32_uros_ws/Panik/microros_ws/install/drive_base_msgs/share/drive_base_msgs/package.bash'
[0.471s] INFO:colcon.colcon_core.shell:Creating package script '/home/ali/STM32CubeIDE/stm32_uros_ws/Panik/microros_ws/install/drive_base_msgs/share/drive_base_msgs/package.zsh'
[0.471s] Level 1:colcon.colcon_core.environment:create_file_with_runtime_dependencies(/home/ali/STM32CubeIDE/stm32_uros_ws/Panik/microros_ws/install/drive_base_msgs/share/colcon-core/packages/drive_base_msgs)
[0.472s] Level 1:colcon.colcon_core.environment:create_environment_scripts_only(micro_ros_msgs)
[0.472s] Level 1:colcon.colcon_core.environment:checking '/home/ali/STM32CubeIDE/stm32_uros_ws/Panik/microros_ws/install/micro_ros_msgs' for CMake module files
[0.472s] DEBUG:colcon.colcon_core.event_handler.log_command:Invoked command in '/home/ali/STM32CubeIDE/stm32_uros_ws/Panik/microros_ws/build/micro_ros_msgs' returned '0': CMAKE_PREFIX_PATH=${CMAKE_PREFIX_PATH}:/opt/ros/jazzy DEBUGINFOD_URLS=https://debuginfod.ubuntu.com /usr/bin/cmake --install /home/ali/STM32CubeIDE/stm32_uros_ws/Panik/microros_ws/build/micro_ros_msgs
[0.473s] Level 1:colcon.colcon_core.environment:checking '/home/ali/STM32CubeIDE/stm32_uros_ws/Panik/microros_ws/install/micro_ros_msgs' for CMake config files
[0.473s] Level 1:colcon.colcon_core.shell:create_environment_hook('micro_ros_msgs', 'cmake_prefix_path')
[0.473s] INFO:colcon.colcon_core.shell:Creating environment hook '/home/ali/STM32CubeIDE/stm32_uros_ws/Panik/microros_ws/install/micro_ros_msgs/share/micro_ros_msgs/hook/cmake_prefix_path.ps1'
[0.473s] INFO:colcon.colcon_core.shell:Creating environment descriptor '/home/ali/STM32CubeIDE/stm32_uros_ws/Panik/microros_ws/install/micro_ros_msgs/share/micro_ros_msgs/hook/cmake_prefix_path.dsv'
[0.473s] INFO:colcon.colcon_core.shell:Creating environment hook '/home/ali/STM32CubeIDE/stm32_uros_ws/Panik/microros_ws/install/micro_ros_msgs/share/micro_ros_msgs/hook/cmake_prefix_path.sh'
[0.474s] Level 1:colcon.colcon_core.environment:checking '/home/ali/STM32CubeIDE/stm32_uros_ws/Panik/microros_ws/install/micro_ros_msgs/lib'
[0.474s] Level 1:colcon.colcon_core.shell:create_environment_hook('micro_ros_msgs', 'ld_library_path_lib')
[0.474s] INFO:colcon.colcon_core.shell:Creating environment hook '/home/ali/STM32CubeIDE/stm32_uros_ws/Panik/microros_ws/install/micro_ros_msgs/share/micro_ros_msgs/hook/ld_library_path_lib.ps1'
[0.474s] INFO:colcon.colcon_core.shell:Creating environment descriptor '/home/ali/STM32CubeIDE/stm32_uros_ws/Panik/microros_ws/install/micro_ros_msgs/share/micro_ros_msgs/hook/ld_library_path_lib.dsv'
[0.474s] INFO:colcon.colcon_core.shell:Creating environment hook '/home/ali/STM32CubeIDE/stm32_uros_ws/Panik/microros_ws/install/micro_ros_msgs/share/micro_ros_msgs/hook/ld_library_path_lib.sh'
[0.474s] Level 1:colcon.colcon_core.environment:checking '/home/ali/STM32CubeIDE/stm32_uros_ws/Panik/microros_ws/install/micro_ros_msgs/bin'
[0.475s] Level 1:colcon.colcon_core.environment:checking '/home/ali/STM32CubeIDE/stm32_uros_ws/Panik/microros_ws/install/micro_ros_msgs/lib/pkgconfig/micro_ros_msgs.pc'
[0.475s] Level 1:colcon.colcon_core.environment:checking '/home/ali/STM32CubeIDE/stm32_uros_ws/Panik/microros_ws/install/micro_ros_msgs/lib/python3.12/site-packages'
[0.475s] Level 1:colcon.colcon_core.shell:create_environment_hook('micro_ros_msgs', 'pythonpath')
[0.475s] INFO:colcon.colcon_core.shell:Creating environment hook '/home/ali/STM32CubeIDE/stm32_uros_ws/Panik/microros_ws/install/micro_ros_msgs/share/micro_ros_msgs/hook/pythonpath.ps1'
[0.475s] INFO:colcon.colcon_core.shell:Creating environment descriptor '/home/ali/STM32CubeIDE/stm32_uros_ws/Panik/microros_ws/install/micro_ros_msgs/share/micro_ros_msgs/hook/pythonpath.dsv'
[0.475s] INFO:colcon.colcon_core.shell:Creating environment hook '/home/ali/STM32CubeIDE/stm32_uros_ws/Panik/microros_ws/install/micro_ros_msgs/share/micro_ros_msgs/hook/pythonpath.sh'
[0.476s] Level 1:colcon.colcon_core.environment:checking '/home/ali/STM32CubeIDE/stm32_uros_ws/Panik/microros_ws/install/micro_ros_msgs/bin'
[0.476s] INFO:colcon.colcon_core.shell:Creating package script '/home/ali/STM32CubeIDE/stm32_uros_ws/Panik/microros_ws/install/micro_ros_msgs/share/micro_ros_msgs/package.ps1'
[0.476s] INFO:colcon.colcon_core.shell:Creating package descriptor '/home/ali/STM32CubeIDE/stm32_uros_ws/Panik/microros_ws/install/micro_ros_msgs/share/micro_ros_msgs/package.dsv'
[0.476s] INFO:colcon.colcon_core.shell:Creating package script '/home/ali/STM32CubeIDE/stm32_uros_ws/Panik/microros_ws/install/micro_ros_msgs/share/micro_ros_msgs/package.sh'
[0.476s] INFO:colcon.colcon_core.shell:Creating package script '/home/ali/STM32CubeIDE/stm32_uros_ws/Panik/microros_ws/install/micro_ros_msgs/share/micro_ros_msgs/package.bash'
[0.477s] INFO:colcon.colcon_core.shell:Creating package script '/home/ali/STM32CubeIDE/stm32_uros_ws/Panik/microros_ws/install/micro_ros_msgs/share/micro_ros_msgs/package.zsh'
[0.477s] Level 1:colcon.colcon_core.environment:create_file_with_runtime_dependencies(/home/ali/STM32CubeIDE/stm32_uros_ws/Panik/microros_ws/install/micro_ros_msgs/share/colcon-core/packages/micro_ros_msgs)
[0.477s] Level 1:colcon.colcon_core.environment:create_environment_scripts_only(micro_ros_msgs)
[0.477s] Level 1:colcon.colcon_core.environment:checking '/home/ali/STM32CubeIDE/stm32_uros_ws/Panik/microros_ws/install/micro_ros_msgs' for CMake module files
[0.478s] Level 1:colcon.colcon_core.environment:checking '/home/ali/STM32CubeIDE/stm32_uros_ws/Panik/microros_ws/install/micro_ros_msgs' for CMake config files
[0.478s] Level 1:colcon.colcon_core.shell:create_environment_hook('micro_ros_msgs', 'cmake_prefix_path')
[0.478s] INFO:colcon.colcon_core.shell:Creating environment hook '/home/ali/STM32CubeIDE/stm32_uros_ws/Panik/microros_ws/install/micro_ros_msgs/share/micro_ros_msgs/hook/cmake_prefix_path.ps1'
[0.478s] INFO:colcon.colcon_core.shell:Creating environment descriptor '/home/ali/STM32CubeIDE/stm32_uros_ws/Panik/microros_ws/install/micro_ros_msgs/share/micro_ros_msgs/hook/cmake_prefix_path.dsv'
[0.478s] INFO:colcon.colcon_core.shell:Creating environment hook '/home/ali/STM32CubeIDE/stm32_uros_ws/Panik/microros_ws/install/micro_ros_msgs/share/micro_ros_msgs/hook/cmake_prefix_path.sh'
[0.479s] Level 1:colcon.colcon_core.environment:checking '/home/ali/STM32CubeIDE/stm32_uros_ws/Panik/microros_ws/install/micro_ros_msgs/lib'
[0.479s] Level 1:colcon.colcon_core.shell:create_environment_hook('micro_ros_msgs', 'ld_library_path_lib')
[0.479s] INFO:colcon.colcon_core.shell:Creating environment hook '/home/ali/STM32CubeIDE/stm32_uros_ws/Panik/microros_ws/install/micro_ros_msgs/share/micro_ros_msgs/hook/ld_library_path_lib.ps1'
[0.479s] INFO:colcon.colcon_core.shell:Creating environment descriptor '/home/ali/STM32CubeIDE/stm32_uros_ws/Panik/microros_ws/install/micro_ros_msgs/share/micro_ros_msgs/hook/ld_library_path_lib.dsv'
[0.479s] INFO:colcon.colcon_core.shell:Creating environment hook '/home/ali/STM32CubeIDE/stm32_uros_ws/Panik/microros_ws/install/micro_ros_msgs/share/micro_ros_msgs/hook/ld_library_path_lib.sh'
[0.479s] Level 1:colcon.colcon_core.environment:checking '/home/ali/STM32CubeIDE/stm32_uros_ws/Panik/microros_ws/install/micro_ros_msgs/bin'
[0.479s] Level 1:colcon.colcon_core.environment:checking '/home/ali/STM32CubeIDE/stm32_uros_ws/Panik/microros_ws/install/micro_ros_msgs/lib/pkgconfig/micro_ros_msgs.pc'
[0.479s] Level 1:colcon.colcon_core.environment:checking '/home/ali/STM32CubeIDE/stm32_uros_ws/Panik/microros_ws/install/micro_ros_msgs/lib/python3.12/site-packages'
[0.480s] Level 1:colcon.colcon_core.shell:create_environment_hook('micro_ros_msgs', 'pythonpath')
[0.480s] INFO:colcon.colcon_core.shell:Creating environment hook '/home/ali/STM32CubeIDE/stm32_uros_ws/Panik/microros_ws/install/micro_ros_msgs/share/micro_ros_msgs/hook/pythonpath.ps1'
[0.480s] INFO:colcon.colcon_core.shell:Creating environment descriptor '/home/ali/STM32CubeIDE/stm32_uros_ws/Panik/microros_ws/install/micro_ros_msgs/share/micro_ros_msgs/hook/pythonpath.dsv'
[0.480s] INFO:colcon.colcon_core.shell:Creating environment hook '/home/ali/STM32CubeIDE/stm32_uros_ws/Panik/microros_ws/install/micro_ros_msgs/share/micro_ros_msgs/hook/pythonpath.sh'
[0.480s] Level 1:colcon.colcon_core.environment:checking '/home/ali/STM32CubeIDE/stm32_uros_ws/Panik/microros_ws/install/micro_ros_msgs/bin'
[0.481s] INFO:colcon.colcon_core.shell:Creating package script '/home/ali/STM32CubeIDE/stm32_uros_ws/Panik/microros_ws/install/micro_ros_msgs/share/micro_ros_msgs/package.ps1'
[0.481s] INFO:colcon.colcon_core.shell:Creating package descriptor '/home/ali/STM32CubeIDE/stm32_uros_ws/Panik/microros_ws/install/micro_ros_msgs/share/micro_ros_msgs/package.dsv'
[0.481s] INFO:colcon.colcon_core.shell:Creating package script '/home/ali/STM32CubeIDE/stm32_uros_ws/Panik/microros_ws/install/micro_ros_msgs/share/micro_ros_msgs/package.sh'
[0.481s] INFO:colcon.colcon_core.shell:Creating package script '/home/ali/STM32CubeIDE/stm32_uros_ws/Panik/microros_ws/install/micro_ros_msgs/share/micro_ros_msgs/package.bash'
[0.482s] INFO:colcon.colcon_core.shell:Creating package script '/home/ali/STM32CubeIDE/stm32_uros_ws/Panik/microros_ws/install/micro_ros_msgs/share/micro_ros_msgs/package.zsh'
[0.482s] Level 1:colcon.colcon_core.environment:create_file_with_runtime_dependencies(/home/ali/STM32CubeIDE/stm32_uros_ws/Panik/microros_ws/install/micro_ros_msgs/share/colcon-core/packages/micro_ros_msgs)
[0.482s] INFO:colcon.colcon_ros.task.ament_cmake.build:Building ROS package in '/home/ali/STM32CubeIDE/stm32_uros_ws/Panik/microros_ws/src/uros/micro-ROS-Agent/micro_ros_agent' with build type 'ament_cmake'
[0.482s] INFO:colcon.colcon_cmake.task.cmake.build:Building CMake package in '/home/ali/STM32CubeIDE/stm32_uros_ws/Panik/microros_ws/src/uros/micro-ROS-Agent/micro_ros_agent'
[0.482s] INFO:colcon.colcon_core.shell:Skip shell extension 'powershell' for command environment: Not usable outside of PowerShell
[0.482s] DEBUG:colcon.colcon_core.shell:Skip shell extension 'dsv' for command environment
[0.490s] DEBUG:colcon.colcon_core.event_handler.log_command:Invoking command in '/home/ali/STM32CubeIDE/stm32_uros_ws/Panik/microros_ws/build/micro_ros_agent': CMAKE_PREFIX_PATH=/home/ali/STM32CubeIDE/stm32_uros_ws/Panik/microros_ws/install/micro_ros_msgs:/home/ali/STM32CubeIDE/stm32_uros_ws/Panik/microros_ws/install/micro_ros_setup:/home/ali/STM32CubeIDE/stm32_uros_ws/Panik/microros_ws/install/micro_ros_agent:/home/ali/STM32CubeIDE/stm32_uros_ws/Panik/microros_ws/install/drive_base_msgs:/opt/ros/jazzy/opt/gz_math_vendor:/opt/ros/jazzy/opt/gz_utils_vendor:/opt/ros/jazzy/opt/gz_cmake_vendor:/opt/ros/jazzy DEBUGINFOD_URLS=https://debuginfod.ubuntu.com LD_LIBRARY_PATH=/home/ali/STM32CubeIDE/stm32_uros_ws/Panik/microros_ws/install/micro_ros_msgs/lib:/usr/local/cuda/lib64:/home/ali/STM32CubeIDE/stm32_uros_ws/Panik/microros_ws/install/micro_ros_agent/lib:/home/ali/STM32CubeIDE/stm32_uros_ws/Panik/microros_ws/install/drive_base_msgs/lib:/opt/ros/jazzy/opt/rviz_ogre_vendor/lib:/opt/ros/jazzy/lib/x86_64-linux-gnu:/opt/ros/jazzy/opt/gz_math_vendor/lib:/opt/ros/jazzy/opt/gz_utils_vendor/lib:/opt/ros/jazzy/opt/gz_cmake_vendor/lib:/opt/ros/jazzy/lib /usr/bin/cmake --build /home/ali/STM32CubeIDE/stm32_uros_ws/Panik/microros_ws/build/micro_ros_agent -- -j20 -l20
[0.553s] DEBUG:colcon.colcon_core.event_handler.log_command:Invoked command in '/home/ali/STM32CubeIDE/stm32_uros_ws/Panik/microros_ws/build/micro_ros_agent' returned '0': CMAKE_PREFIX_PATH=/home/ali/STM32CubeIDE/stm32_uros_ws/Panik/microros_ws/install/micro_ros_msgs:/home/ali/STM32CubeIDE/stm32_uros_ws/Panik/microros_ws/install/micro_ros_setup:/home/ali/STM32CubeIDE/stm32_uros_ws/Panik/microros_ws/install/micro_ros_agent:/home/ali/STM32CubeIDE/stm32_uros_ws/Panik/microros_ws/install/drive_base_msgs:/opt/ros/jazzy/opt/gz_math_vendor:/opt/ros/jazzy/opt/gz_utils_vendor:/opt/ros/jazzy/opt/gz_cmake_vendor:/opt/ros/jazzy DEBUGINFOD_URLS=https://debuginfod.ubuntu.com LD_LIBRARY_PATH=/home/ali/STM32CubeIDE/stm32_uros_ws/Panik/microros_ws/install/micro_ros_msgs/lib:/usr/local/cuda/lib64:/home/ali/STM32CubeIDE/stm32_uros_ws/Panik/microros_ws/install/micro_ros_agent/lib:/home/ali/STM32CubeIDE/stm32_uros_ws/Panik/microros_ws/install/drive_base_msgs/lib:/opt/ros/jazzy/opt/rviz_ogre_vendor/lib:/opt/ros/jazzy/lib/x86_64-linux-gnu:/opt/ros/jazzy/opt/gz_math_vendor/lib:/opt/ros/jazzy/opt/gz_utils_vendor/lib:/opt/ros/jazzy/opt/gz_cmake_vendor/lib:/opt/ros/jazzy/lib /usr/bin/cmake --build /home/ali/STM32CubeIDE/stm32_uros_ws/Panik/microros_ws/build/micro_ros_agent -- -j20 -l20
[0.554s] DEBUG:colcon.colcon_core.event_handler.log_command:Invoking command in '/home/ali/STM32CubeIDE/stm32_uros_ws/Panik/microros_ws/build/micro_ros_agent': CMAKE_PREFIX_PATH=/home/ali/STM32CubeIDE/stm32_uros_ws/Panik/microros_ws/install/micro_ros_msgs:/home/ali/STM32CubeIDE/stm32_uros_ws/Panik/microros_ws/install/micro_ros_setup:/home/ali/STM32CubeIDE/stm32_uros_ws/Panik/microros_ws/install/micro_ros_agent:/home/ali/STM32CubeIDE/stm32_uros_ws/Panik/microros_ws/install/drive_base_msgs:/opt/ros/jazzy/opt/gz_math_vendor:/opt/ros/jazzy/opt/gz_utils_vendor:/opt/ros/jazzy/opt/gz_cmake_vendor:/opt/ros/jazzy DEBUGINFOD_URLS=https://debuginfod.ubuntu.com LD_LIBRARY_PATH=/home/ali/STM32CubeIDE/stm32_uros_ws/Panik/microros_ws/install/micro_ros_msgs/lib:/usr/local/cuda/lib64:/home/ali/STM32CubeIDE/stm32_uros_ws/Panik/microros_ws/install/micro_ros_agent/lib:/home/ali/STM32CubeIDE/stm32_uros_ws/Panik/microros_ws/install/drive_base_msgs/lib:/opt/ros/jazzy/opt/rviz_ogre_vendor/lib:/opt/ros/jazzy/lib/x86_64-linux-gnu:/opt/ros/jazzy/opt/gz_math_vendor/lib:/opt/ros/jazzy/opt/gz_utils_vendor/lib:/opt/ros/jazzy/opt/gz_cmake_vendor/lib:/opt/ros/jazzy/lib /usr/bin/cmake --install /home/ali/STM32CubeIDE/stm32_uros_ws/Panik/microros_ws/build/micro_ros_agent
[0.563s] Level 1:colcon.colcon_core.environment:create_environment_scripts_only(micro_ros_agent)
[0.564s] Level 1:colcon.colcon_core.environment:checking '/home/ali/STM32CubeIDE/stm32_uros_ws/Panik/microros_ws/install/micro_ros_agent' for CMake module files
[0.564s] DEBUG:colcon.colcon_core.event_handler.log_command:Invoked command in '/home/ali/STM32CubeIDE/stm32_uros_ws/Panik/microros_ws/build/micro_ros_agent' returned '0': CMAKE_PREFIX_PATH=/home/ali/STM32CubeIDE/stm32_uros_ws/Panik/microros_ws/install/micro_ros_msgs:/home/ali/STM32CubeIDE/stm32_uros_ws/Panik/microros_ws/install/micro_ros_setup:/home/ali/STM32CubeIDE/stm32_uros_ws/Panik/microros_ws/install/micro_ros_agent:/home/ali/STM32CubeIDE/stm32_uros_ws/Panik/microros_ws/install/drive_base_msgs:/opt/ros/jazzy/opt/gz_math_vendor:/opt/ros/jazzy/opt/gz_utils_vendor:/opt/ros/jazzy/opt/gz_cmake_vendor:/opt/ros/jazzy DEBUGINFOD_URLS=https://debuginfod.ubuntu.com LD_LIBRARY_PATH=/home/ali/STM32CubeIDE/stm32_uros_ws/Panik/microros_ws/install/micro_ros_msgs/lib:/usr/local/cuda/lib64:/home/ali/STM32CubeIDE/stm32_uros_ws/Panik/microros_ws/install/micro_ros_agent/lib:/home/ali/STM32CubeIDE/stm32_uros_ws/Panik/microros_ws/install/drive_base_msgs/lib:/opt/ros/jazzy/opt/rviz_ogre_vendor/lib:/opt/ros/jazzy/lib/x86_64-linux-gnu:/opt/ros/jazzy/opt/gz_math_vendor/lib:/opt/ros/jazzy/opt/gz_utils_vendor/lib:/opt/ros/jazzy/opt/gz_cmake_vendor/lib:/opt/ros/jazzy/lib /usr/bin/cmake --install /home/ali/STM32CubeIDE/stm32_uros_ws/Panik/microros_ws/build/micro_ros_agent
[0.564s] Level 1:colcon.colcon_core.environment:checking '/home/ali/STM32CubeIDE/stm32_uros_ws/Panik/microros_ws/install/micro_ros_agent' for CMake config files
[0.564s] Level 1:colcon.colcon_core.shell:create_environment_hook('micro_ros_agent', 'cmake_prefix_path')
[0.564s] INFO:colcon.colcon_core.shell:Creating environment hook '/home/ali/STM32CubeIDE/stm32_uros_ws/Panik/microros_ws/install/micro_ros_agent/share/micro_ros_agent/hook/cmake_prefix_path.ps1'
[0.565s] INFO:colcon.colcon_core.shell:Creating environment descriptor '/home/ali/STM32CubeIDE/stm32_uros_ws/Panik/microros_ws/install/micro_ros_agent/share/micro_ros_agent/hook/cmake_prefix_path.dsv'
[0.565s] INFO:colcon.colcon_core.shell:Creating environment hook '/home/ali/STM32CubeIDE/stm32_uros_ws/Panik/microros_ws/install/micro_ros_agent/share/micro_ros_agent/hook/cmake_prefix_path.sh'
[0.565s] Level 1:colcon.colcon_core.environment:checking '/home/ali/STM32CubeIDE/stm32_uros_ws/Panik/microros_ws/install/micro_ros_agent/lib'
[0.565s] Level 1:colcon.colcon_core.shell:create_environment_hook('micro_ros_agent', 'ld_library_path_lib')
[0.565s] INFO:colcon.colcon_core.shell:Creating environment hook '/home/ali/STM32CubeIDE/stm32_uros_ws/Panik/microros_ws/install/micro_ros_agent/share/micro_ros_agent/hook/ld_library_path_lib.ps1'
[0.566s] INFO:colcon.colcon_core.shell:Creating environment descriptor '/home/ali/STM32CubeIDE/stm32_uros_ws/Panik/microros_ws/install/micro_ros_agent/share/micro_ros_agent/hook/ld_library_path_lib.dsv'
[0.566s] INFO:colcon.colcon_core.shell:Creating environment hook '/home/ali/STM32CubeIDE/stm32_uros_ws/Panik/microros_ws/install/micro_ros_agent/share/micro_ros_agent/hook/ld_library_path_lib.sh'
[0.566s] Level 1:colcon.colcon_core.environment:checking '/home/ali/STM32CubeIDE/stm32_uros_ws/Panik/microros_ws/install/micro_ros_agent/bin'
[0.566s] Level 1:colcon.colcon_core.environment:checking '/home/ali/STM32CubeIDE/stm32_uros_ws/Panik/microros_ws/install/micro_ros_agent/lib/pkgconfig/micro_ros_agent.pc'
[0.566s] Level 1:colcon.colcon_core.environment:checking '/home/ali/STM32CubeIDE/stm32_uros_ws/Panik/microros_ws/install/micro_ros_agent/lib/python3.12/site-packages'
[0.566s] Level 1:colcon.colcon_core.environment:checking '/home/ali/STM32CubeIDE/stm32_uros_ws/Panik/microros_ws/install/micro_ros_agent/bin'
[0.566s] INFO:colcon.colcon_core.shell:Creating package script '/home/ali/STM32CubeIDE/stm32_uros_ws/Panik/microros_ws/install/micro_ros_agent/share/micro_ros_agent/package.ps1'
[0.567s] INFO:colcon.colcon_core.shell:Creating package descriptor '/home/ali/STM32CubeIDE/stm32_uros_ws/Panik/microros_ws/install/micro_ros_agent/share/micro_ros_agent/package.dsv'
[0.567s] INFO:colcon.colcon_core.shell:Creating package script '/home/ali/STM32CubeIDE/stm32_uros_ws/Panik/microros_ws/install/micro_ros_agent/share/micro_ros_agent/package.sh'
[0.567s] INFO:colcon.colcon_core.shell:Creating package script '/home/ali/STM32CubeIDE/stm32_uros_ws/Panik/microros_ws/install/micro_ros_agent/share/micro_ros_agent/package.bash'
[0.567s] INFO:colcon.colcon_core.shell:Creating package script '/home/ali/STM32CubeIDE/stm32_uros_ws/Panik/microros_ws/install/micro_ros_agent/share/micro_ros_agent/package.zsh'
[0.567s] Level 1:colcon.colcon_core.environment:create_file_with_runtime_dependencies(/home/ali/STM32CubeIDE/stm32_uros_ws/Panik/microros_ws/install/micro_ros_agent/share/colcon-core/packages/micro_ros_agent)
[0.568s] Level 1:colcon.colcon_core.environment:create_environment_scripts_only(micro_ros_agent)
[0.568s] Level 1:colcon.colcon_core.environment:checking '/home/ali/STM32CubeIDE/stm32_uros_ws/Panik/microros_ws/install/micro_ros_agent' for CMake module files
[0.568s] Level 1:colcon.colcon_core.environment:checking '/home/ali/STM32CubeIDE/stm32_uros_ws/Panik/microros_ws/install/micro_ros_agent' for CMake config files
[0.568s] Level 1:colcon.colcon_core.shell:create_environment_hook('micro_ros_agent', 'cmake_prefix_path')
[0.568s] INFO:colcon.colcon_core.shell:Creating environment hook '/home/ali/STM32CubeIDE/stm32_uros_ws/Panik/microros_ws/install/micro_ros_agent/share/micro_ros_agent/hook/cmake_prefix_path.ps1'
[0.568s] INFO:colcon.colcon_core.shell:Creating environment descriptor '/home/ali/STM32CubeIDE/stm32_uros_ws/Panik/microros_ws/install/micro_ros_agent/share/micro_ros_agent/hook/cmake_prefix_path.dsv'
[0.569s] INFO:colcon.colcon_core.shell:Creating environment hook '/home/ali/STM32CubeIDE/stm32_uros_ws/Panik/microros_ws/install/micro_ros_agent/share/micro_ros_agent/hook/cmake_prefix_path.sh'
[0.569s] Level 1:colcon.colcon_core.environment:checking '/home/ali/STM32CubeIDE/stm32_uros_ws/Panik/microros_ws/install/micro_ros_agent/lib'
[0.569s] Level 1:colcon.colcon_core.shell:create_environment_hook('micro_ros_agent', 'ld_library_path_lib')
[0.569s] INFO:colcon.colcon_core.shell:Creating environment hook '/home/ali/STM32CubeIDE/stm32_uros_ws/Panik/microros_ws/install/micro_ros_agent/share/micro_ros_agent/hook/ld_library_path_lib.ps1'
[0.569s] INFO:colcon.colcon_core.shell:Creating environment descriptor '/home/ali/STM32CubeIDE/stm32_uros_ws/Panik/microros_ws/install/micro_ros_agent/share/micro_ros_agent/hook/ld_library_path_lib.dsv'
[0.569s] INFO:colcon.colcon_core.shell:Creating environment hook '/home/ali/STM32CubeIDE/stm32_uros_ws/Panik/microros_ws/install/micro_ros_agent/share/micro_ros_agent/hook/ld_library_path_lib.sh'
[0.570s] Level 1:colcon.colcon_core.environment:checking '/home/ali/STM32CubeIDE/stm32_uros_ws/Panik/microros_ws/install/micro_ros_agent/bin'
[0.570s] Level 1:colcon.colcon_core.environment:checking '/home/ali/STM32CubeIDE/stm32_uros_ws/Panik/microros_ws/install/micro_ros_agent/lib/pkgconfig/micro_ros_agent.pc'
[0.570s] Level 1:colcon.colcon_core.environment:checking '/home/ali/STM32CubeIDE/stm32_uros_ws/Panik/microros_ws/install/micro_ros_agent/lib/python3.12/site-packages'
[0.570s] Level 1:colcon.colcon_core.environment:checking '/home/ali/STM32CubeIDE/stm32_uros_ws/Panik/microros_ws/install/micro_ros_agent/bin'
[0.570s] INFO:colcon.colcon_core.shell:Creating package script '/home/ali/STM32CubeIDE/stm32_uros_ws/Panik/microros_ws/install/micro_ros_agent/share/micro_ros_agent/package.ps1'
[0.570s] INFO:colcon.colcon_core.shell:Creating package descriptor '/home/ali/STM32CubeIDE/stm32_uros_ws/Panik/microros_ws/install/micro_ros_agent/share/micro_ros_agent/package.dsv'
[0.571s] INFO:colcon.colcon_core.shell:Creating package script '/home/ali/STM32CubeIDE/stm32_uros_ws/Panik/microros_ws/install/micro_ros_agent/share/micro_ros_agent/package.sh'
[0.571s] INFO:colcon.colcon_core.shell:Creating package script '/home/ali/STM32CubeIDE/stm32_uros_ws/Panik/microros_ws/install/micro_ros_agent/share/micro_ros_agent/package.bash'
[0.571s] INFO:colcon.colcon_core.shell:Creating package script '/home/ali/STM32CubeIDE/stm32_uros_ws/Panik/microros_ws/install/micro_ros_agent/share/micro_ros_agent/package.zsh'
[0.571s] Level 1:colcon.colcon_core.environment:create_file_with_runtime_dependencies(/home/ali/STM32CubeIDE/stm32_uros_ws/Panik/microros_ws/install/micro_ros_agent/share/colcon-core/packages/micro_ros_agent)
[0.743s] DEBUG:colcon.colcon_core.event_handler.log_command:Invoking command in '/home/ali/STM32CubeIDE/stm32_uros_ws/Panik/microros_ws/src/python_plotter': DEBUGINFOD_URLS=https://debuginfod.ubuntu.com PYTHONPATH=/home/ali/STM32CubeIDE/stm32_uros_ws/Panik/microros_ws/build/python_plotter/prefix_override:/usr/lib/python3/dist-packages/colcon_core/task/python/colcon_distutils_commands:/home/ali/STM32CubeIDE/stm32_uros_ws/Panik/microros_ws/install/python_plotter/lib/python3.12/site-packages:${PYTHONPATH} /usr/bin/python3 -W ignore:setup.py install is deprecated -W ignore:easy_install command is deprecated setup.py egg_info --egg-base ../../build/python_plotter build --build-base /home/ali/STM32CubeIDE/stm32_uros_ws/Panik/microros_ws/build/python_plotter/build install --record /home/ali/STM32CubeIDE/stm32_uros_ws/Panik/microros_ws/build/python_plotter/install.log --single-version-externally-managed install_data
[1.060s] Level 1:colcon.colcon_core.environment:checking '/home/ali/STM32CubeIDE/stm32_uros_ws/Panik/microros_ws/install/python_plotter' for CMake module files
[1.061s] DEBUG:colcon.colcon_core.event_handler.log_command:Invoked command in '/home/ali/STM32CubeIDE/stm32_uros_ws/Panik/microros_ws/src/python_plotter' returned '0': DEBUGINFOD_URLS=https://debuginfod.ubuntu.com PYTHONPATH=/home/ali/STM32CubeIDE/stm32_uros_ws/Panik/microros_ws/build/python_plotter/prefix_override:/usr/lib/python3/dist-packages/colcon_core/task/python/colcon_distutils_commands:/home/ali/STM32CubeIDE/stm32_uros_ws/Panik/microros_ws/install/python_plotter/lib/python3.12/site-packages:${PYTHONPATH} /usr/bin/python3 -W ignore:setup.py install is deprecated -W ignore:easy_install command is deprecated setup.py egg_info --egg-base ../../build/python_plotter build --build-base /home/ali/STM32CubeIDE/stm32_uros_ws/Panik/microros_ws/build/python_plotter/build install --record /home/ali/STM32CubeIDE/stm32_uros_ws/Panik/microros_ws/build/python_plotter/install.log --single-version-externally-managed install_data
[1.061s] Level 1:colcon.colcon_core.environment:checking '/home/ali/STM32CubeIDE/stm32_uros_ws/Panik/microros_ws/install/python_plotter' for CMake config files
[1.061s] Level 1:colcon.colcon_core.environment:checking '/home/ali/STM32CubeIDE/stm32_uros_ws/Panik/microros_ws/install/python_plotter/lib'
[1.061s] Level 1:colcon.colcon_core.environment:checking '/home/ali/STM32CubeIDE/stm32_uros_ws/Panik/microros_ws/install/python_plotter/bin'
[1.061s] Level 1:colcon.colcon_core.environment:checking '/home/ali/STM32CubeIDE/stm32_uros_ws/Panik/microros_ws/install/python_plotter/lib/pkgconfig/python_plotter.pc'
[1.061s] Level 1:colcon.colcon_core.environment:checking '/home/ali/STM32CubeIDE/stm32_uros_ws/Panik/microros_ws/install/python_plotter/lib/python3.12/site-packages'
[1.061s] Level 1:colcon.colcon_core.shell:create_environment_hook('python_plotter', 'pythonpath')
[1.062s] INFO:colcon.colcon_core.shell:Creating environment hook '/home/ali/STM32CubeIDE/stm32_uros_ws/Panik/microros_ws/install/python_plotter/share/python_plotter/hook/pythonpath.ps1'
[1.062s] INFO:colcon.colcon_core.shell:Creating environment descriptor '/home/ali/STM32CubeIDE/stm32_uros_ws/Panik/microros_ws/install/python_plotter/share/python_plotter/hook/pythonpath.dsv'
[1.062s] INFO:colcon.colcon_core.shell:Creating environment hook '/home/ali/STM32CubeIDE/stm32_uros_ws/Panik/microros_ws/install/python_plotter/share/python_plotter/hook/pythonpath.sh'
[1.062s] Level 1:colcon.colcon_core.environment:checking '/home/ali/STM32CubeIDE/stm32_uros_ws/Panik/microros_ws/install/python_plotter/bin'
[1.062s] Level 1:colcon.colcon_core.environment:create_environment_scripts_only(python_plotter)
[1.062s] INFO:colcon.colcon_core.shell:Creating package script '/home/ali/STM32CubeIDE/stm32_uros_ws/Panik/microros_ws/install/python_plotter/share/python_plotter/package.ps1'
[1.063s] INFO:colcon.colcon_core.shell:Creating package descriptor '/home/ali/STM32CubeIDE/stm32_uros_ws/Panik/microros_ws/install/python_plotter/share/python_plotter/package.dsv'
[1.063s] INFO:colcon.colcon_core.shell:Creating package script '/home/ali/STM32CubeIDE/stm32_uros_ws/Panik/microros_ws/install/python_plotter/share/python_plotter/package.sh'
[1.063s] INFO:colcon.colcon_core.shell:Creating package script '/home/ali/STM32CubeIDE/stm32_uros_ws/Panik/microros_ws/install/python_plotter/share/python_plotter/package.bash'
[1.063s] INFO:colcon.colcon_core.shell:Creating package script '/home/ali/STM32CubeIDE/stm32_uros_ws/Panik/microros_ws/install/python_plotter/share/python_plotter/package.zsh'
[1.063s] Level 1:colcon.colcon_core.environment:create_file_with_runtime_dependencies(/home/ali/STM32CubeIDE/stm32_uros_ws/Panik/microros_ws/install/python_plotter/share/colcon-core/packages/python_plotter)
[1.064s] DEBUG:colcon.colcon_parallel_executor.executor.parallel:closing loop
[1.064s] DEBUG:colcon.colcon_parallel_executor.executor.parallel:loop closed
[1.064s] DEBUG:colcon.colcon_parallel_executor.executor.parallel:run_until_complete finished with '0'
[1.064s] DEBUG:colcon.colcon_core.event_reactor:joining thread
[1.069s] INFO:colcon.colcon_core.plugin_system:Skipping extension 'colcon_notification.desktop_notification.terminal_notifier': Not used on non-Darwin systems
[1.069s] INFO:colcon.colcon_core.plugin_system:Skipping extension 'colcon_notification.desktop_notification.win32': Not used on non-Windows systems
[1.069s] INFO:colcon.colcon_notification.desktop_notification:Sending desktop notification using 'notify2'
[1.079s] DEBUG:colcon.colcon_core.event_reactor:joined thread
[1.079s] INFO:colcon.colcon_core.shell:Creating prefix script '/home/ali/STM32CubeIDE/stm32_uros_ws/Panik/microros_ws/install/local_setup.ps1'
[1.080s] INFO:colcon.colcon_core.shell:Creating prefix util module '/home/ali/STM32CubeIDE/stm32_uros_ws/Panik/microros_ws/install/_local_setup_util_ps1.py'
[1.081s] INFO:colcon.colcon_core.shell:Creating prefix chain script '/home/ali/STM32CubeIDE/stm32_uros_ws/Panik/microros_ws/install/setup.ps1'
[1.081s] INFO:colcon.colcon_core.shell:Creating prefix script '/home/ali/STM32CubeIDE/stm32_uros_ws/Panik/microros_ws/install/local_setup.sh'
[1.081s] INFO:colcon.colcon_core.shell:Creating prefix util module '/home/ali/STM32CubeIDE/stm32_uros_ws/Panik/microros_ws/install/_local_setup_util_sh.py'
[1.082s] INFO:colcon.colcon_core.shell:Creating prefix chain script '/home/ali/STM32CubeIDE/stm32_uros_ws/Panik/microros_ws/install/setup.sh'
[1.082s] INFO:colcon.colcon_core.shell:Creating prefix script '/home/ali/STM32CubeIDE/stm32_uros_ws/Panik/microros_ws/install/local_setup.bash'
[1.083s] INFO:colcon.colcon_core.shell:Creating prefix chain script '/home/ali/STM32CubeIDE/stm32_uros_ws/Panik/microros_ws/install/setup.bash'
[1.083s] INFO:colcon.colcon_core.shell:Creating prefix script '/home/ali/STM32CubeIDE/stm32_uros_ws/Panik/microros_ws/install/local_setup.zsh'
[1.083s] INFO:colcon.colcon_core.shell:Creating prefix chain script '/home/ali/STM32CubeIDE/stm32_uros_ws/Panik/microros_ws/install/setup.zsh'
